2015-04-21 15:07:36.390 rochester-ny[22822:355437] Synchronous self 0x10ee32060, NSURLRequest <NSMutableURLRequest: 0x7fbe39cde240> { URL: http://repdata.democratandchronicle.com/b/ss/gpapermobiletestsdk4/0/OIP-4.1.3/s91418306?AQB=1&ndh=1&pageName=Life%7CRocRoots%7Cindex&ce=UTF-8&aid=2A9B4AF785195BA9-6000060820009C53&c.&gnt.&ssts.&Section=Life&SubSection=RocRoots&.ssts&alerts=off&userStatus=unauthenticated&aamsegment=100%2Ctestios%2Cios%2C500%2C511%2C501%2C502%2C503%2C504%2C505%2C506%2C507%2C508%2C509%2C510&ContentType=sectionfront&ProductName=uscpnewsiphone&Location=40.759%2C%20-73.985&prefs.&PushSegments=breaking_news%7Cnull%7Cnull%7Cnull%7Cnull%7Cnull%7Cnull&.prefs&Orientation=portrait&MarketName=gpapermobile164&.gnt&a.&Resolution=640x1136&TimeSinceLaunch=103&DeviceName=x86_64&OSVersion=iOS%208.3&AppID=rochester-ny%202.5.7%20%282.5.7%29&CarrierName=%28null%29&.a&.c&t=00%2F00%2F0000%2000%3A00%3A00%200%20240&AQE=1 }
2015-04-21 15:07:36.391 rochester-ny[22822:354618] -[DMSectionController2 shouldUpdate]: YES
2015-04-21 15:07:36.400 rochester-ny[22822:354618] Displaying spin loader
2015-04-21 15:07:36.403 rochester-ny[22822:354618] -[DMSectionController2 shouldUpdate]: YES
2015-04-21 15:07:37.303 rochester-ny[22822:354618] <Google:HTML> You are currently using version 6.12.2 of the SDK, which doesn't officially support iOS 8. Please consider updating your SDK to the most recent sdk version, 7.1.0, to get iOS 8 support, including a fix for smart banner rendering in landscape mode. The latest SDK can be downloaded from http://goo.gl/iGzfsP. A full list of release notes is available at https://developers.google.com/mobile-ads-sdk/docs/admob/ios/rel-notes.
2015-04-21 15:07:42.262 rochester-ny[22822:354618] -[MainViewController setupNavigationItem]: 
2015-04-21 15:07:43.039 rochester-ny[22822:354618] articlesSuccess.
2015-04-21 15:07:43.039 rochester-ny[22822:354618] -[SectionViewController updateArticleList]: 
2015-04-21 15:07:43.040 rochester-ny[22822:354618] -[SectionViewController loadAdSpotConfig] Loading front ad spot configuration
2015-04-21 15:07:43.055 rochester-ny[22822:354618] AD_REQUEST::section_front_top::/7103/ny-rochester-mobile-C1070/iPhone_app-section_front_top/news/features_rocroots/main::Size ={320, 50}::AWS::news/features_rocroots/main
2015-04-21 15:07:43.055 rochester-ny[22822:354618] AWSnews/features_rocroots/main
2015-04-21 15:07:43.068 rochester-ny[22822:355438] -[SmartImageView downloader:finishedWithData:]: 
2015-04-21 15:07:44.979 rochester-ny[22822:354618] no value for key 'byline' on class [FrontsPageViewReport]
2015-04-21 15:07:44.979 rochester-ny[22822:354618] Searching for a_AppID=rochester-ny%202.5.7 in <NSURLRequest: 0x7fbe3ee2dc10> { URL: http://gannett.demdex.net/event?c_gnt_ContentType=sectionfront&c_gnt_ssts_Section=Life&c_gnt_prefs_PushSegments=breaking_news%7Cnull%7Cnull%7Cnull%7Cnull%7Cnull%7Cnull&c_gnt_userStatus=unauthenticated&c_gnt_ProductName=uscpnewsiphone&c_gnt_quietTime=&c_gnt_ssts_SubSection=What%27s%20Up%20Roc&c_gnt_Location=40.759%2C%20-73.985&c_gnt_aamsegment=100%2Ctestios%2Cios%2C500%2C511%2C501%2C502%2C503%2C504%2C505%2C506%2C507%2C508%2C509%2C510&c_gnt_alerts=off&c_gnt_Orientation=portrait&c_gnt_MarketName=gpapermobile164&d_uuid=24973641626499087014239673321311085929&d_dpid=3054&d_dpuuid=DF8CE1F6-2B5B-4339-A6B1-A61A78921A6A&d_ptfm=ios&d_dst=1&d_rtbd=json }
2015-04-21 15:07:44.980 rochester-ny[22822:354618] a_AppID=rochester-ny%202.5.7 data not found
2015-04-21 15:07:44.983 rochester-ny[22822:355437] Synchronous self 0x10ee32060, NSURLRequest <NSMutableURLRequest: 0x7fbe3edc0c70> { URL: http://repdata.democratandchronicle.com/b/ss/gpapermobiletestsdk4/0/OIP-4.1.3/s94611031?AQB=1&ndh=1&pageName=Life%7CWhat%27s%20Up%20Roc%7Cindex&ce=UTF-8&aid=2A9B4AF785195BA9-6000060820009C53&c.&gnt.&ssts.&Section=Life&SubSection=What%27s%20Up%20Roc&.ssts&alerts=off&userStatus=unauthenticated&aamsegment=100%2Ctestios%2Cios%2C500%2C511%2C501%2C502%2C503%2C504%2C505%2C506%2C507%2C508%2C509%2C510&ContentType=sectionfront&ProductName=uscpnewsiphone&Location=40.759%2C%20-73.985&prefs.&PushSegments=breaking_news%7Cnull%7Cnull%7Cnull%7Cnull%7Cnull%7Cnull&.prefs&Orientation=portrait&MarketName=gpapermobile164&.gnt&a.&Resolution=640x1136&TimeSinceLaunch=111&DeviceName=x86_64&OSVersion=iOS%208.3&AppID=rochester-ny%202.5.7%20%282.5.7%29&CarrierName=%28null%29&.a&.c&t=00%2F00%2F0000%2000%3A00%3A00%200%20240&AQE=1 }
2015-04-21 15:07:44.984 rochester-ny[22822:354618] -[DMSectionController2 shouldUpdate]: YES
2015-04-21 15:07:44.990 rochester-ny[22822:354618] Displaying spin loader
2015-04-21 15:07:44.992 rochester-ny[22822:354618] -[DMSectionController2 shouldUpdate]: YES
2015-04-21 15:07:47.469 rochester-ny[22822:354618] <Google:HTML> You are currently using version 6.12.2 of the SDK, which doesn't officially support iOS 8. Please consider updating your SDK to the most recent sdk version, 7.1.0, to get iOS 8 support, including a fix for smart banner rendering in landscape mode. The latest SDK can be downloaded from http://goo.gl/iGzfsP. A full list of release notes is available at https://developers.google.com/mobile-ads-sdk/docs/admob/ios/rel-notes.
2015-04-21 15:07:49.253 rochester-ny[22822:354618] articlesSuccess.
2015-04-21 15:07:49.253 rochester-ny[22822:354618] -[SectionViewController updateArticleList]: 
2015-04-21 15:07:49.253 rochester-ny[22822:354618] -[SectionViewController loadAdSpotConfig] Loading front ad spot configuration
2015-04-21 15:07:49.269 rochester-ny[22822:354618] AD_REQUEST::section_front_top::/7103/ny-rochester-mobile-C1070/iPhone_app-section_front_top::Size ={320, 50}::AWS::
2015-04-21 15:07:49.269 rochester-ny[22822:354618] AWS
2015-04-21 15:07:49.328 rochester-ny[22822:355658] -[SmartImageView downloader:finishedWithData:]: 
2015-04-21 15:07:51.119 rochester-ny[22822:354618] -[MainViewController setupNavigationItem]: 
2015-04-21 15:07:53.129 rochester-ny[22822:354618] no value for key 'byline' on class [FrontsPageViewReport]
2015-04-21 15:07:53.130 rochester-ny[22822:354618] Searching for a_AppID=rochester-ny%202.5.7 in <NSURLRequest: 0x7fbe3e9ec510> { URL: http://gannett.demdex.net/event?c_gnt_ContentType=sectionfront&c_gnt_ssts_Section=Business&c_gnt_prefs_PushSegments=breaking_news%7Cnull%7Cnull%7Cnull%7Cnull%7Cnull%7Cnull&c_gnt_userStatus=unauthenticated&c_gnt_ProductName=uscpnewsiphone&c_gnt_quietTime=&c_gnt_ssts_SubSection=Top%20Stories&c_gnt_Location=40.759%2C%20-73.985&c_gnt_aamsegment=100%2Ctestios%2Cios%2C500%2C511%2C501%2C502%2C503%2C504%2C505%2C506%2C507%2C508%2C509%2C510&c_gnt_alerts=off&c_gnt_Orientation=portrait&c_gnt_MarketName=gpapermobile164&d_uuid=24973641626499087014239673321311085929&d_dpid=3054&d_dpuuid=DF8CE1F6-2B5B-4339-A6B1-A61A78921A6A&d_ptfm=ios&d_dst=1&d_rtbd=json }
2015-04-21 15:07:53.130 rochester-ny[22822:354618] a_AppID=rochester-ny%202.5.7 data not found
2015-04-21 15:07:53.135 rochester-ny[22822:355148] Synchronous self 0x10ee32060, NSURLRequest <NSMutableURLRequest: 0x7fbe39cdf1c0> { URL: http://repdata.democratandchronicle.com/b/ss/gpapermobiletestsdk4/0/OIP-4.1.3/s19780608?AQB=1&ndh=1&pageName=Business%7CTop%20Stories%7Cindex&ce=UTF-8&aid=2A9B4AF785195BA9-6000060820009C53&c.&gnt.&ssts.&Section=Business&SubSection=Top%20Stories&.ssts&alerts=off&userStatus=unauthenticated&aamsegment=100%2Ctestios%2Cios%2C500%2C511%2C501%2C502%2C503%2C504%2C505%2C506%2C507%2C508%2C509%2C510&ContentType=sectionfront&ProductName=uscpnewsiphone&Location=40.759%2C%20-73.985&prefs.&PushSegments=breaking_news%7Cnull%7Cnull%7Cnull%7Cnull%7Cnull%7Cnull&.prefs&Orientation=portrait&MarketName=gpapermobile164&.gnt&a.&Resolution=640x1136&TimeSinceLaunch=120&DeviceName=x86_64&OSVersion=iOS%208.3&AppID=rochester-ny%202.5.7%20%282.5.7%29&CarrierName=%28null%29&.a&.c&t=00%2F00%2F0000%2000%3A00%3A00%200%20240&AQE=1 }
2015-04-21 15:07:53.137 rochester-ny[22822:354618] -[DMSectionController2 shouldUpdate]: YES
2015-04-21 15:07:53.146 rochester-ny[22822:354618] Displaying spin loader
2015-04-21 15:07:53.148 rochester-ny[22822:354618] -[DMSectionController2 shouldUpdate]: YES
2015-04-21 15:07:53.872 rochester-ny[22822:354618] <Google:HTML> You are currently using version 6.12.2 of the SDK, which doesn't officially support iOS 8. Please consider updating your SDK to the most recent sdk version, 7.1.0, to get iOS 8 support, including a fix for smart banner rendering in landscape mode. The latest SDK can be downloaded from http://goo.gl/iGzfsP. A full list of release notes is available at https://developers.google.com/mobile-ads-sdk/docs/admob/ios/rel-notes.
2015-04-21 15:07:57.755 rochester-ny[22822:354618] articlesSuccess.
2015-04-21 15:07:57.755 rochester-ny[22822:354618] -[SectionViewController updateArticleList]: 
2015-04-21 15:07:57.755 rochester-ny[22822:354618] -[SectionViewController loadAdSpotConfig] Loading front ad spot configuration
2015-04-21 15:07:57.762 rochester-ny[22822:354618] -[SmartImageView setImageSource:]: CACHED
2015-04-21 15:07:57.776 rochester-ny[22822:354618] AD_REQUEST::section_front_top::/7103/ny-rochester-mobile-C1070/iPhone_app-section_front_top/money/main::Size ={320, 50}::AWS::money/main
2015-04-21 15:07:57.776 rochester-ny[22822:354618] AWSmoney/main
2015-04-21 15:07:59.784 rochester-ny[22822:354618] -[MainViewController setupNavigationItem]: 
2015-04-21 15:08:01.032 rochester-ny[22822:354618] no value for key 'byline' on class [FrontsPageViewReport]
2015-04-21 15:08:01.033 rochester-ny[22822:354618] Searching for a_AppID=rochester-ny%202.5.7 in <NSURLRequest: 0x7fbe3ee817b0> { URL: http://gannett.demdex.net/event?c_gnt_ContentType=sectionfront&c_gnt_ssts_Section=Business&c_gnt_prefs_PushSegments=breaking_news%7Cnull%7Cnull%7Cnull%7Cnull%7Cnull%7Cnull&c_gnt_userStatus=unauthenticated&c_gnt_ProductName=uscpnewsiphone&c_gnt_quietTime=&c_gnt_ssts_SubSection=RocNext&c_gnt_Location=40.759%2C%20-73.985&c_gnt_aamsegment=100%2Ctestios%2Cios%2C500%2C511%2C501%2C502%2C503%2C504%2C505%2C506%2C507%2C508%2C509%2C510&c_gnt_alerts=off&c_gnt_Orientation=portrait&c_gnt_MarketName=gpapermobile164&d_uuid=24973641626499087014239673321311085929&d_dpid=3054&d_dpuuid=DF8CE1F6-2B5B-4339-A6B1-A61A78921A6A&d_ptfm=ios&d_dst=1&d_rtbd=json }
2015-04-21 15:08:01.033 rochester-ny[22822:354618] a_AppID=rochester-ny%202.5.7 data not found
2015-04-21 15:08:01.036 rochester-ny[22822:355438] Synchronous self 0x10ee32060, NSURLRequest <NSMutableURLRequest: 0x7fbe3ed76650> { URL: http://repdata.democratandchronicle.com/b/ss/gpapermobiletestsdk4/0/OIP-4.1.3/s15290968?AQB=1&ndh=1&pageName=Business%7CRocNext%7Cindex&ce=UTF-8&aid=2A9B4AF785195BA9-6000060820009C53&c.&gnt.&ssts.&Section=Business&SubSection=RocNext&.ssts&alerts=off&userStatus=unauthenticated&aamsegment=100%2Ctestios%2Cios%2C500%2C511%2C501%2C502%2C503%2C504%2C505%2C506%2C507%2C508%2C509%2C510&ContentType=sectionfront&ProductName=uscpnewsiphone&Location=40.759%2C%20-73.985&prefs.&PushSegments=breaking_news%7Cnull%7Cnull%7Cnull%7Cnull%7Cnull%7Cnull&.prefs&Orientation=portrait&MarketName=gpapermobile164&.gnt&a.&Resolution=640x1136&TimeSinceLaunch=128&DeviceName=x86_64&OSVersion=iOS%208.3&AppID=rochester-ny%202.5.7%20%282.5.7%29&CarrierName=%28null%29&.a&.c&t=00%2F00%2F0000%2000%3A00%3A00%200%20240&AQE=1 }
2015-04-21 15:08:01.039 rochester-ny[22822:354618] -[DMSectionController2 shouldUpdate]: YES
2015-04-21 15:08:01.048 rochester-ny[22822:354618] Displaying spin loader
2015-04-21 15:08:01.051 rochester-ny[22822:354618] -[DMSectionController2 shouldUpdate]: YES
2015-04-21 15:08:02.513 rochester-ny[22822:354618] <Google:HTML> You are currently using version 6.12.2 of the SDK, which doesn't officially support iOS 8. Please consider updating your SDK to the most recent sdk version, 7.1.0, to get iOS 8 support, including a fix for smart banner rendering in landscape mode. The latest SDK can be downloaded from http://goo.gl/iGzfsP. A full list of release notes is available at https://developers.google.com/mobile-ads-sdk/docs/admob/ios/rel-notes.
2015-04-21 15:08:07.492 rochester-ny[22822:354618] -[MainViewController setupNavigationItem]: 
2015-04-21 15:08:09.513 rochester-ny[22822:354618] no value for key 'byline' on class [FrontsPageViewReport]
2015-04-21 15:08:09.514 rochester-ny[22822:354618] Searching for a_AppID=rochester-ny%202.5.7 in <NSURLRequest: 0x7fbe39ceaeb0> { URL: http://gannett.demdex.net/event?c_gnt_ContentType=sectionfront&c_gnt_ssts_Section=RocFlavors&c_gnt_prefs_PushSegments=breaking_news%7Cnull%7Cnull%7Cnull%7Cnull%7Cnull%7Cnull&c_gnt_userStatus=unauthenticated&c_gnt_ProductName=uscpnewsiphone&c_gnt_quietTime=&c_gnt_ssts_SubSection=Top%20Stories&c_gnt_Location=40.759%2C%20-73.985&c_gnt_aamsegment=100%2Ctestios%2Cios%2C500%2C511%2C501%2C502%2C503%2C504%2C505%2C506%2C507%2C508%2C509%2C510&c_gnt_alerts=off&c_gnt_Orientation=portrait&c_gnt_MarketName=gpapermobile164&d_uuid=24973641626499087014239673321311085929&d_dpid=3054&d_dpuuid=DF8CE1F6-2B5B-4339-A6B1-A61A78921A6A&d_ptfm=ios&d_dst=1&d_rtbd=json }
2015-04-21 15:08:09.514 rochester-ny[22822:354618] a_AppID=rochester-ny%202.5.7 data not found
2015-04-21 15:08:09.516 rochester-ny[22822:355657] Synchronous self 0x10ee32060, NSURLRequest <NSMutableURLRequest: 0x7fbe3ef41ba0> { URL: http://repdata.democratandchronicle.com/b/ss/gpapermobiletestsdk4/0/OIP-4.1.3/s14360356?AQB=1&ndh=1&pageName=RocFlavors%7CTop%20Stories%7Cindex&ce=UTF-8&aid=2A9B4AF785195BA9-6000060820009C53&c.&gnt.&ssts.&Section=RocFlavors&SubSection=Top%20Stories&.ssts&alerts=off&userStatus=unauthenticated&aamsegment=100%2Ctestios%2Cios%2C500%2C511%2C501%2C502%2C503%2C504%2C505%2C506%2C507%2C508%2C509%2C510&ContentType=sectionfront&ProductName=uscpnewsiphone&Location=40.759%2C%20-73.985&prefs.&PushSegments=breaking_news%7Cnull%7Cnull%7Cnull%7Cnull%7Cnull%7Cnull&.prefs&Orientation=portrait&MarketName=gpapermobile164&.gnt&a.&Resolution=640x1136&TimeSinceLaunch=136&DeviceName=x86_64&OSVersion=iOS%208.3&AppID=rochester-ny%202.5.7%20%282.5.7%29&CarrierName=%28null%29&.a&.c&t=00%2F00%2F0000%2000%3A00%3A00%200%20240&AQE=1 }
2015-04-21 15:08:09.517 rochester-ny[22822:354618] -[DMSectionController2 shouldUpdate]: YES
2015-04-21 15:08:09.524 rochester-ny[22822:354618] Displaying spin loader
2015-04-21 15:08:09.526 rochester-ny[22822:354618] -[DMSectionController2 shouldUpdate]: YES
2015-04-21 15:08:14.853 rochester-ny[22822:354618] articlesSuccess.
2015-04-21 15:08:14.853 rochester-ny[22822:354618] -[SectionViewController updateArticleList]: 
2015-04-21 15:08:14.853 rochester-ny[22822:354618] -[SectionViewController loadAdSpotConfig] Loading front ad spot configuration
2015-04-21 15:08:14.868 rochester-ny[22822:354618] AD_REQUEST::section_front_top::/7103/ny-rochester-mobile-C1070/iPhone_app-section_front_top/entertainment/dining/features_flavors_main::Size ={320, 50}::AWS::entertainment/dining/features_flavors_main
2015-04-21 15:08:14.868 rochester-ny[22822:354618] AWSentertainment/dining/features_flavors_main
2015-04-21 15:08:14.884 rochester-ny[22822:355657] -[SmartImageView downloader:finishedWithData:]: 
2015-04-21 15:08:16.982 rochester-ny[22822:354618] -[MainViewController setupNavigationItem]: 
2015-04-21 15:08:18.987 rochester-ny[22822:354618] no value for key 'byline' on class [FrontsPageViewReport]
2015-04-21 15:08:18.988 rochester-ny[22822:354618] Searching for a_AppID=rochester-ny%202.5.7 in <NSURLRequest: 0x7fbe3ebef390> { URL: http://gannett.demdex.net/event?c_gnt_ContentType=sectionfront&c_gnt_ssts_Section=Photos&c_gnt_prefs_PushSegments=breaking_news%7Cnull%7Cnull%7Cnull%7Cnull%7Cnull%7Cnull&c_gnt_userStatus=unauthenticated&c_gnt_ProductName=uscpnewsiphone&c_gnt_quietTime=&c_gnt_ssts_SubSection=Top%20Photos&c_gnt_Location=40.759%2C%20-73.985&c_gnt_aamsegment=100%2Ctestios%2Cios%2C500%2C511%2C501%2C502%2C503%2C504%2C505%2C506%2C507%2C508%2C509%2C510&c_gnt_alerts=off&c_gnt_Orientation=portrait&c_gnt_MarketName=gpapermobile164&d_uuid=24973641626499087014239673321311085929&d_dpid=3054&d_dpuuid=DF8CE1F6-2B5B-4339-A6B1-A61A78921A6A&d_ptfm=ios&d_dst=1&d_rtbd=json }
2015-04-21 15:08:18.988 rochester-ny[22822:354618] a_AppID=rochester-ny%202.5.7 data not found
2015-04-21 15:08:18.991 rochester-ny[22822:355438] Synchronous self 0x10ee32060, NSURLRequest <NSMutableURLRequest: 0x7fbe3ed9e3a0> { URL: http://repdata.democratandchronicle.com/b/ss/gpapermobiletestsdk4/0/OIP-4.1.3/s80512396?AQB=1&ndh=1&pageName=Photos%7CTop%20Photos%7Cindex&ce=UTF-8&aid=2A9B4AF785195BA9-6000060820009C53&c.&gnt.&ssts.&Section=Photos&SubSection=Top%20Photos&.ssts&alerts=off&userStatus=unauthenticated&aamsegment=100%2Ctestios%2Cios%2C500%2C511%2C501%2C502%2C503%2C504%2C505%2C506%2C507%2C508%2C509%2C510&ContentType=sectionfront&ProductName=uscpnewsiphone&Location=40.759%2C%20-73.985&prefs.&PushSegments=breaking_news%7Cnull%7Cnull%7Cnull%7Cnull%7Cnull%7Cnull&.prefs&Orientation=portrait&MarketName=gpapermobile164&.gnt&a.&Resolution=640x1136&TimeSinceLaunch=145&DeviceName=x86_64&OSVersion=iOS%208.3&AppID=rochester-ny%202.5.7%20%282.5.7%29&CarrierName=%28null%29&.a&.c&t=00%2F00%2F0000%2000%3A00%3A00%200%20240&AQE=1 }
2015-04-21 15:08:18.994 rochester-ny[22822:354618] -[DMSectionController2 shouldUpdate]: YES
2015-04-21 15:08:19.003 rochester-ny[22822:354618] Displaying spin loader
2015-04-21 15:08:19.005 rochester-ny[22822:354618] -[DMSectionController2 shouldUpdate]: YES
2015-04-21 15:08:19.859 rochester-ny[22822:354618] <Google:HTML> You are currently using version 6.12.2 of the SDK, which doesn't officially support iOS 8. Please consider updating your SDK to the most recent sdk version, 7.1.0, to get iOS 8 support, including a fix for smart banner rendering in landscape mode. The latest SDK can be downloaded from http://goo.gl/iGzfsP. A full list of release notes is available at https://developers.google.com/mobile-ads-sdk/docs/admob/ios/rel-notes.
2015-04-21 15:08:20.169 rochester-ny[22822:354618] articlesSuccess.
2015-04-21 15:08:20.169 rochester-ny[22822:354618] -[SectionViewController updateArticleList]: 
2015-04-21 15:08:20.169 rochester-ny[22822:354618] -[SectionViewController loadAdSpotConfig] Loading front ad spot configuration
2015-04-21 15:08:20.181 rochester-ny[22822:354618] AD_REQUEST::section_front_top::/7103/ny-rochester-mobile-C1070/iPhone_app-section_front_top/homepage::Size ={320, 50}::AWS::homepage
2015-04-21 15:08:20.181 rochester-ny[22822:354618] AWShomepage
2015-04-21 15:08:24.821 rochester-ny[22822:354618] -[MainViewController setupNavigationItem]: 
2015-04-21 15:08:25.091 rochester-ny[22822:354618] <Google:HTML> You are currently using version 6.12.2 of the SDK, which doesn't officially support iOS 8. Please consider updating your SDK to the most recent sdk version, 7.1.0, to get iOS 8 support, including a fix for smart banner rendering in landscape mode. The latest SDK can be downloaded from http://goo.gl/iGzfsP. A full list of release notes is available at https://developers.google.com/mobile-ads-sdk/docs/admob/ios/rel-notes.
2015-04-21 15:08:26.839 rochester-ny[22822:354618] no value for key 'byline' on class [FrontsPageViewReport]
2015-04-21 15:08:26.840 rochester-ny[22822:354618] Searching for a_AppID=rochester-ny%202.5.7 in <NSURLRequest: 0x7fbe3ee083b0> { URL: http://gannett.demdex.net/event?c_gnt_ContentType=sectionfront&c_gnt_ssts_Section=Video&c_gnt_prefs_PushSegments=breaking_news%7Cnull%7Cnull%7Cnull%7Cnull%7Cnull%7Cnull&c_gnt_userStatus=unauthenticated&c_gnt_ProductName=uscpnewsiphone&c_gnt_quietTime=&c_gnt_ssts_SubSection=Top%20Videos&c_gnt_Location=40.759%2C%20-73.985&c_gnt_aamsegment=100%2Ctestios%2Cios%2C500%2C511%2C501%2C502%2C503%2C504%2C505%2C506%2C507%2C508%2C509%2C510&c_gnt_alerts=off&c_gnt_Orientation=portrait&c_gnt_MarketName=gpapermobile164&d_uuid=24973641626499087014239673321311085929&d_dpid=3054&d_dpuuid=DF8CE1F6-2B5B-4339-A6B1-A61A78921A6A&d_ptfm=ios&d_dst=1&d_rtbd=json }
2015-04-21 15:08:26.840 rochester-ny[22822:354618] a_AppID=rochester-ny%202.5.7 data not found
2015-04-21 15:08:26.843 rochester-ny[22822:355435] Synchronous self 0x10ee32060, NSURLRequest <NSMutableURLRequest: 0x7fbe3edb11b0> { URL: http://repdata.democratandchronicle.com/b/ss/gpapermobiletestsdk4/0/OIP-4.1.3/s16482102?AQB=1&ndh=1&pageName=Video%7CTop%20Videos%7Cindex&ce=UTF-8&aid=2A9B4AF785195BA9-6000060820009C53&c.&gnt.&ssts.&Section=Video&SubSection=Top%20Videos&.ssts&alerts=off&userStatus=unauthenticated&aamsegment=100%2Ctestios%2Cios%2C500%2C511%2C501%2C502%2C503%2C504%2C505%2C506%2C507%2C508%2C509%2C510&ContentType=sectionfront&ProductName=uscpnewsiphone&Location=40.759%2C%20-73.985&prefs.&PushSegments=breaking_news%7Cnull%7Cnull%7Cnull%7Cnull%7Cnull%7Cnull&.prefs&Orientation=portrait&MarketName=gpapermobile164&.gnt&a.&Resolution=640x1136&TimeSinceLaunch=153&DeviceName=x86_64&OSVersion=iOS%208.3&AppID=rochester-ny%202.5.7%20%282.5.7%29&CarrierName=%28null%29&.a&.c&t=00%2F00%2F0000%2000%3A00%3A00%200%20240&AQE=1 }
2015-04-21 15:08:26.843 rochester-ny[22822:354618] -[DMSectionController2 shouldUpdate]: YES
2015-04-21 15:08:26.851 rochester-ny[22822:354618] Displaying spin loader
2015-04-21 15:08:26.853 rochester-ny[22822:354618] -[DMSectionController2 shouldUpdate]: YES
2015-04-21 15:08:27.896 rochester-ny[22822:354618] articlesSuccess.
2015-04-21 15:08:27.896 rochester-ny[22822:354618] -[SectionViewController updateArticleList]: 
2015-04-21 15:08:27.896 rochester-ny[22822:354618] -[SectionViewController loadAdSpotConfig] Loading front ad spot configuration
2015-04-21 15:08:27.908 rochester-ny[22822:354618] AD_REQUEST::section_front_top::/7103/ny-rochester-mobile-C1070/iPhone_app-section_front_top/homepage::Size ={320, 50}::AWS::homepage
2015-04-21 15:08:27.908 rochester-ny[22822:354618] AWShomepage
2015-04-21 15:08:32.387 rochester-ny[22822:354618] -[MainViewController setupNavigationItem]: 
2015-04-21 15:08:33.266 rochester-ny[22822:354618] <Google:HTML> You are currently using version 6.12.2 of the SDK, which doesn't officially support iOS 8. Please consider updating your SDK to the most recent sdk version, 7.1.0, to get iOS 8 support, including a fix for smart banner rendering in landscape mode. The latest SDK can be downloaded from http://goo.gl/iGzfsP. A full list of release notes is available at https://developers.google.com/mobile-ads-sdk/docs/admob/ios/rel-notes.
2015-04-21 15:08:34.397 rochester-ny[22822:354618] no value for key 'byline' on class [FrontsPageViewReport]
2015-04-21 15:08:34.398 rochester-ny[22822:354618] Searching for a_AppID=rochester-ny%202.5.7 in <NSURLRequest: 0x7fbe3efb3dc0> { URL: http://gannett.demdex.net/event?c_gnt_ContentType=sectionfront&c_gnt_ssts_Section=Opinion&c_gnt_prefs_PushSegments=breaking_news%7Cnull%7Cnull%7Cnull%7Cnull%7Cnull%7Cnull&c_gnt_userStatus=unauthenticated&c_gnt_ProductName=uscpnewsiphone&c_gnt_quietTime=&c_gnt_ssts_SubSection=Top%20Stories&c_gnt_Location=40.759%2C%20-73.985&c_gnt_aamsegment=100%2Ctestios%2Cios%2C500%2C511%2C501%2C502%2C503%2C504%2C505%2C506%2C507%2C508%2C509%2C510&c_gnt_alerts=off&c_gnt_Orientation=portrait&c_gnt_MarketName=gpapermobile164&d_uuid=24973641626499087014239673321311085929&d_dpid=3054&d_dpuuid=DF8CE1F6-2B5B-4339-A6B1-A61A78921A6A&d_ptfm=ios&d_dst=1&d_rtbd=json }
2015-04-21 15:08:34.399 rochester-ny[22822:354618] a_AppID=rochester-ny%202.5.7 data not found
2015-04-21 15:08:34.402 rochester-ny[22822:355988] Synchronous self 0x10ee32060, NSURLRequest <NSMutableURLRequest: 0x7fbe3ee92ce0> { URL: http://repdata.democratandchronicle.com/b/ss/gpapermobiletestsdk4/0/OIP-4.1.3/s78058080?AQB=1&ndh=1&pageName=Opinion%7CTop%20Stories%7Cindex&ce=UTF-8&aid=2A9B4AF785195BA9-6000060820009C53&c.&gnt.&ssts.&Section=Opinion&SubSection=Top%20Stories&.ssts&alerts=off&userStatus=unauthenticated&aamsegment=100%2Ctestios%2Cios%2C500%2C511%2C501%2C502%2C503%2C504%2C505%2C506%2C507%2C508%2C509%2C510&ContentType=sectionfront&ProductName=uscpnewsiphone&Location=40.759%2C%20-73.985&prefs.&PushSegments=breaking_news%7Cnull%7Cnull%7Cnull%7Cnull%7Cnull%7Cnull&.prefs&Orientation=portrait&MarketName=gpapermobile164&.gnt&a.&Resolution=640x1136&TimeSinceLaunch=161&DeviceName=x86_64&OSVersion=iOS%208.3&AppID=rochester-ny%202.5.7%20%282.5.7%29&CarrierName=%28null%29&.a&.c&t=00%2F00%2F0000%2000%3A00%3A00%200%20240&AQE=1 }
2015-04-21 15:08:34.402 rochester-ny[22822:354618] -[DMSectionController2 shouldUpdate]: YES
2015-04-21 15:08:34.410 rochester-ny[22822:354618] Displaying spin loader
2015-04-21 15:08:34.412 rochester-ny[22822:354618] -[DMSectionController2 shouldUpdate]: YES
2015-04-21 15:08:34.578 rochester-ny[22822:354618] articlesSuccess.
2015-04-21 15:08:34.578 rochester-ny[22822:354618] -[SectionViewController updateArticleList]: 
2015-04-21 15:08:34.578 rochester-ny[22822:354618] -[SectionViewController loadAdSpotConfig] Loading front ad spot configuration
2015-04-21 15:08:34.593 rochester-ny[22822:354618] AD_REQUEST::section_front_top::/7103/ny-rochester-mobile-C1070/iPhone_app-section_front_top/news/opinion/main::Size ={320, 50}::AWS::news/opinion/main
2015-04-21 15:08:34.593 rochester-ny[22822:354618] AWSnews/opinion/main
2015-04-21 15:08:34.628 rochester-ny[22822:355988] -[SmartImageView downloader:finishedWithData:]: 
2015-04-21 15:08:40.026 rochester-ny[22822:354618] <Google:HTML> You are currently using version 6.12.2 of the SDK, which doesn't officially support iOS 8. Please consider updating your SDK to the most recent sdk version, 7.1.0, to get iOS 8 support, including a fix for smart banner rendering in landscape mode. The latest SDK can be downloaded from http://goo.gl/iGzfsP. A full list of release notes is available at https://developers.google.com/mobile-ads-sdk/docs/admob/ios/rel-notes.
2015-04-21 15:08:42.172 rochester-ny[22822:354618] -[MainViewController setupNavigationItem]: 
2015-04-21 15:08:43.362 rochester-ny[22822:354618] no value for key 'byline' on class [FrontsPageViewReport]
2015-04-21 15:08:43.363 rochester-ny[22822:354618] Searching for a_AppID=rochester-ny%202.5.7 in <NSURLRequest: 0x7fbe3ebf4df0> { URL: http://gannett.demdex.net/event?c_gnt_ContentType=sectionfront&c_gnt_ssts_Section=Opinion&c_gnt_prefs_PushSegments=breaking_news%7Cnull%7Cnull%7Cnull%7Cnull%7Cnull%7Cnull&c_gnt_userStatus=unauthenticated&c_gnt_ProductName=uscpnewsiphone&c_gnt_quietTime=&c_gnt_ssts_SubSection=Columns&c_gnt_Location=40.759%2C%20-73.985&c_gnt_aamsegment=100%2Ctestios%2Cios%2C500%2C511%2C501%2C502%2C503%2C504%2C505%2C506%2C507%2C508%2C509%2C510&c_gnt_alerts=off&c_gnt_Orientation=portrait&c_gnt_MarketName=gpapermobile164&d_uuid=24973641626499087014239673321311085929&d_dpid=3054&d_dpuuid=DF8CE1F6-2B5B-4339-A6B1-A61A78921A6A&d_ptfm=ios&d_dst=1&d_rtbd=json }
2015-04-21 15:08:43.364 rochester-ny[22822:354618] a_AppID=rochester-ny%202.5.7 data not found
2015-04-21 15:08:43.366 rochester-ny[22822:355988] Synchronous self 0x10ee32060, NSURLRequest <NSMutableURLRequest: 0x7fbe3edc5be0> { URL: http://repdata.democratandchronicle.com/b/ss/gpapermobiletestsdk4/0/OIP-4.1.3/s31502733?AQB=1&ndh=1&pageName=Opinion%7CColumns%7Cindex&ce=UTF-8&aid=2A9B4AF785195BA9-6000060820009C53&c.&gnt.&ssts.&Section=Opinion&SubSection=Columns&.ssts&alerts=off&userStatus=unauthenticated&aamsegment=100%2Ctestios%2Cios%2C500%2C511%2C501%2C502%2C503%2C504%2C505%2C506%2C507%2C508%2C509%2C510&ContentType=sectionfront&ProductName=uscpnewsiphone&Location=40.759%2C%20-73.985&prefs.&PushSegments=breaking_news%7Cnull%7Cnull%7Cnull%7Cnull%7Cnull%7Cnull&.prefs&Orientation=portrait&MarketName=gpapermobile164&.gnt&a.&Resolution=640x1136&TimeSinceLaunch=170&DeviceName=x86_64&OSVersion=iOS%208.3&AppID=rochester-ny%202.5.7%20%282.5.7%29&CarrierName=%28null%29&.a&.c&t=00%2F00%2F0000%2000%3A00%3A00%200%20240&AQE=1 }
2015-04-21 15:08:43.367 rochester-ny[22822:354618] -[DMSectionController2 shouldUpdate]: YES
2015-04-21 15:08:43.374 rochester-ny[22822:354618] Displaying spin loader
2015-04-21 15:08:43.376 rochester-ny[22822:354618] -[DMSectionController2 shouldUpdate]: YES
2015-04-21 15:08:48.148 rochester-ny[22822:354618] articlesSuccess.
2015-04-21 15:08:48.148 rochester-ny[22822:354618] -[SectionViewController updateArticleList]: 
2015-04-21 15:08:48.149 rochester-ny[22822:354618] -[SectionViewController loadAdSpotConfig] Loading front ad spot configuration
2015-04-21 15:08:48.168 rochester-ny[22822:354618] AD_REQUEST::section_front_top::/7103/ny-rochester-mobile-C1070/iPhone_app-section_front_top/news/opinion/columnists_main::Size ={320, 50}::AWS::news/opinion/columnists_main
2015-04-21 15:08:48.168 rochester-ny[22822:354618] AWSnews/opinion/columnists_main
2015-04-21 15:08:48.220 rochester-ny[22822:355988] -[SmartImageView downloader:finishedWithData:]: 
2015-04-21 15:08:50.855 rochester-ny[22822:354618] -[MainViewController setupNavigationItem]: 
2015-04-21 15:08:52.103 rochester-ny[22822:354618] no value for key 'byline' on class [FrontsPageViewReport]
2015-04-21 15:08:52.104 rochester-ny[22822:354618] Searching for a_AppID=rochester-ny%202.5.7 in <NSURLRequest: 0x7fbe3eb9ff80> { URL: http://gannett.demdex.net/event?c_gnt_ContentType=sectionfront&c_gnt_ssts_Section=Opinion&c_gnt_prefs_PushSegments=breaking_news%7Cnull%7Cnull%7Cnull%7Cnull%7Cnull%7Cnull&c_gnt_userStatus=unauthenticated&c_gnt_ProductName=uscpnewsiphone&c_gnt_quietTime=&c_gnt_ssts_SubSection=Blogs&c_gnt_Location=40.759%2C%20-73.985&c_gnt_aamsegment=100%2Ctestios%2Cios%2C500%2C511%2C501%2C502%2C503%2C504%2C505%2C506%2C507%2C508%2C509%2C510&c_gnt_alerts=off&c_gnt_Orientation=portrait&c_gnt_MarketName=gpapermobile164&d_uuid=24973641626499087014239673321311085929&d_dpid=3054&d_dpuuid=DF8CE1F6-2B5B-4339-A6B1-A61A78921A6A&d_ptfm=ios&d_dst=1&d_rtbd=json }
2015-04-21 15:08:52.104 rochester-ny[22822:354618] a_AppID=rochester-ny%202.5.7 data not found
2015-04-21 15:08:52.107 rochester-ny[22822:355749] Synchronous self 0x10ee32060, NSURLRequest <NSMutableURLRequest: 0x7fbe3eba02d0> { URL: http://repdata.democratandchronicle.com/b/ss/gpapermobiletestsdk4/0/OIP-4.1.3/s57309857?AQB=1&ndh=1&pageName=Opinion%7CBlogs%7Cindex&ce=UTF-8&aid=2A9B4AF785195BA9-6000060820009C53&c.&gnt.&ssts.&Section=Opinion&SubSection=Blogs&.ssts&alerts=off&userStatus=unauthenticated&aamsegment=100%2Ctestios%2Cios%2C500%2C511%2C501%2C502%2C503%2C504%2C505%2C506%2C507%2C508%2C509%2C510&ContentType=sectionfront&ProductName=uscpnewsiphone&Location=40.759%2C%20-73.985&prefs.&PushSegments=breaking_news%7Cnull%7Cnull%7Cnull%7Cnull%7Cnull%7Cnull&.prefs&Orientation=portrait&MarketName=gpapermobile164&.gnt&a.&Resolution=640x1136&TimeSinceLaunch=179&DeviceName=x86_64&OSVersion=iOS%208.3&AppID=rochester-ny%202.5.7%20%282.5.7%29&CarrierName=%28null%29&.a&.c&t=00%2F00%2F0000%2000%3A00%3A00%200%20240&AQE=1 }
2015-04-21 15:08:52.109 rochester-ny[22822:354618] -[DMSectionController2 shouldUpdate]: YES
2015-04-21 15:08:52.119 rochester-ny[22822:354618] Displaying spin loader
2015-04-21 15:08:52.122 rochester-ny[22822:354618] -[DMSectionController2 shouldUpdate]: YES
2015-04-21 15:08:54.079 rochester-ny[22822:354618] <Google:HTML> You are currently using version 6.12.2 of the SDK, which doesn't officially support iOS 8. Please consider updating your SDK to the most recent sdk version, 7.1.0, to get iOS 8 support, including a fix for smart banner rendering in landscape mode. The latest SDK can be downloaded from http://goo.gl/iGzfsP. A full list of release notes is available at https://developers.google.com/mobile-ads-sdk/docs/admob/ios/rel-notes.
2015-04-21 15:08:56.867 rochester-ny[22822:354618] articlesSuccess.
2015-04-21 15:08:56.867 rochester-ny[22822:354618] -[SectionViewController updateArticleList]: 
2015-04-21 15:08:56.867 rochester-ny[22822:354618] -[SectionViewController loadAdSpotConfig] Loading front ad spot configuration
2015-04-21 15:08:56.882 rochester-ny[22822:354618] AD_REQUEST::section_front_top::/7103/ny-rochester-mobile-C1070/iPhone_app-section_front_top/news/opinion/blogs_main::Size ={320, 50}::AWS::news/opinion/blogs_main
2015-04-21 15:08:56.882 rochester-ny[22822:354618] AWSnews/opinion/blogs_main
2015-04-21 15:08:58.678 rochester-ny[22822:356158] -[SmartImageView downloader:finishedWithData:]: 
2015-04-21 15:08:59.785 rochester-ny[22822:354618] -[MainViewController setupNavigationItem]: 
2015-04-21 15:09:02.978 rochester-ny[22822:354618] AD_REQUEST::section_front_bottom::/7103/ny-rochester-mobile-C1070/iPhone_app-section_front_bottom/news/opinion/blogs_main::Size ={300, 250}::AWS::news/opinion/blogs_main
2015-04-21 15:09:02.978 rochester-ny[22822:354618] AWSnews/opinion/blogs_main
2015-04-21 15:09:04.285 rochester-ny[22822:354618] no value for key 'byline' on class [FrontsPageViewReport]
2015-04-21 15:09:04.286 rochester-ny[22822:354618] Searching for a_AppID=rochester-ny%202.5.7 in <NSURLRequest: 0x7fbe3f20bc30> { URL: http://gannett.demdex.net/event?c_gnt_ContentType=sectionfront&c_gnt_ssts_Section=Her&c_gnt_prefs_PushSegments=breaking_news%7Cnull%7Cnull%7Cnull%7Cnull%7Cnull%7Cnull&c_gnt_userStatus=unauthenticated&c_gnt_ProductName=uscpnewsiphone&c_gnt_quietTime=&c_gnt_ssts_SubSection=Top%20Stories&c_gnt_Location=40.759%2C%20-73.985&c_gnt_aamsegment=100%2Ctestios%2Cios%2C500%2C511%2C501%2C502%2C503%2C504%2C505%2C506%2C507%2C508%2C509%2C510&c_gnt_alerts=off&c_gnt_Orientation=portrait&c_gnt_MarketName=gpapermobile164&d_uuid=24973641626499087014239673321311085929&d_dpid=3054&d_dpuuid=DF8CE1F6-2B5B-4339-A6B1-A61A78921A6A&d_ptfm=ios&d_dst=1&d_rtbd=json }
2015-04-21 15:09:04.286 rochester-ny[22822:354618] a_AppID=rochester-ny%202.5.7 data not found
2015-04-21 15:09:04.289 rochester-ny[22822:356196] Synchronous self 0x10ee32060, NSURLRequest <NSMutableURLRequest: 0x7fbe3eff33e0> { URL: http://repdata.democratandchronicle.com/b/ss/gpapermobiletestsdk4/0/OIP-4.1.3/s91508161?AQB=1&ndh=1&pageName=Her%7CTop%20Stories%7Cindex&ce=UTF-8&aid=2A9B4AF785195BA9-6000060820009C53&c.&gnt.&ssts.&Section=Her&SubSection=Top%20Stories&.ssts&alerts=off&userStatus=unauthenticated&aamsegment=100%2Ctestios%2Cios%2C500%2C511%2C501%2C502%2C503%2C504%2C505%2C506%2C507%2C508%2C509%2C510&ContentType=sectionfront&ProductName=uscpnewsiphone&Location=40.759%2C%20-73.985&prefs.&PushSegments=breaking_news%7Cnull%7Cnull%7Cnull%7Cnull%7Cnull%7Cnull&.prefs&Orientation=portrait&MarketName=gpapermobile164&.gnt&a.&Resolution=640x1136&TimeSinceLaunch=191&DeviceName=x86_64&OSVersion=iOS%208.3&AppID=rochester-ny%202.5.7%20%282.5.7%29&CarrierName=%28null%29&.a&.c&t=00%2F00%2F0000%2000%3A00%3A00%200%20240&AQE=1 }
2015-04-21 15:09:04.291 rochester-ny[22822:354618] -[DMSectionController2 shouldUpdate]: YES
2015-04-21 15:09:04.301 rochester-ny[22822:354618] Displaying spin loader
2015-04-21 15:09:04.304 rochester-ny[22822:354618] -[DMSectionController2 shouldUpdate]: YES
2015-04-21 15:09:06.158 rochester-ny[22822:354618] articlesSuccess.
2015-04-21 15:09:06.158 rochester-ny[22822:354618] -[SectionViewController updateArticleList]: 
2015-04-21 15:09:06.158 rochester-ny[22822:354618] -[SectionViewController loadAdSpotConfig] Loading front ad spot configuration
2015-04-21 15:09:06.173 rochester-ny[22822:354618] AD_REQUEST::section_front_top::/7103/ny-rochester-mobile-C1070/iPhone_app-section_front_top/lifestyle/features_herrochester/main::Size ={320, 50}::AWS::lifestyle/features_herrochester/main
2015-04-21 15:09:06.173 rochester-ny[22822:354618] AWSlifestyle/features_herrochester/main
2015-04-21 15:09:06.224 rochester-ny[22822:355436] -[SmartImageView downloader:finishedWithData:]: 
2015-04-21 15:09:12.221 rochester-ny[22822:354618] -[MainViewController setupNavigationItem]: 
2015-04-21 15:09:12.224 rochester-ny[22822:354618] <Google:HTML> You are currently using version 6.12.2 of the SDK, which doesn't officially support iOS 8. Please consider updating your SDK to the most recent sdk version, 7.1.0, to get iOS 8 support, including a fix for smart banner rendering in landscape mode. The latest SDK can be downloaded from http://goo.gl/iGzfsP. A full list of release notes is available at https://developers.google.com/mobile-ads-sdk/docs/admob/ios/rel-notes.
2015-04-21 15:09:13.427 rochester-ny[22822:354618] no value for key 'byline' on class [FrontsPageViewReport]
2015-04-21 15:09:13.428 rochester-ny[22822:354618] Searching for a_AppID=rochester-ny%202.5.7 in <NSURLRequest: 0x7fbe3ef08ce0> { URL: http://gannett.demdex.net/event?c_gnt_ContentType=sectionfront&c_gnt_ssts_Section=Her&c_gnt_prefs_PushSegments=breaking_news%7Cnull%7Cnull%7Cnull%7Cnull%7Cnull%7Cnull&c_gnt_userStatus=unauthenticated&c_gnt_ProductName=uscpnewsiphone&c_gnt_quietTime=&c_gnt_ssts_SubSection=RocRun&c_gnt_Location=40.759%2C%20-73.985&c_gnt_aamsegment=100%2Ctestios%2Cios%2C500%2C511%2C501%2C502%2C503%2C504%2C505%2C506%2C507%2C508%2C509%2C510&c_gnt_alerts=off&c_gnt_Orientation=portrait&c_gnt_MarketName=gpapermobile164&d_uuid=24973641626499087014239673321311085929&d_dpid=3054&d_dpuuid=DF8CE1F6-2B5B-4339-A6B1-A61A78921A6A&d_ptfm=ios&d_dst=1&d_rtbd=json }
2015-04-21 15:09:13.428 rochester-ny[22822:354618] a_AppID=rochester-ny%202.5.7 data not found
2015-04-21 15:09:13.431 rochester-ny[22822:356196] Synchronous self 0x10ee32060, NSURLRequest <NSMutableURLRequest: 0x7fbe3ebe2fb0> { URL: http://repdata.democratandchronicle.com/b/ss/gpapermobiletestsdk4/0/OIP-4.1.3/s23258004?AQB=1&ndh=1&pageName=Her%7CRocRun%7Cindex&ce=UTF-8&aid=2A9B4AF785195BA9-6000060820009C53&c.&gnt.&ssts.&Section=Her&SubSection=RocRun&.ssts&alerts=off&userStatus=unauthenticated&aamsegment=100%2Ctestios%2Cios%2C500%2C511%2C501%2C502%2C503%2C504%2C505%2C506%2C507%2C508%2C509%2C510&ContentType=sectionfront&ProductName=uscpnewsiphone&Location=40.759%2C%20-73.985&prefs.&PushSegments=breaking_news%7Cnull%7Cnull%7Cnull%7Cnull%7Cnull%7Cnull&.prefs&Orientation=portrait&MarketName=gpapermobile164&.gnt&a.&Resolution=640x1136&TimeSinceLaunch=200&DeviceName=x86_64&OSVersion=iOS%208.3&AppID=rochester-ny%202.5.7%20%282.5.7%29&CarrierName=%28null%29&.a&.c&t=00%2F00%2F0000%2000%3A00%3A00%200%20240&AQE=1 }
2015-04-21 15:09:13.433 rochester-ny[22822:354618] -[DMSectionController2 shouldUpdate]: NO
2015-04-21 15:09:13.466 rochester-ny[22822:354618] -[SectionViewController loadAdSpotConfig] Loading front ad spot configuration
2015-04-21 15:09:13.468 rochester-ny[22822:354618] -[SmartImageView setImageSource:]: CACHED
2015-04-21 15:09:13.476 rochester-ny[22822:354618] -[DMSectionController2 shouldUpdate]: NO
2015-04-21 15:09:13.487 rochester-ny[22822:354618] AD_REQUEST::section_front_top::/7103/ny-rochester-mobile-C1070/iPhone_app-section_front_top/sports/features_rocrun/main::Size ={320, 50}::AWS::sports/features_rocrun/main
2015-04-21 15:09:13.487 rochester-ny[22822:354618] AWSsports/features_rocrun/main
2015-04-21 15:09:18.839 rochester-ny[22822:354618] <Google:HTML> You are currently using version 6.12.2 of the SDK, which doesn't officially support iOS 8. Please consider updating your SDK to the most recent sdk version, 7.1.0, to get iOS 8 support, including a fix for smart banner rendering in landscape mode. The latest SDK can be downloaded from http://goo.gl/iGzfsP. A full list of release notes is available at https://developers.google.com/mobile-ads-sdk/docs/admob/ios/rel-notes.
Test Case '-[BasicTest test00SectionMenu]' passed (206.782 seconds).
Test Suite 'BasicTest' passed at 2015-04-21 19:09:20 +0000.
	 Executed 1 test, with 0 failures (0 unexpected) in 206.782 (206.783) seconds
Test Suite 'indianapolis_in_Tests' started at 2015-04-21 19:09:20 +0000
Test Case '-[indianapolis_in_Tests testExample]' started.
Test Case '-[indianapolis_in_Tests testExample]' passed (0.000 seconds).
Test Case '-[indianapolis_in_Tests testPerformanceExample]' started.
Test Case '-[indianapolis_in_Tests testPerformanceExample]' passed (0.000 seconds).
Test Suite 'indianapolis_in_Tests' passed at 2015-04-21 19:09:20 +0000.
	 Executed 2 tests, with 0 failures (0 unexpected) in 0.001 (0.001) seconds
Test Suite 'indianapolis-in Tests.xctest' passed at 2015-04-21 19:09:20 +0000.
	 Executed 3 tests, with 0 failures (0 unexpected) in 206.783 (206.785) seconds
Test Suite 'All tests' passed at 2015-04-21 19:09:20 +0000.
	 Executed 3 tests, with 0 failures (0 unexpected) in 206.783 (206.785) seconds