W/Resources(22255): Converting to string: TypedValue{t=0x12/d=0x0 a=2 r=0x7f0b0074}
W/Resources(22255): Converting to string: TypedValue{t=0x12/d=0x0 a=2 r=0x7f0b0117}
W/Resources(22255): Converting to string: TypedValue{t=0x5/d=0x1001 a=2 r=0x7f0a0060}
W/Resources(22255): Converting to string: TypedValue{t=0x5/d=0x1001 a=2 r=0x7f0a0060}
V/MinimogrifierUtils(22255): resized image URL: http://www.gannett-cdn.com/-mm-/5e558d0d90affd78376656bbf1d6ebde65207eca/c=285-0-3001-2037&r=228x168&q=80/local/-/media/2015/05/15/Brevard/B9317361315Z.1_20150515114203_000_GCFAPU6P1.1-0.jpg
W/Resources(22255): Converting to string: TypedValue{t=0x5/d=0x1401 a=2 r=0x7f0a0096}
W/Resources(22255): Converting to string: TypedValue{t=0x5/d=0x1001 a=2 r=0x7f0a0097}
W/Resources(22255): Converting to string: TypedValue{t=0x5/d=0x1401 a=2 r=0x7f0a0096}
W/Resources(22255): Converting to string: TypedValue{t=0x5/d=0xf01 a=2 r=0x7f0a0095}
W/Resources(22255): Converting to string: TypedValue{t=0x12/d=0x0 a=2 r=0x7f0b01c9}
W/Resources(22255): Converting to string: TypedValue{t=0x12/d=0x0 a=2 r=0x7f0b01ca}
W/Resources(22255): Converting to string: TypedValue{t=0x12/d=0x0 a=2 r=0x7f0b01cb}
W/Resources(22255): Converting to string: TypedValue{t=0x1d/d=0xfff9f9f9 a=2 r=0x7f0900a5}
W/Resources(22255): Converting to string: TypedValue{t=0x5/d=0x1401 a=2 r=0x7f0a0096}
W/Resources(22255): Converting to string: TypedValue{t=0x5/d=0x1001 a=2 r=0x7f0a0097}
W/Resources(22255): Converting to string: TypedValue{t=0x5/d=0x1401 a=2 r=0x7f0a0096}
W/Resources(22255): Converting to string: TypedValue{t=0x5/d=0xf01 a=2 r=0x7f0a0095}
W/Resources(22255): Converting to string: TypedValue{t=0x12/d=0x0 a=2 r=0x7f0b01c6}
W/Resources(22255): Converting to string: TypedValue{t=0x12/d=0x0 a=2 r=0x7f0b01c7}
W/Resources(22255): Converting to string: TypedValue{t=0x12/d=0x0 a=2 r=0x7f0b01c8}
W/Resources(22255): Converting to string: TypedValue{t=0x1d/d=0xfff9f9f9 a=2 r=0x7f0900a5}
W/Resources(22255): Converting to string: TypedValue{t=0x5/d=0x1401 a=2 r=0x7f0a0096}
W/Resources(22255): Converting to string: TypedValue{t=0x5/d=0x1001 a=2 r=0x7f0a0097}
W/Resources(22255): Converting to string: TypedValue{t=0x5/d=0x1401 a=2 r=0x7f0a0096}
W/Resources(22255): Converting to string: TypedValue{t=0x5/d=0xf01 a=2 r=0x7f0a0095}
W/Resources(22255): Converting to string: TypedValue{t=0x12/d=0x0 a=2 r=0x7f0b01c6}
W/Resources(22255): Converting to string: TypedValue{t=0x12/d=0x0 a=2 r=0x7f0b01c7}
W/Resources(22255): Converting to string: TypedValue{t=0x12/d=0x0 a=2 r=0x7f0b01c8}
W/Resources(22255): Converting to string: TypedValue{t=0x5/d=0x1401 a=2 r=0x7f0a0096}
W/Resources(22255): Converting to string: TypedValue{t=0x5/d=0x1001 a=2 r=0x7f0a0097}
W/Resources(22255): Converting to string: TypedValue{t=0x5/d=0x1401 a=2 r=0x7f0a0096}
W/Resources(22255): Converting to string: TypedValue{t=0x5/d=0xf01 a=2 r=0x7f0a0095}
W/Resources(22255): Converting to string: TypedValue{t=0x12/d=0x0 a=2 r=0x7f0b01c9}
W/Resources(22255): Converting to string: TypedValue{t=0x12/d=0x0 a=2 r=0x7f0b01ca}
W/Resources(22255): Converting to string: TypedValue{t=0x12/d=0x0 a=2 r=0x7f0b01cb}
W/Resources(22255): Converting to string: TypedValue{t=0x5/d=0x1401 a=2 r=0x7f0a0096}
W/Resources(22255): Converting to string: TypedValue{t=0x5/d=0x1001 a=2 r=0x7f0a0097}
W/Resources(22255): Converting to string: TypedValue{t=0x5/d=0x1401 a=2 r=0x7f0a0096}
W/Resources(22255): Converting to string: TypedValue{t=0x5/d=0xf01 a=2 r=0x7f0a0095}
W/Resources(22255): Converting to string: TypedValue{t=0x12/d=0x0 a=2 r=0x7f0b01c9}
W/Resources(22255): Converting to string: TypedValue{t=0x12/d=0x0 a=2 r=0x7f0b01ca}
W/Resources(22255): Converting to string: TypedValue{t=0x12/d=0x0 a=2 r=0x7f0b01cb}
W/Resources(22255): Converting to string: TypedValue{t=0x5/d=0x1401 a=2 r=0x7f0a0096}
W/Resources(22255): Converting to string: TypedValue{t=0x5/d=0x1001 a=2 r=0x7f0a0097}
W/Resources(22255): Converting to string: TypedValue{t=0x5/d=0x1401 a=2 r=0x7f0a0096}
W/Resources(22255): Converting to string: TypedValue{t=0x5/d=0xf01 a=2 r=0x7f0a0095}
W/Resources(22255): Converting to string: TypedValue{t=0x12/d=0x0 a=2 r=0x7f0b01c9}
W/Resources(22255): Converting to string: TypedValue{t=0x12/d=0x0 a=2 r=0x7f0b01ca}
W/Resources(22255): Converting to string: TypedValue{t=0x12/d=0x0 a=2 r=0x7f0b01cb}
W/Resources(22255): Converting to string: TypedValue{t=0x5/d=0x1401 a=2 r=0x7f0a0096}
W/Resources(22255): Converting to string: TypedValue{t=0x5/d=0x1001 a=2 r=0x7f0a0097}
W/Resources(22255): Converting to string: TypedValue{t=0x5/d=0x1401 a=2 r=0x7f0a0096}
W/Resources(22255): Converting to string: TypedValue{t=0x5/d=0xf01 a=2 r=0x7f0a0095}
W/Resources(22255): Converting to string: TypedValue{t=0x12/d=0x0 a=2 r=0x7f0b01c9}
W/Resources(22255): Converting to string: TypedValue{t=0x12/d=0x0 a=2 r=0x7f0b01ca}
W/Resources(22255): Converting to string: TypedValue{t=0x12/d=0x0 a=2 r=0x7f0b01cb}
W/Resources(22255): Converting to string: TypedValue{t=0x5/d=0x1401 a=2 r=0x7f0a0096}
W/Resources(22255): Converting to string: TypedValue{t=0x5/d=0x1001 a=2 r=0x7f0a0097}
W/Resources(22255): Converting to string: TypedValue{t=0x5/d=0x1401 a=2 r=0x7f0a0096}
W/Resources(22255): Converting to string: TypedValue{t=0x5/d=0xf01 a=2 r=0x7f0a0095}
W/Resources(22255): Converting to string: TypedValue{t=0x12/d=0x0 a=2 r=0x7f0b01c9}
W/Resources(22255): Converting to string: TypedValue{t=0x12/d=0x0 a=2 r=0x7f0b01ca}
W/Resources(22255): Converting to string: TypedValue{t=0x12/d=0x0 a=2 r=0x7f0b01cb}
W/Resources(22255): Converting to string: TypedValue{t=0x5/d=0x1401 a=2 r=0x7f0a0096}
W/Resources(22255): Converting to string: TypedValue{t=0x5/d=0x1001 a=2 r=0x7f0a0097}
W/Resources(22255): Converting to string: TypedValue{t=0x5/d=0x1401 a=2 r=0x7f0a0096}
W/Resources(22255): Converting to string: TypedValue{t=0x5/d=0xf01 a=2 r=0x7f0a0095}
W/Resources(22255): Converting to string: TypedValue{t=0x12/d=0x0 a=2 r=0x7f0b01c9}
W/Resources(22255): Converting to string: TypedValue{t=0x12/d=0x0 a=2 r=0x7f0b01ca}
W/Resources(22255): Converting to string: TypedValue{t=0x12/d=0x0 a=2 r=0x7f0b01cb}
W/Resources(22255): Converting to string: TypedValue{t=0x5/d=0x1401 a=2 r=0x7f0a0096}
W/Resources(22255): Converting to string: TypedValue{t=0x5/d=0x1001 a=2 r=0x7f0a0097}
W/Resources(22255): Converting to string: TypedValue{t=0x5/d=0x1401 a=2 r=0x7f0a0096}
W/Resources(22255): Converting to string: TypedValue{t=0x5/d=0xf01 a=2 r=0x7f0a0095}
W/Resources(22255): Converting to string: TypedValue{t=0x12/d=0x0 a=2 r=0x7f0b01c9}
W/Resources(22255): Converting to string: TypedValue{t=0x12/d=0x0 a=2 r=0x7f0b01ca}
W/Resources(22255): Converting to string: TypedValue{t=0x12/d=0x0 a=2 r=0x7f0b01cb}
W/Resources(22255): Converting to string: TypedValue{t=0x5/d=0x1401 a=2 r=0x7f0a0096}
W/Resources(22255): Converting to string: TypedValue{t=0x5/d=0x1001 a=2 r=0x7f0a0097}
W/Resources(22255): Converting to string: TypedValue{t=0x5/d=0x1401 a=2 r=0x7f0a0096}
W/Resources(22255): Converting to string: TypedValue{t=0x5/d=0xf01 a=2 r=0x7f0a0095}
W/Resources(22255): Converting to string: TypedValue{t=0x12/d=0x0 a=2 r=0x7f0b01c9}
W/Resources(22255): Converting to string: TypedValue{t=0x12/d=0x0 a=2 r=0x7f0b01ca}
W/Resources(22255): Converting to string: TypedValue{t=0x12/d=0x0 a=2 r=0x7f0b01cb}
W/Resources(22255): Converting to string: TypedValue{t=0x5/d=0x1401 a=2 r=0x7f0a0096}
W/Resources(22255): Converting to string: TypedValue{t=0x5/d=0x1001 a=2 r=0x7f0a0097}
W/Resources(22255): Converting to string: TypedValue{t=0x5/d=0x1401 a=2 r=0x7f0a0096}
W/Resources(22255): Converting to string: TypedValue{t=0x5/d=0xf01 a=2 r=0x7f0a0095}
W/Resources(22255): Converting to string: TypedValue{t=0x12/d=0x0 a=2 r=0x7f0b01c9}
W/Resources(22255): Converting to string: TypedValue{t=0x12/d=0x0 a=2 r=0x7f0b01ca}
W/Resources(22255): Converting to string: TypedValue{t=0x12/d=0x0 a=2 r=0x7f0b01cb}
W/Resources(22255): Converting to string: TypedValue{t=0x5/d=0x1401 a=2 r=0x7f0a0096}
W/Resources(22255): Converting to string: TypedValue{t=0x5/d=0x1001 a=2 r=0x7f0a0097}
W/Resources(22255): Converting to string: TypedValue{t=0x5/d=0x1401 a=2 r=0x7f0a0096}
W/Resources(22255): Converting to string: TypedValue{t=0x5/d=0xf01 a=2 r=0x7f0a0095}
W/Resources(22255): Converting to string: TypedValue{t=0x12/d=0x0 a=2 r=0x7f0b01c9}
W/Resources(22255): Converting to string: TypedValue{t=0x12/d=0x0 a=2 r=0x7f0b01ca}
W/Resources(22255): Converting to string: TypedValue{t=0x12/d=0x0 a=2 r=0x7f0b01cb}
D/BreakingNewsRetriever(22255): onError() com.gannett.android.exceptions.EmptyFeedException: Unrecoverable transform error deserializing BreakingNewsFeedImpl
W/Resources(22255): Converting to string: TypedValue{t=0x5/d=0x4001 a=1 r=0x1050051}
W/Resources(22255): Converting to string: TypedValue{t=0x5/d=0x3801 a=1 r=0x105003a}
W/Resources(22255): Converting to string: TypedValue{t=0x5/d=0x4001 a=1 r=0x1050051}
W/Resources(22255): Converting to string: TypedValue{t=0x5/d=0x3801 a=1 r=0x105003a}
W/Resources(22255): Converting to string: TypedValue{t=0x5/d=0x4001 a=1 r=0x1050051}
W/Resources(22255): Converting to string: TypedValue{t=0x5/d=0x3801 a=1 r=0x105003a}
W/Resources(22255): Converting to string: TypedValue{t=0x5/d=0x4001 a=1 r=0x1050051}
W/Resources(22255): Converting to string: TypedValue{t=0x5/d=0x3801 a=1 r=0x105003a}
I/ActivityManager(  562): Displayed com.gannett.local.library.news.floridatoday/com.gannett.android.news.ui.activity.ActivityNews: +399ms
W/art     (22255): Attempt to remove local handle scope entry from IRT, ignoring
W/AwContents(22255): onDetachedFromWindow called when already detached. Ignoring
W/art     (22255): Attempt to remove local handle scope entry from IRT, ignoring
W/art     (22255): Attempt to remove local handle scope entry from IRT, ignoring
I/Ads     ( 6165): CsiReporterFactory: CSI is not enabled. No CSI reporter created.
I/ViewInteraction(22255): Performing 'check drawer' action on view with id: com.gannett.local.library.news.floridatoday:id/nav_drawer
I/ViewInteraction(22255): Performing 'register idling drawer listener' action on view with id: com.gannett.local.library.news.floridatoday:id/nav_drawer
W/BindingManager(22255): Cannot call determinedVisibility() - never saw a connection for the pid: 22255
I/ViewInteraction(22255): Performing 'open drawer' action on view with id: com.gannett.local.library.news.floridatoday:id/nav_drawer
W/UiControllerImpl(22255): Waiting for: DYNAMIC_TASKS_HAVE_IDLED for 100 iterations.
I/Ads     (22255): Ad finished loading.
D/DfpAdRetriever(22255): Ads: ad retrieved: section_front
W/UiControllerImpl(22255): Waiting for: DYNAMIC_TASKS_HAVE_IDLED for 200 iterations.
W/UiControllerImpl(22255): Waiting for: DYNAMIC_TASKS_HAVE_IDLED for 300 iterations.
I/ViewInteraction(22255): Performing 'unregister idling drawer listener' action on view with id: com.gannett.local.library.news.floridatoday:id/nav_drawer
I/ViewInteraction(22255): Performing 'single click' action on view (with id: com.gannett.local.library.news.floridatoday:id/nav_section_name and with text: is "Home")
W/art     (22255): Attempt to remove local handle scope entry from IRT, ignoring
W/AwContents(22255): onDetachedFromWindow called when already detached. Ignoring
W/art     (22255): Attempt to remove local handle scope entry from IRT, ignoring
W/art     (22255): Attempt to remove local handle scope entry from IRT, ignoring
W/BindingManager(22255): Cannot call determinedVisibility() - never saw a connection for the pid: 22255
W/Resources(22255): Converting to string: TypedValue{t=0x1d/d=0xfff9f9f9 a=2 r=0x7f0900a5}
W/Resources(22255): Converting to string: TypedValue{t=0x5/d=0x1401 a=2 r=0x7f0a0096}
W/Resources(22255): Converting to string: TypedValue{t=0x5/d=0x1001 a=2 r=0x7f0a0097}
W/Resources(22255): Converting to string: TypedValue{t=0x5/d=0x1401 a=2 r=0x7f0a0096}
W/Resources(22255): Converting to string: TypedValue{t=0x5/d=0xf01 a=2 r=0x7f0a0095}
W/Resources(22255): Converting to string: TypedValue{t=0x12/d=0x0 a=2 r=0x7f0b01c6}
W/Resources(22255): Converting to string: TypedValue{t=0x12/d=0x0 a=2 r=0x7f0b01c7}
W/Resources(22255): Converting to string: TypedValue{t=0x12/d=0x0 a=2 r=0x7f0b01c8}
W/Resources(22255): Converting to string: TypedValue{t=0x1d/d=0xfff9f9f9 a=2 r=0x7f0900a5}
W/Resources(22255): Converting to string: TypedValue{t=0x5/d=0x1401 a=2 r=0x7f0a0096}
W/Resources(22255): Converting to string: TypedValue{t=0x5/d=0x1001 a=2 r=0x7f0a0097}
W/Resources(22255): Converting to string: TypedValue{t=0x5/d=0x1401 a=2 r=0x7f0a0096}
W/Resources(22255): Converting to string: TypedValue{t=0x5/d=0xf01 a=2 r=0x7f0a0095}
W/Resources(22255): Converting to string: TypedValue{t=0x12/d=0x0 a=2 r=0x7f0b01c6}
W/Resources(22255): Converting to string: TypedValue{t=0x12/d=0x0 a=2 r=0x7f0b01c7}
W/Resources(22255): Converting to string: TypedValue{t=0x12/d=0x0 a=2 r=0x7f0b01c8}
I/Ads     (22255): Ad finished loading.
D/DfpAdRetriever(22255): Ads: ad retrieved: section_front
D/DfpAdRetriever(22255): recording impression for section_front
D/Finsky  ( 1527): [4412] AppStatesReplicator.handleContentSyncResponse: Completed 0 account content syncs with 0 successful.
D/Finsky  ( 1527): [1] 5.onFinished: Installation state replication succeeded.
D/audio_hw_primary(  184): disable_audio_route: reset and update mixer path: low-latency-playback
D/audio_hw_primary(  184): disable_snd_device: snd_device(2: speaker)
W/UiControllerImpl(22255): Waiting for: DELAY_HAS_PAST for 100 iterations.
I/ViewInteraction(22255): Performing 'single click' action on view (with id: com.gannett.local.library.news.floridatoday:id/nav_child_text and with text: is "Top Stories")
D/NavigationActivity(22255): navigateTo():Top Stories
D/NavigationActivity(22255): executeNavigationIntent, this class: class com.gannett.android.news.ui.activity.ActivityNews, intent.getClass(): com.gannett.android.news.ui.activity.ActivityNews
D/audio_hw_primary(  184): select_devices: out_snd_device(2: speaker) in_snd_device(0: none)
D/ACDB-LOADER(  184): ACDB -> send_afe_cal
D/audio_hw_primary(  184): enable_snd_device: snd_device(2: speaker)
D/audio_hw_primary(  184): enable_audio_route: apply and update mixer path: low-latency-playback
D/UrlProducer(22255): Articles URL requested: http://api.gannett-cdn.com/mobilefeeds/fronts/v1/home_tablet/?siteId=123&hls=false&api_key=euc4uvhentf8r3dgt69483ad
D/ADBMobile(22255): ADBMobile Debug : Analytics - Attempting to send request parameters(23703139?AQB=1&ndh=1&ce=UTF-8&pev2=AMACTION%3Anavmenu%7Ctopstories&c.&a.&DeviceName=Nexus%207&OSVersion=Android%205.1.1&Resolution=1200x1824&action=navmenu%7Ctopstories&AppID=Florida%20Today%202.7.2.1%20%2852%29&.a&gnt.&MarketName=gpapermobile114&ProductName=uscpnativenewsandroid%20for%20Android%20Tablet&Orientation=portrait&TimeValue=11%3A30AM&.gnt&.c&t=00%2F00%2F0000%2000%3A00%3A00%200%20240&pageName=Florida%20Today%202.7.2.1%20%2852%29&aid=2B5CDEE80D2F4E87-2E535F9A5376B7E5&pe=lnk_o&AQE=1)
D/ADBMobile(22255): ADBMobile Debug : Analytics - Request Sent(http://repdata.floridatoday.com/b/ss/gpapermobile114/0/JAVA-4.1.7-AN/s23703139?AQB=1&ndh=1&ce=UTF-8&pev2=AMACTION%3Anavmenu%7Ctopstories&c.&a.&DeviceName=Nexus%207&OSVersion=Android%205.1.1&Resolution=1200x1824&action=navmenu%7Ctopstories&AppID=Florida%20Today%202.7.2.1%20%2852%29&.a&gnt.&MarketName=gpapermobile114&ProductName=uscpnativenewsandroid%20for%20Android%20Tablet&Orientation=portrait&TimeValue=11%3A30AM&.gnt&.c&t=00%2F00%2F0000%2000%3A00%3A00%200%20240&pageName=Florida%20Today%202.7.2.1%20%2852%29&aid=2B5CDEE80D2F4E87-2E535F9A5376B7E5&pe=lnk_o&AQE=1)
V/MinimogrifierUtils(22255): resized image URL: http://www.gannett-cdn.com/-mm-/b4a045901b32c9db6b723ebb3d125ef707ec9170/c=280-0-1990-1710&r=100x100&q=80/local/-/media/2015/05/19/Brevard/B9317404990Z.1_20150519110837_000_GQHAR6GL8.1-0.jpg
V/MinimogrifierUtils(22255): resized image URL: http://www.gannett-cdn.com/-mm-/0ee00824a1c81b99043f751320fa53d83e194f1d/c=648-0-3240-2592&r=100x100&q=80/local/-/media/2015/05/18/Brevard/B9317397221Z.1_20150518170838_000_GDRAQVJC3.1-0.jpg
V/MinimogrifierUtils(22255): resized image URL: http://www.gannett-cdn.com/-mm-/6d8b257b31e54ea038b3cb5a1871948a1edc0e96/c=66-0-467-401&r=100x100&q=80/local/-/media/2015/05/19/Brevard/B9317406000Z.1_20150519112315_001_GQAAR6LRC.1-0.jpg
V/MinimogrifierUtils(22255): resized image URL: http://www.gannett-cdn.com/-mm-/ec7a541cde47d8a7a0b856593bd9a0e0c4126531/c=672-0-2208-1536&r=100x100&q=80/local/-/media/2015/05/19/Brevard/B9317404807Z.1_20150519094335_000_GMSAR5NFB.1-0.jpg
V/MinimogrifierUtils(22255): resized image URL: http://www.gannett-cdn.com/-mm-/c027407ec9e0d14af4d7309328c1aa650b615776/c=624-0-2661-2037&r=100x100&q=80/local/-/media/2015/05/15/Brevard/B9317361315Z.1_20150515114203_000_GCFAPU6P1.1-0.jpg
V/MinimogrifierUtils(22255): resized image URL: http://www.gannett-cdn.com/-mm-/ee945b78fc332f9c89b1f5d0570dad8861d2062f/c=394-0-2286-1892&r=100x100&q=80/local/-/media/2015/05/15/Brevard/B9317361315Z.1_20150515114203_000_G17APU3GE.1-0.jpg
V/MinimogrifierUtils(22255): resized image URL: http://www.gannett-cdn.com/-mm-/139cfa7fc953972c65f02a5d9ca22ede8e085eb0/c=764-0-2354-1590&r=100x100&q=80/local/-/media/2015/05/17/Brevard/B9317360976Z.1_20150517104639_000_GPHAQ6BMG.1-0.jpg
V/MinimogrifierUtils(22255): resized image URL: http://www.gannett-cdn.com/-mm-/fecf9b96184a2e9c9bcd4b0fa6eefd9a417a6620/c=450-0-2250-1800&r=100x100&q=80/local/-/media/2015/05/18/Brevard/B9317392040Z.1_20150518171847_000_GFOAQTLDV.1-0.jpg
V/MinimogrifierUtils(22255): resized image URL: http://www.gannett-cdn.com/-mm-/b4e33d9313da4b68e1c1d19e5b180cad69a1e245/c=201-0-1096-895&r=100x100&q=80/local/-/media/2015/05/05/Brevard/B9317233088Z.1_20150505150304_000_GEPAMSMI4.1-0.png
V/MinimogrifierUtils(22255): resized image URL: http://www.gannett-cdn.com/-mm-/b3ccc7248bc8b0922e96aea7d69b6e32c2bdd4b1/c=336-0-2499-2163&r=100x100&q=80/local/-/media/2015/05/19/Brevard/Brevard/635676140064465914-9460954562-b20753bac0-o.jpg
V/MinimogrifierUtils(22255): resized image URL: http://www.gannett-cdn.com/-mm-/13abaa8b6bf8d830d8e184c821f4862c7f820dc0/c=160-0-1120-960&r=100x100&q=80/local/-/media/2015/05/18/Brevard/B9317390366Z.1_20150518172226_000_G39AQUP41.1-0.jpg
V/MinimogrifierUtils(22255): resized image URL: http://www.gannett-cdn.com/-mm-/4fb255b7bbc999c2e790a031d1b820af9f97a409/c=37-0-755-718&r=100x100&q=80/local/-/media/2015/05/18/Brevard/B9317390912Z.1_20150518123224_000_GFLAQSS64.1-0.jpg
V/MinimogrifierUtils(22255): resized image URL: http://www.gannett-cdn.com/-mm-/1c213164cf7e3b0e999f9d335a96474c10763500/c=1131-0-2998-1867&r=100x100&q=80/local/-/media/2015/05/18/Brevard/Brevard/635675438849418751-strandedwhale.JPG
V/MinimogrifierUtils(22255): resized image URL: http://www.gannett-cdn.com/-mm-/00effc781498e707e9493b6818855fe1f5f7417d/c=181-0-1597-1416&r=100x100&q=80/local/-/media/2015/05/17/Brevard/Brevard/635674907299497389-x37b-otv3-141017-F-XX999-503.JPG
V/MinimogrifierUtils(22255): resized image URL: http://www.gannett-cdn.com/-mm-/425418424398dcd8d55b09a32723cdfffd3504a9/c=408-0-2856-2448&r=100x100&q=80/local/-/media/2015/05/15/Brevard/B9317350215Z.1_20150515152245_000_GC2APMVAD.1-0.jpg
D/TaskPersister(  562): removeObsoleteFile: deleting file=12418_task.xml
D/TaskPersister(  562): removeObsoleteFile: deleting file=12418_task_thumbnail.png
V/MinimogrifierUtils(22255): resized image URL: http://www.gannett-cdn.com/-mm-/e97de961072ab45c76352d4795e32df099df902e/c=278-0-2363-2085&r=100x100&q=80/local/-/media/2015/05/18/Brevard/Brevard/635675291670223487-Francis.jpg
V/MinimogrifierUtils(22255): resized image URL: http://www.gannett-cdn.com/-mm-/4c8e2ab73826d914d190d882e9c73f75d7d35b6c/c=0-647-2445-3092&r=100x100&q=80/local/-/media/2015/05/18/Brevard/Brevard/635675302921520447-Beach.jpg
V/MinimogrifierUtils(22255): resized image URL: http://www.gannett-cdn.com/-mm-/e53395333fb1d1ff0b13bc06f29dbe8bdaee4635/c=0-408-2448-2856&r=100x100&q=80/local/-/media/2015/05/18/Brevard/Brevard/635675300042392807-Launch1.jpg
V/MinimogrifierUtils(22255): resized image URL: http://www.gannett-cdn.com/-mm-/8205533dbc999407c0e22070fa76c41e9c68cf37/c=12-0-607-595&r=100x100&q=80/local/-/media/2015/05/18/Brevard/B9317295122Z.1_20150518110014_000_GTHAQS642.1-0.jpg
V/MinimogrifierUtils(22255): resized image URL: http://www.gannett-cdn.com/-mm-/34f9a9cb95800ab14df956f0934928285f6661a4/c=0-18-472-490&r=100x100&q=80/local/-/media/2015/05/18/Brevard/B9317295122Z.1_20150518110014_000_GTHAQS63L.1-0.jpg
V/MinimogrifierUtils(22255): resized image URL: http://www.gannett-cdn.com/-mm-/1df5660ee251524ff1497d79aa1f0af86b9a09e0/c=720-0-3568-2848&r=100x100&q=80/local/-/media/2015/05/18/Brevard/B9317398017Z.1_20150518193828_000_GFHAR0TQ4.1-0.jpg
V/MinimogrifierUtils(22255): resized image URL: http://www.gannett-cdn.com/-mm-/529f7f16894647b7739c003a4dbf77756be6cf0b/c=132-0-898-766&r=100x100&q=80/local/-/media/2015/05/18/Brevard/B9317398017Z.1_20150518193828_000_G9EAQVN0C.1-0.jpg
V/MinimogrifierUtils(22255): resized image URL: http://www.gannett-cdn.com/-mm-/965d4753e195ef2833eb332b5884b8b973a5e56a/c=80-0-560-480&r=100x100&q=80/local/-/media/2015/05/18/Brevard/Brevard/635675312798698943-Sarnohousefire.jpg
V/MinimogrifierUtils(22255): resized image URL: http://www.gannett-cdn.com/-mm-/965d4753e195ef2833eb332b5884b8b973a5e56a/c=80-0-560-480&r=100x100&q=80/local/-/media/2015/05/18/Brevard/B9317385865Z.1_20150518083240_000_GHCAQLCFN.1-0.jpg
V/MinimogrifierUtils(22255): resized image URL: http://www.gannett-cdn.com/-mm-/965d4753e195ef2833eb332b5884b8b973a5e56a/c=80-0-560-480&r=100x100&q=80/local/-/media/2015/05/18/Brevard/B9317385865Z.1_20150518083240_000_GHCAQLCJI.1-0.jpg
V/MinimogrifierUtils(22255): resized image URL: http://www.gannett-cdn.com/-mm-/1cfcf20470ba585ca49a84c760bdfb8ce52b6c50/c=6-0-486-480&r=100x100&q=80/local/-/media/2015/05/18/Brevard/Brevard/635675313629597551-housefire.jpg
V/MinimogrifierUtils(22255): resized image URL: http://www.gannett-cdn.com/-mm-/debb8d404f884b3169ed9163ca24e3ce570b1ee7/c=456-0-2007-1551&r=100x100&q=80/local/-/media/2015/05/14/Brevard/B9317346103Z.1_20150514153834_000_GCFAPMEH7.1-0.jpg
V/MinimogrifierUtils(22255): resized image URL: http://www.gannett-cdn.com/-mm-/4a78127763f9227119badec278e6c2e8a9330b51/c=221-0-681-460&r=100x100&q=80/local/-/media/2015/05/14/Brevard/B9317346103Z.1_20150514153834_000_GIEAPIUP5.1-0.png
V/MinimogrifierUtils(22255): resized image URL: http://www.gannett-cdn.com/-mm-/491219076457cd351595bdc9d529735b5ab725ec/c=290-0-1331-1041&r=100x100&q=80/local/-/media/2015/05/18/Brevard/Brevard/635675496959746615-SAFE-BOATING.jpg
V/MinimogrifierUtils(22255): resized image URL: http://www.gannett-cdn.com/-mm-/3ed803799b459a22337b70cf20f2ca2e4eab498d/c=531-0-3379-2848&r=100x100&q=80/local/-/media/2015/05/18/Brevard/B9317380706Z.1_20150518162354_000_G65AQST1L.1-0.jpg
V/MinimogrifierUtils(22255): resized image URL: http://www.gannett-cdn.com/-mm-/ef6796f7bfbfe4172bc956673d530daab75af3cb/c=0-0-1902-1902&r=100x100&q=80/local/-/media/2015/05/18/Brevard/B9317391501Z.1_20150518164504_000_GOKAQVAJS.1-0.jpg
V/MinimogrifierUtils(22255): resized image URL: http://www.gannett-cdn.com/-mm-/37b1848dcfef89e7275f9a2b3efa2a8fe8f22a20/c=144-0-322-178&r=100x100&q=80/local/-/media/2015/05/18/Brevard/B9317403431Z.1_20150518224719_000_GKVAR2C4A.1-0.jpg
V/MinimogrifierUtils(22255): resized image URL: http://www.gannett-cdn.com/-mm-/d36452bb34fd923805b1d48d50628504da38bdde/c=627-118-2554-2045&r=100x100&q=80/local/-/media/2015/05/18/Brevard/B9316974360Z.1_20150518124816_000_G2BALRVG8.1-0.jpg
V/MinimogrifierUtils(22255): resized image URL: http://www.gannett-cdn.com/-mm-/28f055e449d6c513ba723c80557d6e0732825eac/c=780-0-4026-3246&r=100x100&q=80/local/-/media/2015/05/18/Brevard/B9317397043Z.1_20150518162625_000_GUTAQT5HG.2-0.jpg
V/MinimogrifierUtils(22255): resized image URL: http://www.gannett-cdn.com/-mm-/0880fab579c7ed0c479fed8a5f0b838a527f6e52/c=0-60-480-540&r=100x100&q=80/local/-/media/2015/05/17/Brevard/B9317381368Z.1_20150517153130_000_GCRAQEC4I.1-0.jpg
V/MinimogrifierUtils(22255): resized image URL: http://www.gannett-cdn.com/-mm-/d7369cf27881752448418e5fa56fd2955b4548e1/c=368-0-2233-1865&r=100x100&q=80/local/-/media/2015/05/19/Brevard/B9317002293Z.1_20150519111403_000_GHBALRTE7.1-0.jpg
V/MinimogrifierUtils(22255): resized image URL: http://www.gannett-cdn.com/-mm-/be82091d797664be524a19cd66a58836fa1736c5/c=83-0-436-353&r=100x100&q=80/local/-/media/2015/05/19/Brevard/Brevard/635676256114672196-Screen-Shot-2015-05-19-at-9.44.45-AM.png
V/MinimogrifierUtils(22255): resized image URL: http://www.gannett-cdn.com/-mm-/1ca9ee5a9a28d9268253f122825f780175fd3059/c=256-0-1792-1536&r=100x100&q=80/local/-/media/2015/05/19/Brevard/B9317391126Z.1_20150519113201_000_GI6AQSRKP.1-0.jpg
V/MinimogrifierUtils(22255): resized image URL: http://www.gannett-cdn.com/-mm-/5728815dca493092f2221585aa021dadaab776ec/c=0-0-600-600&r=100x100&q=80/local/-/media/2015/05/19/Brevard/Brevard/635676260677974451-afspc5-av-rollout-onpad-051915.jpg
V/MinimogrifierUtils(22255): resized image URL: http://www.gannett-cdn.com/-mm-/b8b5814098721d23ba32e65a16b413aaf2046cd5/c=354-0-1770-1416&r=100x100&q=80/local/-/media/Brevard/2015/03/31/B9316797116Z.1_20150331142821_000_GOAACC66H.1-0.jpg
V/MinimogrifierUtils(22255): resized image URL: http://www.gannett-cdn.com/-mm-/300b390ec3d71ca47b92d342bcb5eaeddd15644b/c=0-400-1600-2000&r=100x100&q=80/local/-/media/2015/05/15/Brevard/B9317361247Z.1_20150515133148_000_G4JAQ1AOL.1-0.jpg
V/MinimogrifierUtils(22255): resized image URL: http://www.gannett-cdn.com/-mm-/f6f88e57d94c7bb133325637395d13016a0f98ea/c=0-166-867-1033&r=100x100&q=80/local/-/media/2015/05/15/Brevard/B9317361247Z.1_20150515133148_000_G4JAQ18Q1.1-0.jpg
V/MinimogrifierUtils(22255): resized image URL: http://www.gannett-cdn.com/-mm-/0ceecf3e02dae809afd8f7f9ad3b9647ff439379/c=0-244-808-1052&r=100x100&q=80/local/-/media/2015/05/15/Brevard/B9316968552Z.1_20150515125532_000_GGFAOOU0K.1-0.jpg
V/MinimogrifierUtils(22255): resized image URL: http://www.gannett-cdn.com/-mm-/f642098d8726fe83c1d24d31600da91251ce7b93/c=121-0-604-483&r=100x100&q=80/local/-/media/2015/03/08/Brevard/Brevard/635614233126375527-crimeScene.jpg
V/MinimogrifierUtils(22255): resized image URL: http://www.gannett-cdn.com/-mm-/c78baad758c867b74b1fc104392b7bbc10908dd2/c=0-25-2924-2949&r=100x100&q=80/local/-/media/2015/05/19/Brevard/B9317404374Z.1_20150519071843_000_GTSAR33RB.1-0.jpg
V/MinimogrifierUtils(22255): resized image URL: http://www.gannett-cdn.com/-mm-/8cf98830e69ac35013910857ee1d10468785fd31/c=864-0-4320-3456&r=100x100&q=80/local/-/media/2015/05/18/Brevard/B9317389898Z.1_20150518114110_000_GQRAQS2K4.1-0.jpg
V/MinimogrifierUtils(22255): resized image URL: http://www.gannett-cdn.com/-mm-/8cf98830e69ac35013910857ee1d10468785fd31/c=864-0-4320-3456&r=100x100&q=80/local/-/media/2015/05/18/Brevard/B9317389898Z.1_20150518114110_000_GQRAQS2L7.1-0.jpg
V/MinimogrifierUtils(22255): resized image URL: http://www.gannett-cdn.com/-mm-/9816aa4425b33c272c6c2ea019db2895b153002d/c=0-351-1892-2243&r=100x100&q=80/local/-/media/2015/05/18/Brevard/B9317337619Z.1_20150518144934_000_GHAAQUB9Q.1-0.jpg
W/Resources(22255): Converting to string: TypedValue{t=0x12/d=0x0 a=2 r=0x7f0b0139}
W/Resources(22255): Converting to string: TypedValue{t=0x1d/d=0xffffffff a=2 r=0x7f0900f6}
W/Resources(22255): Converting to string: TypedValue{t=0x12/d=0x0 a=2 r=0x7f0b013a}
W/Resources(22255): Converting to string: TypedValue{t=0x1d/d=0xffc6c9c9 a=2 r=0x7f0900d1}
W/Resources(22255): Converting to string: TypedValue{t=0x12/d=0x0 a=2 r=0x7f0b00cd}
W/Resources(22255): Converting to string: TypedValue{t=0x1d/d=0xffeeeeee a=2 r=0x7f0900cd}
W/Resources(22255): Converting to string: TypedValue{t=0x5/d=0x401 a=2 r=0x7f0a0069}
W/Resources(22255): Converting to string: TypedValue{t=0x5/d=0x401 a=2 r=0x7f0a0069}
D/UrlProducer(22255): Articles URL requested: http://api.gannett-cdn.com/mobilefeeds/fronts/v1/home_tablet/?siteId=123&hls=false&api_key=euc4uvhentf8r3dgt69483ad
D/AdConfigurationImpl(22255): lookingFor: article_banner_top, found: section_front
D/AdConfigurationImpl(22255): lookingFor: article_banner_bottom, found: section_front
D/AdConfigurationImpl(22255): lookingFor: section_front, found: section_front
W/Resources(22255): Converting to string: TypedValue{t=0x12/d=0x0 a=2 r=0x7f0b009a}
W/Resources(22255): Converting to string: TypedValue{t=0x12/d=0x0 a=2 r=0x7f0b00d6}
W/Resources(22255): Converting to string: TypedValue{t=0x1c/d=0x33b0b0b0 a=2 r=0x7f090008}
W/Resources(22255): Converting to string: TypedValue{t=0x12/d=0x0 a=2 r=0x7f0b00d7}
W/Resources(22255): Converting to string: TypedValue{t=0x1c/d=0x33b0b0b0 a=2 r=0x7f090008}
W/art     (22255): Attempt to remove local handle scope entry from IRT, ignoring
W/AwContents(22255): onDetachedFromWindow called when already detached. Ignoring
W/Resources(22255): Converting to string: TypedValue{t=0x12/d=0x0 a=2 r=0x7f0b00d8}
W/Resources(22255): Converting to string: TypedValue{t=0x1c/d=0x33b0b0b0 a=2 r=0x7f090008}
W/art     (22255): Attempt to remove local handle scope entry from IRT, ignoring
W/AwContents(22255): onDetachedFromWindow called when already detached. Ignoring
D/AdConfigurationImpl(22255): lookingFor: article_banner_top, found: section_front
D/AdConfigurationImpl(22255): lookingFor: article_banner_bottom, found: section_front
D/AdConfigurationImpl(22255): lookingFor: section_front, found: section_front
D/Ads     (22255): Ads: Params: latitude=38.92041482;ver=2.7.2.1;longitude=-77.22110591;pageType=front;androidid=b20c3623-9a28-4594-844b-acc8da859575;
I/Ads     (22255): Starting ad request.
I/Ads     (22255): Use AdRequest.Builder.addTestDevice("07C3BD1FC97B8BD363E7086452B8BB2A") to get test ads on this device.
I/Ads     (22255): Please set theme of AdActivity to @android:style/Theme.Translucent to enable transparent background interstitial ad.
D/DfpAdRetriever(22255): AD_REQUEST::SectionFront::/7103/fl-brevard-mobile-C1028/android_tablet_app-section_front/homepage:: Size = 468x60::AWS::homepage
D/UserEdManager(22255): tryDisplayUserEd
D/UserEdManager(22255): hideAndResetUserEd
D/UrlProducer(22255): Breaking News URL requested: http://api.gannett-cdn.com/mobilefeeds/breakingnews/v1/mobile/?siteId=123&api_key=euc4uvhentf8r3dgt69483ad
W/Resources(22255): Converting to string: TypedValue{t=0x5/d=0x4001 a=1 r=0x1050051}
W/Resources(22255): Converting to string: TypedValue{t=0x5/d=0x3801 a=1 r=0x105003a}
W/Resources(22255): Converting to string: TypedValue{t=0x12/d=0x0 a=2 r=0x7f0b0114}
W/Resources(22255): Converting to string: TypedValue{t=0x1d/d=0xffebebeb a=2 r=0x7f090013}
W/Resources(22255): Converting to string: TypedValue{t=0x12/d=0x0 a=2 r=0x7f0b0071}
W/Resources(22255): Converting to string: TypedValue{t=0x12/d=0x0 a=2 r=0x7f0b0115}
W/Resources(22255): Converting to string: TypedValue{t=0x1d/d=0xff000000 a=2 r=0x7f090017}
W/Resources(22255): Converting to string: TypedValue{t=0x12/d=0x0 a=2 r=0x7f0b0150}
W/Resources(22255): Converting to string: TypedValue{t=0x1d/d=0xffa01313 a=2 r=0x7f09001a}
W/Resources(22255): Converting to string: TypedValue{t=0x5/d=0x801 a=2 r=0x7f0a005c}
W/Resources(22255): Converting to string: TypedValue{t=0x5/d=0x401 a=2 r=0x7f0a005e}
W/Resources(22255): Converting to string: TypedValue{t=0x5/d=0x801 a=2 r=0x7f0a005c}
W/Resources(22255): Converting to string: TypedValue{t=0x5/d=0x401 a=2 r=0x7f0a005e}
W/Resources(22255): Converting to string: TypedValue{t=0x5/d=0x1001 a=2 r=0x7f0a0060}
W/Resources(22255): Converting to string: TypedValue{t=0x5/d=0x1001 a=2 r=0x7f0a0060}
W/Resources(22255): Converting to string: TypedValue{t=0x5/d=0x1001 a=2 r=0x7f0a0060}
W/Resources(22255): Converting to string: TypedValue{t=0x12/d=0x0 a=2 r=0x7f0b0151}
W/Resources(22255): Converting to string: TypedValue{t=0x5/d=0x1001 a=2 r=0x7f0a0068}
W/Resources(22255): Converting to string: TypedValue{t=0x5/d=0x401 a=2 r=0x7f0a005e}
W/Resources(22255): Converting to string: TypedValue{t=0x12/d=0x0 a=2 r=0x7f0b013c}
W/Resources(22255): Converting to string: TypedValue{t=0x5/d=0x1001 a=2 r=0x7f0a0068}
W/Resources(22255): Converting to string: TypedValue{t=0x5/d=0x1101 a=2 r=0x7f0a0084}
W/Resources(22255): Converting to string: TypedValue{t=0x12/d=0x0 a=2 r=0x7f0b0074}
D/Transform(22255): BreakingNewsModule: com.gannett.android.exceptions.InvalidEntityException: no items
D/Transform(22255): BreakingNewsFeedImpl: com.gannett.android.exceptions.InvalidEntityException: no module
V/MinimogrifierUtils(22255): resized image URL: http://www.gannett-cdn.com/-mm-/12c609ff3e2c8a97569c6206d48e27fecbce3aef/c=0-4-2269-1706&r=1200x900&q=80/local/-/media/2015/05/19/Brevard/B9317404990Z.1_20150519110837_000_GQHAR6GL8.1-0.jpg
W/Resources(22255): Converting to string: TypedValue{t=0x12/d=0x0 a=2 r=0x7f0b01d9}
W/Resources(22255): Converting to string: TypedValue{t=0x1d/d=0xffeeeeee a=2 r=0x7f0900cd}
W/Resources(22255): Converting to string: TypedValue{t=0x5/d=0x1001 a=2 r=0x7f0a0060}
W/Resources(22255): Converting to string: TypedValue{t=0x5/d=0xc01 a=2 r=0x7f0a005d}
W/Resources(22255): Converting to string: TypedValue{t=0x5/d=0x801 a=2 r=0x7f0a005c}
W/Resources(22255): Converting to string: TypedValue{t=0x12/d=0x0 a=2 r=0x7f0b01da}
W/Resources(22255): Converting to string: TypedValue{t=0x5/d=0x801 a=2 r=0x7f0a005c}
W/Resources(22255): Converting to string: TypedValue{t=0x5/d=0x1001 a=2 r=0x7f0a0060}
W/Resources(22255): Converting to string: TypedValue{t=0x12/d=0x0 a=2 r=0x7f0b0213}
W/Resources(22255): Converting to string: TypedValue{t=0x12/d=0x0 a=2 r=0x7f0b0214}
W/Resources(22255): Converting to string: TypedValue{t=0x12/d=0x0 a=2 r=0x7f0b017c}
W/Resources(22255): Converting to string: TypedValue{t=0x12/d=0x0 a=2 r=0x7f0b0215}
W/Resources(22255): Converting to string: TypedValue{t=0x12/d=0x0 a=2 r=0x7f0b01db}
D/UrlProducer(22255): Weather URL requested: http://api.gannett-cdn.com/internal/weather/V5/accuweather/data/location/332282?LanguageId=1&Metric=false&format=json&api_key=7zh2888dfxtnttmpkq8wmj78
W/Resources(22255): Converting to string: TypedValue{t=0x1c/d=0x0 a=1 r=0x106000d}
W/Resources(22255): Converting to string: TypedValue{t=0x12/d=0x0 a=2 r=0x7f0b013b}
W/Resources(22255): Converting to string: TypedValue{t=0x5/d=0x1001 a=2 r=0x7f0a0060}
W/Resources(22255): Converting to string: TypedValue{t=0x5/d=0x801 a=2 r=0x7f0a005c}
W/Resources(22255): Converting to string: TypedValue{t=0x5/d=0x1001 a=2 r=0x7f0a0060}
W/Resources(22255): Converting to string: TypedValue{t=0x5/d=0x801 a=2 r=0x7f0a005c}
W/Resources(22255): Converting to string: TypedValue{t=0x5/d=0x3001 a=2 r=0x7f0a0066}
W/Resources(22255): Converting to string: TypedValue{t=0x12/d=0x0 a=2 r=0x7f0b0077}
W/Resources(22255): Converting to string: TypedValue{t=0x12/d=0x0 a=2 r=0x7f0b0071}
W/Resources(22255): Converting to string: TypedValue{t=0x1d/d=0xffc8c8c8 a=2 r=0x7f090019}
W/Resources(22255): Converting to string: TypedValue{t=0x5/d=0x5a01 a=2 r=0x7f0a0038}
W/Resources(22255): Converting to string: TypedValue{t=0x12/d=0x0 a=2 r=0x7f0b0116}
W/Resources(22255): Converting to string: TypedValue{t=0x12/d=0x0 a=2 r=0x7f0b013c}
W/Resources(22255): Converting to string: TypedValue{t=0x12/d=0x0 a=2 r=0x7f0b0074}
W/Resources(22255): Converting to string: TypedValue{t=0x12/d=0x0 a=2 r=0x7f0b0117}
W/Resources(22255): Converting to string: TypedValue{t=0x5/d=0x1001 a=2 r=0x7f0a0060}
W/Resources(22255): Converting to string: TypedValue{t=0x5/d=0x1001 a=2 r=0x7f0a0060}
V/MinimogrifierUtils(22255): resized image URL: http://www.gannett-cdn.com/-mm-/df0d6ef17225c96fa611fb189e2eeba8d52198f7/c=216-0-3672-2592&r=228x168&q=80/local/-/media/2015/05/18/Brevard/B9317397221Z.1_20150518170838_000_GDRAQVJC3.1-0.jpg
W/Resources(22255): Converting to string: TypedValue{t=0x1c/d=0x0 a=1 r=0x106000d}
W/Resources(22255): Converting to string: TypedValue{t=0x12/d=0x0 a=2 r=0x7f0b013b}
W/Resources(22255): Converting to string: TypedValue{t=0x5/d=0x1001 a=2 r=0x7f0a0060}
W/Resources(22255): Converting to string: TypedValue{t=0x5/d=0x801 a=2 r=0x7f0a005c}
W/Resources(22255): Converting to string: TypedValue{t=0x5/d=0x1001 a=2 r=0x7f0a0060}
W/Resources(22255): Converting to string: TypedValue{t=0x5/d=0x801 a=2 r=0x7f0a005c}
W/Resources(22255): Converting to string: TypedValue{t=0x5/d=0x3001 a=2 r=0x7f0a0066}
W/Resources(22255): Converting to string: TypedValue{t=0x12/d=0x0 a=2 r=0x7f0b0077}
W/Resources(22255): Converting to string: TypedValue{t=0x12/d=0x0 a=2 r=0x7f0b0071}
W/Resources(22255): Converting to string: TypedValue{t=0x1d/d=0xffc8c8c8 a=2 r=0x7f090019}
W/Resources(22255): Converting to string: TypedValue{t=0x5/d=0x5a01 a=2 r=0x7f0a0038}
W/Resources(22255): Converting to string: TypedValue{t=0x12/d=0x0 a=2 r=0x7f0b0116}
W/Resources(22255): Converting to string: TypedValue{t=0x12/d=0x0 a=2 r=0x7f0b013c}
W/Resources(22255): Converting to string: TypedValue{t=0x12/d=0x0 a=2 r=0x7f0b0074}
W/Resources(22255): Converting to string: TypedValue{t=0x12/d=0x0 a=2 r=0x7f0b0117}
W/Resources(22255): Converting to string: TypedValue{t=0x5/d=0x1001 a=2 r=0x7f0a0060}
W/Resources(22255): Converting to string: TypedValue{t=0x5/d=0x1001 a=2 r=0x7f0a0060}
V/MinimogrifierUtils(22255): resized image URL: http://www.gannett-cdn.com/-mm-/674a938e096e1bcc67234ec3e57701d3334f8f9a/c=0-0-534-400&r=228x168&q=80/local/-/media/2015/05/19/Brevard/B9317406000Z.1_20150519112315_001_GQAAR6LRC.1-0.jpg
W/Resources(22255): Converting to string: TypedValue{t=0x1c/d=0x0 a=1 r=0x106000d}
W/Resources(22255): Converting to string: TypedValue{t=0x12/d=0x0 a=2 r=0x7f0b013b}
W/Resources(22255): Converting to string: TypedValue{t=0x5/d=0x1001 a=2 r=0x7f0a0060}
W/Resources(22255): Converting to string: TypedValue{t=0x5/d=0x801 a=2 r=0x7f0a005c}
W/Resources(22255): Converting to string: TypedValue{t=0x5/d=0x1001 a=2 r=0x7f0a0060}
W/Resources(22255): Converting to string: TypedValue{t=0x5/d=0x801 a=2 r=0x7f0a005c}
W/Resources(22255): Converting to string: TypedValue{t=0x5/d=0x3001 a=2 r=0x7f0a0066}
W/Resources(22255): Converting to string: TypedValue{t=0x12/d=0x0 a=2 r=0x7f0b0077}
W/Resources(22255): Converting to string: TypedValue{t=0x12/d=0x0 a=2 r=0x7f0b0071}
W/Resources(22255): Converting to string: TypedValue{t=0x1d/d=0xffc8c8c8 a=2 r=0x7f090019}
W/Resources(22255): Converting to string: TypedValue{t=0x5/d=0x5a01 a=2 r=0x7f0a0038}
W/Resources(22255): Converting to string: TypedValue{t=0x12/d=0x0 a=2 r=0x7f0b0116}
W/Resources(22255): Converting to string: TypedValue{t=0x12/d=0x0 a=2 r=0x7f0b013c}
W/Resources(22255): Converting to string: TypedValue{t=0x12/d=0x0 a=2 r=0x7f0b0074}
W/Resources(22255): Converting to string: TypedValue{t=0x12/d=0x0 a=2 r=0x7f0b0117}
D/ADBMobile(22255): ADBMobile Debug : Analytics - Attempting to send request parameters(26615744?AQB=1&ndh=1&ce=UTF-8&c.&a.&DeviceName=Nexus%207&OSVersion=Android%205.1.1&Resolution=1200x1824&AppID=Florida%20Today%202.7.2.1%20%2852%29&.a&gnt.&Orientation=portrait&prefs.&PushSegments=bknews%7Cnews%7Csports%7Centertainment%7Cweather%7Ctraffic%7Cnull&.prefs&MarketName=gpapermobile114&quietTime=10%3A00pm%7C07%3A00am&ProductName=uscpnativenewsandroid%20for%20Android%20Tablet&ssts.&Section=Home&Subsection=Top%20Stories&.ssts&Location=38.9327143%7C-77.2174883&zag.&zip=22102&.zag&ContentType=sectionfront&TimeValue=11%3A30AM&.gnt&.c&t=00%2F00%2F0000%2000%3A00%3A00%200%20240&pageName=Home%7CTop%20Stories%7Cindex&aid=2B5CDEE80D2F4E87-2E535F9A5376B7E5&AQE=1)
W/Resources(22255): Converting to string: TypedValue{t=0x5/d=0x1001 a=2 r=0x7f0a0060}
W/Resources(22255): Converting to string: TypedValue{t=0x5/d=0x1001 a=2 r=0x7f0a0060}
V/MinimogrifierUtils(22255): resized image URL: http://www.gannett-cdn.com/-mm-/b8bc674f865505d2e2ed2537484699d7df30407b/c=256-0-2304-1536&r=228x168&q=80/local/-/media/2015/05/19/Brevard/B9317404807Z.1_20150519094335_000_GMSAR5NFB.1-0.jpg
D/ADBMobile(22255): ADBMobile Debug : Analytics - Request Sent(http://repdata.floridatoday.com/b/ss/gpapermobile114/0/JAVA-4.1.7-AN/s26615744?AQB=1&ndh=1&ce=UTF-8&c.&a.&DeviceName=Nexus%207&OSVersion=Android%205.1.1&Resolution=1200x1824&AppID=Florida%20Today%202.7.2.1%20%2852%29&.a&gnt.&Orientation=portrait&prefs.&PushSegments=bknews%7Cnews%7Csports%7Centertainment%7Cweather%7Ctraffic%7Cnull&.prefs&MarketName=gpapermobile114&quietTime=10%3A00pm%7C07%3A00am&ProductName=uscpnativenewsandroid%20for%20Android%20Tablet&ssts.&Section=Home&Subsection=Top%20Stories&.ssts&Location=38.9327143%7C-77.2174883&zag.&zip=22102&.zag&ContentType=sectionfront&TimeValue=11%3A30AM&.gnt&.c&t=00%2F00%2F0000%2000%3A00%3A00%200%20240&pageName=Home%7CTop%20Stories%7Cindex&aid=2B5CDEE80D2F4E87-2E535F9A5376B7E5&AQE=1)
D/BreakingNewsRetriever(22255): onError() com.gannett.android.exceptions.EmptyFeedException: Unrecoverable transform error deserializing BreakingNewsFeedImpl
I/Ads     ( 6165): CsiReporterFactory: CSI is not enabled. No CSI reporter created.
W/art     (22255): Attempt to remove local handle scope entry from IRT, ignoring
W/AwContents(22255): onDetachedFromWindow called when already detached. Ignoring
W/art     (22255): Attempt to remove local handle scope entry from IRT, ignoring
W/art     (22255): Attempt to remove local handle scope entry from IRT, ignoring
I/ViewInteraction(22255): Performing 'check drawer' action on view with id: com.gannett.local.library.news.floridatoday:id/nav_drawer
W/BindingManager(22255): Cannot call determinedVisibility() - never saw a connection for the pid: 22255
I/ViewInteraction(22255): Performing 'register idling drawer listener' action on view with id: com.gannett.local.library.news.floridatoday:id/nav_drawer
I/ViewInteraction(22255): Performing 'open drawer' action on view with id: com.gannett.local.library.news.floridatoday:id/nav_drawer
W/UiControllerImpl(22255): Waiting for: DYNAMIC_TASKS_HAVE_IDLED for 100 iterations.
I/Ads     (22255): Ad finished loading.
D/DfpAdRetriever(22255): Ads: ad retrieved: section_front
W/UiControllerImpl(22255): Waiting for: DYNAMIC_TASKS_HAVE_IDLED for 200 iterations.
W/UiControllerImpl(22255): Waiting for: DYNAMIC_TASKS_HAVE_IDLED for 300 iterations.
D/DfpAdRetriever(22255): recording impression for section_front
I/ViewInteraction(22255): Performing 'unregister idling drawer listener' action on view with id: com.gannett.local.library.news.floridatoday:id/nav_drawer
I/ViewInteraction(22255): Performing 'single click' action on view (with id: com.gannett.local.library.news.floridatoday:id/nav_child_text and with text: is "Weather")
D/NavigationActivity(22255): navigateTo():Weather
D/NavigationActivity(22255): executeNavigationIntent, this class: class com.gannett.android.news.ui.activity.ActivityNews, intent.getClass(): com.gannett.android.news.ui.activity.ActivityWeather
D/MonitoringInstrumentation(22255): execStartActivity(context, ibinder, ibinder, activity, intent, int, bundle
I/ActivityManager(  562): START u0 {flg=0x20000 cmp=com.gannett.local.library.news.floridatoday/com.gannett.android.news.ui.activity.ActivityWeather (has extras)} from uid 10200 on display 0
V/WindowManager(  562): addAppToken: AppWindowToken{369d9a3f token=Token{3ec4565e ActivityRecord{9240399 u0 com.gannett.local.library.news.floridatoday/com.gannett.android.news.ui.activity.ActivityWeather t12419}}} to stack=1 task=12419 at 1
D/BaseActivity(22255): onPause()
D/LifecycleMonitor(22255): Lifecycle status change: com.gannett.android.news.ui.activity.ActivityNews@2f515487 in: PAUSED
D/LifecycleMonitor(22255): Lifecycle status change: com.gannett.android.news.ui.activity.ActivityWeather@196798d4 in: PRE_ON_CREATE
D/BaseActivity(22255): onCreate()
D/DEVICE INFO(22255): screenSize: large, dpiBucket: xhdpi
W/Resources(22255): Converting to string: TypedValue{t=0x12/d=0x0 a=1 r=0x1020378}
W/Resources(22255): Converting to string: TypedValue{t=0x12/d=0x0 a=1 r=0x1020379}
W/Resources(22255): Converting to string: TypedValue{t=0x1f/d=0xff222222 a=2 r=0x7f090006}
W/Resources(22255): Converting to string: TypedValue{t=0x12/d=0x0 a=1 r=0x102037a}
W/Resources(22255): Converting to string: TypedValue{t=0x1f/d=0xff222222 a=2 r=0x7f090006}
D/ADBMobile(22255): ADBMobile Debug : Analytics - Attempting to send request parameters(34393472?AQB=1&ndh=1&ce=UTF-8&pev2=AMACTION%3Anavmenu%7Cweather&c.&a.&DeviceName=Nexus%207&OSVersion=Android%205.1.1&Resolution=1200x1824&action=navmenu%7Cweather&AppID=Florida%20Today%202.7.2.1%20%2852%29&.a&gnt.&MarketName=gpapermobile114&ProductName=uscpnativenewsandroid%20for%20Android%20Tablet&Orientation=portrait&TimeValue=11%3A30AM&.gnt&.c&t=00%2F00%2F0000%2000%3A00%3A00%200%20240&pageName=Florida%20Today%202.7.2.1%20%2852%29&aid=2B5CDEE80D2F4E87-2E535F9A5376B7E5&pe=lnk_o&AQE=1)
W/Resources(22255): Converting to string: TypedValue{t=0x12/d=0x0 a=1 r=0x10202b6}
W/Resources(22255): Converting to string: TypedValue{t=0x12/d=0x0 a=1 r=0x10202b7}
W/Resources(22255): Converting to string: TypedValue{t=0x12/d=0x0 a=1 r=0x102037b}
W/Resources(22255): Converting to string: TypedValue{t=0x12/d=0x0 a=1 r=0x102037c}
W/Resources(22255): Converting to string: TypedValue{t=0x1f/d=0xff222222 a=2 r=0x7f090006}
W/Resources(22255): Converting to string: TypedValue{t=0x12/d=0x0 a=2 r=0x7f0b01cc}
W/Resources(22255): Converting to string: TypedValue{t=0x12/d=0x0 a=2 r=0x7f0b01cd}
W/Resources(22255): Converting to string: TypedValue{t=0x12/d=0x0 a=2 r=0x7f0b01ce}
W/Resources(22255): Converting to string: TypedValue{t=0x1d/d=0xffffffff a=2 r=0x7f0900f6}
W/Resources(22255): Converting to string: TypedValue{t=0x12/d=0x0 a=2 r=0x7f0b0078}
W/Resources(22255): Converting to string: TypedValue{t=0x1d/d=0xff2f2f2f a=2 r=0x7f090080}
W/Resources(22255): Converting to string: TypedValue{t=0x12/d=0x0 a=2 r=0x7f0b0079}
W/Resources(22255): Converting to string: TypedValue{t=0x12/d=0x0 a=2 r=0x7f0b00c3}
W/Resources(22255): Converting to string: TypedValue{t=0x12/d=0x0 a=2 r=0x7f0b00c4}
W/Resources(22255): Converting to string: TypedValue{t=0x12/d=0x0 a=2 r=0x7f0b00c5}
W/Resources(22255): Converting to string: TypedValue{t=0x12/d=0x0 a=2 r=0x7f0b00c6}
W/Resources(22255): Converting to string: TypedValue{t=0x12/d=0x0 a=2 r=0x7f0b00c7}
W/Resources(22255): Converting to string: TypedValue{t=0x12/d=0x0 a=2 r=0x7f0b00c8}
W/Resources(22255): Converting to string: TypedValue{t=0x12/d=0x0 a=2 r=0x7f0b00bf}
D/ADBMobile(22255): ADBMobile Debug : Analytics - Request Sent(http://repdata.floridatoday.com/b/ss/gpapermobile114/0/JAVA-4.1.7-AN/s34393472?AQB=1&ndh=1&ce=UTF-8&pev2=AMACTION%3Anavmenu%7Cweather&c.&a.&DeviceName=Nexus%207&OSVersion=Android%205.1.1&Resolution=1200x1824&action=navmenu%7Cweather&AppID=Florida%20Today%202.7.2.1%20%2852%29&.a&gnt.&MarketName=gpapermobile114&ProductName=uscpnativenewsandroid%20for%20Android%20Tablet&Orientation=portrait&TimeValue=11%3A30AM&.gnt&.c&t=00%2F00%2F0000%2000%3A00%3A00%200%20240&pageName=Florida%20Today%202.7.2.1%20%2852%29&aid=2B5CDEE80D2F4E87-2E535F9A5376B7E5&pe=lnk_o&AQE=1)
D/ViewPagerIndexDisplay(22255): itemWidth,itemHeight: 24,24
W/Resources(22255): Converting to string: TypedValue{t=0x1d/d=0xff2b2b2b a=2 r=0x7f0900cc}
W/Resources(22255): Converting to string: TypedValue{t=0x12/d=0x0 a=2 r=0x7f0b01de}
W/Resources(22255): Converting to string: TypedValue{t=0x12/d=0x0 a=2 r=0x7f0b01df}
W/Resources(22255): Converting to string: TypedValue{t=0x5/d=0x801 a=2 r=0x7f0a0062}
W/Resources(22255): Converting to string: TypedValue{t=0x5/d=0x801 a=2 r=0x7f0a0062}
W/Resources(22255): Converting to string: TypedValue{t=0x5/d=0x4001 a=1 r=0x1050051}
W/Resources(22255): Converting to string: TypedValue{t=0x1f/d=0xff222222 a=2 r=0x7f0900d0}
W/Resources(22255): Converting to string: TypedValue{t=0x12/d=0x0 a=2 r=0x7f0b00c9}
W/Resources(22255): Converting to string: TypedValue{t=0x1d/d=0xff2f2f2f a=2 r=0x7f090080}
W/Resources(22255): Converting to string: TypedValue{t=0x12/d=0x0 a=2 r=0x7f0b00ca}
W/Resources(22255): Converting to string: TypedValue{t=0x1d/d=0xff252525 a=2 r=0x7f090011}
W/Resources(22255): Converting to string: TypedValue{t=0x12/d=0x0 a=2 r=0x7f0b0083}
W/Resources(22255): Converting to string: TypedValue{t=0x12/d=0x0 a=2 r=0x7f0b0199}
W/Resources(22255): Converting to string: TypedValue{t=0x12/d=0x0 a=2 r=0x7f0b019a}
W/Resources(22255): Converting to string: TypedValue{t=0x12/d=0x0 a=2 r=0x7f0b019b}
W/Resources(22255): Converting to string: TypedValue{t=0x5/d=0x3001 a=2 r=0x7f0a0066}
W/Resources(22255): Converting to string: TypedValue{t=0x5/d=0x3001 a=2 r=0x7f0a0066}
W/Resources(22255): Converting to string: TypedValue{t=0x12/d=0x0 a=2 r=0x7f0b019c}
W/Resources(22255): Converting to string: TypedValue{t=0x5/d=0x3001 a=2 r=0x7f0a0066}
W/Resources(22255): Converting to string: TypedValue{t=0x5/d=0x3001 a=2 r=0x7f0a0066}
W/Resources(22255): Converting to string: TypedValue{t=0x12/d=0x0 a=2 r=0x7f0b019d}
W/Resources(22255): Converting to string: TypedValue{t=0x5/d=0x3001 a=2 r=0x7f0a0066}
W/Resources(22255): Converting to string: TypedValue{t=0x5/d=0x3001 a=2 r=0x7f0a0066}
W/Resources(22255): Converting to string: TypedValue{t=0x1f/d=0xff222222 a=2 r=0x7f0900d0}
W/Resources(22255): Converting to string: TypedValue{t=0x12/d=0x0 a=2 r=0x7f0b00cd}
W/Resources(22255): Converting to string: TypedValue{t=0x1d/d=0xff2b2b2b a=2 r=0x7f0900cc}
W/Resources(22255): Converting to string: TypedValue{t=0x5/d=0x401 a=2 r=0x7f0a0069}
W/Resources(22255): Converting to string: TypedValue{t=0x5/d=0x401 a=2 r=0x7f0a0069}
D/UserEdManager(22255): tryDisplayUserEd
D/UserEdManager(22255): hideAndResetUserEd
D/LifecycleMonitor(22255): Lifecycle status change: com.gannett.android.news.ui.activity.ActivityWeather@196798d4 in: CREATED
D/BaseActivity(22255): onStart()
D/AdConfigurationImpl(22255): lookingFor: article_banner_top, found: section_front
D/AdConfigurationImpl(22255): lookingFor: article_banner_bottom, found: section_front
D/AdConfigurationImpl(22255): lookingFor: section_front, found: section_front
W/Resources(22255): Converting to string: TypedValue{t=0x12/d=0x0 a=2 r=0x7f0b009a}
W/Resources(22255): Converting to string: TypedValue{t=0x12/d=0x0 a=2 r=0x7f0b00d6}
