
D/OMNITURE_TEST(21377): ---STARTING OMNITURE TEST---
D/OMNITURE_TEST(21377): ---TESTNAME:LAUNCHAPP---

D/DfpAdRetriever(21377): AD_REQUEST::SectionFront::/7103/usatoday_tablet/android_tablet_app-section_front/news/main:: Size = 468x60::AWS::news/main

D/ADBMobile(21377): ADBMobile Debug : Analytics - Request Sent(http://gannett.112.2o7.net/b/ss/gpapermobileapp/0/JAVA-4.1.7-AN/s96090006?AQB=1&ndh=1&ce=UTF-8&c.&a.&DeviceName=Nexus%207&OSVersion=Android%205.1&Resolution=1200x1824&AppID=USA%20Today%202.7.2.1%20%2852%29&.a&gnt.&Orientation=portrait&aamsegment=500%2C513%2C514%2C515%2C516%2C517%2C518%2C519%2C520%2C512%2C501%2C502%2C503%2C504%2C505%2C506%2C507%2C600&prefs.&PushSegments=bknews%7Cnews%7Csports%7Clife%7Cmoney%7Ctech&.prefs&MarketName=gpapermobileapp&quietTime=10%3A00pm%7C07%3A00am&ProductName=USATODAY%20for%20Android%20Tablet&ssts.&Section=News&Subsection=News%20Top%20Stories&.ssts&Location=38.9324633%7C-77.216634&zag.&zip=22102&.zag&ContentType=sectionfront&TimeValue=1%3A30PM&.gnt&.c&t=00%2F00%2F0000%2000%3A00%3A00%200%20240&pageName=News%7CNews%20Top%20Stories%7Cindex&aid=0B755799E6D542E0-2DC2C6CBAD07BACD&AQE=1)

D/OMNITURE_TEST(21377): ---THE_PRODUCT_NAME_IS:USA TODAY---
D/OMNITURE_TEST(21377): END_OF_TEST
D/OMNITURE_TEST(21377): ---TESTNAME:ARTICLETAP---
W/BindingManager(21377): Cannot call determinedVisibility() - never saw a connection for the pid: 21377
W/BindingManager(21377): Cannot call determinedVisibility() - never saw a connection for the pid: 21377
I/ViewInteraction(21377): Performing 'single click' action on view (with id: com.usatoday.android.news:id/headlineTitle and with text: is "Lumber Liquidators axing Chinese flooring products")
D/AdConfigurationImpl(21377): lookingFor: article_banner_top, found: high_impact
D/AdConfigurationImpl(21377): lookingFor: article_banner_bottom, found: high_impact
D/AdConfigurationImpl(21377): lookingFor: high_impact, found: high_impact
D/GravityWell(21377): Ready CacheIds: 
D/Ads     (21377): Ads: Additional Param: cacheid=
D/AdConfigurationImpl(21377): lookingFor: article_banner_top, found: high_impact
D/AdConfigurationImpl(21377): lookingFor: article_banner_bottom, found: high_impact
D/AdConfigurationImpl(21377): lookingFor: high_impact, found: high_impact
D/Ads     (21377): Ads: Params: latitude=38.89194492;aam=500,513,514,515,516,517,518,519,520,512,501,502,503,504,505,506,507,600;ver=2.7.2.1;longitude=-77.22493274;pageType=front;androidid=b20c3623-9a28-4594-844b-acc8da859575;
I/Ads     (21377): Starting ad request.
I/Ads     (21377): Use AdRequest.Builder.addTestDevice("07C3BD1FC97B8BD363E7086452B8BB2A") to get test ads on this device.
I/Ads     (21377): Please set theme of AdActivity to @android:style/Theme.Translucent to enable transparent background interstitial ad.
D/DfpAdRetriever(21377): AD_REQUEST::Gravity::/7103/usatoday_tablet/android_tablet_app-high_impact:: Size = 1280x1280::AWS::no_cst
D/audio_hw_primary(  184): select_devices: out_snd_device(2: speaker) in_snd_device(0: none)
D/ACDB-LOADER(  184): ACDB -> send_afe_cal
D/audio_hw_primary(  184): enable_snd_device: snd_device(2: speaker)
D/audio_hw_primary(  184): enable_audio_route: apply and update mixer path: low-latency-playback
W/Resources(21377): Converting to string: TypedValue{t=0x12/d=0x0 a=2 r=0x7f0f0117}
W/Resources(21377): Converting to string: TypedValue{t=0x1d/d=0xfff5f5f5 a=2 r=0x7f090003}
D/UrlProducer(21377): Articles URL requested: http://api.gannett-cdn.com/mobilefeeds/fronts/v1/home_mobile/?siteId=1&hls=false&api_key=euc4uvhentf8r3dgt69483ad
D/UrlProducer(21377): Breaking News URL requested: http://api.gannett-cdn.com/mobilefeeds/breakingnews/v1/mobile/?siteId=1&api_key=euc4uvhentf8r3dgt69483ad
D/OMNITURE_CALL(21377): {gnt.aamsegment=500,513,514,515,516,517,518,519,520,512,501,502,503,504,505,506,507,600, gnt.smartEmbedExternalCt=0, gnt.Orientation=portrait, gnt.Location=38.9324633|-77.216634, gnt.ssts.Subsection=Business, gnt.smartEmbedProvider=, gnt.ssts.Topic=, gnt.ssts.Section=money, gnt.Byline=Gary Strauss, USA TODAY, gnt.quietTime=10:00pm|07:00am, gnt.prefs.PushSegments=bknews|news|sports|life|money|tech, gnt.Title=Lumber Liquidators axing Chinese flooring, gnt.TimeValue=1:30PM, gnt.zag.zip=22102, gnt.ContentType=article, gnt.smartEmbedInternalCt=0, gnt.ContentId=70938868, gnt.smartEmbedCt=0, gnt.ProductName=USATODAY for Android Tablet, gnt.MarketName=gpapermobileapp}
D/UserEdManager(21377): tryDisplayUserEd
D/UserEdManager(21377): hideAndResetUserEd
W/Resources(21377): Converting to string: TypedValue{t=0x5/d=0x4001 a=1 r=0x1050051}
W/Resources(21377): Converting to string: TypedValue{t=0x5/d=0x3801 a=1 r=0x105003a}
D/ADBMobile(21377): ADBMobile Debug : Audience Manager - request (http://gannett.demdex.net/event?c_gnt_aamsegment=500%2C513%2C514%2C515%2C516%2C517%2C518%2C519%2C520%2C512%2C501%2C502%2C503%2C504%2C505%2C506%2C507%2C600&c_gnt_Orientation=portrait&c_gnt_ssts_Subsection=Business&c_gnt_Location=38.9324633%7C-77.216634&c_gnt_ssts_Section=money&c_gnt_Byline=Gary%20Strauss%2C%20USA%20TODAY&c_gnt_quietTime=10%3A00pm%7C07%3A00am&c_gnt_Title=Lumber%20Liquidators%20axing%20Chinese%20flooring&c_gnt_prefs_PushSegments=bknews%7Cnews%7Csports%7Clife%7Cmoney%7Ctech&c_gnt_TimeValue=1%3A30PM&c_gnt_zag_zip=22102&c_gnt_ContentType=article&c_gnt_ProductName=USATODAY%20for%20Android%20Tablet&c_gnt_MarketName=gpapermobileapp&d_uuid=19857838291522528462172418163433203273&d_dpid=3054&d_dpuuid=b20c3623-9a28-4594-844b-acc8da859575&d_ptfm=android&d_dst=1&d_rtbd=json)
W/Resources(21377): Converting to string: TypedValue{t=0x12/d=0x0 a=2 r=0x7f0f00cb}
W/Resources(21377): Converting to string: TypedValue{t=0x12/d=0x0 a=2 r=0x7f0f00cc}
W/Resources(21377): Converting to string: TypedValue{t=0x12/d=0x0 a=2 r=0x7f0f00cd}
W/Resources(21377): Converting to string: TypedValue{t=0x12/d=0x0 a=2 r=0x7f0f00ce}
W/Resources(21377): Converting to string: TypedValue{t=0x12/d=0x0 a=2 r=0x7f0f00cf}
W/Resources(21377): Converting to string: TypedValue{t=0x12/d=0x0 a=2 r=0x7f0f00d0}
W/Resources(21377): Converting to string: TypedValue{t=0x12/d=0x0 a=2 r=0x7f0f00d1}
W/Resources(21377): Converting to string: TypedValue{t=0x12/d=0x0 a=2 r=0x7f0f00d2}
W/Resources(21377): Converting to string: TypedValue{t=0x12/d=0x0 a=2 r=0x7f0f00d3}
W/art     (21377): Attempt to remove local handle scope entry from IRT, ignoring
W/AwContents(21377): onDetachedFromWindow called when already detached. Ignoring
W/Resources(21377): Converting to string: TypedValue{t=0x12/d=0x0 a=2 r=0x7f0f00d4}
W/Resources(21377): Converting to string: TypedValue{t=0x1d/d=0xff9f9f9f a=2 r=0x7f09006d}
W/art     (21377): Attempt to remove local handle scope entry from IRT, ignoring
W/art     (21377): Attempt to remove local handle scope entry from IRT, ignoring
W/Resources(21377): Converting to string: TypedValue{t=0x12/d=0x0 a=2 r=0x7f0f00cb}
W/Resources(21377): Converting to string: TypedValue{t=0x12/d=0x0 a=2 r=0x7f0f00cc}
W/Resources(21377): Converting to string: TypedValue{t=0x12/d=0x0 a=2 r=0x7f0f00cd}
W/Resources(21377): Converting to string: TypedValue{t=0x12/d=0x0 a=2 r=0x7f0f00ce}
W/Resources(21377): Converting to string: TypedValue{t=0x12/d=0x0 a=2 r=0x7f0f00cf}
W/Resources(21377): Converting to string: TypedValue{t=0x12/d=0x0 a=2 r=0x7f0f00d0}
W/Resources(21377): Converting to string: TypedValue{t=0x12/d=0x0 a=2 r=0x7f0f00d1}
W/Resources(21377): Converting to string: TypedValue{t=0x12/d=0x0 a=2 r=0x7f0f00d2}
W/Resources(21377): Converting to string: TypedValue{t=0x12/d=0x0 a=2 r=0x7f0f00d3}
W/art     (21377): Attempt to remove local handle scope entry from IRT, ignoring
W/AwContents(21377): onDetachedFromWindow called when already detached. Ignoring
W/Resources(21377): Converting to string: TypedValue{t=0x12/d=0x0 a=2 r=0x7f0f00d4}
W/Resources(21377): Converting to string: TypedValue{t=0x1d/d=0xff9f9f9f a=2 r=0x7f09006d}
W/ADBMobile(21377): ADBMobile Debug : Audience Manager - Unable to parse JSON data (No value for dests)
W/art     (21377): Attempt to remove local handle scope entry from IRT, ignoring
W/art     (21377): Attempt to remove local handle scope entry from IRT, ignoring
V/MinimogrifierUtils(21377): resized image URL: http://www.gannett-cdn.com/-mm-/3748640b6fcdb32aa50cce75e148d657df7dd17a/c=0-114-2996-1807&r=550x309&q=80/local/-/media/2015/05/07/USATODAY/USATODAY/635665906443906254-lumber.jpg
D/AdConfigurationImpl(21377): lookingFor: article_banner_top, found: article_banner_top
D/AdConfigurationImpl(21377): lookingFor: article_banner_top, found: article_banner_bottom
D/AdConfigurationImpl(21377): lookingFor: article_banner_bottom, found: article_banner_bottom
D/AdConfigurationImpl(21377): lookingFor: article_banner_top, found: article_banner_top
D/AdConfigurationImpl(21377): lookingFor: article_banner_top, found: article_banner_top
W/Resources(21377): Converting to string: TypedValue{t=0x12/d=0x0 a=2 r=0x7f0f009d}
W/Resources(21377): Converting to string: TypedValue{t=0x12/d=0x0 a=2 r=0x7f0f005e}
W/Resources(21377): Converting to string: TypedValue{t=0x12/d=0x0 a=2 r=0x7f0f009a}
W/Resources(21377): Converting to string: TypedValue{t=0x1c/d=0x33b0b0b0 a=2 r=0x7f090002}
W/Resources(21377): Converting to string: TypedValue{t=0x12/d=0x0 a=2 r=0x7f0f009b}
W/Resources(21377): Converting to string: TypedValue{t=0x1c/d=0x33b0b0b0 a=2 r=0x7f090002}
W/art     (21377): Attempt to remove local handle scope entry from IRT, ignoring
W/AwContents(21377): onDetachedFromWindow called when already detached. Ignoring
W/Resources(21377): Converting to string: TypedValue{t=0x12/d=0x0 a=2 r=0x7f0f009c}
W/Resources(21377): Converting to string: TypedValue{t=0x1c/d=0x33b0b0b0 a=2 r=0x7f090002}
W/art     (21377): Attempt to remove local handle scope entry from IRT, ignoring
W/AwContents(21377): onDetachedFromWindow called when already detached. Ignoring
D/AdConfigurationImpl(21377): lookingFor: article_banner_top, found: article_banner_top
D/Ads     (21377): Ads: Params: latitude=38.89194492;series=;aam=500,513,514,515,516,517,518,519,520,512,501,502,503,504,505,506,507,600;ver=2.7.2.1;title=Lumber Liquidators axing Chinese flooring;topic=;longitude=-77.22493274;pageType=front;androidid=b20c3623-9a28-4594-844b-acc8da859575;
I/Ads     (21377): Starting ad request.
I/Ads     (21377): Use AdRequest.Builder.addTestDevice("07C3BD1FC97B8BD363E7086452B8BB2A") to get test ads on this device.
I/Ads     (21377): Please set theme of AdActivity to @android:style/Theme.Translucent to enable transparent background interstitial ad.
D/DfpAdRetriever(21377): AD_REQUEST::Article::/7103/usatoday_tablet/android_tablet_app-article_banner_top/money/business:: Size = 300x250::AWS::money/business
D/AdConfigurationImpl(21377): lookingFor: article_banner_top, found: article_banner_bottom
D/AdConfigurationImpl(21377): lookingFor: article_banner_bottom, found: article_banner_bottom
D/AdConfigurationImpl(21377): lookingFor: article_banner_top, found: article_banner_bottom
D/AdConfigurationImpl(21377): lookingFor: article_banner_bottom, found: article_banner_bottom
W/Resources(21377): Converting to string: TypedValue{t=0x12/d=0x0 a=2 r=0x7f0f009d}
W/Resources(21377): Converting to string: TypedValue{t=0x12/d=0x0 a=2 r=0x7f0f005e}
W/Resources(21377): Converting to string: TypedValue{t=0x12/d=0x0 a=2 r=0x7f0f009a}
W/Resources(21377): Converting to string: TypedValue{t=0x1c/d=0x33b0b0b0 a=2 r=0x7f090002}
W/Resources(21377): Converting to string: TypedValue{t=0x12/d=0x0 a=2 r=0x7f0f009b}
W/Resources(21377): Converting to string: TypedValue{t=0x1c/d=0x33b0b0b0 a=2 r=0x7f090002}
W/art     (21377): Attempt to remove local handle scope entry from IRT, ignoring
W/AwContents(21377): onDetachedFromWindow called when already detached. Ignoring
W/Resources(21377): Converting to string: TypedValue{t=0x12/d=0x0 a=2 r=0x7f0f009c}
W/Resources(21377): Converting to string: TypedValue{t=0x1c/d=0x33b0b0b0 a=2 r=0x7f090002}
D/ADBMobile(21377): ADBMobile Debug : Analytics - Attempting to send request parameters(52267283?AQB=1&ndh=1&ce=UTF-8&c.&a.&DeviceName=Nexus%207&OSVersion=Android%205.1&Resolution=1200x1824&AppID=USA%20Today%202.7.2.1%20%2852%29&.a&gnt.&aamsegment=500%2C513%2C514%2C515%2C516%2C517%2C518%2C519%2C520%2C512%2C501%2C502%2C503%2C504%2C505%2C506%2C507%2C600&prefs.&PushSegments=bknews%7Cnews%7Csports%7Clife%7Cmoney%7Ctech&.prefs&MarketName=gpapermobileapp&ProductName=USATODAY%20for%20Android%20Tablet&ssts.&Section=money&Subsection=Business&.ssts&smartEmbedCt=0&Byline=Gary%20Strauss%2C%20USA%20TODAY&ContentType=article&TimeValue=1%3A30PM&Orientation=portrait&Title=Lumber%20Liquidators%20axing%20Chinese%20flooring&smartEmbedInternalCt=0&quietTime=10%3A00pm%7C07%3A00am&ContentId=70938868&Location=38.9324633%7C-77.216634&zag.&zip=22102&.zag&smartEmbedExternalCt=0&.gnt&.c&t=00%2F00%2F0000%2000%3A00%3A00%200%20240&pageName=Lumber%20Liquidators%20axing%20Chinese%20flooring&aid=0B755799E6D542E0-2DC2C6CBAD07BACD&AQE=1)
W/art     (21377): Attempt to remove local handle scope entry from IRT, ignoring
W/AwContents(21377): onDetachedFromWindow called when already detached. Ignoring
D/AdConfigurationImpl(21377): lookingFor: article_banner_top, found: article_banner_bottom
D/AdConfigurationImpl(21377): lookingFor: article_banner_bottom, found: article_banner_bottom
D/Ads     (21377): Ads: Params: latitude=38.89194492;series=;aam=500,513,514,515,516,517,518,519,520,512,501,502,503,504,505,506,507,600;ver=2.7.2.1;title=Lumber Liquidators axing Chinese flooring;topic=;longitude=-77.22493274;pageType=front;androidid=b20c3623-9a28-4594-844b-acc8da859575;
I/Ads     (21377): Starting ad request.
I/Ads     (21377): Use AdRequest.Builder.addTestDevice("07C3BD1FC97B8BD363E7086452B8BB2A") to get test ads on this device.
I/Ads     (21377): Please set theme of AdActivity to @android:style/Theme.Translucent to enable transparent background interstitial ad.
D/DfpAdRetriever(21377): AD_REQUEST::Article::/7103/usatoday_tablet/android_tablet_app-article_banner_bottom/money/business:: Size = 300x250::AWS::money/business
D/ADBMobile(21377): ADBMobile Debug : Analytics - Request Sent(http://gannett.112.2o7.net/b/ss/gpapermobileapp/0/JAVA-4.1.7-AN/s52267283?AQB=1&ndh=1&ce=UTF-8&c.&a.&DeviceName=Nexus%207&OSVersion=Android%205.1&Resolution=1200x1824&AppID=USA%20Today%202.7.2.1%20%2852%29&.a&gnt.&aamsegment=500%2C513%2C514%2C515%2C516%2C517%2C518%2C519%2C520%2C512%2C501%2C502%2C503%2C504%2C505%2C506%2C507%2C600&prefs.&PushSegments=bknews%7Cnews%7Csports%7Clife%7Cmoney%7Ctech&.prefs&MarketName=gpapermobileapp&ProductName=USATODAY%20for%20Android%20Tablet&ssts.&Section=money&Subsection=Business&.ssts&smartEmbedCt=0&Byline=Gary%20Strauss%2C%20USA%20TODAY&ContentType=article&TimeValue=1%3A30PM&Orientation=portrait&Title=Lumber%20Liquidators%20axing%20Chinese%20flooring&smartEmbedInternalCt=0&quietTime=10%3A00pm%7C07%3A00am&ContentId=70938868&Location=38.9324633%7C-77.216634&zag.&zip=22102&.zag&smartEmbedExternalCt=0&.gnt&.c&t=00%2F00%2F0000%2000%3A00%3A00%200%20240&pageName=Lumber%20Liquidators%20axing%20Chinese%20flooring&aid=0B755799E6D542E0-2DC2C6CBAD07BACD&AQE=1)
D/AdConfigurationImpl(21377): lookingFor: article_banner_top, found: article_banner_top
D/AdConfigurationImpl(21377): lookingFor: article_banner_top, found: article_banner_bottom
D/AdConfigurationImpl(21377): lookingFor: article_banner_bottom, found: article_banner_bottom
V/MinimogrifierUtils(21377): resized image URL: http://www.gannett-cdn.com/-mm-/dd28be677c1ce25e7bb14f40fd8f3f99759c26d2/c=0-221-4848-2960&r=550x309&q=80/local/-/media/2015/05/07/USATODAY/USATODAY/635665891319281392-AP-NSA-Surveillance-Secret-Law.jpg
D/AdConfigurationImpl(21377): lookingFor: article_banner_top, found: article_banner_top
D/AdConfigurationImpl(21377): lookingFor: article_banner_top, found: article_banner_top
W/Resources(21377): Converting to string: TypedValue{t=0x12/d=0x0 a=2 r=0x7f0f009d}
W/Resources(21377): Converting to string: TypedValue{t=0x12/d=0x0 a=2 r=0x7f0f005e}
W/Resources(21377): Converting to string: TypedValue{t=0x12/d=0x0 a=2 r=0x7f0f009a}
W/Resources(21377): Converting to string: TypedValue{t=0x1c/d=0x33b0b0b0 a=2 r=0x7f090002}
W/Resources(21377): Converting to string: TypedValue{t=0x12/d=0x0 a=2 r=0x7f0f009b}
W/Resources(21377): Converting to string: TypedValue{t=0x1c/d=0x33b0b0b0 a=2 r=0x7f090002}
W/art     (21377): Attempt to remove local handle scope entry from IRT, ignoring
W/AwContents(21377): onDetachedFromWindow called when already detached. Ignoring
W/Resources(21377): Converting to string: TypedValue{t=0x12/d=0x0 a=2 r=0x7f0f009c}
W/Resources(21377): Converting to string: TypedValue{t=0x1c/d=0x33b0b0b0 a=2 r=0x7f090002}
W/art     (21377): Attempt to remove local handle scope entry from IRT, ignoring
W/AwContents(21377): onDetachedFromWindow called when already detached. Ignoring
D/AdConfigurationImpl(21377): lookingFor: article_banner_top, found: article_banner_top
D/Ads     (21377): Ads: Params: latitude=38.89194492;series=;aam=500,513,514,515,516,517,518,519,520,512,501,502,503,504,505,506,507,600;ver=2.7.2.1;title=Phone surveillance program struck down;topic=;longitude=-77.22493274;pageType=front;androidid=b20c3623-9a28-4594-844b-acc8da859575;
I/Ads     (21377): Starting ad request.
I/Ads     (21377): Use AdRequest.Builder.addTestDevice("07C3BD1FC97B8BD363E7086452B8BB2A") to get test ads on this device.
I/Ads     (21377): Please set theme of AdActivity to @android:style/Theme.Translucent to enable transparent background interstitial ad.
D/DfpAdRetriever(21377): AD_REQUEST::Article::/7103/usatoday_tablet/android_tablet_app-article_banner_top/news/politics:: Size = 300x250::AWS::news/politics
D/AdConfigurationImpl(21377): lookingFor: article_banner_top, found: article_banner_bottom
D/AdConfigurationImpl(21377): lookingFor: article_banner_bottom, found: article_banner_bottom
D/AdConfigurationImpl(21377): lookingFor: article_banner_top, found: article_banner_bottom
D/AdConfigurationImpl(21377): lookingFor: article_banner_bottom, found: article_banner_bottom
W/Resources(21377): Converting to string: TypedValue{t=0x12/d=0x0 a=2 r=0x7f0f009d}
W/Resources(21377): Converting to string: TypedValue{t=0x12/d=0x0 a=2 r=0x7f0f005e}
W/Resources(21377): Converting to string: TypedValue{t=0x12/d=0x0 a=2 r=0x7f0f009a}
W/Resources(21377): Converting to string: TypedValue{t=0x1c/d=0x33b0b0b0 a=2 r=0x7f090002}
W/Resources(21377): Converting to string: TypedValue{t=0x12/d=0x0 a=2 r=0x7f0f009b}
W/Resources(21377): Converting to string: TypedValue{t=0x1c/d=0x33b0b0b0 a=2 r=0x7f090002}
W/art     (21377): Attempt to remove local handle scope entry from IRT, ignoring
W/AwContents(21377): onDetachedFromWindow called when already detached. Ignoring
W/Resources(21377): Converting to string: TypedValue{t=0x12/d=0x0 a=2 r=0x7f0f009c}
W/Resources(21377): Converting to string: TypedValue{t=0x1c/d=0x33b0b0b0 a=2 r=0x7f090002}
W/art     (21377): Attempt to remove local handle scope entry from IRT, ignoring
W/AwContents(21377): onDetachedFromWindow called when already detached. Ignoring
D/AdConfigurationImpl(21377): lookingFor: article_banner_top, found: article_banner_bottom
D/AdConfigurationImpl(21377): lookingFor: article_banner_bottom, found: article_banner_bottom
D/Ads     (21377): Ads: Params: latitude=38.89194492;series=;aam=500,513,514,515,516,517,518,519,520,512,501,502,503,504,505,506,507,600;ver=2.7.2.1;title=Phone surveillance program struck down;topic=;longitude=-77.22493274;pageType=front;androidid=b20c3623-9a28-4594-844b-acc8da859575;
I/Ads     (21377): Starting ad request.
I/Ads     (21377): Use AdRequest.Builder.addTestDevice("07C3BD1FC97B8BD363E7086452B8BB2A") to get test ads on this device.
I/Ads     (21377): Please set theme of AdActivity to @android:style/Theme.Translucent to enable transparent background interstitial ad.
D/DfpAdRetriever(21377): AD_REQUEST::Article::/7103/usatoday_tablet/android_tablet_app-article_banner_bottom/news/politics:: Size = 300x250::AWS::news/politics
W/art     (21377): Attempt to remove local handle scope entry from IRT, ignoring
W/AwContents(21377): onDetachedFromWindow called when already detached. Ignoring
W/art     (21377): Attempt to remove local handle scope entry from IRT, ignoring
W/art     (21377): Attempt to remove local handle scope entry from IRT, ignoring
I/Ads     (21377): Ad finished loading.
D/DfpAdRetriever(21377): Ads: ad retrieved: section_front
I/Ads     ( 6864): CsiReporterFactory: CSI is not enabled. No CSI reporter created.
I/Ads     ( 6864): CsiReporterFactory: CSI is not enabled. No CSI reporter created.
I/Ads     ( 6864): CsiReporterFactory: CSI is not enabled. No CSI reporter created.
I/Ads     ( 6864): CsiReporterFactory: CSI is not enabled. No CSI reporter created.
W/Ads     ( 6864): c8699aaf-cb4b-48d8-91bd-d2e28537def2 ==== 7e4f6139-23e9-40a4-bff8-d26ac3a00698
W/Ads     ( 6864): c8699aaf-cb4b-48d8-91bd-d2e28537def2 ==== 276c4425-fdf0-4797-afc4-8a6019a1e610
W/Ads     ( 6864): c8699aaf-cb4b-48d8-91bd-d2e28537def2 ==== 90eace0c-ab54-4152-aab0-fe361fb4c51b
I/Ads     (21377): No fill from ad server.
W/art     (21377): Attempt to remove local handle scope entry from IRT, ignoring
W/AwContents(21377): onDetachedFromWindow called when already detached. Ignoring
W/art     (21377): Attempt to remove local handle scope entry from IRT, ignoring
W/art     (21377): Attempt to remove local handle scope entry from IRT, ignoring
W/Ads     (21377): Failed to load ad: 3
D/DfpAdRetriever(21377): Ads: ad not retrieved: high_impact
I/Ads     (21377): Ad finished loading.
D/DfpAdRetriever(21377): Ads: ad retrieved: section_front
W/Ads     ( 6864): 7e4f6139-23e9-40a4-bff8-d26ac3a00698 ==== 276c4425-fdf0-4797-afc4-8a6019a1e610
W/Ads     ( 6864): 7e4f6139-23e9-40a4-bff8-d26ac3a00698 ==== 90eace0c-ab54-4152-aab0-fe361fb4c51b
I/Ads     ( 6864): CsiReporterFactory: CSI is not enabled. No CSI reporter created.
W/BindingManager(21377): Cannot call determinedVisibility() - never saw a connection for the pid: 21377
W/BindingManager(21377): Cannot call determinedVisibility() - never saw a connection for the pid: 21377
W/Ads     ( 6864): 276c4425-fdf0-4797-afc4-8a6019a1e610 ==== 90eace0c-ab54-4152-aab0-fe361fb4c51b
W/Ads     ( 6864): 276c4425-fdf0-4797-afc4-8a6019a1e610 ==== bf7f45de-8a83-4b1c-95ed-77c8e5d9cb42
W/Ads     ( 6864): 90eace0c-ab54-4152-aab0-fe361fb4c51b ==== bf7f45de-8a83-4b1c-95ed-77c8e5d9cb42
W/UiControllerImpl(21377): Waiting for: DELAY_HAS_PAST for 100 iterations.
W/art     (21377): Attempt to remove local handle scope entry from IRT, ignoring
W/AwContents(21377): onDetachedFromWindow called when already detached. Ignoring
W/art     (21377): Attempt to remove local handle scope entry from IRT, ignoring
W/art     (21377): Attempt to remove local handle scope entry from IRT, ignoring
W/art     (21377): Attempt to remove local handle scope entry from IRT, ignoring
W/AwContents(21377): onDetachedFromWindow called when already detached. Ignoring
W/art     (21377): Attempt to remove local handle scope entry from IRT, ignoring
W/art     (21377): Attempt to remove local handle scope entry from IRT, ignoring
E/IdlingResourceRegistry(21377): Attempted to unregister resource that is not registered: 'New Content Retriever Idling Resource'. Resource list: [com.gannett.android.news.support.ArticleSwipeListenerIdlingResource@215f0d89, com.gannett.android.news.support.ArticleContentRetrieverIdlingResource@3851e3d5, com.gannett.android.news.support.UserEdManagerIdlingResource@74aaadb]
D/OMNITURE_TEST(21377): END_OF_TEST
D/OMNITURE_TEST(21377): ---TESTNAME:ARTICLESWIPE/NEXT---
I/ViewInteraction(21377): Performing 'fast swipe' action on view with text: is "Lumber Liquidators axing Chinese flooring products"
I/Ads     (21377): No fill from ad server.
W/art     (21377): Attempt to remove local handle scope entry from IRT, ignoring
W/AwContents(21377): onDetachedFromWindow called when already detached. Ignoring
W/art     (21377): Attempt to remove local handle scope entry from IRT, ignoring
W/art     (21377): Attempt to remove local handle scope entry from IRT, ignoring
W/Ads     (21377): Failed to load ad: 3
D/DfpAdRetriever(21377): Ads: ad not retrieved: article_banner_top
D/AmazonA9(21377): A9 ad Failed to Load
W/art     (21377): Attempt to remove local handle scope entry from IRT, ignoring
W/AwContents(21377): onDetachedFromWindow called when already detached. Ignoring
W/art     (21377): Attempt to remove local handle scope entry from IRT, ignoring
W/art     (21377): Attempt to remove local handle scope entry from IRT, ignoring
D/ADBMobile(21377): ADBMobile Debug : Analytics - Attempting to send request parameters(20666055?AQB=1&ndh=1&ce=UTF-8&pev2=AMACTION%3AhouseAdImpression&c.&a.&DeviceName=Nexus%207&OSVersion=Android%205.1&Resolution=1200x1824&action=houseAdImpression&AppID=USA%20Today%202.7.2.1%20%2852%29&.a&gnt.&MarketName=gpapermobileapp&ProductName=USATODAY%20for%20Android%20Tablet&Orientation=portrait&TimeValue=1%3A30PM&.gnt&.c&t=00%2F00%2F0000%2000%3A00%3A00%200%20240&pageName=USA%20Today%202.7.2.1%20%2852%29&aid=0B755799E6D542E0-2DC2C6CBAD07BACD&pe=lnk_o&AQE=1)
D/ADBMobile(21377): ADBMobile Debug : Analytics - Request Sent(http://gannett.112.2o7.net/b/ss/gpapermobileapp/0/JAVA-4.1.7-AN/s20666055?AQB=1&ndh=1&ce=UTF-8&pev2=AMACTION%3AhouseAdImpression&c.&a.&DeviceName=Nexus%207&OSVersion=Android%205.1&Resolution=1200x1824&action=houseAdImpression&AppID=USA%20Today%202.7.2.1%20%2852%29&.a&gnt.&MarketName=gpapermobileapp&ProductName=USATODAY%20for%20Android%20Tablet&Orientation=portrait&TimeValue=1%3A30PM&.gnt&.c&t=00%2F00%2F0000%2000%3A00%3A00%200%20240&pageName=USA%20Today%202.7.2.1%20%2852%29&aid=0B755799E6D542E0-2DC2C6CBAD07BACD&pe=lnk_o&AQE=1)
W/BindingManager(21377): Cannot call determinedVisibility() - never saw a connection for the pid: 21377
W/BindingManager(21377): Cannot call determinedVisibility() - never saw a connection for the pid: 21377
W/BindingManager(21377): Cannot call determinedVisibility() - never saw a connection for the pid: 21377
W/BindingManager(21377): Cannot call determinedVisibility() - never saw a connection for the pid: 21377
W/BindingManager(21377): Cannot call determinedVisibility() - never saw a connection for the pid: 21377
I/chromium(21377): [INFO:CONSOLE(221)] "[object Object]", source: file:///android_asset/js/gd.js (221)
I/chromium(21377): [INFO:CONSOLE(0)] "The 'overflowchanged' event is deprecated and may be removed. Please do not use it.", source:  (0)
I/chromium(21377): [INFO:CONSOLE(221)] "[object Object]", source: file:///android_asset/js/gd.js (221)
I/chromium(21377): [INFO:CONSOLE(0)] "The 'overflowchanged' event is deprecated and may be removed. Please do not use it.", source:  (0)
I/Ads     (21377): Ad finished loading.
D/DfpAdRetriever(21377): Ads: ad retrieved: article_banner_bottom
D/TaskPersister(  547): removeObsoleteFile: deleting file=11738_task.xml
I/Ads     (21377): Ad finished loading.
D/DfpAdRetriever(21377): Ads: ad retrieved: article_banner_top
D/DfpAdRetriever(21377): recording impression for article_banner_bottom
D/DfpAdRetriever(21377): recording impression for article_banner_top
I/Ads     (21377): Ad finished loading.
D/DfpAdRetriever(21377): Ads: ad retrieved: section_front
D/audio_hw_primary(  184): disable_audio_route: reset and update mixer path: low-latency-playback
D/audio_hw_primary(  184): disable_snd_device: snd_device(2: speaker)
D/WifiService(  547): acquireWifiLockLocked: WifiLock{NlpWifiLock type=2 binder=android.os.BinderProxy@2d707f96}
D/SnetService( 6864): snet destroyed
E/WifiStateMachine(  547): WifiStateMachine CMD_START_SCAN source 10008 txSuccessRate=202.19 rxSuccessRate=350.72 targetRoamBSSID=any RSSI=-46
I/EventLogService( 6864): Aggregate from 1431019220534 (log), 1431019220534 (data)
I/Ads     (21377): Ad finished loading.
D/DfpAdRetriever(21377): Ads: ad retrieved: article_banner_bottom
D/DfpAdRetriever(21377): recording impression for article_banner_bottom
D/OMNITURE_CALL(21377): {gnt.aamsegment=500,513,514,515,516,517,518,519,520,512,501,502,503,504,505,506,507,600, gnt.smartEmbedExternalCt=0, gnt.Orientation=portrait, gnt.Location=38.9324633|-77.216634, gnt.ssts.Subsection=Politics, gnt.smartEmbedProvider=, gnt.ssts.Topic=, gnt.ssts.Section=News, gnt.Byline=Brad Heath and Richard Wolf, USA TODAY, gnt.quietTime=10:00pm|07:00am, gnt.prefs.PushSegments=bknews|news|sports|life|money|tech, gnt.Title=Phone surveillance program struck down, gnt.TimeValue=1:30PM, gnt.zag.zip=22102, gnt.ContentType=article, gnt.smartEmbedInternalCt=5, gnt.ContentId=70937958, gnt.smartEmbedCt=5, gnt.ProductName=USATODAY for Android Tablet, gnt.MarketName=gpapermobileapp}
D/ADBMobile(21377): ADBMobile Debug : Audience Manager - request (http://gannett.demdex.net/event?c_gnt_aamsegment=500%2C513%2C514%2C515%2C516%2C517%2C518%2C519%2C520%2C512%2C501%2C502%2C503%2C504%2C505%2C506%2C507%2C600&c_gnt_Orientation=portrait&c_gnt_ssts_Subsection=Politics&c_gnt_Location=38.9324633%7C-77.216634&c_gnt_ssts_Section=News&c_gnt_Byline=Brad%20Heath%20and%20Richard%20Wolf%2C%20USA%20TODAY&c_gnt_quietTime=10%3A00pm%7C07%3A00am&c_gnt_Title=Phone%20surveillance%20program%20struck%20down&c_gnt_prefs_PushSegments=bknews%7Cnews%7Csports%7Clife%7Cmoney%7Ctech&c_gnt_TimeValue=1%3A30PM&c_gnt_zag_zip=22102&c_gnt_ContentType=article&c_gnt_ProductName=USATODAY%20for%20Android%20Tablet&c_gnt_MarketName=gpapermobileapp&d_uuid=19857838291522528462172418163433203273&d_dpid=3054&d_dpuuid=b20c3623-9a28-4594-844b-acc8da859575&d_ptfm=android&d_dst=1&d_rtbd=json)
D/ADBMobile(21377): ADBMobile Debug : Analytics - Attempting to send request parameters(50275938?AQB=1&ndh=1&ce=UTF-8&pev2=AMACTION%3Aarticleswipe%7Cnext&c.&a.&DeviceName=Nexus%207&OSVersion=Android%205.1&Resolution=1200x1824&action=articleswipe%7Cnext&AppID=USA%20Today%202.7.2.1%20%2852%29&.a&gnt.&MarketName=gpapermobileapp&ProductName=USATODAY%20for%20Android%20Tablet&Orientation=portrait&TimeValue=1%3A30PM&.gnt&.c&t=00%2F00%2F0000%2000%3A00%3A00%200%20240&pageName=USA%20Today%202.7.2.1%20%2852%29&aid=0B755799E6D542E0-2DC2C6CBAD07BACD&pe=lnk_o&AQE=1)
D/ADBMobile(21377): ADBMobile Debug : Analytics - Request Sent(http://gannett.112.2o7.net/b/ss/gpapermobileapp/0/JAVA-4.1.7-AN/s50275938?AQB=1&ndh=1&ce=UTF-8&pev2=AMACTION%3Aarticleswipe%7Cnext&c.&a.&DeviceName=Nexus%207&OSVersion=Android%205.1&Resolution=1200x1824&action=articleswipe%7Cnext&AppID=USA%20Today%202.7.2.1%20%2852%29&.a&gnt.&MarketName=gpapermobileapp&ProductName=USATODAY%20for%20Android%20Tablet&Orientation=portrait&TimeValue=1%3A30PM&.gnt&.c&t=00%2F00%2F0000%2000%3A00%3A00%200%20240&pageName=USA%20Today%202.7.2.1%20%2852%29&aid=0B755799E6D542E0-2DC2C6CBAD07BACD&pe=lnk_o&AQE=1)
W/UiControllerImpl(21377): Waiting for: DELAY_HAS_PAST for 100 iterations.
W/ADBMobile(21377): ADBMobile Debug : Audience Manager - Unable to parse JSON data (No value for dests)
W/UiControllerImpl(21377): Waiting for: DELAY_HAS_PAST for 200 iterations.
D/ADBMobile(21377): ADBMobile Debug : Analytics - Attempting to send request parameters(51840676?AQB=1&ndh=1&ce=UTF-8&c.&a.&DeviceName=Nexus%207&OSVersion=Android%205.1&Resolution=1200x1824&AppID=USA%20Today%202.7.2.1%20%2852%29&.a&gnt.&aamsegment=500%2C513%2C514%2C515%2C516%2C517%2C518%2C519%2C520%2C512%2C501%2C502%2C503%2C504%2C505%2C506%2C507%2C600&prefs.&PushSegments=bknews%7Cnews%7Csports%7Clife%7Cmoney%7Ctech&.prefs&MarketName=gpapermobileapp&ProductName=USATODAY%20for%20Android%20Tablet&ssts.&Section=News&Subsection=Politics&.ssts&smartEmbedCt=5&Byline=Brad%20Heath%20and%20Richard%20Wolf%2C%20USA%20TODAY&ContentType=article&TimeValue=1%3A30PM&Orientation=portrait&Title=Phone%20surveillance%20program%20struck%20down&smartEmbedInternalCt=5&quietTime=10%3A00pm%7C07%3A00am&ContentId=70937958&Location=38.9324633%7C-77.216634&zag.&zip=22102&.zag&smartEmbedExternalCt=0&.gnt&.c&t=00%2F00%2F0000%2000%3A00%3A00%200%20240&pageName=Phone%20surveillance%20program%20struck%20down&aid=0B755799E6D542E0-2DC2C6CBAD07BACD&AQE=1)
D/ADBMobile(21377): ADBMobile Debug : Analytics - Request Sent(http://gannett.112.2o7.net/b/ss/gpapermobileapp/0/JAVA-4.1.7-AN/s51840676?AQB=1&ndh=1&ce=UTF-8&c.&a.&DeviceName=Nexus%207&OSVersion=Android%205.1&Resolution=1200x1824&AppID=USA%20Today%202.7.2.1%20%2852%29&.a&gnt.&aamsegment=500%2C513%2C514%2C515%2C516%2C517%2C518%2C519%2C520%2C512%2C501%2C502%2C503%2C504%2C505%2C506%2C507%2C600&prefs.&PushSegments=bknews%7Cnews%7Csports%7Clife%7Cmoney%7Ctech&.prefs&MarketName=gpapermobileapp&ProductName=USATODAY%20for%20Android%20Tablet&ssts.&Section=News&Subsection=Politics&.ssts&smartEmbedCt=5&Byline=Brad%20Heath%20and%20Richard%20Wolf%2C%20USA%20TODAY&ContentType=article&TimeValue=1%3A30PM&Orientation=portrait&Title=Phone%20surveillance%20program%20struck%20down&smartEmbedInternalCt=5&quietTime=10%3A00pm%7C07%3A00am&ContentId=70937958&Location=38.9324633%7C-77.216634&zag.&zip=22102&.zag&smartEmbedExternalCt=0&.gnt&.c&t=00%2F00%2F0000%2000%3A00%3A00%200%20240&pageName=Phone%20surveillance%20program%20struck%20down&aid=0B755799E6D542E0-2DC2C6CBAD07BACD&AQE=1)
D/WifiService(  547): releaseWifiLockLocked: WifiLock{NlpWifiLock type=2 binder=android.os.BinderProxy@2d707f96}
W/Resources(21377): Converting to string: TypedValue{t=0x12/d=0x0 a=2 r=0x7f0f005e}
W/Resources(21377): Converting to string: TypedValue{t=0x1d/d=0xfff5f5f5 a=2 r=0x7f090003}
D/AdConfigurationImpl(21377): lookingFor: article_banner_top, found: transitional
D/AdConfigurationImpl(21377): lookingFor: article_banner_bottom, found: transitional
D/AdConfigurationImpl(21377): lookingFor: high_impact, found: transitional
D/AdConfigurationImpl(21377): lookingFor: section_front, found: transitional
D/AdConfigurationImpl(21377): lookingFor: transitional, found: transitional
W/Resources(21377): Converting to string: TypedValue{t=0x12/d=0x0 a=2 r=0x7f0f005e}
W/Resources(21377): Converting to string: TypedValue{t=0x12/d=0x0 a=2 r=0x7f0f009a}
W/Resources(21377): Converting to string: TypedValue{t=0x1c/d=0x33b0b0b0 a=2 r=0x7f090002}
W/Resources(21377): Converting to string: TypedValue{t=0x12/d=0x0 a=2 r=0x7f0f009b}
W/Resources(21377): Converting to string: TypedValue{t=0x1c/d=0x33b0b0b0 a=2 r=0x7f090002}
W/art     (21377): Attempt to remove local handle scope entry from IRT, ignoring
W/AwContents(21377): onDetachedFromWindow called when already detached. Ignoring
W/Resources(21377): Converting to string: TypedValue{t=0x12/d=0x0 a=2 r=0x7f0f009c}
W/Resources(21377): Converting to string: TypedValue{t=0x1c/d=0x33b0b0b0 a=2 r=0x7f090002}
W/art     (21377): Attempt to remove local handle scope entry from IRT, ignoring
W/AwContents(21377): onDetachedFromWindow called when already detached. Ignoring
D/AdConfigurationImpl(21377): lookingFor: article_banner_top, found: transitional
D/AdConfigurationImpl(21377): lookingFor: article_banner_bottom, found: transitional
D/AdConfigurationImpl(21377): lookingFor: high_impact, found: transitional
D/AdConfigurationImpl(21377): lookingFor: section_front, found: transitional
D/AdConfigurationImpl(21377): lookingFor: transitional, found: transitional
D/Ads     (21377): Ads: Params: latitude=38.89194492;aam=500,513,514,515,516,517,518,519,520,512,501,502,503,504,505,506,507,600;ver=2.7.2.1;longitude=-77.22493274;pageType=story;androidid=b20c3623-9a28-4594-844b-acc8da859575;
I/Ads     (21377): Starting ad request.
I/Ads     (21377): Use AdRequest.Builder.addTestDevice("07C3BD1FC97B8BD363E7086452B8BB2A") to get test ads on this device.
I/Ads     (21377): Please set theme of AdActivity to @android:style/Theme.Translucent to enable transparent background interstitial ad.
D/DfpAdRetriever(21377): AD_REQUEST::Interstitial::/7103/usatoday_tablet/android_tablet_app-transitional/news/main:: Size = 300x250::AWS::news/main
I/Ads     ( 6864): CsiReporterFactory: CSI is not enabled. No CSI reporter created.
E/IdlingResourceRegistry(21377): Attempted to register resource with same names: Article Swipe Listener Idling Resource. R1: com.gannett.android.news.support.ArticleSwipeListenerIdlingResource@1e436895 R2: com.gannett.android.news.support.ArticleSwipeListenerIdlingResource@215f0d89.
E/IdlingResourceRegistry(21377): Duplicate resource registration will be ignored.
D/OMNITURE_TEST(21377): END_OF_TEST
D/OMNITURE_TEST(21377): ---TESTNAME:ARTICLESWIPE/PREV---
I/ViewInteraction(21377): Performing 'fast swipe' action on view with text: is "Appeals court strikes down government's phone surveillance program"
W/art     (21377): Attempt to remove local handle scope entry from IRT, ignoring
W/AwContents(21377): onDetachedFromWindow called when already detached. Ignoring
W/art     (21377): Attempt to remove local handle scope entry from IRT, ignoring
W/art     (21377): Attempt to remove local handle scope entry from IRT, ignoring
W/BindingManager(21377): Cannot call determinedVisibility() - never saw a connection for the pid: 21377
I/Ads     (21377): Ad finished loading.
D/DfpAdRetriever(21377): Ads: ad retrieved: transitional
D/DfpAdRetriever(21377): recording impression for transitional
W/ProcessCpuTracker(  547): Skipping unknown process pid 23995
W/ProcessCpuTracker(  547): Skipping unknown process pid 23998
W/ProcessCpuTracker(  547): Skipping unknown process pid 23999
D/OMNITURE_CALL(21377): {gnt.aamsegment=500,513,514,515,516,517,518,519,520,512,501,502,503,504,505,506,507,600, gnt.smartEmbedExternalCt=0, gnt.Orientation=portrait, gnt.Location=38.9324633|-77.216634, gnt.ssts.Subsection=Business, gnt.smartEmbedProvider=, gnt.ssts.Topic=, gnt.ssts.Section=money, gnt.Byline=Gary Strauss, USA TODAY, gnt.quietTime=10:00pm|07:00am, gnt.prefs.PushSegments=bknews|news|sports|life|money|tech, gnt.Title=Lumber Liquidators axing Chinese flooring, gnt.TimeValue=1:30PM, gnt.zag.zip=22102, gnt.ContentType=article, gnt.smartEmbedInternalCt=0, gnt.ContentId=70938868, gnt.smartEmbedCt=0, gnt.ProductName=USATODAY for Android Tablet, gnt.MarketName=gpapermobileapp}
D/ADBMobile(21377): ADBMobile Debug : Audience Manager - request (http://gannett.demdex.net/event?c_gnt_aamsegment=500%2C513%2C514%2C515%2C516%2C517%2C518%2C519%2C520%2C512%2C501%2C502%2C503%2C504%2C505%2C506%2C507%2C600&c_gnt_Orientation=portrait&c_gnt_ssts_Subsection=Business&c_gnt_Location=38.9324633%7C-77.216634&c_gnt_ssts_Section=money&c_gnt_Byline=Gary%20Strauss%2C%20USA%20TODAY&c_gnt_quietTime=10%3A00pm%7C07%3A00am&c_gnt_Title=Lumber%20Liquidators%20axing%20Chinese%20flooring&c_gnt_prefs_PushSegments=bknews%7Cnews%7Csports%7Clife%7Cmoney%7Ctech&c_gnt_TimeValue=1%3A30PM&c_gnt_zag_zip=22102&c_gnt_ContentType=article&c_gnt_ProductName=USATODAY%20for%20Android%20Tablet&c_gnt_MarketName=gpapermobileapp&d_uuid=19857838291522528462172418163433203273&d_dpid=3054&d_dpuuid=b20c3623-9a28-4594-844b-acc8da859575&d_ptfm=android&d_dst=1&d_rtbd=json)
D/ADBMobile(21377): ADBMobile Debug : Analytics - Attempting to send request parameters(56929612?AQB=1&ndh=1&ce=UTF-8&pev2=AMACTION%3Aarticleswipe%7Cprevious&c.&a.&DeviceName=Nexus%207&OSVersion=Android%205.1&Resolution=1200x1824&action=articleswipe%7Cprevious&AppID=USA%20Today%202.7.2.1%20%2852%29&.a&gnt.&MarketName=gpapermobileapp&ProductName=USATODAY%20for%20Android%20Tablet&Orientation=portrait&TimeValue=1%3A30PM&.gnt&.c&t=00%2F00%2F0000%2000%3A00%3A00%200%20240&pageName=USA%20Today%202.7.2.1%20%2852%29&aid=0B755799E6D542E0-2DC2C6CBAD07BACD&pe=lnk_o&AQE=1)
W/ADBMobile(21377): ADBMobile Debug : Audience Manager - Unable to parse JSON data (No value for dests)
D/ADBMobile(21377): ADBMobile Debug : Analytics - Request Sent(http://gannett.112.2o7.net/b/ss/gpapermobileapp/0/JAVA-4.1.7-AN/s56929612?AQB=1&ndh=1&ce=UTF-8&pev2=AMACTION%3Aarticleswipe%7Cprevious&c.&a.&DeviceName=Nexus%207&OSVersion=Android%205.1&Resolution=1200x1824&action=articleswipe%7Cprevious&AppID=USA%20Today%202.7.2.1%20%2852%29&.a&gnt.&MarketName=gpapermobileapp&ProductName=USATODAY%20for%20Android%20Tablet&Orientation=portrait&TimeValue=1%3A30PM&.gnt&.c&t=00%2F00%2F0000%2000%3A00%3A00%200%20240&pageName=USA%20Today%202.7.2.1%20%2852%29&aid=0B755799E6D542E0-2DC2C6CBAD07BACD&pe=lnk_o&AQE=1)
D/ADBMobile(21377): ADBMobile Debug : Analytics - Attempting to send request parameters(81423469?AQB=1&ndh=1&ce=UTF-8&c.&a.&DeviceName=Nexus%207&OSVersion=Android%205.1&Resolution=1200x1824&AppID=USA%20Today%202.7.2.1%20%2852%29&.a&gnt.&aamsegment=500%2C513%2C514%2C515%2C516%2C517%2C518%2C519%2C520%2C512%2C501%2C502%2C503%2C504%2C505%2C506%2C507%2C600&prefs.&PushSegments=bknews%7Cnews%7Csports%7Clife%7Cmoney%7Ctech&.prefs&MarketName=gpapermobileapp&ProductName=USATODAY%20for%20Android%20Tablet&ssts.&Section=money&Subsection=Business&.ssts&smartEmbedCt=0&Byline=Gary%20Strauss%2C%20USA%20TODAY&ContentType=article&TimeValue=1%3A30PM&Orientation=portrait&Title=Lumber%20Liquidators%20axing%20Chinese%20flooring&smartEmbedInternalCt=0&quietTime=10%3A00pm%7C07%3A00am&ContentId=70938868&Location=38.9324633%7C-77.216634&zag.&zip=22102&.zag&smartEmbedExternalCt=0&.gnt&.c&t=00%2F00%2F0000%2000%3A00%3A00%200%20240&pageName=Lumber%20Liquidators%20axing%20Chinese%20flooring&aid=0B755799E6D542E0-2DC2C6CBAD07BACD&AQE=1)
D/ADBMobile(21377): ADBMobile Debug : Analytics - Request Sent(http://gannett.112.2o7.net/b/ss/gpapermobileapp/0/JAVA-4.1.7-AN/s81423469?AQB=1&ndh=1&ce=UTF-8&c.&a.&DeviceName=Nexus%207&OSVersion=Android%205.1&Resolution=1200x1824&AppID=USA%20Today%202.7.2.1%20%2852%29&.a&gnt.&aamsegment=500%2C513%2C514%2C515%2C516%2C517%2C518%2C519%2C520%2C512%2C501%2C502%2C503%2C504%2C505%2C506%2C507%2C600&prefs.&PushSegments=bknews%7Cnews%7Csports%7Clife%7Cmoney%7Ctech&.prefs&MarketName=gpapermobileapp&ProductName=USATODAY%20for%20Android%20Tablet&ssts.&Section=money&Subsection=Business&.ssts&smartEmbedCt=0&Byline=Gary%20Strauss%2C%20USA%20TODAY&ContentType=article&TimeValue=1%3A30PM&Orientation=portrait&Title=Lumber%20Liquidators%20axing%20Chinese%20flooring&smartEmbedInternalCt=0&quietTime=10%3A00pm%7C07%3A00am&ContentId=70938868&Location=38.9324633%7C-77.216634&zag.&zip=22102&.zag&smartEmbedExternalCt=0&.gnt&.c&t=00%2F00%2F0000%2000%3A00%3A00%200%20240&pageName=Lumber%20Liquidators%20axing%20Chinese%20flooring&aid=0B755799E6D542E0-2DC2C6CBAD07BACD&AQE=1)
W/UiControllerImpl(21377): Waiting for: DELAY_HAS_PAST for 100 iterations.
D/OMNITURE_TEST(21377): END_OF_TEST
D/OMNITURE_TEST(21377): ---TESTNAME:SAVEDARTICLE_LANDSCAPE---
V/ActivityManager(  547): Display changed displayId=0
I/ActivityManager(  547): Config changes=480 {1.0 310mcc?mnc en_US ?layoutDir sw600dp w960dp h527dp 320dpi lrg land finger -keyb/v/h -nav/h s.112}
I/InputReader(  547): Reconfiguring input devices.  changes=0x00000004
I/InputReader(  547): Device reconfigured: id=6, name='elan-touchscreen', size 1200x1920, orientation 1, mode 1, display id 0
W/Resources(  682): Converting to string: TypedValue{t=0x12/d=0x0 a=2 r=0x7f0f00c8}
W/Resources(  682): Converting to string: TypedValue{t=0x12/d=0x0 a=2 r=0x7f0f00c9}
W/Resources(  682): Converting to string: TypedValue{t=0x12/d=0x0 a=2 r=0x7f0f00ca}
W/Resources(  682): Converting to string: TypedValue{t=0x12/d=0x0 a=2 r=0x7f0f00cb}
W/Resources(  682): Converting to string: TypedValue{t=0x12/d=0x0 a=2 r=0x7f0f0118}
W/Resources(  682): Converting to string: TypedValue{t=0x12/d=0x0 a=2 r=0x7f0f0119}
W/Resources(  682): Converting to string: TypedValue{t=0x12/d=0x0 a=2 r=0x7f0f011a}
W/Resources(  682): Converting to string: TypedValue{t=0x12/d=0x0 a=2 r=0x7f0f011b}
D/BaseActivity(21377): onPause()
D/LifecycleMonitor(21377): Lifecycle status change: com.gannett.android.news.ui.activity.ActivityNews@348fe088 in: PAUSED
W/Resources(  833): Converting to string: TypedValue{t=0x12/d=0x0 a=1 r=0x10202be}
W/Resources(  833): Converting to string: TypedValue{t=0x12/d=0x0 a=1 r=0x102030e}
D/BaseActivity(21377): onStop()
D/LifecycleMonitor(21377): Lifecycle status change: com.gannett.android.news.ui.activity.ActivityNews@348fe088 in: STOPPED
D/UserEdManager(21377): hideAndResetUserEd
D/LifecycleMonitor(21377): Lifecycle status change: com.gannett.android.news.ui.activity.ActivityNews@348fe088 in: DESTROYED
D/LifecycleMonitor(21377): Lifecycle status change: com.gannett.android.news.ui.activity.ActivityNews@137108fa in: PRE_ON_CREATE
D/BaseActivity(21377): onCreate()
D/DEVICE INFO(21377): screenSize: large, dpiBucket: xhdpi
W/Resources(21377): Converting to string: TypedValue{t=0x12/d=0x0 a=1 r=0x1020378}
W/Resources(21377): Converting to string: TypedValue{t=0x12/d=0x0 a=1 r=0x1020379}
W/Resources(21377): Converting to string: TypedValue{t=0x1f/d=0xff222222 a=2 r=0x7f090000}
W/Resources(21377): Converting to string: TypedValue{t=0x12/d=0x0 a=1 r=0x102037a}
W/Resources(21377): Converting to string: TypedValue{t=0x1f/d=0xff222222 a=2 r=0x7f090000}
W/Resources(21377): Converting to string: TypedValue{t=0x12/d=0x0 a=1 r=0x10202b6}
W/Resources(21377): Converting to string: TypedValue{t=0x12/d=0x0 a=1 r=0x10202b7}
W/Resources(21377): Converting to string: TypedValue{t=0x12/d=0x0 a=1 r=0x102037b}
I/WindowManager(  547): Screen frozen for +384ms due to Window{36824979 u0 com.usatoday.android.news/com.gannett.android.news.ui.activity.ActivityNews}
W/Resources(21377): Converting to string: TypedValue{t=0x12/d=0x0 a=1 r=0x102037c}
W/Resources(21377): Converting to string: TypedValue{t=0x1f/d=0xff222222 a=2 r=0x7f090000}
W/Resources(21377): Converting to string: TypedValue{t=0x12/d=0x0 a=2 r=0x7f0f0192}
W/Resources(21377): Converting to string: TypedValue{t=0x12/d=0x0 a=2 r=0x7f0f0193}
W/Resources(21377): Converting to string: TypedValue{t=0x12/d=0x0 a=2 r=0x7f0f0194}
W/Resources(21377): Converting to string: TypedValue{t=0x1d/d=0xffffffff a=2 r=0x7f0900c5}
W/Resources(21377): Converting to string: TypedValue{t=0x12/d=0x0 a=2 r=0x7f0f003c}
W/Resources(21377): Converting to string: TypedValue{t=0x1c/d=0x0 a=1 r=0x106000d}
W/Resources(21377): Converting to string: TypedValue{t=0x12/d=0x0 a=2 r=0x7f0f0062}
W/Resources(21377): Converting to string: TypedValue{t=0x12/d=0x0 a=2 r=0x7f0f003d}
W/Resources(21377): Converting to string: TypedValue{t=0x12/d=0x0 a=2 r=0x7f0f00aa}
W/Resources(21377): Converting to string: TypedValue{t=0x12/d=0x0 a=2 r=0x7f0f00ab}
W/Resources(21377): Converting to string: TypedValue{t=0x5/d=0xd01 a=2 r=0x7f0a0055}
W/Resources(21377): Converting to string: TypedValue{t=0x5/d=0xd01 a=2 r=0x7f0a0055}
W/Resources(21377): Converting to string: TypedValue{t=0x12/d=0x0 a=2 r=0x7f0f00ac}
W/Resources(21377): Converting to string: TypedValue{t=0x5/d=0x501 a=2 r=0x7f0a0019}
W/Resources(21377): Converting to string: TypedValue{t=0x12/d=0x0 a=2 r=0x7f0f019f}
W/Resources(21377): Converting to string: TypedValue{t=0x1d/d=0xffeeeeee a=2 r=0x7f09009e}
W/Resources(21377): Converting to string: TypedValue{t=0x5/d=0x1001 a=2 r=0x7f0a0030}
W/Resources(21377): Converting to string: TypedValue{t=0x5/d=0xc01 a=2 r=0x7f0a002d}
W/Resources(21377): Converting to string: TypedValue{t=0x5/d=0x801 a=2 r=0x7f0a002c}
W/Resources(21377): Converting to string: TypedValue{t=0x12/d=0x0 a=2 r=0x7f0f01a0}
W/Resources(21377): Converting to string: TypedValue{t=0x5/d=0x801 a=2 r=0x7f0a002c}
W/Resources(21377): Converting to string: TypedValue{t=0x5/d=0x1001 a=2 r=0x7f0a0030}
W/Resources(21377): Converting to string: TypedValue{t=0x12/d=0x0 a=2 r=0x7f0f01d9}
W/Resources(21377): Converting to string: TypedValue{t=0x12/d=0x0 a=2 r=0x7f0f01da}
W/Resources(21377): Converting to string: TypedValue{t=0x12/d=0x0 a=2 r=0x7f0f0141}
W/Resources(21377): Converting to string: TypedValue{t=0x12/d=0x0 a=2 r=0x7f0f01db}
W/Resources(21377): Converting to string: TypedValue{t=0x12/d=0x0 a=2 r=0x7f0f01a1}
W/Resources(21377): Converting to string: TypedValue{t=0x1d/d=0xffc6c9c9 a=2 r=0x7f0900a2}
W/Resources(21377): Converting to string: TypedValue{t=0x12/d=0x0 a=2 r=0x7f0f0063}
W/Resources(21377): Converting to string: TypedValue{t=0x12/d=0x0 a=2 r=0x7f0f0064}
W/Resources(21377): Converting to string: TypedValue{t=0x1d/d=0xffc6c9c9 a=2 r=0x7f0900a2}
W/Resources(21377): Converting to string: TypedValue{t=0x12/d=0x0 a=2 r=0x7f0f0066}
W/Resources(21377): Converting to string: TypedValue{t=0x12/d=0x0 a=2 r=0x7f0f0067}
W/Resources(21377): Converting to string: TypedValue{t=0x12/d=0x0 a=2 r=0x7f0f0065}
D/UrlProducer(21377): Weather URL requested: http://api.gannett-cdn.com/internal/weather/V5/accuweather/data/location/349727?LanguageId=1&Metric=false&format=json&api_key=7zh2888dfxtnttmpkq8wmj78
D/LifecycleMonitor(21377): Lifecycle status change: com.gannett.android.news.ui.activity.ActivityNews@137108fa in: CREATED
W/Resources(21377): Converting to string: TypedValue{t=0x12/d=0x0 a=2 r=0x7f0f0117}
W/Resources(21377): Converting to string: TypedValue{t=0x1d/d=0xfff5f5f5 a=2 r=0x7f090003}
D/BaseActivity(21377): onStart()
I/art     ( 1285): Explicit concurrent mark sweep GC freed 15801(814KB) AllocSpace objects, 2(32KB) LOS objects, 40% free, 12MB/20MB, paused 1.403ms total 44.433ms
D/returnToActivityHeadlinesTest(21377): tryReturnToActivityHeadlines(): this.autoNavToHome == true
D/UrlProducer(21377): Articles URL requested: http://api.gannett-cdn.com/mobilefeeds/fronts/v1/home_mobile/?siteId=1&hls=false&api_key=euc4uvhentf8r3dgt69483ad
W/Resources(21377): Converting to string: TypedValue{t=0x12/d=0x0 a=2 r=0x7f0f00fe}
W/Resources(21377): Converting to string: TypedValue{t=0x1d/d=0xffffffff a=2 r=0x7f0900c5}
W/Resources(21377): Converting to string: TypedValue{t=0x12/d=0x0 a=2 r=0x7f0f00ff}
W/Resources(21377): Converting to string: TypedValue{t=0x1d/d=0xffc6c9c9 a=2 r=0x7f0900a2}
W/Resources(21377): Converting to string: TypedValue{t=0x12/d=0x0 a=2 r=0x7f0f0091}
W/Resources(21377): Converting to string: TypedValue{t=0x1d/d=0xffeeeeee a=2 r=0x7f09009e}
W/Resources(21377): Converting to string: TypedValue{t=0x5/d=0x401 a=2 r=0x7f0a0039}
W/Resources(21377): Converting to string: TypedValue{t=0x5/d=0x401 a=2 r=0x7f0a0039}
D/UrlProducer(21377): Articles URL requested: http://api.gannett-cdn.com/mobilefeeds/fronts/v1/home_mobile/?siteId=1&hls=false&api_key=euc4uvhentf8r3dgt69483ad
