W/Resources(22255): Converting to string: TypedValue{t=0x5/d=0x401 a=2 r=0x7f0a005e}
W/Resources(22255): Converting to string: TypedValue{t=0x5/d=0x1001 a=2 r=0x7f0a0060}
W/Resources(22255): Converting to string: TypedValue{t=0x5/d=0x1001 a=2 r=0x7f0a0060}
W/Resources(22255): Converting to string: TypedValue{t=0x5/d=0x1001 a=2 r=0x7f0a0060}
W/Resources(22255): Converting to string: TypedValue{t=0x12/d=0x0 a=2 r=0x7f0b0151}
W/Resources(22255): Converting to string: TypedValue{t=0x5/d=0x1001 a=2 r=0x7f0a0068}
W/Resources(22255): Converting to string: TypedValue{t=0x5/d=0x401 a=2 r=0x7f0a005e}
W/Resources(22255): Converting to string: TypedValue{t=0x12/d=0x0 a=2 r=0x7f0b013c}
W/Resources(22255): Converting to string: TypedValue{t=0x5/d=0x1001 a=2 r=0x7f0a0068}
W/Resources(22255): Converting to string: TypedValue{t=0x5/d=0x1101 a=2 r=0x7f0a0084}
W/Resources(22255): Converting to string: TypedValue{t=0x12/d=0x0 a=2 r=0x7f0b0074}
V/MinimogrifierUtils(22255): resized image URL: http://www.gannett-cdn.com/-mm-/12c609ff3e2c8a97569c6206d48e27fecbce3aef/c=0-4-2269-1706&r=1200x900&q=80/local/-/media/2015/05/19/Brevard/B9317404990Z.1_20150519110837_000_GQHAR6GL8.1-0.jpg
W/Resources(22255): Converting to string: TypedValue{t=0x12/d=0x0 a=2 r=0x7f0b01d9}
W/Resources(22255): Converting to string: TypedValue{t=0x1d/d=0xffeeeeee a=2 r=0x7f0900cd}
W/Resources(22255): Converting to string: TypedValue{t=0x5/d=0x1001 a=2 r=0x7f0a0060}
W/Resources(22255): Converting to string: TypedValue{t=0x5/d=0xc01 a=2 r=0x7f0a005d}
W/Resources(22255): Converting to string: TypedValue{t=0x5/d=0x801 a=2 r=0x7f0a005c}
W/Resources(22255): Converting to string: TypedValue{t=0x12/d=0x0 a=2 r=0x7f0b01da}
W/Resources(22255): Converting to string: TypedValue{t=0x5/d=0x801 a=2 r=0x7f0a005c}
W/Resources(22255): Converting to string: TypedValue{t=0x5/d=0x1001 a=2 r=0x7f0a0060}
W/Resources(22255): Converting to string: TypedValue{t=0x12/d=0x0 a=2 r=0x7f0b0213}
D/ADBMobile(22255): ADBMobile Debug : Analytics - Attempting to send request parameters(97427311?AQB=1&ndh=1&ce=UTF-8&c.&a.&DeviceName=Nexus%207&OSVersion=Android%205.1.1&Resolution=1200x1824&AppID=Florida%20Today%202.7.2.1%20%2852%29&.a&gnt.&Orientation=portrait&prefs.&PushSegments=bknews%7Cnews%7Csports%7Centertainment%7Cweather%7Ctraffic%7Cnull&.prefs&MarketName=gpapermobile114&quietTime=10%3A00pm%7C07%3A00am&ProductName=uscpnativenewsandroid%20for%20Android%20Tablet&ssts.&Section=Home&Subsection=Top%20Stories&.ssts&Location=38.9327143%7C-77.2174883&zag.&zip=22102&.zag&ContentType=sectionfront&TimeValue=11%3A30AM&.gnt&.c&t=00%2F00%2F0000%2000%3A00%3A00%200%20240&pageName=Home%7CTop%20Stories%7Cindex&aid=2B5CDEE80D2F4E87-2E535F9A5376B7E5&AQE=1)
W/Resources(22255): Converting to string: TypedValue{t=0x12/d=0x0 a=2 r=0x7f0b0214}
W/Resources(22255): Converting to string: TypedValue{t=0x12/d=0x0 a=2 r=0x7f0b017c}
I/dex2oat (22395): /system/bin/dex2oat --runtime-arg -classpath --runtime-arg  --instruction-set=arm --instruction-set-features=div --runtime-arg -Xrelocate --boot-image=/system/framework/boot.art --dex-file=/data/data/com.gannett.local.library.news.floridatoday/cache/ads-919242684.jar --oat-fd=73 --oat-location=/data/data/com.gannett.local.library.news.floridatoday/cache/ads-919242684.dex --runtime-arg -Xms64m --runtime-arg -Xmx512m
W/Resources(22255): Converting to string: TypedValue{t=0x12/d=0x0 a=2 r=0x7f0b0215}
W/Resources(22255): Converting to string: TypedValue{t=0x12/d=0x0 a=2 r=0x7f0b01db}
D/UrlProducer(22255): Weather URL requested: http://api.gannett-cdn.com/internal/weather/V5/accuweather/data/location/332282?LanguageId=1&Metric=false&format=json&api_key=7zh2888dfxtnttmpkq8wmj78
W/Resources(22255): Converting to string: TypedValue{t=0x1c/d=0x0 a=1 r=0x106000d}
W/Resources(22255): Converting to string: TypedValue{t=0x12/d=0x0 a=2 r=0x7f0b013b}
W/Resources(22255): Converting to string: TypedValue{t=0x5/d=0x1001 a=2 r=0x7f0a0060}
W/Resources(22255): Converting to string: TypedValue{t=0x5/d=0x801 a=2 r=0x7f0a005c}
W/Resources(22255): Converting to string: TypedValue{t=0x5/d=0x1001 a=2 r=0x7f0a0060}
W/Resources(22255): Converting to string: TypedValue{t=0x5/d=0x801 a=2 r=0x7f0a005c}
W/Resources(22255): Converting to string: TypedValue{t=0x5/d=0x3001 a=2 r=0x7f0a0066}
W/Resources(22255): Converting to string: TypedValue{t=0x12/d=0x0 a=2 r=0x7f0b0077}
W/Resources(22255): Converting to string: TypedValue{t=0x12/d=0x0 a=2 r=0x7f0b0071}
W/Resources(22255): Converting to string: TypedValue{t=0x1d/d=0xffc8c8c8 a=2 r=0x7f090019}
W/Resources(22255): Converting to string: TypedValue{t=0x5/d=0x5a01 a=2 r=0x7f0a0038}
W/Resources(22255): Converting to string: TypedValue{t=0x12/d=0x0 a=2 r=0x7f0b0116}
W/Resources(22255): Converting to string: TypedValue{t=0x12/d=0x0 a=2 r=0x7f0b013c}
W/Resources(22255): Converting to string: TypedValue{t=0x12/d=0x0 a=2 r=0x7f0b0074}
W/Resources(22255): Converting to string: TypedValue{t=0x12/d=0x0 a=2 r=0x7f0b0117}
W/Resources(22255): Converting to string: TypedValue{t=0x5/d=0x1001 a=2 r=0x7f0a0060}
W/Resources(22255): Converting to string: TypedValue{t=0x5/d=0x1001 a=2 r=0x7f0a0060}
V/MinimogrifierUtils(22255): resized image URL: http://www.gannett-cdn.com/-mm-/df0d6ef17225c96fa611fb189e2eeba8d52198f7/c=216-0-3672-2592&r=228x168&q=80/local/-/media/2015/05/18/Brevard/B9317397221Z.1_20150518170838_000_GDRAQVJC3.1-0.jpg
W/Resources(22255): Converting to string: TypedValue{t=0x1c/d=0x0 a=1 r=0x106000d}
W/Resources(22255): Converting to string: TypedValue{t=0x12/d=0x0 a=2 r=0x7f0b013b}
W/Resources(22255): Converting to string: TypedValue{t=0x5/d=0x1001 a=2 r=0x7f0a0060}
W/Resources(22255): Converting to string: TypedValue{t=0x5/d=0x801 a=2 r=0x7f0a005c}
W/Resources(22255): Converting to string: TypedValue{t=0x5/d=0x1001 a=2 r=0x7f0a0060}
W/Resources(22255): Converting to string: TypedValue{t=0x5/d=0x801 a=2 r=0x7f0a005c}
W/Resources(22255): Converting to string: TypedValue{t=0x5/d=0x3001 a=2 r=0x7f0a0066}
W/Resources(22255): Converting to string: TypedValue{t=0x12/d=0x0 a=2 r=0x7f0b0077}
W/Resources(22255): Converting to string: TypedValue{t=0x12/d=0x0 a=2 r=0x7f0b0071}
W/Resources(22255): Converting to string: TypedValue{t=0x1d/d=0xffc8c8c8 a=2 r=0x7f090019}
W/Resources(22255): Converting to string: TypedValue{t=0x5/d=0x5a01 a=2 r=0x7f0a0038}
W/Resources(22255): Converting to string: TypedValue{t=0x12/d=0x0 a=2 r=0x7f0b0116}
W/Resources(22255): Converting to string: TypedValue{t=0x12/d=0x0 a=2 r=0x7f0b013c}
W/Resources(22255): Converting to string: TypedValue{t=0x12/d=0x0 a=2 r=0x7f0b0074}
W/Resources(22255): Converting to string: TypedValue{t=0x12/d=0x0 a=2 r=0x7f0b0117}
W/Resources(22255): Converting to string: TypedValue{t=0x5/d=0x1001 a=2 r=0x7f0a0060}
W/Resources(22255): Converting to string: TypedValue{t=0x5/d=0x1001 a=2 r=0x7f0a0060}
V/MinimogrifierUtils(22255): resized image URL: http://www.gannett-cdn.com/-mm-/b8bc674f865505d2e2ed2537484699d7df30407b/c=256-0-2304-1536&r=228x168&q=80/local/-/media/2015/05/19/Brevard/B9317404807Z.1_20150519094335_000_GMSAR5NFB.1-0.jpg
W/Resources(22255): Converting to string: TypedValue{t=0x1c/d=0x0 a=1 r=0x106000d}
W/Resources(22255): Converting to string: TypedValue{t=0x12/d=0x0 a=2 r=0x7f0b013b}
W/Resources(22255): Converting to string: TypedValue{t=0x5/d=0x1001 a=2 r=0x7f0a0060}
W/Resources(22255): Converting to string: TypedValue{t=0x5/d=0x801 a=2 r=0x7f0a005c}
W/Resources(22255): Converting to string: TypedValue{t=0x5/d=0x1001 a=2 r=0x7f0a0060}
W/Resources(22255): Converting to string: TypedValue{t=0x5/d=0x801 a=2 r=0x7f0a005c}
W/Resources(22255): Converting to string: TypedValue{t=0x5/d=0x3001 a=2 r=0x7f0a0066}
W/Resources(22255): Converting to string: TypedValue{t=0x12/d=0x0 a=2 r=0x7f0b0077}
W/Resources(22255): Converting to string: TypedValue{t=0x12/d=0x0 a=2 r=0x7f0b0071}
W/Resources(22255): Converting to string: TypedValue{t=0x1d/d=0xffc8c8c8 a=2 r=0x7f090019}
W/Resources(22255): Converting to string: TypedValue{t=0x5/d=0x5a01 a=2 r=0x7f0a0038}
W/Resources(22255): Converting to string: TypedValue{t=0x12/d=0x0 a=2 r=0x7f0b0116}
I/dex2oat (22395): dex2oat took 67.474ms (threads: 4) arena alloc=75KB java alloc=10KB native alloc=1221KB free=6MB
W/Resources(22255): Converting to string: TypedValue{t=0x12/d=0x0 a=2 r=0x7f0b013c}
W/Resources(22255): Converting to string: TypedValue{t=0x12/d=0x0 a=2 r=0x7f0b0074}
W/Resources(22255): Converting to string: TypedValue{t=0x12/d=0x0 a=2 r=0x7f0b0117}
W/Resources(22255): Converting to string: TypedValue{t=0x5/d=0x1001 a=2 r=0x7f0a0060}
W/Resources(22255): Converting to string: TypedValue{t=0x5/d=0x1001 a=2 r=0x7f0a0060}
V/MinimogrifierUtils(22255): resized image URL: http://www.gannett-cdn.com/-mm-/5e558d0d90affd78376656bbf1d6ebde65207eca/c=285-0-3001-2037&r=228x168&q=80/local/-/media/2015/05/15/Brevard/B9317361315Z.1_20150515114203_000_GCFAPU6P1.1-0.jpg
D/ADBMobile(22255): ADBMobile Debug : Analytics - Network status changed (reachable)
I/ViewInteraction(22255): Performing 'single click' action on view (with id: com.gannett.local.library.news.floridatoday:id/headlineTitle and with text: is "Lockheed considers 300-employee expansion in Titusville")
D/ADBMobile(22255): ADBMobile Debug : Analytics - Request Sent(http://repdata.floridatoday.com/b/ss/gpapermobile114/0/JAVA-4.1.7-AN/s97427311?AQB=1&ndh=1&ce=UTF-8&c.&a.&DeviceName=Nexus%207&OSVersion=Android%205.1.1&Resolution=1200x1824&AppID=Florida%20Today%202.7.2.1%20%2852%29&.a&gnt.&Orientation=portrait&prefs.&PushSegments=bknews%7Cnews%7Csports%7Centertainment%7Cweather%7Ctraffic%7Cnull&.prefs&MarketName=gpapermobile114&quietTime=10%3A00pm%7C07%3A00am&ProductName=uscpnativenewsandroid%20for%20Android%20Tablet&ssts.&Section=Home&Subsection=Top%20Stories&.ssts&Location=38.9327143%7C-77.2174883&zag.&zip=22102&.zag&ContentType=sectionfront&TimeValue=11%3A30AM&.gnt&.c&t=00%2F00%2F0000%2000%3A00%3A00%200%20240&pageName=Home%7CTop%20Stories%7Cindex&aid=2B5CDEE80D2F4E87-2E535F9A5376B7E5&AQE=1)
D/Transform(22255): BreakingNewsModule: com.gannett.android.exceptions.InvalidEntityException: no items
D/Transform(22255): BreakingNewsFeedImpl: com.gannett.android.exceptions.InvalidEntityException: no module
D/BreakingNewsRetriever(22255): onError() com.gannett.android.exceptions.EmptyFeedException: Unrecoverable transform error deserializing BreakingNewsFeedImpl
W/Resources(22255): Converting to string: TypedValue{t=0x12/d=0x0 a=2 r=0x7f0b0152}
W/Resources(22255): Converting to string: TypedValue{t=0x1d/d=0xfff5f5f5 a=2 r=0x7f090009}
D/UrlProducer(22255): Articles URL requested: http://api.gannett-cdn.com/mobilefeeds/fronts/v1/home_tablet/?siteId=123&hls=false&api_key=euc4uvhentf8r3dgt69483ad
D/UrlProducer(22255): Breaking News URL requested: http://api.gannett-cdn.com/mobilefeeds/breakingnews/v1/mobile/?siteId=123&api_key=euc4uvhentf8r3dgt69483ad
D/audio_hw_primary(  184): select_devices: out_snd_device(2: speaker) in_snd_device(0: none)
D/ACDB-LOADER(  184): ACDB -> send_afe_cal
D/audio_hw_primary(  184): enable_snd_device: snd_device(2: speaker)
D/UserEdManager(22255): tryDisplayUserEd
D/UserEdManager(22255): hideAndResetUserEd
D/audio_hw_primary(  184): enable_audio_route: apply and update mixer path: low-latency-playback
W/Resources(22255): Converting to string: TypedValue{t=0x12/d=0x0 a=2 r=0x7f0b0106}
W/Resources(22255): Converting to string: TypedValue{t=0x12/d=0x0 a=2 r=0x7f0b0107}
W/Resources(22255): Converting to string: TypedValue{t=0x12/d=0x0 a=2 r=0x7f0b0108}
W/Resources(22255): Converting to string: TypedValue{t=0x12/d=0x0 a=2 r=0x7f0b0109}
W/Resources(22255): Converting to string: TypedValue{t=0x12/d=0x0 a=2 r=0x7f0b010a}
W/Resources(22255): Converting to string: TypedValue{t=0x12/d=0x0 a=2 r=0x7f0b010b}
W/Resources(22255): Converting to string: TypedValue{t=0x12/d=0x0 a=2 r=0x7f0b010c}
W/Resources(22255): Converting to string: TypedValue{t=0x12/d=0x0 a=2 r=0x7f0b010d}
W/Resources(22255): Converting to string: TypedValue{t=0x12/d=0x0 a=2 r=0x7f0b010e}
W/art     (22255): Attempt to remove local handle scope entry from IRT, ignoring
W/AwContents(22255): onDetachedFromWindow called when already detached. Ignoring
W/Resources(22255): Converting to string: TypedValue{t=0x12/d=0x0 a=2 r=0x7f0b010f}
W/Resources(22255): Converting to string: TypedValue{t=0x1d/d=0xff9f9f9f a=2 r=0x7f09008e}
W/art     (22255): Attempt to remove local handle scope entry from IRT, ignoring
W/art     (22255): Attempt to remove local handle scope entry from IRT, ignoring
W/Resources(22255): Converting to string: TypedValue{t=0x12/d=0x0 a=2 r=0x7f0b0106}
W/Resources(22255): Converting to string: TypedValue{t=0x12/d=0x0 a=2 r=0x7f0b0107}
W/Resources(22255): Converting to string: TypedValue{t=0x12/d=0x0 a=2 r=0x7f0b0108}
W/Resources(22255): Converting to string: TypedValue{t=0x12/d=0x0 a=2 r=0x7f0b0109}
W/Resources(22255): Converting to string: TypedValue{t=0x12/d=0x0 a=2 r=0x7f0b010a}
W/Resources(22255): Converting to string: TypedValue{t=0x12/d=0x0 a=2 r=0x7f0b010b}
W/Resources(22255): Converting to string: TypedValue{t=0x12/d=0x0 a=2 r=0x7f0b010c}
W/Resources(22255): Converting to string: TypedValue{t=0x12/d=0x0 a=2 r=0x7f0b010d}
W/Resources(22255): Converting to string: TypedValue{t=0x12/d=0x0 a=2 r=0x7f0b010e}
W/art     (22255): Attempt to remove local handle scope entry from IRT, ignoring
W/AwContents(22255): onDetachedFromWindow called when already detached. Ignoring
W/Resources(22255): Converting to string: TypedValue{t=0x12/d=0x0 a=2 r=0x7f0b010f}
W/Resources(22255): Converting to string: TypedValue{t=0x1d/d=0xff9f9f9f a=2 r=0x7f09008e}
W/art     (22255): Attempt to remove local handle scope entry from IRT, ignoring
W/art     (22255): Attempt to remove local handle scope entry from IRT, ignoring
V/MinimogrifierUtils(22255): resized image URL: http://www.gannett-cdn.com/-mm-/44ff0c1ad4833653a063713f47c65a46536c7313/c=0-217-2269-1493&r=550x309&q=80/local/-/media/2015/05/19/Brevard/B9317404990Z.1_20150519110837_000_GQHAR6GL8.1-0.jpg
D/AdConfigurationImpl(22255): lookingFor: article_banner_top, found: article_banner_top
D/AdConfigurationImpl(22255): lookingFor: article_banner_top, found: article_banner_bottom
D/AdConfigurationImpl(22255): lookingFor: article_banner_bottom, found: article_banner_bottom
D/AdConfigurationImpl(22255): lookingFor: article_banner_top, found: article_banner_top
D/ADBMobile(22255): ADBMobile Debug : Analytics - Attempting to send request parameters(756619?AQB=1&ndh=1&ce=UTF-8&c.&a.&DeviceName=Nexus%207&OSVersion=Android%205.1.1&Resolution=1200x1824&AppID=Florida%20Today%202.7.2.1%20%2852%29&.a&gnt.&prefs.&PushSegments=bknews%7Cnews%7Csports%7Centertainment%7Cweather%7Ctraffic%7Cnull&.prefs&MarketName=gpapermobile114&ProductName=uscpnativenewsandroid%20for%20Android%20Tablet&ssts.&Section=News&Subsection=local&.ssts&smartEmbedCt=1&Byline=Dave%20Berman%20and%20Wayne%20T.%20Price%2C%20FLORIDA%20TODAY&ContentType=article&TimeValue=11%3A30AM&Orientation=portrait&Title=Lockheed%20considers%20Titusville%20expansion&smartEmbedInternalCt=1&quietTime=10%3A00pm%7C07%3A00am&ContentId=27577643&Location=38.9327143%7C-77.2174883&zag.&zip=22102&.zag&smartEmbedExternalCt=0&.gnt&.c&t=00%2F00%2F0000%2000%3A00%3A00%200%20240&pageName=Lockheed%20considers%20Titusville%20expansion&aid=2B5CDEE80D2F4E87-2E535F9A5376B7E5&AQE=1)
D/AdConfigurationImpl(22255): lookingFor: article_banner_top, found: article_banner_top
W/Resources(22255): Converting to string: TypedValue{t=0x12/d=0x0 a=2 r=0x7f0b00d9}
W/Resources(22255): Converting to string: TypedValue{t=0x12/d=0x0 a=2 r=0x7f0b009a}
W/Resources(22255): Converting to string: TypedValue{t=0x12/d=0x0 a=2 r=0x7f0b00d6}
W/Resources(22255): Converting to string: TypedValue{t=0x1c/d=0x33b0b0b0 a=2 r=0x7f090008}
W/Resources(22255): Converting to string: TypedValue{t=0x12/d=0x0 a=2 r=0x7f0b00d7}
W/Resources(22255): Converting to string: TypedValue{t=0x1c/d=0x33b0b0b0 a=2 r=0x7f090008}
W/art     (22255): Attempt to remove local handle scope entry from IRT, ignoring
W/AwContents(22255): onDetachedFromWindow called when already detached. Ignoring
W/Resources(22255): Converting to string: TypedValue{t=0x12/d=0x0 a=2 r=0x7f0b00d8}
W/Resources(22255): Converting to string: TypedValue{t=0x1c/d=0x33b0b0b0 a=2 r=0x7f090008}
W/art     (22255): Attempt to remove local handle scope entry from IRT, ignoring
D/ADBMobile(22255): ADBMobile Debug : Analytics - Request Sent(http://repdata.floridatoday.com/b/ss/gpapermobile114/0/JAVA-4.1.7-AN/s756619?AQB=1&ndh=1&ce=UTF-8&c.&a.&DeviceName=Nexus%207&OSVersion=Android%205.1.1&Resolution=1200x1824&AppID=Florida%20Today%202.7.2.1%20%2852%29&.a&gnt.&prefs.&PushSegments=bknews%7Cnews%7Csports%7Centertainment%7Cweather%7Ctraffic%7Cnull&.prefs&MarketName=gpapermobile114&ProductName=uscpnativenewsandroid%20for%20Android%20Tablet&ssts.&Section=News&Subsection=local&.ssts&smartEmbedCt=1&Byline=Dave%20Berman%20and%20Wayne%20T.%20Price%2C%20FLORIDA%20TODAY&ContentType=article&TimeValue=11%3A30AM&Orientation=portrait&Title=Lockheed%20considers%20Titusville%20expansion&smartEmbedInternalCt=1&quietTime=10%3A00pm%7C07%3A00am&ContentId=27577643&Location=38.9327143%7C-77.2174883&zag.&zip=22102&.zag&smartEmbedExternalCt=0&.gnt&.c&t=00%2F00%2F0000%2000%3A00%3A00%200%20240&pageName=Lockheed%20considers%20Titusville%20expansion&aid=2B5CDEE80D2F4E87-2E535F9A5376B7E5&AQE=1)
W/AwContents(22255): onDetachedFromWindow called when already detached. Ignoring
D/AdConfigurationImpl(22255): lookingFor: article_banner_top, found: article_banner_top
D/Ads     (22255): Ads: Params: latitude=38.92041482;series=;ver=2.7.2.1;title=Lockheed considers Titusville expansion;topic=;longitude=-77.22110591;pageType=front;androidid=b20c3623-9a28-4594-844b-acc8da859575;
I/Ads     (22255): Starting ad request.
I/Ads     (22255): Use AdRequest.Builder.addTestDevice("07C3BD1FC97B8BD363E7086452B8BB2A") to get test ads on this device.
I/Ads     (22255): Please set theme of AdActivity to @android:style/Theme.Translucent to enable transparent background interstitial ad.
D/DfpAdRetriever(22255): AD_REQUEST::Article::/7103/fl-brevard-mobile-C1028/android_tablet_app-article_banner_top/news/local:: Size = 300x250::AWS::news/local
D/AdConfigurationImpl(22255): lookingFor: article_banner_top, found: article_banner_bottom
D/AdConfigurationImpl(22255): lookingFor: article_banner_bottom, found: article_banner_bottom
D/AdConfigurationImpl(22255): lookingFor: article_banner_top, found: article_banner_bottom
D/AdConfigurationImpl(22255): lookingFor: article_banner_bottom, found: article_banner_bottom
W/Resources(22255): Converting to string: TypedValue{t=0x12/d=0x0 a=2 r=0x7f0b00d9}
W/Resources(22255): Converting to string: TypedValue{t=0x12/d=0x0 a=2 r=0x7f0b009a}
W/Resources(22255): Converting to string: TypedValue{t=0x12/d=0x0 a=2 r=0x7f0b00d6}
W/Resources(22255): Converting to string: TypedValue{t=0x1c/d=0x33b0b0b0 a=2 r=0x7f090008}
W/Resources(22255): Converting to string: TypedValue{t=0x12/d=0x0 a=2 r=0x7f0b00d7}
W/Resources(22255): Converting to string: TypedValue{t=0x1c/d=0x33b0b0b0 a=2 r=0x7f090008}
W/art     (22255): Attempt to remove local handle scope entry from IRT, ignoring
W/AwContents(22255): onDetachedFromWindow called when already detached. Ignoring
W/Resources(22255): Converting to string: TypedValue{t=0x12/d=0x0 a=2 r=0x7f0b00d8}
W/Resources(22255): Converting to string: TypedValue{t=0x1c/d=0x33b0b0b0 a=2 r=0x7f090008}
W/art     (22255): Attempt to remove local handle scope entry from IRT, ignoring
W/AwContents(22255): onDetachedFromWindow called when already detached. Ignoring
D/AdConfigurationImpl(22255): lookingFor: article_banner_top, found: article_banner_bottom
D/AdConfigurationImpl(22255): lookingFor: article_banner_bottom, found: article_banner_bottom
D/Ads     (22255): Ads: Params: latitude=38.92041482;series=;ver=2.7.2.1;title=Lockheed considers Titusville expansion;topic=;longitude=-77.22110591;pageType=front;androidid=b20c3623-9a28-4594-844b-acc8da859575;
I/Ads     (22255): Starting ad request.
I/Ads     (22255): Use AdRequest.Builder.addTestDevice("07C3BD1FC97B8BD363E7086452B8BB2A") to get test ads on this device.
I/Ads     (22255): Please set theme of AdActivity to @android:style/Theme.Translucent to enable transparent background interstitial ad.
D/DfpAdRetriever(22255): AD_REQUEST::Article::/7103/fl-brevard-mobile-C1028/android_tablet_app-article_banner_bottom/news/local:: Size = 300x250::AWS::news/local
V/MinimogrifierUtils(22255): resized image URL: http://www.gannett-cdn.com/-mm-/4417ad8e6b236f5453577a1bdc466283c00af8c9/c=0-202-3888-2389&r=550x309&q=80/local/-/media/2015/05/18/Brevard/B9317397221Z.1_20150518170838_000_GDRAQVJC3.1-0.jpg
D/AdConfigurationImpl(22255): lookingFor: article_banner_top, found: article_banner_top
D/AdConfigurationImpl(22255): lookingFor: article_banner_top, found: article_banner_bottom
D/AdConfigurationImpl(22255): lookingFor: article_banner_bottom, found: article_banner_bottom
D/AdConfigurationImpl(22255): lookingFor: article_banner_top, found: article_banner_top
D/AdConfigurationImpl(22255): lookingFor: article_banner_top, found: article_banner_top
W/Resources(22255): Converting to string: TypedValue{t=0x12/d=0x0 a=2 r=0x7f0b00d9}
W/Resources(22255): Converting to string: TypedValue{t=0x12/d=0x0 a=2 r=0x7f0b009a}
W/Resources(22255): Converting to string: TypedValue{t=0x12/d=0x0 a=2 r=0x7f0b00d6}
W/Resources(22255): Converting to string: TypedValue{t=0x1c/d=0x33b0b0b0 a=2 r=0x7f090008}
W/Resources(22255): Converting to string: TypedValue{t=0x12/d=0x0 a=2 r=0x7f0b00d7}
W/Resources(22255): Converting to string: TypedValue{t=0x1c/d=0x33b0b0b0 a=2 r=0x7f090008}
W/art     (22255): Attempt to remove local handle scope entry from IRT, ignoring
W/AwContents(22255): onDetachedFromWindow called when already detached. Ignoring
W/Resources(22255): Converting to string: TypedValue{t=0x12/d=0x0 a=2 r=0x7f0b00d8}
W/Resources(22255): Converting to string: TypedValue{t=0x1c/d=0x33b0b0b0 a=2 r=0x7f090008}
W/art     (22255): Attempt to remove local handle scope entry from IRT, ignoring
W/AwContents(22255): onDetachedFromWindow called when already detached. Ignoring
D/AdConfigurationImpl(22255): lookingFor: article_banner_top, found: article_banner_top
D/Ads     (22255): Ads: Params: latitude=38.92041482;series=;ver=2.7.2.1;title=Torres: Books fostered love of library;topic=;longitude=-77.22110591;pageType=front;androidid=b20c3623-9a28-4594-844b-acc8da859575;
I/Ads     (22255): Starting ad request.
I/Ads     (22255): Use AdRequest.Builder.addTestDevice("07C3BD1FC97B8BD363E7086452B8BB2A") to get test ads on this device.
I/Ads     (22255): Please set theme of AdActivity to @android:style/Theme.Translucent to enable transparent background interstitial ad.
D/DfpAdRetriever(22255): AD_REQUEST::Article::/7103/fl-brevard-mobile-C1028/android_tablet_app-article_banner_top/news/local:: Size = 300x250::AWS::news/local
D/AdConfigurationImpl(22255): lookingFor: article_banner_top, found: article_banner_bottom
D/AdConfigurationImpl(22255): lookingFor: article_banner_bottom, found: article_banner_bottom
D/AdConfigurationImpl(22255): lookingFor: article_banner_top, found: article_banner_bottom
D/AdConfigurationImpl(22255): lookingFor: article_banner_bottom, found: article_banner_bottom
W/Resources(22255): Converting to string: TypedValue{t=0x12/d=0x0 a=2 r=0x7f0b00d9}
W/Resources(22255): Converting to string: TypedValue{t=0x12/d=0x0 a=2 r=0x7f0b009a}
W/Resources(22255): Converting to string: TypedValue{t=0x12/d=0x0 a=2 r=0x7f0b00d6}
W/Resources(22255): Converting to string: TypedValue{t=0x1c/d=0x33b0b0b0 a=2 r=0x7f090008}
W/Resources(22255): Converting to string: TypedValue{t=0x12/d=0x0 a=2 r=0x7f0b00d7}
W/Resources(22255): Converting to string: TypedValue{t=0x1c/d=0x33b0b0b0 a=2 r=0x7f090008}
W/art     (22255): Attempt to remove local handle scope entry from IRT, ignoring
W/AwContents(22255): onDetachedFromWindow called when already detached. Ignoring
W/Resources(22255): Converting to string: TypedValue{t=0x12/d=0x0 a=2 r=0x7f0b00d8}
W/Resources(22255): Converting to string: TypedValue{t=0x1c/d=0x33b0b0b0 a=2 r=0x7f090008}
W/art     (22255): Attempt to remove local handle scope entry from IRT, ignoring
W/AwContents(22255): onDetachedFromWindow called when already detached. Ignoring
D/AdConfigurationImpl(22255): lookingFor: article_banner_top, found: article_banner_bottom
D/AdConfigurationImpl(22255): lookingFor: article_banner_bottom, found: article_banner_bottom
D/Ads     (22255): Ads: Params: latitude=38.92041482;series=;ver=2.7.2.1;title=Torres: Books fostered love of library;topic=;longitude=-77.22110591;pageType=front;androidid=b20c3623-9a28-4594-844b-acc8da859575;
I/Ads     (22255): Starting ad request.
I/Ads     (22255): Use AdRequest.Builder.addTestDevice("07C3BD1FC97B8BD363E7086452B8BB2A") to get test ads on this device.
I/Ads     (22255): Please set theme of AdActivity to @android:style/Theme.Translucent to enable transparent background interstitial ad.
D/DfpAdRetriever(22255): AD_REQUEST::Article::/7103/fl-brevard-mobile-C1028/android_tablet_app-article_banner_bottom/news/local:: Size = 300x250::AWS::news/local
W/BindingManager(22255): Cannot call determinedVisibility() - never saw a connection for the pid: 22255
W/BindingManager(22255): Cannot call determinedVisibility() - never saw a connection for the pid: 22255
I/ViewInteraction(22255): Performing 'fast swipe' action on view with text: is "Lockheed considers 300-employee expansion in Titusville"
I/chromium(22255): [INFO:CONSOLE(221)] "[object Object]", source: file:///android_asset/js/gd.js (221)
I/chromium(22255): [INFO:CONSOLE(0)] "The 'overflowchanged' event is deprecated and may be removed. Please do not use it.", source:  (0)
D/ADBMobile(22255): ADBMobile Debug : Analytics - Attempting to send request parameters(21292026?AQB=1&ndh=1&ce=UTF-8&pev2=AMACTION%3Aarticleswipe%7Cnext&c.&a.&DeviceName=Nexus%207&OSVersion=Android%205.1.1&Resolution=1200x1824&action=articleswipe%7Cnext&AppID=Florida%20Today%202.7.2.1%20%2852%29&.a&gnt.&MarketName=gpapermobile114&ProductName=uscpnativenewsandroid%20for%20Android%20Tablet&Orientation=portrait&TimeValue=11%3A30AM&.gnt&.c&t=00%2F00%2F0000%2000%3A00%3A00%200%20240&pageName=Florida%20Today%202.7.2.1%20%2852%29&aid=2B5CDEE80D2F4E87-2E535F9A5376B7E5&pe=lnk_o&AQE=1)
D/ADBMobile(22255): ADBMobile Debug : Analytics - Request Sent(http://repdata.floridatoday.com/b/ss/gpapermobile114/0/JAVA-4.1.7-AN/s21292026?AQB=1&ndh=1&ce=UTF-8&pev2=AMACTION%3Aarticleswipe%7Cnext&c.&a.&DeviceName=Nexus%207&OSVersion=Android%205.1.1&Resolution=1200x1824&action=articleswipe%7Cnext&AppID=Florida%20Today%202.7.2.1%20%2852%29&.a&gnt.&MarketName=gpapermobile114&ProductName=uscpnativenewsandroid%20for%20Android%20Tablet&Orientation=portrait&TimeValue=11%3A30AM&.gnt&.c&t=00%2F00%2F0000%2000%3A00%3A00%200%20240&pageName=Florida%20Today%202.7.2.1%20%2852%29&aid=2B5CDEE80D2F4E87-2E535F9A5376B7E5&pe=lnk_o&AQE=1)
I/ConfigService(14012): onDestroy
D/BaseActivity(22255): onPause()
D/LifecycleMonitor(22255): Lifecycle status change: com.gannett.android.news.ui.activity.ActivityNews@2189028c in: PAUSED
D/ADBMobile(22255): ADBMobile Debug : Analytics - Attempting to send request parameters(49125623?AQB=1&ndh=1&ce=UTF-8&c.&a.&DeviceName=Nexus%207&OSVersion=Android%205.1.1&Resolution=1200x1824&AppID=Florida%20Today%202.7.2.1%20%2852%29&.a&gnt.&prefs.&PushSegments=bknews%7Cnews%7Csports%7Centertainment%7Cweather%7Ctraffic%7Cnull&.prefs&MarketName=gpapermobile114&ProductName=uscpnativenewsandroid%20for%20Android%20Tablet&ssts.&Section=News&Subsection=local&.ssts&smartEmbedCt=1&Byline=%20John%20A.%20Torres%2C%20FLORIDA%20TODAY&ContentType=article&TimeValue=11%3A30AM&Orientation=portrait&Title=Torres%3A%20Books%20fostered%20love%20of%20library&smartEmbedInternalCt=1&quietTime=10%3A00pm%7C07%3A00am&ContentId=27547087&Location=38.9327143%7C-77.2174883&zag.&zip=22102&.zag&smartEmbedExternalCt=0&.gnt&.c&t=00%2F00%2F0000%2000%3A00%3A00%200%20240&pageName=Torres%3A%20Books%20fostered%20love%20of%20library&aid=2B5CDEE80D2F4E87-2E535F9A5376B7E5&AQE=1)
D/ADBMobile(22255): ADBMobile Debug : Analytics - Request Sent(http://repdata.floridatoday.com/b/ss/gpapermobile114/0/JAVA-4.1.7-AN/s49125623?AQB=1&ndh=1&ce=UTF-8&c.&a.&DeviceName=Nexus%207&OSVersion=Android%205.1.1&Resolution=1200x1824&AppID=Florida%20Today%202.7.2.1%20%2852%29&.a&gnt.&prefs.&PushSegments=bknews%7Cnews%7Csports%7Centertainment%7Cweather%7Ctraffic%7Cnull&.prefs&MarketName=gpapermobile114&ProductName=uscpnativenewsandroid%20for%20Android%20Tablet&ssts.&Section=News&Subsection=local&.ssts&smartEmbedCt=1&Byline=%20John%20A.%20Torres%2C%20FLORIDA%20TODAY&ContentType=article&TimeValue=11%3A30AM&Orientation=portrait&Title=Torres%3A%20Books%20fostered%20love%20of%20library&smartEmbedInternalCt=1&quietTime=10%3A00pm%7C07%3A00am&ContentId=27547087&Location=38.9327143%7C-77.2174883&zag.&zip=22102&.zag&smartEmbedExternalCt=0&.gnt&.c&t=00%2F00%2F0000%2000%3A00%3A00%200%20240&pageName=Torres%3A%20Books%20fostered%20love%20of%20library&aid=2B5CDEE80D2F4E87-2E535F9A5376B7E5&AQE=1)
I/art     (22255): Explicit concurrent mark sweep GC freed 27262(1428KB) AllocSpace objects, 11(555KB) LOS objects, 39% free, 17MB/29MB, paused 3.265ms total 117.095ms
I/art     (22255): Explicit concurrent mark sweep GC freed 3062(162KB) AllocSpace objects, 5(376KB) LOS objects, 40% free, 17MB/28MB, paused 2.136ms total 66.497ms
I/TestRunner(22255): finished: testArticleSwipe(com.gannett.android.news.features.ArticleTest)
I/MonitoringInstrumentation(22255): Activities that are still in CREATED to PAUSED: 1
I/TestRunner(22255): started: testBasicReaderAccess(com.gannett.android.news.features.ArticleTest)
D/BaseActivity(22255): onStop()
D/LifecycleMonitor(22255): Lifecycle status change: com.gannett.android.news.ui.activity.ActivityNews@2189028c in: STOPPED
D/UserEdManager(22255): hideAndResetUserEd
W/SurfaceFlinger(  179): couldn't log to binary event log: overflow.
D/LifecycleMonitor(22255): Lifecycle status change: com.gannett.android.news.ui.activity.ActivityNews@2189028c in: DESTROYED
I/chromium(22255): [INFO:CONSOLE(221)] "[object Object]", source: file:///android_asset/js/gd.js (221)
I/chromium(22255): [INFO:CONSOLE(0)] "The 'overflowchanged' event is deprecated and may be removed. Please do not use it.", source:  (0)
I/MonitoringInstrumentation(22255): Activities that are still in CREATED to PAUSED: 0
W/ScreenOrientationListener(22255): Removing an inexistent observer!
W/ScreenOrientationListener(22255): Removing an inexistent observer!
D/MonitoringInstrumentation(22255): execStartActivity(context, ibinder, ibinder, activity, intent, int, bundle
I/ActivityManager(  562): START u0 {flg=0x14000000 cmp=com.gannett.local.library.news.floridatoday/com.gannett.android.news.ui.activity.ActivityNews (has extras)} from uid 10200 on display 0
V/WindowManager(  562): addAppToken: AppWindowToken{ac0af42 token=Token{1e10618d ActivityRecord{375f9224 u0 com.gannett.local.library.news.floridatoday/com.gannett.android.news.ui.activity.ActivityNews t12416}}} to stack=1 task=12416 at 0
W/Resources(  562): Converting to string: TypedValue{t=0x12/d=0x0 a=1 r=0x1020378}
W/Resources(  562): Converting to string: TypedValue{t=0x12/d=0x0 a=1 r=0x1020379}
W/Resources(  562): Converting to string: TypedValue{t=0x1f/d=0xff222222 a=2 r=0x7f090006}
W/Resources(  562): Converting to string: TypedValue{t=0x12/d=0x0 a=1 r=0x102037a}
W/Resources(  562): Converting to string: TypedValue{t=0x1f/d=0xff222222 a=2 r=0x7f090006}
W/Resources(  562): Converting to string: TypedValue{t=0x12/d=0x0 a=1 r=0x10202b6}
W/Resources(  562): Converting to string: TypedValue{t=0x12/d=0x0 a=1 r=0x10202b7}
W/Resources(  562): Converting to string: TypedValue{t=0x12/d=0x0 a=1 r=0x102037b}
W/Resources(  562): Converting to string: TypedValue{t=0x12/d=0x0 a=1 r=0x102037c}
W/Resources(  562): Converting to string: TypedValue{t=0x1f/d=0xff222222 a=2 r=0x7f090006}
D/LifecycleMonitor(22255): Lifecycle status change: com.gannett.android.news.ui.activity.ActivityNews@16f5effd in: PRE_ON_CREATE
D/BaseActivity(22255): onCreate()
D/DEVICE INFO(22255): screenSize: large, dpiBucket: xhdpi
V/WindowManager(  562): Adding window Window{3298e49a u0 Starting com.gannett.local.library.news.floridatoday} at 7 of 13 (after Window{3126ed48 u0 com.android.settings/com.android.settings.SubSettings})
W/Resources(22255): Converting to string: TypedValue{t=0x12/d=0x0 a=1 r=0x1020378}
W/Resources(22255): Converting to string: TypedValue{t=0x12/d=0x0 a=1 r=0x1020379}
W/Resources(22255): Converting to string: TypedValue{t=0x1f/d=0xff222222 a=2 r=0x7f090006}
W/Resources(22255): Converting to string: TypedValue{t=0x12/d=0x0 a=1 r=0x102037a}
W/Resources(22255): Converting to string: TypedValue{t=0x1f/d=0xff222222 a=2 r=0x7f090006}
W/Resources(22255): Converting to string: TypedValue{t=0x12/d=0x0 a=1 r=0x10202b6}
W/Resources(22255): Converting to string: TypedValue{t=0x12/d=0x0 a=1 r=0x10202b7}
W/Resources(22255): Converting to string: TypedValue{t=0x12/d=0x0 a=1 r=0x102037b}
W/Resources(22255): Converting to string: TypedValue{t=0x12/d=0x0 a=1 r=0x102037c}
W/Resources(22255): Converting to string: TypedValue{t=0x1f/d=0xff222222 a=2 r=0x7f090006}
W/Resources(22255): Converting to string: TypedValue{t=0x12/d=0x0 a=2 r=0x7f0b01cc}
W/Resources(22255): Converting to string: TypedValue{t=0x12/d=0x0 a=2 r=0x7f0b01cd}
W/Resources(22255): Converting to string: TypedValue{t=0x12/d=0x0 a=2 r=0x7f0b01ce}
W/Resources(22255): Converting to string: TypedValue{t=0x1d/d=0xffffffff a=2 r=0x7f0900f6}
W/Resources(22255): Converting to string: TypedValue{t=0x12/d=0x0 a=2 r=0x7f0b0078}
W/Resources(22255): Converting to string: TypedValue{t=0x1c/d=0xff000000 a=1 r=0x106000c}
W/Resources(22255): Converting to string: TypedValue{t=0x12/d=0x0 a=2 r=0x7f0b009e}
W/Resources(22255): Converting to string: TypedValue{t=0x1c/d=0x0 a=1 r=0x106000d}
W/Resources(22255): Converting to string: TypedValue{t=0x12/d=0x0 a=2 r=0x7f0b0079}
W/Resources(22255): Converting to string: TypedValue{t=0x12/d=0x0 a=2 r=0x7f0b00e6}
W/Resources(22255): Converting to string: TypedValue{t=0x12/d=0x0 a=2 r=0x7f0b00e7}
W/Resources(22255): Converting to string: TypedValue{t=0x5/d=0xd01 a=2 r=0x7f0a0085}
W/Resources(22255): Converting to string: TypedValue{t=0x5/d=0xd01 a=2 r=0x7f0a0085}
W/Resources(22255): Converting to string: TypedValue{t=0x12/d=0x0 a=2 r=0x7f0b00e8}
W/Resources(22255): Converting to string: TypedValue{t=0x5/d=0x501 a=2 r=0x7f0a0043}
W/Resources(22255): Converting to string: TypedValue{t=0x12/d=0x0 a=2 r=0x7f0b009f}
W/Resources(22255): Converting to string: TypedValue{t=0x12/d=0x0 a=2 r=0x7f0b00a0}
W/Resources(22255): Converting to string: TypedValue{t=0x12/d=0x0 a=2 r=0x7f0b00a1}
W/Resources(  562): Converting to string: TypedValue{t=0x5/d=0x4001 a=1 r=0x1050051}
W/Resources(  562): Converting to string: TypedValue{t=0x5/d=0x3801 a=1 r=0x105003a}
D/LifecycleMonitor(22255): Lifecycle status change: com.gannett.android.news.ui.activity.ActivityNews@16f5effd in: CREATED
W/Resources(22255): Converting to string: TypedValue{t=0x12/d=0x0 a=2 r=0x7f0b0138}
W/Resources(22255): Converting to string: TypedValue{t=0x12/d=0x0 a=2 r=0x7f0b018e}
W/Resources(22255): Converting to string: TypedValue{t=0x12/d=0x0 a=2 r=0x7f0b018f}
W/art     (22255): Attempt to remove local handle scope entry from IRT, ignoring
W/AwContents(22255): onDetachedFromWindow called when already detached. Ignoring
W/Resources(22255): Converting to string: TypedValue{t=0x12/d=0x0 a=2 r=0x7f0b0190}
W/Resources(22255): Converting to string: TypedValue{t=0x12/d=0x0 a=2 r=0x7f0b0191}
W/Resources(22255): Converting to string: TypedValue{t=0x12/d=0x0 a=2 r=0x7f0b0192}
D/BaseActivity(22255): onStart()
D/returnToActivityHeadlinesTest(22255): tryReturnToActivityHeadlines(): this.autoNavToHome == true
D/UrlProducer(22255): Articles URL requested: http://api.gannett-cdn.com/mobilefeeds/fronts/v1/home_tablet/?siteId=123&hls=false&api_key=euc4uvhentf8r3dgt69483ad
W/Resources(22255): Converting to string: TypedValue{t=0x12/d=0x0 a=2 r=0x7f0b0139}
W/Resources(22255): Converting to string: TypedValue{t=0x1d/d=0xffffffff a=2 r=0x7f0900f6}
W/Resources(22255): Converting to string: TypedValue{t=0x12/d=0x0 a=2 r=0x7f0b013a}
W/Resources(22255): Converting to string: TypedValue{t=0x1d/d=0xffc6c9c9 a=2 r=0x7f0900d1}
W/Resources(22255): Converting to string: TypedValue{t=0x12/d=0x0 a=2 r=0x7f0b00cd}
W/Resources(22255): Converting to string: TypedValue{t=0x1d/d=0xffeeeeee a=2 r=0x7f0900cd}
W/Resources(22255): Converting to string: TypedValue{t=0x5/d=0x401 a=2 r=0x7f0a0069}
W/Resources(22255): Converting to string: TypedValue{t=0x5/d=0x401 a=2 r=0x7f0a0069}
D/UrlProducer(22255): Articles URL requested: http://api.gannett-cdn.com/mobilefeeds/fronts/v1/home_tablet/?siteId=123&hls=false&api_key=euc4uvhentf8r3dgt69483ad
D/AdConfigurationImpl(22255): lookingFor: article_banner_top, found: section_front
D/AdConfigurationImpl(22255): lookingFor: article_banner_bottom, found: section_front
D/AdConfigurationImpl(22255): lookingFor: section_front, found: section_front
W/Resources(22255): Converting to string: TypedValue{t=0x12/d=0x0 a=2 r=0x7f0b009a}
W/Resources(22255): Converting to string: TypedValue{t=0x12/d=0x0 a=2 r=0x7f0b00d6}
W/Resources(22255): Converting to string: TypedValue{t=0x1c/d=0x33b0b0b0 a=2 r=0x7f090008}
W/Resources(22255): Converting to string: TypedValue{t=0x12/d=0x0 a=2 r=0x7f0b00d7}
W/Resources(22255): Converting to string: TypedValue{t=0x1c/d=0x33b0b0b0 a=2 r=0x7f090008}
W/art     (22255): Attempt to remove local handle scope entry from IRT, ignoring
W/AwContents(22255): onDetachedFromWindow called when already detached. Ignoring
W/Resources(22255): Converting to string: TypedValue{t=0x12/d=0x0 a=2 r=0x7f0b00d8}
W/Resources(22255): Converting to string: TypedValue{t=0x1c/d=0x33b0b0b0 a=2 r=0x7f090008}
W/art     (22255): Attempt to remove local handle scope entry from IRT, ignoring
W/AwContents(22255): onDetachedFromWindow called when already detached. Ignoring
D/AdConfigurationImpl(22255): lookingFor: article_banner_top, found: section_front
D/AdConfigurationImpl(22255): lookingFor: article_banner_bottom, found: section_front
D/AdConfigurationImpl(22255): lookingFor: section_front, found: section_front
D/Ads     (22255): Ads: Params: latitude=38.92041482;ver=2.7.2.1;longitude=-77.22110591;pageType=front;androidid=b20c3623-9a28-4594-844b-acc8da859575;
I/Ads     (22255): Starting ad request.
I/Ads     (22255): Use AdRequest.Builder.addTestDevice("07C3BD1FC97B8BD363E7086452B8BB2A") to get test ads on this device.
I/Ads     (22255): Please set theme of AdActivity to @android:style/Theme.Translucent to enable transparent background interstitial ad.
D/DfpAdRetriever(22255): AD_REQUEST::SectionFront::/7103/fl-brevard-mobile-C1028/android_tablet_app-section_front/homepage:: Size = 468x60::AWS::homepage
D/UserEdManager(22255): tryDisplayUserEd
D/UserEdManager(22255): hideAndResetUserEd
D/UrlProducer(22255): Breaking News URL requested: http://api.gannett-cdn.com/mobilefeeds/breakingnews/v1/mobile/?siteId=123&api_key=euc4uvhentf8r3dgt69483ad
D/LifecycleMonitor(22255): Lifecycle status change: com.gannett.android.news.ui.activity.ActivityNews@16f5effd in: STARTED
D/BaseActivity(22255): onResume()
D/LifecycleMonitor(22255): Lifecycle status change: com.gannett.android.news.ui.activity.ActivityNews@16f5effd in: RESUMED
V/WindowManager(  562): Adding window Window{1fa9c7fd u0 com.gannett.local.library.news.floridatoday/com.gannett.android.news.ui.activity.ActivityNews} at 7 of 14 (before Window{3298e49a u0 Starting com.gannett.local.library.news.floridatoday})
D/LocationUtility(22255): Connected
D/Transform(22255): BreakingNewsModule: com.gannett.android.exceptions.InvalidEntityException: no items
D/Transform(22255): BreakingNewsFeedImpl: com.gannett.android.exceptions.InvalidEntityException: no module
D/ADBMobile(22255): ADBMobile Debug : Analytics - Attempting to send request parameters(56058247?AQB=1&ndh=1&ce=UTF-8&c.&a.&DeviceName=Nexus%207&OSVersion=Android%205.1.1&Resolution=1200x1824&AppID=Florida%20Today%202.7.2.1%20%2852%29&.a&gnt.&Orientation=portrait&prefs.&PushSegments=bknews%7Cnews%7Csports%7Centertainment%7Cweather%7Ctraffic%7Cnull&.prefs&MarketName=gpapermobile114&quietTime=10%3A00pm%7C07%3A00am&ProductName=uscpnativenewsandroid%20for%20Android%20Tablet&ssts.&Section=Home&Subsection=Top%20Stories&.ssts&Location=38.9327143%7C-77.2174883&zag.&zip=22102&.zag&ContentType=sectionfront&TimeValue=11%3A30AM&.gnt&.c&t=00%2F00%2F0000%2000%3A00%3A00%200%20240&pageName=Home%7CTop%20Stories%7Cindex&aid=2B5CDEE80D2F4E87-2E535F9A5376B7E5&AQE=1)
W/Resources(22255): Converting to string: TypedValue{t=0x12/d=0x0 a=2 r=0x7f0b0114}
W/Resources(22255): Converting to string: TypedValue{t=0x1d/d=0xffebebeb a=2 r=0x7f090013}
W/Resources(22255): Converting to string: TypedValue{t=0x12/d=0x0 a=2 r=0x7f0b0071}
W/Resources(22255): Converting to string: TypedValue{t=0x12/d=0x0 a=2 r=0x7f0b0115}
W/Resources(22255): Converting to string: TypedValue{t=0x1d/d=0xff000000 a=2 r=0x7f090017}
D/ADBMobile(22255): ADBMobile Debug : Analytics - Request Sent(http://repdata.floridatoday.com/b/ss/gpapermobile114/0/JAVA-4.1.7-AN/s56058247?AQB=1&ndh=1&ce=UTF-8&c.&a.&DeviceName=Nexus%207&OSVersion=Android%205.1.1&Resolution=1200x1824&AppID=Florida%20Today%202.7.2.1%20%2852%29&.a&gnt.&Orientation=portrait&prefs.&PushSegments=bknews%7Cnews%7Csports%7Centertainment%7Cweather%7Ctraffic%7Cnull&.prefs&MarketName=gpapermobile114&quietTime=10%3A00pm%7C07%3A00am&ProductName=uscpnativenewsandroid%20for%20Android%20Tablet&ssts.&Section=Home&Subsection=Top%20Stories&.ssts&Location=38.9327143%7C-77.2174883&zag.&zip=22102&.zag&ContentType=sectionfront&TimeValue=11%3A30AM&.gnt&.c&t=00%2F00%2F0000%2000%3A00%3A00%200%20240&pageName=Home%7CTop%20Stories%7Cindex&aid=2B5CDEE80D2F4E87-2E535F9A5376B7E5&AQE=1)
W/Resources(22255): Converting to string: TypedValue{t=0x12/d=0x0 a=2 r=0x7f0b0150}
W/Resources(22255): Converting to string: TypedValue{t=0x1d/d=0xffa01313 a=2 r=0x7f09001a}
W/Resources(22255): Converting to string: TypedValue{t=0x5/d=0x801 a=2 r=0x7f0a005c}
W/Resources(22255): Converting to string: TypedValue{t=0x5/d=0x401 a=2 r=0x7f0a005e}
W/Resources(22255): Converting to string: TypedValue{t=0x5/d=0x801 a=2 r=0x7f0a005c}
W/Resources(22255): Converting to string: TypedValue{t=0x5/d=0x401 a=2 r=0x7f0a005e}
W/Resources(22255): Converting to string: TypedValue{t=0x5/d=0x1001 a=2 r=0x7f0a0060}
W/Resources(22255): Converting to string: TypedValue{t=0x5/d=0x1001 a=2 r=0x7f0a0060}
W/Resources(22255): Converting to string: TypedValue{t=0x5/d=0x1001 a=2 r=0x7f0a0060}
W/Resources(22255): Converting to string: TypedValue{t=0x12/d=0x0 a=2 r=0x7f0b0151}
W/Resources(22255): Converting to string: TypedValue{t=0x5/d=0x1001 a=2 r=0x7f0a0068}
W/Resources(22255): Converting to string: TypedValue{t=0x5/d=0x401 a=2 r=0x7f0a005e}
W/Resources(22255): Converting to string: TypedValue{t=0x12/d=0x0 a=2 r=0x7f0b013c}
W/Resources(22255): Converting to string: TypedValue{t=0x5/d=0x1001 a=2 r=0x7f0a0068}
W/Resources(22255): Converting to string: TypedValue{t=0x5/d=0x1101 a=2 r=0x7f0a0084}
W/Resources(22255): Converting to string: TypedValue{t=0x12/d=0x0 a=2 r=0x7f0b0074}
V/MinimogrifierUtils(22255): resized image URL: http://www.gannett-cdn.com/-mm-/12c609ff3e2c8a97569c6206d48e27fecbce3aef/c=0-4-2269-1706&r=1200x900&q=80/local/-/media/2015/05/19/Brevard/B9317404990Z.1_20150519110837_000_GQHAR6GL8.1-0.jpg
W/Resources(22255): Converting to string: TypedValue{t=0x12/d=0x0 a=2 r=0x7f0b01d9}
W/Resources(22255): Converting to string: TypedValue{t=0x1d/d=0xffeeeeee a=2 r=0x7f0900cd}
W/Resources(22255): Converting to string: TypedValue{t=0x5/d=0x1001 a=2 r=0x7f0a0060}
W/Resources(22255): Converting to string: TypedValue{t=0x5/d=0xc01 a=2 r=0x7f0a005d}
W/Resources(22255): Converting to string: TypedValue{t=0x5/d=0x801 a=2 r=0x7f0a005c}
W/Resources(22255): Converting to string: TypedValue{t=0x12/d=0x0 a=2 r=0x7f0b01da}
W/Resources(22255): Converting to string: TypedValue{t=0x5/d=0x801 a=2 r=0x7f0a005c}
W/Resources(22255): Converting to string: TypedValue{t=0x5/d=0x1001 a=2 r=0x7f0a0060}
W/Resources(22255): Converting to string: TypedValue{t=0x12/d=0x0 a=2 r=0x7f0b0213}
W/Resources(22255): Converting to string: TypedValue{t=0x12/d=0x0 a=2 r=0x7f0b0214}
W/Resources(22255): Converting to string: TypedValue{t=0x12/d=0x0 a=2 r=0x7f0b017c}
W/Resources(22255): Converting to string: TypedValue{t=0x12/d=0x0 a=2 r=0x7f0b0215}
W/Resources(22255): Converting to string: TypedValue{t=0x12/d=0x0 a=2 r=0x7f0b01db}
D/UrlProducer(22255): Weather URL requested: http://api.gannett-cdn.com/internal/weather/V5/accuweather/data/location/332282?LanguageId=1&Metric=false&format=json&api_key=7zh2888dfxtnttmpkq8wmj78
W/Resources(22255): Converting to string: TypedValue{t=0x1c/d=0x0 a=1 r=0x106000d}
W/Resources(22255): Converting to string: TypedValue{t=0x12/d=0x0 a=2 r=0x7f0b013b}
W/Resources(22255): Converting to string: TypedValue{t=0x5/d=0x1001 a=2 r=0x7f0a0060}
W/Resources(22255): Converting to string: TypedValue{t=0x5/d=0x801 a=2 r=0x7f0a005c}
W/Resources(22255): Converting to string: TypedValue{t=0x5/d=0x1001 a=2 r=0x7f0a0060}
W/Resources(22255): Converting to string: TypedValue{t=0x5/d=0x801 a=2 r=0x7f0a005c}
W/Resources(22255): Converting to string: TypedValue{t=0x5/d=0x3001 a=2 r=0x7f0a0066}
W/Resources(22255): Converting to string: TypedValue{t=0x12/d=0x0 a=2 r=0x7f0b0077}
W/Resources(22255): Converting to string: TypedValue{t=0x12/d=0x0 a=2 r=0x7f0b0071}
W/Resources(22255): Converting to string: TypedValue{t=0x1d/d=0xffc8c8c8 a=2 r=0x7f090019}
W/Resources(22255): Converting to string: TypedValue{t=0x5/d=0x5a01 a=2 r=0x7f0a0038}
W/Resources(22255): Converting to string: TypedValue{t=0x12/d=0x0 a=2 r=0x7f0b0116}
W/Resources(22255): Converting to string: TypedValue{t=0x12/d=0x0 a=2 r=0x7f0b013c}
W/Resources(22255): Converting to string: TypedValue{t=0x12/d=0x0 a=2 r=0x7f0b0074}
W/Resources(22255): Converting to string: TypedValue{t=0x12/d=0x0 a=2 r=0x7f0b0117}
W/Resources(22255): Converting to string: TypedValue{t=0x5/d=0x1001 a=2 r=0x7f0a0060}
W/Resources(22255): Converting to string: TypedValue{t=0x5/d=0x1001 a=2 r=0x7f0a0060}
V/MinimogrifierUtils(22255): resized image URL: http://www.gannett-cdn.com/-mm-/df0d6ef17225c96fa611fb189e2eeba8d52198f7/c=216-0-3672-2592&r=228x168&q=80/local/-/media/2015/05/18/Brevard/B9317397221Z.1_20150518170838_000_GDRAQVJC3.1-0.jpg
W/Resources(22255): Converting to string: TypedValue{t=0x1c/d=0x0 a=1 r=0x106000d}
W/Resources(22255): Converting to string: TypedValue{t=0x12/d=0x0 a=2 r=0x7f0b013b}
W/Resources(22255): Converting to string: TypedValue{t=0x5/d=0x1001 a=2 r=0x7f0a0060}
W/Resources(22255): Converting to string: TypedValue{t=0x5/d=0x801 a=2 r=0x7f0a005c}
W/Resources(22255): Converting to string: TypedValue{t=0x5/d=0x1001 a=2 r=0x7f0a0060}
W/Resources(22255): Converting to string: TypedValue{t=0x5/d=0x801 a=2 r=0x7f0a005c}
W/Resources(22255): Converting to string: TypedValue{t=0x5/d=0x3001 a=2 r=0x7f0a0066}
W/Resources(22255): Converting to string: TypedValue{t=0x12/d=0x0 a=2 r=0x7f0b0077}
W/Resources(22255): Converting to string: TypedValue{t=0x12/d=0x0 a=2 r=0x7f0b0071}
W/Resources(22255): Converting to string: TypedValue{t=0x1d/d=0xffc8c8c8 a=2 r=0x7f090019}
W/Resources(22255): Converting to string: TypedValue{t=0x5/d=0x5a01 a=2 r=0x7f0a0038}
W/Resources(22255): Converting to string: TypedValue{t=0x12/d=0x0 a=2 r=0x7f0b0116}
W/Resources(22255): Converting to string: TypedValue{t=0x12/d=0x0 a=2 r=0x7f0b013c}
W/Resources(22255): Converting to string: TypedValue{t=0x12/d=0x0 a=2 r=0x7f0b0074}
W/Resources(22255): Converting to string: TypedValue{t=0x12/d=0x0 a=2 r=0x7f0b0117}
W/Resources(22255): Converting to string: TypedValue{t=0x5/d=0x1001 a=2 r=0x7f0a0060}
W/Resources(22255): Converting to string: TypedValue{t=0x5/d=0x1001 a=2 r=0x7f0a0060}
V/MinimogrifierUtils(22255): resized image URL: http://www.gannett-cdn.com/-mm-/b8bc674f865505d2e2ed2537484699d7df30407b/c=256-0-2304-1536&r=228x168&q=80/local/-/media/2015/05/19/Brevard/B9317404807Z.1_20150519094335_000_GMSAR5NFB.1-0.jpg
W/Resources(22255): Converting to string: TypedValue{t=0x1c/d=0x0 a=1 r=0x106000d}
W/Resources(22255): Converting to string: TypedValue{t=0x12/d=0x0 a=2 r=0x7f0b013b}
W/Resources(22255): Converting to string: TypedValue{t=0x5/d=0x1001 a=2 r=0x7f0a0060}
W/Resources(22255): Converting to string: TypedValue{t=0x5/d=0x801 a=2 r=0x7f0a005c}
W/Resources(22255): Converting to string: TypedValue{t=0x5/d=0x1001 a=2 r=0x7f0a0060}
W/Resources(22255): Converting to string: TypedValue{t=0x5/d=0x801 a=2 r=0x7f0a005c}
W/Resources(22255): Converting to string: TypedValue{t=0x5/d=0x3001 a=2 r=0x7f0a0066}
W/Resources(22255): Converting to string: TypedValue{t=0x12/d=0x0 a=2 r=0x7f0b0077}
W/Resources(22255): Converting to string: TypedValue{t=0x12/d=0x0 a=2 r=0x7f0b0071}
W/Resources(22255): Converting to string: TypedValue{t=0x1d/d=0xffc8c8c8 a=2 r=0x7f090019}
W/Resources(22255): Converting to string: TypedValue{t=0x5/d=0x5a01 a=2 r=0x7f0a0038}
W/Resources(22255): Converting to string: TypedValue{t=0x12/d=0x0 a=2 r=0x7f0b0116}
W/Resources(22255): Converting to string: TypedValue{t=0x12/d=0x0 a=2 r=0x7f0b013c}
W/Resources(22255): Converting to string: TypedValue{t=0x12/d=0x0 a=2 r=0x7f0b0074}
W/Resources(22255): Converting to string: TypedValue{t=0x12/d=0x0 a=2 r=0x7f0b0117}
W/Resources(22255): Converting to string: TypedValue{t=0x5/d=0x1001 a=2 r=0x7f0a0060}
W/Resources(22255): Converting to string: TypedValue{t=0x5/d=0x1001 a=2 r=0x7f0a0060}
V/MinimogrifierUtils(22255): resized image URL: http://www.gannett-cdn.com/-mm-/5e558d0d90affd78376656bbf1d6ebde65207eca/c=285-0-3001-2037&r=228x168&q=80/local/-/media/2015/05/15/Brevard/B9317361315Z.1_20150515114203_000_GCFAPU6P1.1-0.jpg
W/Resources(22255): Converting to string: TypedValue{t=0x5/d=0x1401 a=2 r=0x7f0a0096}
W/Resources(22255): Converting to string: TypedValue{t=0x5/d=0x1001 a=2 r=0x7f0a0097}
