W/Resources(21377): Converting to string: TypedValue{t=0x12/d=0x0 a=1 r=0x102037a}
W/Resources(21377): Converting to string: TypedValue{t=0x1f/d=0xff222222 a=2 r=0x7f090000}
W/Resources(21377): Converting to string: TypedValue{t=0x12/d=0x0 a=1 r=0x10202b6}
W/Resources(21377): Converting to string: TypedValue{t=0x12/d=0x0 a=1 r=0x10202b7}
W/Resources(21377): Converting to string: TypedValue{t=0x12/d=0x0 a=1 r=0x102037b}
W/Resources(21377): Converting to string: TypedValue{t=0x12/d=0x0 a=1 r=0x102037c}
W/Resources(21377): Converting to string: TypedValue{t=0x1f/d=0xff222222 a=2 r=0x7f090000}
D/ADBMobile(21377): ADBMobile Debug : Analytics - Attempting to send request parameters(6178822?AQB=1&ndh=1&ce=UTF-8&pev2=AMACTION%3Anavmenu%7Cweather&c.&a.&DeviceName=Nexus%207&OSVersion=Android%205.1&Resolution=1200x1824&action=navmenu%7Cweather&AppID=USA%20Today%202.7.2.1%20%2852%29&.a&gnt.&MarketName=gpapermobileapp&ProductName=USATODAY%20for%20Android%20Tablet&Orientation=portrait&TimeValue=1%3A30PM&.gnt&.c&t=00%2F00%2F0000%2000%3A00%3A00%200%20240&pageName=USA%20Today%202.7.2.1%20%2852%29&aid=0B755799E6D542E0-2DC2C6CBAD07BACD&pe=lnk_o&AQE=1)
W/Resources(21377): Converting to string: TypedValue{t=0x12/d=0x0 a=2 r=0x7f0f0192}
W/Resources(21377): Converting to string: TypedValue{t=0x12/d=0x0 a=2 r=0x7f0f0193}
W/Resources(21377): Converting to string: TypedValue{t=0x12/d=0x0 a=2 r=0x7f0f0194}
W/Resources(21377): Converting to string: TypedValue{t=0x1d/d=0xffffffff a=2 r=0x7f0900c5}
W/Resources(21377): Converting to string: TypedValue{t=0x12/d=0x0 a=2 r=0x7f0f003c}
W/Resources(21377): Converting to string: TypedValue{t=0x1d/d=0xff2f2f2f a=2 r=0x7f090066}
W/Resources(21377): Converting to string: TypedValue{t=0x12/d=0x0 a=2 r=0x7f0f003d}
W/Resources(21377): Converting to string: TypedValue{t=0x12/d=0x0 a=2 r=0x7f0f0087}
W/Resources(21377): Converting to string: TypedValue{t=0x12/d=0x0 a=2 r=0x7f0f0088}
W/Resources(21377): Converting to string: TypedValue{t=0x12/d=0x0 a=2 r=0x7f0f0089}
W/Resources(21377): Converting to string: TypedValue{t=0x12/d=0x0 a=2 r=0x7f0f008a}
W/Resources(21377): Converting to string: TypedValue{t=0x12/d=0x0 a=2 r=0x7f0f008b}
W/Resources(21377): Converting to string: TypedValue{t=0x12/d=0x0 a=2 r=0x7f0f008c}
W/Resources(21377): Converting to string: TypedValue{t=0x12/d=0x0 a=2 r=0x7f0f0083}
D/ViewPagerIndexDisplay(21377): itemWidth,itemHeight: 24,24
W/Resources(21377): Converting to string: TypedValue{t=0x1d/d=0xff2b2b2b a=2 r=0x7f09009d}
W/Resources(21377): Converting to string: TypedValue{t=0x12/d=0x0 a=2 r=0x7f0f01a4}
W/Resources(21377): Converting to string: TypedValue{t=0x12/d=0x0 a=2 r=0x7f0f01a5}
W/Resources(21377): Converting to string: TypedValue{t=0x5/d=0x801 a=2 r=0x7f0a0032}
W/Resources(21377): Converting to string: TypedValue{t=0x5/d=0x801 a=2 r=0x7f0a0032}
W/Resources(21377): Converting to string: TypedValue{t=0x5/d=0x4001 a=1 r=0x1050051}
D/ADBMobile(21377): ADBMobile Debug : Analytics - Request Sent(http://gannett.112.2o7.net/b/ss/gpapermobileapp/0/JAVA-4.1.7-AN/s6178822?AQB=1&ndh=1&ce=UTF-8&pev2=AMACTION%3Anavmenu%7Cweather&c.&a.&DeviceName=Nexus%207&OSVersion=Android%205.1&Resolution=1200x1824&action=navmenu%7Cweather&AppID=USA%20Today%202.7.2.1%20%2852%29&.a&gnt.&MarketName=gpapermobileapp&ProductName=USATODAY%20for%20Android%20Tablet&Orientation=portrait&TimeValue=1%3A30PM&.gnt&.c&t=00%2F00%2F0000%2000%3A00%3A00%200%20240&pageName=USA%20Today%202.7.2.1%20%2852%29&aid=0B755799E6D542E0-2DC2C6CBAD07BACD&pe=lnk_o&AQE=1)
W/Resources(21377): Converting to string: TypedValue{t=0x1f/d=0xff222222 a=2 r=0x7f0900a1}
W/Resources(21377): Converting to string: TypedValue{t=0x12/d=0x0 a=2 r=0x7f0f008d}
W/Resources(21377): Converting to string: TypedValue{t=0x1d/d=0xff2f2f2f a=2 r=0x7f090066}
W/Resources(21377): Converting to string: TypedValue{t=0x12/d=0x0 a=2 r=0x7f0f008e}
W/Resources(21377): Converting to string: TypedValue{t=0x1d/d=0xff252525 a=2 r=0x7f090009}
W/Resources(21377): Converting to string: TypedValue{t=0x12/d=0x0 a=2 r=0x7f0f0047}
W/Resources(21377): Converting to string: TypedValue{t=0x12/d=0x0 a=2 r=0x7f0f015f}
W/Resources(21377): Converting to string: TypedValue{t=0x12/d=0x0 a=2 r=0x7f0f0160}
W/Resources(21377): Converting to string: TypedValue{t=0x12/d=0x0 a=2 r=0x7f0f0161}
W/Resources(21377): Converting to string: TypedValue{t=0x5/d=0x3001 a=2 r=0x7f0a0036}
W/Resources(21377): Converting to string: TypedValue{t=0x5/d=0x3001 a=2 r=0x7f0a0036}
W/Resources(21377): Converting to string: TypedValue{t=0x12/d=0x0 a=2 r=0x7f0f0162}
W/Resources(21377): Converting to string: TypedValue{t=0x5/d=0x3001 a=2 r=0x7f0a0036}
W/Resources(21377): Converting to string: TypedValue{t=0x5/d=0x3001 a=2 r=0x7f0a0036}
W/Resources(21377): Converting to string: TypedValue{t=0x12/d=0x0 a=2 r=0x7f0f0163}
W/Resources(21377): Converting to string: TypedValue{t=0x5/d=0x3001 a=2 r=0x7f0a0036}
W/Resources(21377): Converting to string: TypedValue{t=0x5/d=0x3001 a=2 r=0x7f0a0036}
W/Resources(21377): Converting to string: TypedValue{t=0x1f/d=0xff222222 a=2 r=0x7f0900a1}
W/Resources(21377): Converting to string: TypedValue{t=0x12/d=0x0 a=2 r=0x7f0f0091}
W/Resources(21377): Converting to string: TypedValue{t=0x1d/d=0xff2b2b2b a=2 r=0x7f09009d}
W/Resources(21377): Converting to string: TypedValue{t=0x5/d=0x401 a=2 r=0x7f0a0039}
W/Resources(21377): Converting to string: TypedValue{t=0x5/d=0x401 a=2 r=0x7f0a0039}
D/UserEdManager(21377): tryDisplayUserEd
D/UserEdManager(21377): hideAndResetUserEd
D/LifecycleMonitor(21377): Lifecycle status change: com.gannett.android.news.ui.activity.ActivityWeather@11951088 in: CREATED
D/BaseActivity(21377): onStart()
D/AdConfigurationImpl(21377): lookingFor: article_banner_top, found: high_impact
D/AdConfigurationImpl(21377): lookingFor: article_banner_bottom, found: high_impact
D/AdConfigurationImpl(21377): lookingFor: high_impact, found: high_impact
D/GravityWell(21377): Ready CacheIds: 
D/Ads     (21377): Ads: Additional Param: cacheid=
D/AdConfigurationImpl(21377): lookingFor: article_banner_top, found: high_impact
D/AdConfigurationImpl(21377): lookingFor: article_banner_bottom, found: high_impact
D/AdConfigurationImpl(21377): lookingFor: high_impact, found: high_impact
D/Ads     (21377): Ads: Params: latitude=38.89194492;aam=500,513,514,515,516,517,518,519,520,512,501,502,503,504,505,506,507,600;ver=2.7.2.1;longitude=-77.22493274;pageType=front;androidid=b20c3623-9a28-4594-844b-acc8da859575;
I/Ads     (21377): Starting ad request.
I/Ads     (21377): Use AdRequest.Builder.addTestDevice("07C3BD1FC97B8BD363E7086452B8BB2A") to get test ads on this device.
I/Ads     (21377): Please set theme of AdActivity to @android:style/Theme.Translucent to enable transparent background interstitial ad.
D/DfpAdRetriever(21377): AD_REQUEST::Gravity::/7103/usatoday_tablet/android_tablet_app-high_impact:: Size = 1280x1280::AWS::no_cst
D/AdConfigurationImpl(21377): lookingFor: article_banner_top, found: section_front
D/AdConfigurationImpl(21377): lookingFor: article_banner_bottom, found: section_front
D/AdConfigurationImpl(21377): lookingFor: high_impact, found: section_front
D/AdConfigurationImpl(21377): lookingFor: section_front, found: section_front
W/Resources(21377): Converting to string: TypedValue{t=0x12/d=0x0 a=2 r=0x7f0f005e}
W/Resources(21377): Converting to string: TypedValue{t=0x12/d=0x0 a=2 r=0x7f0f009a}
W/Resources(21377): Converting to string: TypedValue{t=0x1c/d=0x33b0b0b0 a=2 r=0x7f090002}
W/Resources(21377): Converting to string: TypedValue{t=0x12/d=0x0 a=2 r=0x7f0f009b}
W/Resources(21377): Converting to string: TypedValue{t=0x1c/d=0x33b0b0b0 a=2 r=0x7f090002}
W/art     (21377): Attempt to remove local handle scope entry from IRT, ignoring
W/AwContents(21377): onDetachedFromWindow called when already detached. Ignoring
W/Resources(21377): Converting to string: TypedValue{t=0x12/d=0x0 a=2 r=0x7f0f009c}
W/Resources(21377): Converting to string: TypedValue{t=0x1c/d=0x33b0b0b0 a=2 r=0x7f090002}
W/art     (21377): Attempt to remove local handle scope entry from IRT, ignoring
W/AwContents(21377): onDetachedFromWindow called when already detached. Ignoring
D/AdConfigurationImpl(21377): lookingFor: article_banner_top, found: section_front
D/AdConfigurationImpl(21377): lookingFor: article_banner_bottom, found: section_front
D/AdConfigurationImpl(21377): lookingFor: high_impact, found: section_front
D/AdConfigurationImpl(21377): lookingFor: section_front, found: section_front
D/Ads     (21377): Ads: Params: latitude=38.89194492;aam=500,513,514,515,516,517,518,519,520,512,501,502,503,504,505,506,507,600;ver=2.7.2.1;longitude=-77.22493274;pageType=front;androidid=b20c3623-9a28-4594-844b-acc8da859575;
I/Ads     (21377): Starting ad request.
I/Ads     (21377): Use AdRequest.Builder.addTestDevice("07C3BD1FC97B8BD363E7086452B8BB2A") to get test ads on this device.
I/Ads     (21377): Please set theme of AdActivity to @android:style/Theme.Translucent to enable transparent background interstitial ad.
D/DfpAdRetriever(21377): AD_REQUEST::Weather::/7103/usatoday_tablet/android_tablet_app-section_front/weather:: Size = 468x60::AWS::weather
D/ActivityWeather(21377): weatherPagerAdapter being created
D/OMNITURE_CALL(21377): {gnt.aamsegment=500,513,514,515,516,517,518,519,520,512,501,502,503,504,505,506,507,600, gnt.prefs.PushSegments=bknews|news|sports|life|money|tech, gnt.Orientation=portrait, gnt.TimeValue=1:30PM, gnt.Location=38.9324096|-77.2167551, gnt.zag.zip=22102, gnt.ContentType=weather, gnt.ProductName=USATODAY for Android Tablet, gnt.quietTime=10:00pm|07:00am, gnt.MarketName=gpapermobileapp}
D/LifecycleMonitor(21377): Lifecycle status change: com.gannett.android.news.ui.activity.ActivityWeather@11951088 in: STARTED
D/BaseActivity(21377): onResume()
D/LifecycleMonitor(21377): Lifecycle status change: com.gannett.android.news.ui.activity.ActivityWeather@11951088 in: RESUMED
V/WindowManager(  547): Adding window Window{1303d252 u0 com.usatoday.android.news/com.gannett.android.news.ui.activity.ActivityWeather} at 6 of 12 (after Window{38b2fa31 u0 com.usatoday.android.news/com.gannett.android.news.ui.activity.ActivityGallery})
D/ADBMobile(21377): ADBMobile Debug : Audience Manager - request (http://gannett.demdex.net/event?c_gnt_prefs_PushSegments=bknews%7Cnews%7Csports%7Clife%7Cmoney%7Ctech&c_gnt_aamsegment=500%2C513%2C514%2C515%2C516%2C517%2C518%2C519%2C520%2C512%2C501%2C502%2C503%2C504%2C505%2C506%2C507%2C600&c_gnt_TimeValue=1%3A30PM&c_gnt_Orientation=portrait&c_gnt_zag_zip=22102&c_gnt_Location=38.9324096%7C-77.2167551&c_gnt_ContentType=weather&c_gnt_ProductName=USATODAY%20for%20Android%20Tablet&c_gnt_MarketName=gpapermobileapp&c_gnt_quietTime=10%3A00pm%7C07%3A00am&d_uuid=19857838291522528462172418163433203273&d_dpid=3054&d_dpuuid=b20c3623-9a28-4594-844b-acc8da859575&d_ptfm=android&d_dst=1&d_rtbd=json)
D/PagerAdapterWeatherLocationForecasts(21377): getItem(), index: 0
D/PagerAdapterWeatherLocationForecasts(21377): getItem(), index: 1
D/FragmentWeatherSingleLocation(21377): onCreate(), getRetainInstance(): false
W/Resources(21377): Converting to string: TypedValue{t=0x12/d=0x0 a=2 r=0x7f0f007d}
W/Resources(21377): Converting to string: TypedValue{t=0x12/d=0x0 a=2 r=0x7f0f0140}
W/Resources(21377): Converting to string: TypedValue{t=0x12/d=0x0 a=2 r=0x7f0f0138}
W/Resources(21377): Converting to string: TypedValue{t=0x12/d=0x0 a=2 r=0x7f0f0141}
W/Resources(21377): Converting to string: TypedValue{t=0x12/d=0x0 a=2 r=0x7f0f0142}
W/Resources(21377): Converting to string: TypedValue{t=0x12/d=0x0 a=2 r=0x7f0f0146}
W/Resources(21377): Converting to string: TypedValue{t=0x12/d=0x0 a=2 r=0x7f0f0147}
W/Resources(21377): Converting to string: TypedValue{t=0x12/d=0x0 a=2 r=0x7f0f0148}
W/Resources(21377): Converting to string: TypedValue{t=0x12/d=0x0 a=2 r=0x7f0f0149}
W/Resources(21377): Converting to string: TypedValue{t=0x12/d=0x0 a=2 r=0x7f0f014a}
W/Resources(21377): Converting to string: TypedValue{t=0x12/d=0x0 a=2 r=0x7f0f014b}
W/Resources(21377): Converting to string: TypedValue{t=0x12/d=0x0 a=2 r=0x7f0f014c}
W/Resources(21377): Converting to string: TypedValue{t=0x12/d=0x0 a=2 r=0x7f0f014d}
W/Resources(21377): Converting to string: TypedValue{t=0x12/d=0x0 a=2 r=0x7f0f014e}
D/CompatabilityUtility(21377): Nexus 7
D/UrlProducer(21377): Weather URL requested: http://api.gannett-cdn.com/internal/weather/V5/accuweather/data/location/349727?LanguageId=1&Metric=false&format=json&api_key=7zh2888dfxtnttmpkq8wmj78
D/FragmentWeatherSingleLocation(21377): updateActivityAndFragmentUI(), isSelected: true
W/ADBMobile(21377): ADBMobile Debug : Audience Manager - Unable to parse JSON data (No value for dests)
D/ADBMobile(21377): ADBMobile Debug : Analytics - Attempting to send request parameters(50058003?AQB=1&ndh=1&ce=UTF-8&c.&a.&DeviceName=Nexus%207&OSVersion=Android%205.1&Resolution=1200x1824&AppID=USA%20Today%202.7.2.1%20%2852%29&.a&gnt.&Orientation=portrait&aamsegment=500%2C513%2C514%2C515%2C516%2C517%2C518%2C519%2C520%2C512%2C501%2C502%2C503%2C504%2C505%2C506%2C507%2C600&prefs.&PushSegments=bknews%7Cnews%7Csports%7Clife%7Cmoney%7Ctech&.prefs&MarketName=gpapermobileapp&quietTime=10%3A00pm%7C07%3A00am&ProductName=USATODAY%20for%20Android%20Tablet&Location=38.9324096%7C-77.2167551&zag.&zip=22102&.zag&ContentType=weather&TimeValue=1%3A30PM&.gnt&.c&t=00%2F00%2F0000%2000%3A00%3A00%200%20240&pageName=weather%7Cconditions&aid=0B755799E6D542E0-2DC2C6CBAD07BACD&AQE=1)
D/ADBMobile(21377): ADBMobile Debug : Analytics - Request Sent(http://gannett.112.2o7.net/b/ss/gpapermobileapp/0/JAVA-4.1.7-AN/s50058003?AQB=1&ndh=1&ce=UTF-8&c.&a.&DeviceName=Nexus%207&OSVersion=Android%205.1&Resolution=1200x1824&AppID=USA%20Today%202.7.2.1%20%2852%29&.a&gnt.&Orientation=portrait&aamsegment=500%2C513%2C514%2C515%2C516%2C517%2C518%2C519%2C520%2C512%2C501%2C502%2C503%2C504%2C505%2C506%2C507%2C600&prefs.&PushSegments=bknews%7Cnews%7Csports%7Clife%7Cmoney%7Ctech&.prefs&MarketName=gpapermobileapp&quietTime=10%3A00pm%7C07%3A00am&ProductName=USATODAY%20for%20Android%20Tablet&Location=38.9324096%7C-77.2167551&zag.&zip=22102&.zag&ContentType=weather&TimeValue=1%3A30PM&.gnt&.c&t=00%2F00%2F0000%2000%3A00%3A00%200%20240&pageName=weather%7Cconditions&aid=0B755799E6D542E0-2DC2C6CBAD07BACD&AQE=1)
D/FragmentWeatherSingleLocation(21377): onCreate(), getRetainInstance(): false
W/Resources(21377): Converting to string: TypedValue{t=0x12/d=0x0 a=2 r=0x7f0f007d}
W/Resources(21377): Converting to string: TypedValue{t=0x12/d=0x0 a=2 r=0x7f0f0140}
W/Resources(21377): Converting to string: TypedValue{t=0x12/d=0x0 a=2 r=0x7f0f0138}
W/Resources(21377): Converting to string: TypedValue{t=0x12/d=0x0 a=2 r=0x7f0f0141}
W/Resources(21377): Converting to string: TypedValue{t=0x12/d=0x0 a=2 r=0x7f0f0142}
W/Resources(21377): Converting to string: TypedValue{t=0x12/d=0x0 a=2 r=0x7f0f0146}
W/Resources(21377): Converting to string: TypedValue{t=0x12/d=0x0 a=2 r=0x7f0f0147}
W/Resources(21377): Converting to string: TypedValue{t=0x12/d=0x0 a=2 r=0x7f0f0148}
W/Resources(21377): Converting to string: TypedValue{t=0x12/d=0x0 a=2 r=0x7f0f0149}
W/Resources(21377): Converting to string: TypedValue{t=0x12/d=0x0 a=2 r=0x7f0f014a}
W/Resources(21377): Converting to string: TypedValue{t=0x12/d=0x0 a=2 r=0x7f0f014b}
W/Resources(21377): Converting to string: TypedValue{t=0x12/d=0x0 a=2 r=0x7f0f014c}
W/Resources(21377): Converting to string: TypedValue{t=0x12/d=0x0 a=2 r=0x7f0f014d}
W/Resources(21377): Converting to string: TypedValue{t=0x12/d=0x0 a=2 r=0x7f0f014e}
D/CompatabilityUtility(21377): Nexus 7
D/UrlProducer(21377): Weather URL requested: http://api.gannett-cdn.com/internal/weather/V5/accuweather/data/location/347625?LanguageId=1&Metric=false&format=json&api_key=7zh2888dfxtnttmpkq8wmj78
D/FragmentWeatherSingleLocation(21377): updateActivityAndFragmentUI(), isSelected: false
W/Resources(21377): Converting to string: TypedValue{t=0x5/d=0x1001 a=2 r=0x7f0a0030}
W/Resources(21377): Converting to string: TypedValue{t=0x5/d=0x1001 a=2 r=0x7f0a00d2}
W/Resources(21377): Converting to string: TypedValue{t=0x5/d=0x1001 a=2 r=0x7f0a0030}
W/Resources(21377): Converting to string: TypedValue{t=0x12/d=0x0 a=2 r=0x7f0f013b}
W/Resources(21377): Converting to string: TypedValue{t=0x12/d=0x0 a=2 r=0x7f0f013c}
W/Resources(21377): Converting to string: TypedValue{t=0x12/d=0x0 a=2 r=0x7f0f0138}
W/Resources(21377): Converting to string: TypedValue{t=0x12/d=0x0 a=2 r=0x7f0f0139}
W/Resources(21377): Converting to string: TypedValue{t=0x12/d=0x0 a=2 r=0x7f0f013a}
W/Resources(21377): Converting to string: TypedValue{t=0x12/d=0x0 a=2 r=0x7f0f0138}
W/Resources(21377): Converting to string: TypedValue{t=0x12/d=0x0 a=2 r=0x7f0f0139}
W/Resources(21377): Converting to string: TypedValue{t=0x12/d=0x0 a=2 r=0x7f0f013a}
W/Resources(21377): Converting to string: TypedValue{t=0x12/d=0x0 a=2 r=0x7f0f0137}
W/Resources(21377): Converting to string: TypedValue{t=0x5/d=0x1001 a=2 r=0x7f0a0030}
W/Resources(21377): Converting to string: TypedValue{t=0x5/d=0x1001 a=2 r=0x7f0a00d2}
W/Resources(21377): Converting to string: TypedValue{t=0x5/d=0x1001 a=2 r=0x7f0a0030}
W/Resources(21377): Converting to string: TypedValue{t=0x12/d=0x0 a=2 r=0x7f0f013b}
W/Resources(21377): Converting to string: TypedValue{t=0x12/d=0x0 a=2 r=0x7f0f013c}
W/Resources(21377): Converting to string: TypedValue{t=0x12/d=0x0 a=2 r=0x7f0f0138}
W/Resources(21377): Converting to string: TypedValue{t=0x12/d=0x0 a=2 r=0x7f0f0139}
W/Resources(21377): Converting to string: TypedValue{t=0x12/d=0x0 a=2 r=0x7f0f013a}
W/Resources(21377): Converting to string: TypedValue{t=0x12/d=0x0 a=2 r=0x7f0f0138}
W/Resources(21377): Converting to string: TypedValue{t=0x12/d=0x0 a=2 r=0x7f0f0139}
W/Resources(21377): Converting to string: TypedValue{t=0x12/d=0x0 a=2 r=0x7f0f013a}
W/Resources(21377): Converting to string: TypedValue{t=0x12/d=0x0 a=2 r=0x7f0f0137}
W/Resources(21377): Converting to string: TypedValue{t=0x5/d=0x1001 a=2 r=0x7f0a0030}
W/Resources(21377): Converting to string: TypedValue{t=0x5/d=0x1001 a=2 r=0x7f0a00d2}
W/Resources(21377): Converting to string: TypedValue{t=0x5/d=0x1001 a=2 r=0x7f0a0030}
W/Resources(21377): Converting to string: TypedValue{t=0x12/d=0x0 a=2 r=0x7f0f013b}
W/Resources(21377): Converting to string: TypedValue{t=0x12/d=0x0 a=2 r=0x7f0f013c}
W/Resources(21377): Converting to string: TypedValue{t=0x12/d=0x0 a=2 r=0x7f0f0138}
W/Resources(21377): Converting to string: TypedValue{t=0x12/d=0x0 a=2 r=0x7f0f0139}
W/Resources(21377): Converting to string: TypedValue{t=0x12/d=0x0 a=2 r=0x7f0f013a}
W/Resources(21377): Converting to string: TypedValue{t=0x12/d=0x0 a=2 r=0x7f0f0138}
W/Resources(21377): Converting to string: TypedValue{t=0x12/d=0x0 a=2 r=0x7f0f0139}
W/Resources(21377): Converting to string: TypedValue{t=0x12/d=0x0 a=2 r=0x7f0f013a}
W/Resources(21377): Converting to string: TypedValue{t=0x12/d=0x0 a=2 r=0x7f0f0137}
W/Resources(21377): Converting to string: TypedValue{t=0x5/d=0x1001 a=2 r=0x7f0a0030}
W/Resources(21377): Converting to string: TypedValue{t=0x5/d=0x1001 a=2 r=0x7f0a00d2}
W/Resources(21377): Converting to string: TypedValue{t=0x5/d=0x1001 a=2 r=0x7f0a0030}
W/Resources(21377): Converting to string: TypedValue{t=0x12/d=0x0 a=2 r=0x7f0f013b}
W/Resources(21377): Converting to string: TypedValue{t=0x12/d=0x0 a=2 r=0x7f0f013c}
W/Resources(21377): Converting to string: TypedValue{t=0x12/d=0x0 a=2 r=0x7f0f0138}
W/Resources(21377): Converting to string: TypedValue{t=0x12/d=0x0 a=2 r=0x7f0f0139}
W/Resources(21377): Converting to string: TypedValue{t=0x12/d=0x0 a=2 r=0x7f0f013a}
W/Resources(21377): Converting to string: TypedValue{t=0x12/d=0x0 a=2 r=0x7f0f0138}
W/Resources(21377): Converting to string: TypedValue{t=0x12/d=0x0 a=2 r=0x7f0f0139}
W/Resources(21377): Converting to string: TypedValue{t=0x12/d=0x0 a=2 r=0x7f0f013a}
W/Resources(21377): Converting to string: TypedValue{t=0x12/d=0x0 a=2 r=0x7f0f0137}
W/Resources(21377): Converting to string: TypedValue{t=0x5/d=0x1401 a=2 r=0x7f0a0066}
W/Resources(21377): Converting to string: TypedValue{t=0x5/d=0x1001 a=2 r=0x7f0a0067}
W/Resources(21377): Converting to string: TypedValue{t=0x5/d=0x1401 a=2 r=0x7f0a0066}
W/Resources(21377): Converting to string: TypedValue{t=0x5/d=0xf01 a=2 r=0x7f0a0065}
W/Resources(21377): Converting to string: TypedValue{t=0x12/d=0x0 a=2 r=0x7f0f018f}
W/Resources(21377): Converting to string: TypedValue{t=0x12/d=0x0 a=2 r=0x7f0f0190}
W/Resources(21377): Converting to string: TypedValue{t=0x12/d=0x0 a=2 r=0x7f0f0191}
W/Resources(21377): Converting to string: TypedValue{t=0x1d/d=0xfff9f9f9 a=2 r=0x7f090084}
W/Resources(21377): Converting to string: TypedValue{t=0x5/d=0x1401 a=2 r=0x7f0a0066}
W/Resources(21377): Converting to string: TypedValue{t=0x5/d=0x1001 a=2 r=0x7f0a0067}
W/Resources(21377): Converting to string: TypedValue{t=0x5/d=0x1401 a=2 r=0x7f0a0066}
W/Resources(21377): Converting to string: TypedValue{t=0x5/d=0xf01 a=2 r=0x7f0a0065}
W/Resources(21377): Converting to string: TypedValue{t=0x12/d=0x0 a=2 r=0x7f0f018c}
W/Resources(21377): Converting to string: TypedValue{t=0x12/d=0x0 a=2 r=0x7f0f018d}
W/Resources(21377): Converting to string: TypedValue{t=0x12/d=0x0 a=2 r=0x7f0f018e}
W/Resources(21377): Converting to string: TypedValue{t=0x1d/d=0xfff9f9f9 a=2 r=0x7f090084}
W/Resources(21377): Converting to string: TypedValue{t=0x5/d=0x1401 a=2 r=0x7f0a0066}
W/Resources(21377): Converting to string: TypedValue{t=0x5/d=0x1001 a=2 r=0x7f0a0067}
W/Resources(21377): Converting to string: TypedValue{t=0x5/d=0x1401 a=2 r=0x7f0a0066}
W/Resources(21377): Converting to string: TypedValue{t=0x5/d=0xf01 a=2 r=0x7f0a0065}
W/Resources(21377): Converting to string: TypedValue{t=0x12/d=0x0 a=2 r=0x7f0f018c}
W/Resources(21377): Converting to string: TypedValue{t=0x12/d=0x0 a=2 r=0x7f0f018d}
W/Resources(21377): Converting to string: TypedValue{t=0x12/d=0x0 a=2 r=0x7f0f018e}
W/Resources(21377): Converting to string: TypedValue{t=0x1d/d=0xfff9f9f9 a=2 r=0x7f090084}
W/Resources(21377): Converting to string: TypedValue{t=0x5/d=0x1401 a=2 r=0x7f0a0066}
W/Resources(21377): Converting to string: TypedValue{t=0x5/d=0x1001 a=2 r=0x7f0a0067}
W/Resources(21377): Converting to string: TypedValue{t=0x5/d=0x1401 a=2 r=0x7f0a0066}
W/Resources(21377): Converting to string: TypedValue{t=0x5/d=0xf01 a=2 r=0x7f0a0065}
W/Resources(21377): Converting to string: TypedValue{t=0x12/d=0x0 a=2 r=0x7f0f018c}
W/Resources(21377): Converting to string: TypedValue{t=0x12/d=0x0 a=2 r=0x7f0f018d}
W/Resources(21377): Converting to string: TypedValue{t=0x12/d=0x0 a=2 r=0x7f0f018e}
W/Resources(21377): Converting to string: TypedValue{t=0x1d/d=0xfff9f9f9 a=2 r=0x7f090084}
W/Resources(21377): Converting to string: TypedValue{t=0x5/d=0x1401 a=2 r=0x7f0a0066}
W/Resources(21377): Converting to string: TypedValue{t=0x5/d=0x1001 a=2 r=0x7f0a0067}
W/Resources(21377): Converting to string: TypedValue{t=0x5/d=0x1401 a=2 r=0x7f0a0066}
W/Resources(21377): Converting to string: TypedValue{t=0x5/d=0xf01 a=2 r=0x7f0a0065}
W/Resources(21377): Converting to string: TypedValue{t=0x12/d=0x0 a=2 r=0x7f0f018c}
W/Resources(21377): Converting to string: TypedValue{t=0x12/d=0x0 a=2 r=0x7f0f018d}
W/Resources(21377): Converting to string: TypedValue{t=0x12/d=0x0 a=2 r=0x7f0f018e}
W/Resources(21377): Converting to string: TypedValue{t=0x1d/d=0xfff9f9f9 a=2 r=0x7f090084}
W/Resources(21377): Converting to string: TypedValue{t=0x5/d=0x1401 a=2 r=0x7f0a0066}
W/Resources(21377): Converting to string: TypedValue{t=0x5/d=0x1001 a=2 r=0x7f0a0067}
W/Resources(21377): Converting to string: TypedValue{t=0x5/d=0x1401 a=2 r=0x7f0a0066}
W/Resources(21377): Converting to string: TypedValue{t=0x5/d=0xf01 a=2 r=0x7f0a0065}
W/Resources(21377): Converting to string: TypedValue{t=0x12/d=0x0 a=2 r=0x7f0f018c}
W/Resources(21377): Converting to string: TypedValue{t=0x12/d=0x0 a=2 r=0x7f0f018d}
W/Resources(21377): Converting to string: TypedValue{t=0x12/d=0x0 a=2 r=0x7f0f018e}
W/Resources(21377): Converting to string: TypedValue{t=0x1d/d=0xfff9f9f9 a=2 r=0x7f090084}
W/Resources(21377): Converting to string: TypedValue{t=0x5/d=0x1401 a=2 r=0x7f0a0066}
W/Resources(21377): Converting to string: TypedValue{t=0x5/d=0x1001 a=2 r=0x7f0a0067}
W/Resources(21377): Converting to string: TypedValue{t=0x5/d=0x1401 a=2 r=0x7f0a0066}
W/Resources(21377): Converting to string: TypedValue{t=0x5/d=0xf01 a=2 r=0x7f0a0065}
W/Resources(21377): Converting to string: TypedValue{t=0x12/d=0x0 a=2 r=0x7f0f018c}
W/Resources(21377): Converting to string: TypedValue{t=0x12/d=0x0 a=2 r=0x7f0f018d}
W/Resources(21377): Converting to string: TypedValue{t=0x12/d=0x0 a=2 r=0x7f0f018e}
W/Resources(21377): Converting to string: TypedValue{t=0x1d/d=0xfff9f9f9 a=2 r=0x7f090084}
W/Resources(21377): Converting to string: TypedValue{t=0x5/d=0x1401 a=2 r=0x7f0a0066}
W/Resources(21377): Converting to string: TypedValue{t=0x5/d=0x1001 a=2 r=0x7f0a0067}
W/Resources(21377): Converting to string: TypedValue{t=0x5/d=0x1401 a=2 r=0x7f0a0066}
W/Resources(21377): Converting to string: TypedValue{t=0x5/d=0xf01 a=2 r=0x7f0a0065}
W/Resources(21377): Converting to string: TypedValue{t=0x12/d=0x0 a=2 r=0x7f0f018c}
W/Resources(21377): Converting to string: TypedValue{t=0x12/d=0x0 a=2 r=0x7f0f018d}
W/Resources(21377): Converting to string: TypedValue{t=0x12/d=0x0 a=2 r=0x7f0f018e}
W/Resources(21377): Converting to string: TypedValue{t=0x1d/d=0xfff9f9f9 a=2 r=0x7f090084}
W/Resources(21377): Converting to string: TypedValue{t=0x5/d=0x1401 a=2 r=0x7f0a0066}
W/Resources(21377): Converting to string: TypedValue{t=0x5/d=0x1001 a=2 r=0x7f0a0067}
W/Resources(21377): Converting to string: TypedValue{t=0x5/d=0x1401 a=2 r=0x7f0a0066}
W/Resources(21377): Converting to string: TypedValue{t=0x5/d=0xf01 a=2 r=0x7f0a0065}
W/Resources(21377): Converting to string: TypedValue{t=0x12/d=0x0 a=2 r=0x7f0f018c}
W/Resources(21377): Converting to string: TypedValue{t=0x12/d=0x0 a=2 r=0x7f0f018d}
W/Resources(21377): Converting to string: TypedValue{t=0x12/d=0x0 a=2 r=0x7f0f018e}
W/Resources(21377): Converting to string: TypedValue{t=0x1d/d=0xfff9f9f9 a=2 r=0x7f090084}
W/Resources(21377): Converting to string: TypedValue{t=0x5/d=0x1401 a=2 r=0x7f0a0066}
W/Resources(21377): Converting to string: TypedValue{t=0x5/d=0x1001 a=2 r=0x7f0a0067}
W/Resources(21377): Converting to string: TypedValue{t=0x5/d=0x1401 a=2 r=0x7f0a0066}
W/Resources(21377): Converting to string: TypedValue{t=0x5/d=0xf01 a=2 r=0x7f0a0065}
W/Resources(21377): Converting to string: TypedValue{t=0x12/d=0x0 a=2 r=0x7f0f018c}
W/Resources(21377): Converting to string: TypedValue{t=0x12/d=0x0 a=2 r=0x7f0f018d}
W/Resources(21377): Converting to string: TypedValue{t=0x12/d=0x0 a=2 r=0x7f0f018e}
W/Resources(21377): Converting to string: TypedValue{t=0x5/d=0x1401 a=2 r=0x7f0a0066}
W/Resources(21377): Converting to string: TypedValue{t=0x5/d=0x1001 a=2 r=0x7f0a0067}
W/Resources(21377): Converting to string: TypedValue{t=0x5/d=0x1401 a=2 r=0x7f0a0066}
W/Resources(21377): Converting to string: TypedValue{t=0x5/d=0xf01 a=2 r=0x7f0a0065}
W/Resources(21377): Converting to string: TypedValue{t=0x12/d=0x0 a=2 r=0x7f0f018f}
W/Resources(21377): Converting to string: TypedValue{t=0x12/d=0x0 a=2 r=0x7f0f0190}
W/Resources(21377): Converting to string: TypedValue{t=0x12/d=0x0 a=2 r=0x7f0f0191}
W/Resources(21377): Converting to string: TypedValue{t=0x5/d=0x1401 a=2 r=0x7f0a0066}
W/Resources(21377): Converting to string: TypedValue{t=0x5/d=0x1001 a=2 r=0x7f0a0067}
W/Resources(21377): Converting to string: TypedValue{t=0x5/d=0x1401 a=2 r=0x7f0a0066}
W/Resources(21377): Converting to string: TypedValue{t=0x5/d=0xf01 a=2 r=0x7f0a0065}
W/Resources(21377): Converting to string: TypedValue{t=0x12/d=0x0 a=2 r=0x7f0f018f}
W/Resources(21377): Converting to string: TypedValue{t=0x12/d=0x0 a=2 r=0x7f0f0190}
W/Resources(21377): Converting to string: TypedValue{t=0x12/d=0x0 a=2 r=0x7f0f0191}
W/Resources(21377): Converting to string: TypedValue{t=0x5/d=0x1401 a=2 r=0x7f0a0066}
W/Resources(21377): Converting to string: TypedValue{t=0x5/d=0x1001 a=2 r=0x7f0a0067}
W/Resources(21377): Converting to string: TypedValue{t=0x5/d=0x1401 a=2 r=0x7f0a0066}
W/Resources(21377): Converting to string: TypedValue{t=0x5/d=0xf01 a=2 r=0x7f0a0065}
W/Resources(21377): Converting to string: TypedValue{t=0x12/d=0x0 a=2 r=0x7f0f018f}
W/Resources(21377): Converting to string: TypedValue{t=0x12/d=0x0 a=2 r=0x7f0f0190}
W/Resources(21377): Converting to string: TypedValue{t=0x12/d=0x0 a=2 r=0x7f0f0191}
W/Resources(21377): Converting to string: TypedValue{t=0x5/d=0x1401 a=2 r=0x7f0a0066}
W/Resources(21377): Converting to string: TypedValue{t=0x5/d=0x1001 a=2 r=0x7f0a0067}
W/Resources(21377): Converting to string: TypedValue{t=0x5/d=0x1401 a=2 r=0x7f0a0066}
W/Resources(21377): Converting to string: TypedValue{t=0x5/d=0xf01 a=2 r=0x7f0a0065}
W/Resources(21377): Converting to string: TypedValue{t=0x12/d=0x0 a=2 r=0x7f0f018f}
W/Resources(21377): Converting to string: TypedValue{t=0x12/d=0x0 a=2 r=0x7f0f0190}
W/Resources(21377): Converting to string: TypedValue{t=0x12/d=0x0 a=2 r=0x7f0f0191}
W/Resources(21377): Converting to string: TypedValue{t=0x5/d=0x1401 a=2 r=0x7f0a0066}
W/Resources(21377): Converting to string: TypedValue{t=0x5/d=0x1001 a=2 r=0x7f0a0067}
W/Resources(21377): Converting to string: TypedValue{t=0x5/d=0x1401 a=2 r=0x7f0a0066}
W/Resources(21377): Converting to string: TypedValue{t=0x5/d=0xf01 a=2 r=0x7f0a0065}
W/Resources(21377): Converting to string: TypedValue{t=0x12/d=0x0 a=2 r=0x7f0f018f}
W/Resources(21377): Converting to string: TypedValue{t=0x12/d=0x0 a=2 r=0x7f0f0190}
W/Resources(21377): Converting to string: TypedValue{t=0x12/d=0x0 a=2 r=0x7f0f0191}
D/LocationUtility(21377): Connected
W/Resources(21377): Converting to string: TypedValue{t=0x5/d=0x4001 a=1 r=0x1050051}
W/Resources(21377): Converting to string: TypedValue{t=0x5/d=0x3801 a=1 r=0x105003a}
W/Resources(21377): Converting to string: TypedValue{t=0x5/d=0x4001 a=1 r=0x1050051}
W/Resources(21377): Converting to string: TypedValue{t=0x5/d=0x3801 a=1 r=0x105003a}
W/Resources(21377): Converting to string: TypedValue{t=0x5/d=0x4001 a=1 r=0x1050051}
W/Resources(21377): Converting to string: TypedValue{t=0x5/d=0x3801 a=1 r=0x105003a}
W/Resources(21377): Converting to string: TypedValue{t=0x5/d=0x4001 a=1 r=0x1050051}
W/Resources(21377): Converting to string: TypedValue{t=0x5/d=0x3801 a=1 r=0x105003a}
I/ActivityManager(  547): Displayed com.usatoday.android.news/com.gannett.android.news.ui.activity.ActivityWeather: +532ms
W/Resources(21377): Converting to string: TypedValue{t=0x5/d=0x4001 a=1 r=0x1050051}
W/Resources(21377): Converting to string: TypedValue{t=0x5/d=0x3801 a=1 r=0x105003a}
I/Ads     ( 6864): CsiReporterFactory: CSI is not enabled. No CSI reporter created.
I/Ads     ( 6864): CsiReporterFactory: CSI is not enabled. No CSI reporter created.
W/Ads     ( 6864): 1aeedca2-e65c-4708-926f-0dd527fb0ba9 ==== 8e3a530b-de70-40fc-bb05-843f73a5aa81
I/Ads     (21377): No fill from ad server.
W/art     (21377): Attempt to remove local handle scope entry from IRT, ignoring
W/AwContents(21377): onDetachedFromWindow called when already detached. Ignoring
W/art     (21377): Attempt to remove local handle scope entry from IRT, ignoring
W/art     (21377): Attempt to remove local handle scope entry from IRT, ignoring
W/Ads     (21377): Failed to load ad: 3
D/DfpAdRetriever(21377): Ads: ad not retrieved: high_impact
D/BaseActivity(21377): onStop()
D/LifecycleMonitor(21377): Lifecycle status change: com.gannett.android.news.ui.activity.ActivityGallery@4c29020 in: STOPPED
W/UiControllerImpl(21377): Waiting for: DELAY_HAS_PAST for 100 iterations.
W/art     (21377): Attempt to remove local handle scope entry from IRT, ignoring
W/AwContents(21377): onDetachedFromWindow called when already detached. Ignoring
W/art     (21377): Attempt to remove local handle scope entry from IRT, ignoring
W/art     (21377): Attempt to remove local handle scope entry from IRT, ignoring
W/BindingManager(21377): Cannot call determinedVisibility() - never saw a connection for the pid: 21377
I/Ads     (21377): Ad finished loading.
D/DfpAdRetriever(21377): Ads: ad retrieved: section_front
I/ViewInteraction(21377): Performing 'single click' action on view with id: com.usatoday.android.news:id/button_locations
E/MotionEvents(21377): Overslept and turned a tap into a long press
W/UiControllerImpl(21377): Waiting for: DELAY_HAS_PAST for 100 iterations.
D/audio_hw_primary(  184): disable_audio_route: reset and update mixer path: low-latency-playback
D/audio_hw_primary(  184): disable_snd_device: snd_device(2: speaker)
I/ViewInteraction(21377): Performing 'single click' action on view with id: android:id/home
E/MotionEvents(21377): Overslept and turned a tap into a long press
D/audio_hw_primary(  184): select_devices: out_snd_device(2: speaker) in_snd_device(0: none)
D/ACDB-LOADER(  184): ACDB -> send_afe_cal
D/audio_hw_primary(  184): enable_snd_device: snd_device(2: speaker)
D/audio_hw_primary(  184): enable_audio_route: apply and update mixer path: low-latency-playback
D/DfpAdRetriever(21377): recording impression for section_front
E/WifiStateMachine(  547): WifiStateMachine CMD_START_SCAN source -2 txSuccessRate=1.31 rxSuccessRate=127.42 targetRoamBSSID=any RSSI=-52
W/UiControllerImpl(21377): Waiting for: DELAY_HAS_PAST for 100 iterations.
D/OMNITURE_TEST(21377): END_OF_TEST
D/OMNITURE_TEST(21377): ---TESTNAME:ARTICLELINK/GALLERY---
I/ViewInteraction(21377): Performing 'check drawer' action on view with id: com.usatoday.android.news:id/nav_drawer
I/ViewInteraction(21377): Performing 'single click' action on view (with id: com.usatoday.android.news:id/nav_child_text and with text: is "Day in Pictures")
D/NavigationActivity(21377): navigateTo():Day in Pictures
D/NavigationActivity(21377): executeNavigationIntent, this class: class com.gannett.android.news.ui.activity.ActivityWeather, intent.getClass(): com.gannett.android.news.ui.activity.ActivityGallery
D/MonitoringInstrumentation(21377): execStartActivity(context, ibinder, ibinder, activity, intent, int, bundle
I/ActivityManager(  547): START u0 {flg=0x20000 cmp=com.usatoday.android.news/com.gannett.android.news.ui.activity.ActivityGallery (has extras)} from uid 10187 on display 0
D/ADBMobile(21377): ADBMobile Debug : Analytics - Attempting to send request parameters(4372814?AQB=1&ndh=1&ce=UTF-8&pev2=AMACTION%3Anavmenu%7Cday_in_pictures&c.&a.&DeviceName=Nexus%207&OSVersion=Android%205.1&Resolution=1200x1824&action=navmenu%7Cday_in_pictures&AppID=USA%20Today%202.7.2.1%20%2852%29&.a&gnt.&MarketName=gpapermobileapp&ProductName=USATODAY%20for%20Android%20Tablet&Orientation=portrait&TimeValue=1%3A30PM&.gnt&.c&t=00%2F00%2F0000%2000%3A00%3A00%200%20240&pageName=USA%20Today%202.7.2.1%20%2852%29&aid=0B755799E6D542E0-2DC2C6CBAD07BACD&pe=lnk_o&AQE=1)
D/BaseActivity(21377): onPause()
D/LifecycleMonitor(21377): Lifecycle status change: com.gannett.android.news.ui.activity.ActivityWeather@11951088 in: PAUSED
D/ADBMobile(21377): ADBMobile Debug : Analytics - Request Sent(http://gannett.112.2o7.net/b/ss/gpapermobileapp/0/JAVA-4.1.7-AN/s4372814?AQB=1&ndh=1&ce=UTF-8&pev2=AMACTION%3Anavmenu%7Cday_in_pictures&c.&a.&DeviceName=Nexus%207&OSVersion=Android%205.1&Resolution=1200x1824&action=navmenu%7Cday_in_pictures&AppID=USA%20Today%202.7.2.1%20%2852%29&.a&gnt.&MarketName=gpapermobileapp&ProductName=USATODAY%20for%20Android%20Tablet&Orientation=portrait&TimeValue=1%3A30PM&.gnt&.c&t=00%2F00%2F0000%2000%3A00%3A00%200%20240&pageName=USA%20Today%202.7.2.1%20%2852%29&aid=0B755799E6D542E0-2DC2C6CBAD07BACD&pe=lnk_o&AQE=1)
D/LifecycleMonitor(21377): Lifecycle status change: com.gannett.android.news.ui.activity.ActivityGallery@4c29020 in: RESTARTED
D/UrlProducer(21377): Gallery Url requested: http://api.gannett-cdn.com/mobilefeeds/galleries/v1/1410095/?api_key=euc4uvhentf8r3dgt69483ad
W/Resources(21377): Converting to string: TypedValue{t=0x12/d=0x0 a=2 r=0x7f0f00fc}
W/Resources(21377): Converting to string: TypedValue{t=0x12/d=0x0 a=2 r=0x7f0f00fc}
D/OMNITURE_CALL(21377): {gnt.aamsegment=500,513,514,515,516,517,518,519,520,512,501,502,503,504,505,506,507,600, gnt.Orientation=portrait, gnt.Location=38.9324096|-77.2167551, gnt.ssts.Section=news, gnt.quietTime=10:00pm|07:00am, gnt.prefs.PushSegments=bknews|news|sports|life|money|tech, gnt.Title=The day in pictures|index, gnt.TimeValue=1:30PM, gnt.zag.zip=22102, gnt.ContentType=galleries, gnt.ItemNumber=1, gnt.ContentId=1410095, gnt.ProductName=USATODAY for Android Tablet, gnt.MarketName=gpapermobileapp}
V/MinimogrifierUtils(21377): resized image URL: http://www.gannett-cdn.com/-mm-/8a238f2c10ed9f0f9b47529e5651fc5a88248942/c=441-0-1808-1367&r=100x100&q=80&r=100x100&q=80/local/-/media/2015/05/07/USATODAY/USATODAY/635665970497358095-day050715x001.jpg
V/MinimogrifierUtils(21377): resized image URL: http://www.gannett-cdn.com/-mm-/e85d62c3a1fb9408a20010f623376f4f963c33ff/c=341-0-1708-1367&r=100x100&q=80&r=100x100&q=80/local/-/media/2015/05/07/USATODAY/USATODAY/635665970502974347-day050715x002.jpg
V/MinimogrifierUtils(21377): resized image URL: http://www.gannett-cdn.com/-mm-/2c2bf5c9803991db1e3f9a64f28c1f2992d9212c/c=468-0-1835-1367&r=100x100&q=80&r=100x100&q=80/local/-/media/2015/05/07/USATODAY/USATODAY/635665970513270809-day050715x003.jpg
D/ADBMobile(21377): ADBMobile Debug : Audience Manager - request (http://gannett.demdex.net/event?c_gnt_aamsegment=500%2C513%2C514%2C515%2C516%2C517%2C518%2C519%2C520%2C512%2C501%2C502%2C503%2C504%2C505%2C506%2C507%2C600&c_gnt_Orientation=portrait&c_gnt_Location=38.9324096%7C-77.2167551&c_gnt_ssts_Section=news&c_gnt_quietTime=10%3A00pm%7C07%3A00am&c_gnt_Title=The%20day%20in%20pictures%7Cindex&c_gnt_prefs_PushSegments=bknews%7Cnews%7Csports%7Clife%7Cmoney%7Ctech&c_gnt_TimeValue=1%3A30PM&c_gnt_zag_zip=22102&c_gnt_ContentType=galleries&c_gnt_ProductName=USATODAY%20for%20Android%20Tablet&c_gnt_MarketName=gpapermobileapp&d_uuid=19857838291522528462172418163433203273&d_dpid=3054&d_dpuuid=b20c3623-9a28-4594-844b-acc8da859575&d_ptfm=android&d_dst=1&d_rtbd=json)
V/MinimogrifierUtils(21377): resized image URL: http://www.gannett-cdn.com/-mm-/7f2b98a712de16b79489fa108beaad634113ea6c/c=563-0-1916-1353&r=100x100&q=80&r=100x100&q=80/local/-/media/2015/05/07/USATODAY/USATODAY/635665970513894837-day050715x004.jpg
V/MinimogrifierUtils(21377): resized image URL: http://www.gannett-cdn.com/-mm-/00faa761cb8d37f3c3c4fa4112e7587d8abed705/c=596-144-1597-1145&r=100x100&q=80&r=100x100&q=80/local/-/media/2015/05/07/USATODAY/USATODAY/635665970511710739-day050715x005.jpg
V/MinimogrifierUtils(21377): resized image URL: http://www.gannett-cdn.com/-mm-/c020f0ae47b1d05f5150c7644705470c45acbd84/c=407-0-1644-1237&r=100x100&q=80&r=100x100&q=80/local/-/media/2015/05/07/USATODAY/USATODAY/635665970529183523-day050715x006.jpg
V/MinimogrifierUtils(21377): resized image URL: http://www.gannett-cdn.com/-mm-/5d24822782248a1580ed71b9876c7763702d2651/c=450-105-1705-1360&r=100x100&q=80&r=100x100&q=80/local/-/media/2015/05/07/USATODAY/USATODAY/635665970509058620-day050715x007.jpg
D/BaseActivity(21377): onStart()
D/AdConfigurationImpl(21377): lookingFor: article_banner_top, found: high_impact
D/AdConfigurationImpl(21377): lookingFor: article_banner_bottom, found: high_impact
D/AdConfigurationImpl(21377): lookingFor: high_impact, found: high_impact
D/GravityWell(21377): Ready CacheIds: 
D/Ads     (21377): Ads: Additional Param: cacheid=
D/AdConfigurationImpl(21377): lookingFor: article_banner_top, found: high_impact
D/AdConfigurationImpl(21377): lookingFor: article_banner_bottom, found: high_impact
D/AdConfigurationImpl(21377): lookingFor: high_impact, found: high_impact
D/Ads     (21377): Ads: Params: latitude=38.89194492;aam=500,513,514,515,516,517,518,519,520,512,501,502,503,504,505,506,507,600;ver=2.7.2.1;longitude=-77.22493274;pageType=front;androidid=b20c3623-9a28-4594-844b-acc8da859575;
I/Ads     (21377): Starting ad request.
I/Ads     (21377): Use AdRequest.Builder.addTestDevice("07C3BD1FC97B8BD363E7086452B8BB2A") to get test ads on this device.
D/ADBMobile(21377): ADBMobile Debug : Analytics - Attempting to send request parameters(72385688?AQB=1&ndh=1&ce=UTF-8&pev2=AMACTION%3Agalleryswipe%7Cnext&c.&a.&DeviceName=Nexus%207&OSVersion=Android%205.1&Resolution=1200x1824&action=galleryswipe%7Cnext&AppID=USA%20Today%202.7.2.1%20%2852%29&.a&gnt.&MarketName=gpapermobileapp&ProductName=USATODAY%20for%20Android%20Tablet&Orientation=portrait&TimeValue=1%3A30PM&.gnt&.c&t=00%2F00%2F0000%2000%3A00%3A00%200%20240&pageName=USA%20Today%202.7.2.1%20%2852%29&aid=0B755799E6D542E0-2DC2C6CBAD07BACD&pe=lnk_o&AQE=1)
I/Ads     (21377): Please set theme of AdActivity to @android:style/Theme.Translucent to enable transparent background interstitial ad.
D/DfpAdRetriever(21377): AD_REQUEST::Gravity::/7103/usatoday_tablet/android_tablet_app-high_impact:: Size = 1280x1280::AWS::no_cst
D/returnToActivityHeadlinesTest(21377): tryReturnToActivityHeadlines(): this.autoNavToHome == true
D/LifecycleMonitor(21377): Lifecycle status change: com.gannett.android.news.ui.activity.ActivityGallery@4c29020 in: STARTED
D/BaseActivity(21377): onResume()
D/LifecycleMonitor(21377): Lifecycle status change: com.gannett.android.news.ui.activity.ActivityGallery@4c29020 in: RESUMED
W/ADBMobile(21377): ADBMobile Debug : Audience Manager - Unable to parse JSON data (No value for dests)
D/ADBMobile(21377): ADBMobile Debug : Analytics - Attempting to send request parameters(98021533?AQB=1&ndh=1&ce=UTF-8&c.&a.&DeviceName=Nexus%207&OSVersion=Android%205.1&Resolution=1200x1824&AppID=USA%20Today%202.7.2.1%20%2852%29&.a&gnt.&aamsegment=500%2C513%2C514%2C515%2C516%2C517%2C518%2C519%2C520%2C512%2C501%2C502%2C503%2C504%2C505%2C506%2C507%2C600&prefs.&PushSegments=bknews%7Cnews%7Csports%7Clife%7Cmoney%7Ctech&.prefs&MarketName=gpapermobileapp&ProductName=USATODAY%20for%20Android%20Tablet&ssts.&Section=news&.ssts&ContentType=galleries&TimeValue=1%3A30PM&Orientation=portrait&Title=The%20day%20in%20pictures%7Cindex&quietTime=10%3A00pm%7C07%3A00am&ContentId=1410095&Location=38.9324096%7C-77.2167551&zag.&zip=22102&.zag&ItemNumber=1&.gnt&.c&t=00%2F00%2F0000%2000%3A00%3A00%200%20240&pageName=The%20day%20in%20pictures%7Cindex&aid=0B755799E6D542E0-2DC2C6CBAD07BACD&AQE=1)
I/art     (21377): Background partial concurrent mark sweep GC freed 235060(5MB) AllocSpace objects, 27(6MB) LOS objects, 16% free, 80MB/96MB, paused 3.082ms total 268.951ms
D/ADBMobile(21377): ADBMobile Debug : Analytics - Request Sent(http://gannett.112.2o7.net/b/ss/gpapermobileapp/0/JAVA-4.1.7-AN/s72385688?AQB=1&ndh=1&ce=UTF-8&pev2=AMACTION%3Agalleryswipe%7Cnext&c.&a.&DeviceName=Nexus%207&OSVersion=Android%205.1&Resolution=1200x1824&action=galleryswipe%7Cnext&AppID=USA%20Today%202.7.2.1%20%2852%29&.a&gnt.&MarketName=gpapermobileapp&ProductName=USATODAY%20for%20Android%20Tablet&Orientation=portrait&TimeValue=1%3A30PM&.gnt&.c&t=00%2F00%2F0000%2000%3A00%3A00%200%20240&pageName=USA%20Today%202.7.2.1%20%2852%29&aid=0B755799E6D542E0-2DC2C6CBAD07BACD&pe=lnk_o&AQE=1)
V/MinimogrifierUtils(21377): resized image URL: http://www.gannett-cdn.com/-mm-/a8250b4b5d7f46f0ffd182bb5dd5cb35df0aedd0/c=404-201-1955-1367&r=1200x1824&q=80/local/-/media/2015/05/07/USATODAY/USATODAY/635665970497358095-day050715x001.jpg
D/skia    (21377): --- SkImageDecoder::Factory returned null
D/skia    (21377): --- SkImageDecoder::Factory returned null
V/MinimogrifierUtils(21377): resized image URL: http://www.gannett-cdn.com/-mm-/ba153bef7689bd05ccbcee46c493f01807f04d92/c=116-0-1934-1367&r=1200x1824&q=80/local/-/media/2015/05/07/USATODAY/USATODAY/635665970502974347-day050715x002.jpg
D/skia    (21377): --- SkImageDecoder::Factory returned null
D/skia    (21377): --- SkImageDecoder::Factory returned null
V/MinimogrifierUtils(21377): resized image URL: http://www.gannett-cdn.com/-mm-/8a238f2c10ed9f0f9b47529e5651fc5a88248942/c=441-0-1808-1367&r=100x100&q=80&r=100x100&q=80/local/-/media/2015/05/07/USATODAY/USATODAY/635665970497358095-day050715x001.jpg
V/MinimogrifierUtils(21377): resized image URL: http://www.gannett-cdn.com/-mm-/e85d62c3a1fb9408a20010f623376f4f963c33ff/c=341-0-1708-1367&r=100x100&q=80&r=100x100&q=80/local/-/media/2015/05/07/USATODAY/USATODAY/635665970502974347-day050715x002.jpg
V/MinimogrifierUtils(21377): resized image URL: http://www.gannett-cdn.com/-mm-/2c2bf5c9803991db1e3f9a64f28c1f2992d9212c/c=468-0-1835-1367&r=100x100&q=80&r=100x100&q=80/local/-/media/2015/05/07/USATODAY/USATODAY/635665970513270809-day050715x003.jpg
V/MinimogrifierUtils(21377): resized image URL: http://www.gannett-cdn.com/-mm-/7f2b98a712de16b79489fa108beaad634113ea6c/c=563-0-1916-1353&r=100x100&q=80&r=100x100&q=80/local/-/media/2015/05/07/USATODAY/USATODAY/635665970513894837-day050715x004.jpg
V/MinimogrifierUtils(21377): resized image URL: http://www.gannett-cdn.com/-mm-/00faa761cb8d37f3c3c4fa4112e7587d8abed705/c=596-144-1597-1145&r=100x100&q=80&r=100x100&q=80/local/-/media/2015/05/07/USATODAY/USATODAY/635665970511710739-day050715x005.jpg
V/MinimogrifierUtils(21377): resized image URL: http://www.gannett-cdn.com/-mm-/c020f0ae47b1d05f5150c7644705470c45acbd84/c=407-0-1644-1237&r=100x100&q=80&r=100x100&q=80/local/-/media/2015/05/07/USATODAY/USATODAY/635665970529183523-day050715x006.jpg
V/MinimogrifierUtils(21377): resized image URL: http://www.gannett-cdn.com/-mm-/5d24822782248a1580ed71b9876c7763702d2651/c=450-105-1705-1360&r=100x100&q=80&r=100x100&q=80/local/-/media/2015/05/07/USATODAY/USATODAY/635665970509058620-day050715x007.jpg
D/LocationUtility(21377): Connected
D/ADBMobile(21377): ADBMobile Debug : Analytics - Request Sent(http://gannett.112.2o7.net/b/ss/gpapermobileapp/0/JAVA-4.1.7-AN/s98021533?AQB=1&ndh=1&ce=UTF-8&c.&a.&DeviceName=Nexus%207&OSVersion=Android%205.1&Resolution=1200x1824&AppID=USA%20Today%202.7.2.1%20%2852%29&.a&gnt.&aamsegment=500%2C513%2C514%2C515%2C516%2C517%2C518%2C519%2C520%2C512%2C501%2C502%2C503%2C504%2C505%2C506%2C507%2C600&prefs.&PushSegments=bknews%7Cnews%7Csports%7Clife%7Cmoney%7Ctech&.prefs&MarketName=gpapermobileapp&ProductName=USATODAY%20for%20Android%20Tablet&ssts.&Section=news&.ssts&ContentType=galleries&TimeValue=1%3A30PM&Orientation=portrait&Title=The%20day%20in%20pictures%7Cindex&quietTime=10%3A00pm%7C07%3A00am&ContentId=1410095&Location=38.9324096%7C-77.2167551&zag.&zip=22102&.zag&ItemNumber=1&.gnt&.c&t=00%2F00%2F0000%2000%3A00%3A00%200%20240&pageName=The%20day%20in%20pictures%7Cindex&aid=0B755799E6D542E0-2DC2C6CBAD07BACD&AQE=1)
W/Resources(21377): Converting to string: TypedValue{t=0x5/d=0x4001 a=1 r=0x1050051}
W/Resources(21377): Converting to string: TypedValue{t=0x5/d=0x3801 a=1 r=0x105003a}
W/Resources(21377): Converting to string: TypedValue{t=0x5/d=0x4001 a=1 r=0x1050051}
W/Resources(21377): Converting to string: TypedValue{t=0x5/d=0x3801 a=1 r=0x105003a}
I/Ads     ( 6864): CsiReporterFactory: CSI is not enabled. No CSI reporter created.
D/BaseActivity(21377): onStop()
D/LifecycleMonitor(21377): Lifecycle status change: com.gannett.android.news.ui.activity.ActivityWeather@11951088 in: STOPPED
W/UiControllerImpl(21377): Waiting for: DELAY_HAS_PAST for 100 iterations.
W/UiControllerImpl(21377): Waiting for: DELAY_HAS_PAST for 200 iterations.
I/Ads     (21377): No fill from ad server.
W/art     (21377): Attempt to remove local handle scope entry from IRT, ignoring
W/AwContents(21377): onDetachedFromWindow called when already detached. Ignoring
W/art     (21377): Attempt to remove local handle scope entry from IRT, ignoring
W/art     (21377): Attempt to remove local handle scope entry from IRT, ignoring
W/Ads     (21377): Failed to load ad: 3
D/DfpAdRetriever(21377): Ads: ad not retrieved: high_impact
I/ViewInteraction(21377): Performing 'single click' action on view with id: android:id/home
W/UiControllerImpl(21377): Waiting for: DELAY_HAS_PAST for 100 iterations.
D/OMNITURE_TEST(21377): END_OF_TEST
D/OMNITURE_TEST(21377): ---TESTNAME:ARTICLELINK/VIDEO---
D/OMNITURE_TEST(21377): END_OF_TEST
D/OMNITURE_TEST(21377): ---END OF OMNITURE TEST---
D/UserEdManager(21377): hideAndResetUserEd
D/LifecycleMonitor(21377): Lifecycle status change: com.gannett.android.news.ui.activity.ActivityNews@3f274b46 in: DESTROYED
I/art     (21377): Explicit concurrent mark sweep GC freed 72777(3MB) AllocSpace objects, 29(13MB) LOS objects, 18% free, 68MB/84MB, paused 1.770ms total 182.647ms
I/art     (21377): Explicit concurrent mark sweep GC freed 1476(78KB) AllocSpace objects, 7(136KB) LOS objects, 18% free, 68MB/84MB, paused 2.410ms total 153.656ms
I/TestRunner(21377): finished: testOmniture(com.gannett.android.news.features.ZCategoryTests)
I/MonitoringInstrumentation(21377): Activities that are still in CREATED to PAUSED: 1
I/MonitoringInstrumentation(21377): Finishing activity: com.gannett.android.news.ui.activity.ActivityGallery@4c29020
D/BaseActivity(21377): onPause()
D/LifecycleMonitor(21377): Lifecycle status change: com.gannett.android.news.ui.activity.ActivityGallery@4c29020 in: PAUSED
I/TestRunner(21377): started: testPhotosDisplayed(com.gannett.android.news.features.ZCategoryTests)
D/LifecycleMonitor(21377): Lifecycle status change: com.gannett.android.news.ui.activity.ActivityWeather@11951088 in: RESTARTED
D/UrlProducer(21377): Weather URL requested: http://api.gannett-cdn.com/internal/weather/V5/accuweather/data/location/349727?LanguageId=1&Metric=false&format=json&api_key=7zh2888dfxtnttmpkq8wmj78
D/FragmentWeatherSingleLocation(21377): updateActivityAndFragmentUI(), isSelected: true
D/UrlProducer(21377): Weather URL requested: http://api.gannett-cdn.com/internal/weather/V5/accuweather/data/location/347625?LanguageId=1&Metric=false&format=json&api_key=7zh2888dfxtnttmpkq8wmj78
D/FragmentWeatherSingleLocation(21377): updateActivityAndFragmentUI(), isSelected: false
D/BaseActivity(21377): onStart()
D/AdConfigurationImpl(21377): lookingFor: article_banner_top, found: high_impact
D/AdConfigurationImpl(21377): lookingFor: article_banner_bottom, found: high_impact
D/AdConfigurationImpl(21377): lookingFor: high_impact, found: high_impact
D/GravityWell(21377): Ready CacheIds: 
