D/DfpAdRetriever(31172): AD_REQUEST::SectionFront::/7103/usatoday_tablet/android_tablet_app-section_front/news/main:: Size = 468x60::AWS::news/main
D/ADBMobile(31172): ADBMobile Debug : Audience Manager - request (http://gannett.demdex.net/event?c_gnt_prefs_PushSegments=bknews%7Cnull%7Cnull%7Cnull%7Cnull%7Cnull&c_gnt_Orientation=portrait&c_gnt_TimeValue=11%3A00AM&c_gnt_Location=38.9323821%7C-77.2181611&c_gnt_zag_zip=22102&c_gnt_ssts_Subsection=News%20Top%20Stories&c_gnt_ContentType=sectionfront&c_gnt_ProductName=USATODAY%20for%20Android%20Tablet&c_gnt_ssts_Section=News&c_gnt_MarketName=gpapermobileapp&c_gnt_quietTime=10%3A00pm%7C07%3A00am&d_dpid=3054&d_dpuuid=b20c3623-9a28-4594-844b-acc8da859575&d_ptfm=android&d_dst=1&d_rtbd=json)
W/ADBMobile(31172): ADBMobile Debug : Audience Manager - Unable to parse JSON data (No value for dests)
D/ADBMobile(31172): ADBMobile Debug : Analytics - Attempting to send request parameters(94875029?AQB=1&ndh=1&ce=UTF-8&c.&a.&DeviceName=Nexus%207&OSVersion=Android%205.1.1&Resolution=1200x1824&AppID=USA%20Today%202.7.2.1%20%2852%29&.a&gnt.&Orientation=portrait&prefs.&PushSegments=bknews%7Cnull%7Cnull%7Cnull%7Cnull%7Cnull&.prefs&MarketName=gpapermobileapp&quietTime=10%3A00pm%7C07%3A00am&ProductName=USATODAY%20for%20Android%20Tablet&ssts.&Section=News&Subsection=News%20Top%20Stories&.ssts&Location=38.9323821%7C-77.2181611&zag.&zip=22102&.zag&ContentType=sectionfront&TimeValue=11%3A00AM&.gnt&.c&t=00%2F00%2F0000%2000%3A00%3A00%200%20240&pageName=News%7CNews%20Top%20Stories%7Cindex&aid=2AACFBD3851921B3-40000610A00022D1&AQE=1)
D/UserEdManager(31172): tryDisplayUserEd
D/UserEdManager(31172): hideAndResetUserEd
D/UrlProducer(31172): Breaking News URL requested: http://api.gannett-cdn.com/mobilefeeds/breakingnews/v1/mobile/?siteId=1&api_key=euc4uvhentf8r3dgt69483ad
W/Resources(31172): Converting to string: TypedValue{t=0x12/d=0x0 a=2 r=0x7f0b0114}
W/Resources(31172): Converting to string: TypedValue{t=0x1d/d=0xffebebeb a=2 r=0x7f090013}
W/Resources(31172): Converting to string: TypedValue{t=0x12/d=0x0 a=2 r=0x7f0b0071}
W/Resources(31172): Converting to string: TypedValue{t=0x12/d=0x0 a=2 r=0x7f0b0115}
W/Resources(31172): Converting to string: TypedValue{t=0x1d/d=0xff000000 a=2 r=0x7f090017}
W/Resources(31172): Converting to string: TypedValue{t=0x12/d=0x0 a=2 r=0x7f0b0150}
W/Resources(31172): Converting to string: TypedValue{t=0x1d/d=0xffa01313 a=2 r=0x7f09001a}
W/Resources(31172): Converting to string: TypedValue{t=0x5/d=0x801 a=2 r=0x7f0a005c}
W/Resources(31172): Converting to string: TypedValue{t=0x5/d=0x401 a=2 r=0x7f0a005e}
W/Resources(31172): Converting to string: TypedValue{t=0x5/d=0x801 a=2 r=0x7f0a005c}
W/Resources(31172): Converting to string: TypedValue{t=0x5/d=0x401 a=2 r=0x7f0a005e}
D/Transform(31172): BreakingNewsModule: com.gannett.android.exceptions.InvalidEntityException: no items
D/Transform(31172): BreakingNewsFeedImpl: com.gannett.android.exceptions.InvalidEntityException: no module
W/Resources(31172): Converting to string: TypedValue{t=0x5/d=0x1001 a=2 r=0x7f0a0060}
W/Resources(31172): Converting to string: TypedValue{t=0x5/d=0x1001 a=2 r=0x7f0a0060}
W/Resources(31172): Converting to string: TypedValue{t=0x5/d=0x1001 a=2 r=0x7f0a0060}
W/Resources(31172): Converting to string: TypedValue{t=0x12/d=0x0 a=2 r=0x7f0b0151}
W/Resources(31172): Converting to string: TypedValue{t=0x5/d=0x1001 a=2 r=0x7f0a0068}
W/Resources(31172): Converting to string: TypedValue{t=0x5/d=0x401 a=2 r=0x7f0a005e}
W/Resources(31172): Converting to string: TypedValue{t=0x12/d=0x0 a=2 r=0x7f0b013c}
W/Resources(31172): Converting to string: TypedValue{t=0x5/d=0x1001 a=2 r=0x7f0a0068}
W/Resources(31172): Converting to string: TypedValue{t=0x5/d=0x1101 a=2 r=0x7f0a0084}
W/Resources(31172): Converting to string: TypedValue{t=0x12/d=0x0 a=2 r=0x7f0b0074}
V/MinimogrifierUtils(31172): resized image URL: http://www.gannett-cdn.com/-mm-/564e83368decc0b29f03c639fab207e2f513b708/c=175-0-1779-1206&r=1200x900&q=80/local/-/media/2015/05/19/USATODAY/USATODAY/635676158000237650-Waco-shooting-051915.jpg
W/Resources(31172): Converting to string: TypedValue{t=0x12/d=0x0 a=2 r=0x7f0b01d9}
W/Resources(31172): Converting to string: TypedValue{t=0x1d/d=0xffeeeeee a=2 r=0x7f0900cd}
W/Resources(31172): Converting to string: TypedValue{t=0x5/d=0x1001 a=2 r=0x7f0a0060}
W/Resources(31172): Converting to string: TypedValue{t=0x5/d=0xc01 a=2 r=0x7f0a005d}
W/Resources(31172): Converting to string: TypedValue{t=0x5/d=0x801 a=2 r=0x7f0a005c}
W/Resources(31172): Converting to string: TypedValue{t=0x12/d=0x0 a=2 r=0x7f0b01da}
W/Resources(31172): Converting to string: TypedValue{t=0x5/d=0x801 a=2 r=0x7f0a005c}
W/Resources(31172): Converting to string: TypedValue{t=0x5/d=0x1001 a=2 r=0x7f0a0060}
W/Resources(31172): Converting to string: TypedValue{t=0x12/d=0x0 a=2 r=0x7f0b0213}
W/art     (31172): Suspending all threads took: 6.439ms
W/Resources(31172): Converting to string: TypedValue{t=0x12/d=0x0 a=2 r=0x7f0b0214}
W/Resources(31172): Converting to string: TypedValue{t=0x12/d=0x0 a=2 r=0x7f0b017c}
D/ADBMobile(31172): ADBMobile Debug : Analytics - Request Sent(http://gannett.112.2o7.net/b/ss/gpapermobileapp/0/JAVA-4.1.7-AN/s94875029?AQB=1&ndh=1&ce=UTF-8&c.&a.&DeviceName=Nexus%207&OSVersion=Android%205.1.1&Resolution=1200x1824&AppID=USA%20Today%202.7.2.1%20%2852%29&.a&gnt.&Orientation=portrait&prefs.&PushSegments=bknews%7Cnull%7Cnull%7Cnull%7Cnull%7Cnull&.prefs&MarketName=gpapermobileapp&quietTime=10%3A00pm%7C07%3A00am&ProductName=USATODAY%20for%20Android%20Tablet&ssts.&Section=News&Subsection=News%20Top%20Stories&.ssts&Location=38.9323821%7C-77.2181611&zag.&zip=22102&.zag&ContentType=sectionfront&TimeValue=11%3A00AM&.gnt&.c&t=00%2F00%2F0000%2000%3A00%3A00%200%20240&pageName=News%7CNews%20Top%20Stories%7Cindex&aid=2AACFBD3851921B3-40000610A00022D1&AQE=1)
W/Resources(31172): Converting to string: TypedValue{t=0x12/d=0x0 a=2 r=0x7f0b0215}
W/Resources(31172): Converting to string: TypedValue{t=0x12/d=0x0 a=2 r=0x7f0b01db}
D/UrlProducer(31172): Weather URL requested: http://api.gannett-cdn.com/internal/weather/V5/accuweather/data/location/349727?LanguageId=1&Metric=false&format=json&api_key=7zh2888dfxtnttmpkq8wmj78
W/Resources(31172): Converting to string: TypedValue{t=0x1c/d=0x0 a=1 r=0x106000d}
W/Resources(31172): Converting to string: TypedValue{t=0x12/d=0x0 a=2 r=0x7f0b013b}
W/Resources(31172): Converting to string: TypedValue{t=0x5/d=0x1001 a=2 r=0x7f0a0060}
W/Resources(31172): Converting to string: TypedValue{t=0x5/d=0x801 a=2 r=0x7f0a005c}
W/Resources(31172): Converting to string: TypedValue{t=0x5/d=0x1001 a=2 r=0x7f0a0060}
W/Resources(31172): Converting to string: TypedValue{t=0x5/d=0x801 a=2 r=0x7f0a005c}
W/Resources(31172): Converting to string: TypedValue{t=0x5/d=0x3001 a=2 r=0x7f0a0066}
W/Resources(31172): Converting to string: TypedValue{t=0x12/d=0x0 a=2 r=0x7f0b0077}
W/Resources(31172): Converting to string: TypedValue{t=0x12/d=0x0 a=2 r=0x7f0b0071}
W/Resources(31172): Converting to string: TypedValue{t=0x1d/d=0xffc8c8c8 a=2 r=0x7f090019}
W/Resources(31172): Converting to string: TypedValue{t=0x5/d=0x5a01 a=2 r=0x7f0a0038}
W/Resources(31172): Converting to string: TypedValue{t=0x12/d=0x0 a=2 r=0x7f0b0116}
W/Resources(31172): Converting to string: TypedValue{t=0x12/d=0x0 a=2 r=0x7f0b013c}
W/Resources(31172): Converting to string: TypedValue{t=0x12/d=0x0 a=2 r=0x7f0b0074}
W/Resources(31172): Converting to string: TypedValue{t=0x12/d=0x0 a=2 r=0x7f0b0117}
W/Resources(31172): Converting to string: TypedValue{t=0x5/d=0x1001 a=2 r=0x7f0a0060}
W/Resources(31172): Converting to string: TypedValue{t=0x5/d=0x1001 a=2 r=0x7f0a0060}
V/MinimogrifierUtils(31172): resized image URL: http://www.gannett-cdn.com/-mm-/1c75c3bd75923eb7e9f2346fefbeb8f7c2a959b6/c=277-0-4618-3264&r=228x168&q=80/local/-/media/2015/05/19/USATODAY/USATODAY/635676249769504967-AP-Novartis-Settlement-001.jpg
W/Resources(31172): Converting to string: TypedValue{t=0x1c/d=0x0 a=1 r=0x106000d}
W/Resources(31172): Converting to string: TypedValue{t=0x12/d=0x0 a=2 r=0x7f0b013b}
W/Resources(31172): Converting to string: TypedValue{t=0x5/d=0x1001 a=2 r=0x7f0a0060}
W/Resources(31172): Converting to string: TypedValue{t=0x5/d=0x801 a=2 r=0x7f0a005c}
W/Resources(31172): Converting to string: TypedValue{t=0x5/d=0x1001 a=2 r=0x7f0a0060}
W/Resources(31172): Converting to string: TypedValue{t=0x5/d=0x801 a=2 r=0x7f0a005c}
W/Resources(31172): Converting to string: TypedValue{t=0x5/d=0x3001 a=2 r=0x7f0a0066}
W/Resources(31172): Converting to string: TypedValue{t=0x12/d=0x0 a=2 r=0x7f0b0077}
W/Resources(31172): Converting to string: TypedValue{t=0x12/d=0x0 a=2 r=0x7f0b0071}
W/Resources(31172): Converting to string: TypedValue{t=0x1d/d=0xffc8c8c8 a=2 r=0x7f090019}
W/Resources(31172): Converting to string: TypedValue{t=0x5/d=0x5a01 a=2 r=0x7f0a0038}
W/Resources(31172): Converting to string: TypedValue{t=0x12/d=0x0 a=2 r=0x7f0b0116}
W/Resources(31172): Converting to string: TypedValue{t=0x12/d=0x0 a=2 r=0x7f0b013c}
W/Resources(31172): Converting to string: TypedValue{t=0x12/d=0x0 a=2 r=0x7f0b0074}
W/Resources(31172): Converting to string: TypedValue{t=0x12/d=0x0 a=2 r=0x7f0b0117}
W/Resources(31172): Converting to string: TypedValue{t=0x5/d=0x1001 a=2 r=0x7f0a0060}
W/Resources(31172): Converting to string: TypedValue{t=0x5/d=0x1001 a=2 r=0x7f0a0060}
I/art     (31172): Background sticky concurrent mark sweep GC freed 110893(4MB) AllocSpace objects, 2(32KB) LOS objects, 4% free, 44MB/46MB, paused 5.401ms total 56.121ms
E/        (10590): invalid crash request of size 4 (from pid=29774 uid=0)
V/MinimogrifierUtils(31172): resized image URL: http://www.gannett-cdn.com/-mm-/c69618ce4b38492e5968c694818d31f799f1f6f0/c=114-0-1887-1333&r=228x168&q=80/local/-/media/2015/05/18/USATODAY/USATODAY/635675537978909341-XXX-IMG-7069-1.jpg
W/Resources(31172): Converting to string: TypedValue{t=0x1c/d=0x0 a=1 r=0x106000d}
W/Resources(31172): Converting to string: TypedValue{t=0x12/d=0x0 a=2 r=0x7f0b013b}
W/Resources(31172): Converting to string: TypedValue{t=0x5/d=0x1001 a=2 r=0x7f0a0060}
W/Resources(31172): Converting to string: TypedValue{t=0x5/d=0x801 a=2 r=0x7f0a005c}
W/Resources(31172): Converting to string: TypedValue{t=0x5/d=0x1001 a=2 r=0x7f0a0060}
W/Resources(31172): Converting to string: TypedValue{t=0x5/d=0x801 a=2 r=0x7f0a005c}
W/Resources(31172): Converting to string: TypedValue{t=0x5/d=0x3001 a=2 r=0x7f0a0066}
W/Resources(31172): Converting to string: TypedValue{t=0x12/d=0x0 a=2 r=0x7f0b0077}
W/Resources(31172): Converting to string: TypedValue{t=0x12/d=0x0 a=2 r=0x7f0b0071}
W/Resources(31172): Converting to string: TypedValue{t=0x1d/d=0xffc8c8c8 a=2 r=0x7f090019}
W/Resources(31172): Converting to string: TypedValue{t=0x5/d=0x5a01 a=2 r=0x7f0a0038}
W/Resources(31172): Converting to string: TypedValue{t=0x12/d=0x0 a=2 r=0x7f0b0116}
W/Resources(31172): Converting to string: TypedValue{t=0x12/d=0x0 a=2 r=0x7f0b013c}
W/Resources(31172): Converting to string: TypedValue{t=0x12/d=0x0 a=2 r=0x7f0b0074}
W/Resources(31172): Converting to string: TypedValue{t=0x12/d=0x0 a=2 r=0x7f0b0117}
W/Resources(31172): Converting to string: TypedValue{t=0x5/d=0x1001 a=2 r=0x7f0a0060}
W/Resources(31172): Converting to string: TypedValue{t=0x5/d=0x1001 a=2 r=0x7f0a0060}
V/MinimogrifierUtils(31172): resized image URL: http://www.gannett-cdn.com/-mm-/645f71db68efb549d3be87ada7559d7a5c3a55c1/c=246-348-2720-2208&r=228x168&q=80/local/-/media/2015/05/19/USATODAY/USATODAY/635675965383089011-nissanleafcharging11.JPG
D/DfpAdRetriever(31172): recording impression for section_front
W/UiControllerImpl(31172): Waiting for: DYNAMIC_TASKS_HAVE_IDLED for 500 iterations.
D/BreakingNewsRetriever(31172): onError() com.gannett.android.exceptions.EmptyFeedException: Unrecoverable transform error deserializing BreakingNewsFeedImpl
D/GravityWell(31172): Checking gravity config for ad ID: usatoday_tablet/android_tablet_app-high_impact
I/Ads     ( 6165): CsiReporterFactory: CSI is not enabled. No CSI reporter created.
W/qcom_sensors_hal(  562): hal_sensor1_data_cb: SENSOR1_MSG_TYPE_BROKEN_PIPE
I/ViewInteraction(31172): Performing 'unregister idling drawer listener' action on view with id: com.usatoday.android.news:id/nav_drawer
E/Diag_Lib(31596):  Diag_LSM_Init: Failed to open handle to diag driver, error = 2
E/Sensors (31596): sns_fsa_la.c(386):fsa: fflush failed, 9
E/Sensors (31596): sns_fsa_la.c(386):fsa: fflush failed, 9
I/ViewInteraction(31172): Performing 'single click' action on view (with id: com.usatoday.android.news:id/nav_child_text and with text: is "Day in Pictures")
W/Sensors (31596): sns_smr_la.c(446):smr_la: smr_apps_la_thread_main is starting, fd=11, sns_smr.en_rx_msg_ptr=b6ff99d0
W/Sensors (31596): sns_sam_app.c(6827):sns_sam_reg_algo: Registering algo service 16, err 0
E/Sensors (31596): sns_debug_main.c(565):Debug Config File missing in EFS!
D/DfpAdRetriever(31172): recording impression for section_front
D/NavigationActivity(31172): navigateTo():Day in Pictures
D/NavigationActivity(31172): executeNavigationIntent, this class: class com.gannett.android.news.ui.activity.ActivityNews, intent.getClass(): com.gannett.android.news.ui.activity.ActivityGallery
D/MonitoringInstrumentation(31172): execStartActivity(context, ibinder, ibinder, activity, intent, int, bundle
I/ActivityManager(  562): START u0 {flg=0x20000 cmp=com.usatoday.android.news/com.gannett.android.news.ui.activity.ActivityGallery (has extras)} from uid 10187 on display 0
V/WindowManager(  562): addAppToken: AppWindowToken{15db1137 token=Token{771ee36 ActivityRecord{1b1c33d1 u0 com.usatoday.android.news/com.gannett.android.news.ui.activity.ActivityGallery t12386}}} to stack=1 task=12386 at 1
D/DfpAdRetriever(31172): recording impression for section_front
D/BaseActivity(31172): onPause()
D/LifecycleMonitor(31172): Lifecycle status change: com.gannett.android.news.ui.activity.ActivityNews@2b48d2a1 in: PAUSED
D/ADBMobile(31172): ADBMobile Debug : Analytics - Attempting to send request parameters(5391220?AQB=1&ndh=1&ce=UTF-8&pev2=AMACTION%3Anavmenu%7Cday_in_pictures&c.&a.&DeviceName=Nexus%207&OSVersion=Android%205.1.1&Resolution=1200x1824&action=navmenu%7Cday_in_pictures&AppID=USA%20Today%202.7.2.1%20%2852%29&.a&gnt.&MarketName=gpapermobileapp&ProductName=USATODAY%20for%20Android%20Tablet&Orientation=portrait&TimeValue=11%3A00AM&.gnt&.c&t=00%2F00%2F0000%2000%3A00%3A00%200%20240&pageName=USA%20Today%202.7.2.1%20%2852%29&aid=2AACFBD3851921B3-40000610A00022D1&pe=lnk_o&AQE=1)
D/LifecycleMonitor(31172): Lifecycle status change: com.gannett.android.news.ui.activity.ActivityGallery@1102e5c3 in: PRE_ON_CREATE
D/BaseActivity(31172): onCreate()
D/DEVICE INFO(31172): screenSize: large, dpiBucket: xhdpi
W/Resources(31172): Converting to string: TypedValue{t=0x12/d=0x0 a=1 r=0x1020378}
W/Resources(31172): Converting to string: TypedValue{t=0x12/d=0x0 a=1 r=0x1020379}
W/Resources(31172): Converting to string: TypedValue{t=0x1f/d=0xff222222 a=2 r=0x7f090006}
W/Resources(31172): Converting to string: TypedValue{t=0x12/d=0x0 a=1 r=0x102037a}
W/Resources(31172): Converting to string: TypedValue{t=0x1f/d=0xff222222 a=2 r=0x7f090006}
W/Resources(31172): Converting to string: TypedValue{t=0x12/d=0x0 a=1 r=0x10202b6}
W/Resources(31172): Converting to string: TypedValue{t=0x12/d=0x0 a=1 r=0x10202b7}
D/ADBMobile(31172): ADBMobile Debug : Analytics - Request Sent(http://gannett.112.2o7.net/b/ss/gpapermobileapp/0/JAVA-4.1.7-AN/s5391220?AQB=1&ndh=1&ce=UTF-8&pev2=AMACTION%3Anavmenu%7Cday_in_pictures&c.&a.&DeviceName=Nexus%207&OSVersion=Android%205.1.1&Resolution=1200x1824&action=navmenu%7Cday_in_pictures&AppID=USA%20Today%202.7.2.1%20%2852%29&.a&gnt.&MarketName=gpapermobileapp&ProductName=USATODAY%20for%20Android%20Tablet&Orientation=portrait&TimeValue=11%3A00AM&.gnt&.c&t=00%2F00%2F0000%2000%3A00%3A00%200%20240&pageName=USA%20Today%202.7.2.1%20%2852%29&aid=2AACFBD3851921B3-40000610A00022D1&pe=lnk_o&AQE=1)
W/Resources(31172): Converting to string: TypedValue{t=0x12/d=0x0 a=1 r=0x102037b}
W/Resources(31172): Converting to string: TypedValue{t=0x12/d=0x0 a=1 r=0x102037c}
W/Resources(31172): Converting to string: TypedValue{t=0x1f/d=0xff222222 a=2 r=0x7f090006}
W/Resources(31172): Converting to string: TypedValue{t=0x12/d=0x0 a=2 r=0x7f0b01cc}
W/Resources(31172): Converting to string: TypedValue{t=0x12/d=0x0 a=2 r=0x7f0b01cd}
W/Resources(31172): Converting to string: TypedValue{t=0x12/d=0x0 a=2 r=0x7f0b01ce}
W/Resources(31172): Converting to string: TypedValue{t=0x1d/d=0xffffffff a=2 r=0x7f0900f6}
W/Resources(31172): Converting to string: TypedValue{t=0x12/d=0x0 a=2 r=0x7f0b0078}
W/Resources(31172): Converting to string: TypedValue{t=0x12/d=0x0 a=2 r=0x7f0b0079}
W/Resources(31172): Converting to string: TypedValue{t=0x12/d=0x0 a=2 r=0x7f0b0086}
D/UserEdManager(31172): tryDisplayUserEd
D/UserEdManager(31172): hideAndResetUserEd
D/LifecycleMonitor(31172): Lifecycle status change: com.gannett.android.news.ui.activity.ActivityGallery@1102e5c3 in: CREATED
D/BaseActivity(31172): onStart()
D/AdConfigurationImpl(31172): lookingFor: article_banner_top, found: high_impact
D/AdConfigurationImpl(31172): lookingFor: article_banner_bottom, found: high_impact
D/AdConfigurationImpl(31172): lookingFor: high_impact, found: high_impact
D/GravityWell(31172): Ready CacheIds: 
D/Ads     (31172): Ads: Additional Param: cacheid=
D/AdConfigurationImpl(31172): lookingFor: article_banner_top, found: high_impact
D/AdConfigurationImpl(31172): lookingFor: article_banner_bottom, found: high_impact
D/AdConfigurationImpl(31172): lookingFor: high_impact, found: high_impact
D/Ads     (31172): Ads: Params: latitude=38.92041482;ver=2.7.2.1;longitude=-77.22110591;pageType=front;androidid=b20c3623-9a28-4594-844b-acc8da859575;
I/Ads     (31172): Starting ad request.
I/Ads     (31172): Use AdRequest.Builder.addTestDevice("07C3BD1FC97B8BD363E7086452B8BB2A") to get test ads on this device.
I/Ads     (31172): Please set theme of AdActivity to @android:style/Theme.Translucent to enable transparent background interstitial ad.
D/DfpAdRetriever(31172): AD_REQUEST::Gravity::/7103/usatoday_tablet/android_tablet_app-high_impact:: Size = 1280x1280::AWS::no_cst
D/returnToActivityHeadlinesTest(31172): tryReturnToActivityHeadlines(): this.autoNavToHome == true
D/LifecycleMonitor(31172): Lifecycle status change: com.gannett.android.news.ui.activity.ActivityGallery@1102e5c3 in: STARTED
D/BaseActivity(31172): onResume()
W/Resources(31172): Converting to string: TypedValue{t=0x12/d=0x0 a=2 r=0x7f0b012f}
W/Resources(31172): Converting to string: TypedValue{t=0x12/d=0x0 a=2 r=0x7f0b0130}
W/Resources(31172): Converting to string: TypedValue{t=0x12/d=0x0 a=2 r=0x7f0b0131}
W/Resources(31172): Converting to string: TypedValue{t=0x5/d=0x1001 a=2 r=0x7f0a0060}
W/Resources(31172): Converting to string: TypedValue{t=0x5/d=0x801 a=2 r=0x7f0a005c}
W/Resources(31172): Converting to string: TypedValue{t=0x5/d=0x1001 a=2 r=0x7f0a0060}
W/Resources(31172): Converting to string: TypedValue{t=0x5/d=0x801 a=2 r=0x7f0a005c}
W/Resources(31172): Converting to string: TypedValue{t=0x12/d=0x0 a=2 r=0x7f0b0132}
W/Resources(31172): Converting to string: TypedValue{t=0x12/d=0x0 a=2 r=0x7f0b0133}
W/Resources(31172): Converting to string: TypedValue{t=0x5/d=0x801 a=2 r=0x7f0a005c}
W/Resources(31172): Converting to string: TypedValue{t=0x12/d=0x0 a=2 r=0x7f0b0134}
W/Resources(31172): Converting to string: TypedValue{t=0x12/d=0x0 a=2 r=0x7f0b0135}
W/Resources(31172): Converting to string: TypedValue{t=0x12/d=0x0 a=2 r=0x7f0b0136}
W/Resources(31172): Converting to string: TypedValue{t=0x12/d=0x0 a=2 r=0x7f0b00b9}
D/UrlProducer(31172): Gallery Url requested: http://api.gannett-cdn.com/mobilefeeds/galleries/v1/1410095/?api_key=euc4uvhentf8r3dgt69483ad
D/LifecycleMonitor(31172): Lifecycle status change: com.gannett.android.news.ui.activity.ActivityGallery@1102e5c3 in: RESUMED
V/WindowManager(  562): Adding window Window{c589d3 u0 com.usatoday.android.news/com.gannett.android.news.ui.activity.ActivityGallery} at 8 of 14 (after Window{1bf4c20c u0 com.usatoday.android.news/com.gannett.android.news.ui.activity.ActivityNews})
V/MinimogrifierUtils(31172): resized image URL: http://www.gannett-cdn.com/-mm-/d168b6addedcdae2fe661f639a568ed7651c524d/c=755-0-3088-2333&r=100x100&q=80/local/-/media/2015/05/18/USATODAY/USATODAY/635675822055717476-GTY-473872272.jpg
V/MinimogrifierUtils(31172): resized image URL: http://www.gannett-cdn.com/-mm-/b9964961efb0c5d98fa3f8f842fdf7ab19ebb15c/c=369-0-2369-2000&r=100x100&q=80/local/-/media/2015/05/18/USATODAY/USATODAY/635675822087074079-AP-APTOPIX-Amtrak-Crash.jpg
V/MinimogrifierUtils(31172): resized image URL: http://www.gannett-cdn.com/-mm-/9a8f93d68ec69f29eab2c77add6a70a21deb878f/c=276-0-2276-2000&r=100x100&q=80/local/-/media/2015/05/18/USATODAY/USATODAY/635675822045265275-473886478.jpg
V/MinimogrifierUtils(31172): resized image URL: http://www.gannett-cdn.com/-mm-/ad7b1a3220b2d1f71bdd3e13305e90ebdff05686/c=1675-0-4597-2922&r=100x100&q=80/local/-/media/2015/05/18/USATODAY/USATODAY/635675822103142388-AFP-540833491.jpg
V/MinimogrifierUtils(31172): resized image URL: http://www.gannett-cdn.com/-mm-/8a225ddcaffbe015d32b7e47983521fac32449cc/c=1267-0-4547-3280&r=100x100&q=80/local/-/media/2015/05/18/USATODAY/USATODAY/635675822086294064-AFP-540834599.jpg
W/art     (31172): Suspending all threads took: 23.162ms
W/art     (31172): Suspending all threads took: 6.683ms
V/MinimogrifierUtils(31172): resized image URL: http://www.gannett-cdn.com/-mm-/b13d9607ff33021385b50dbb24828f6bb84fa15a/c=480-0-3592-3112&r=100x100&q=80/local/-/media/2015/05/18/USATODAY/USATODAY/635675822086294064-AP-Amtrak-Crash-Funeral.jpg
V/MinimogrifierUtils(31172): resized image URL: http://www.gannett-cdn.com/-mm-/eac3298235b010b6daeaa4d736ca1c8f276451b9/c=438-0-2353-1915&r=100x100&q=80/local/-/media/2015/05/18/USATODAY/USATODAY/635675822073501818-AFP-540823885.jpg
I/art     (31172): Background sticky concurrent mark sweep GC freed 17242(937KB) AllocSpace objects, 2(64KB) LOS objects, 2% free, 45MB/46MB, paused 12.481ms total 68.786ms
W/Resources(31172): Converting to string: TypedValue{t=0x5/d=0x1401 a=2 r=0x7f0a0096}
V/MinimogrifierUtils(31172): resized image URL: http://www.gannett-cdn.com/-mm-/ac085d493e9aae3c6107d157585f563c3b07464a/c=317-0-1672-1355&r=100x100&q=80/local/-/media/2015/05/18/USATODAY/USATODAY/635675449903659881-day051815x012.jpg
W/Resources(31172): Converting to string: TypedValue{t=0x5/d=0x1001 a=2 r=0x7f0a0097}
W/Resources(31172): Converting to string: TypedValue{t=0x5/d=0x1401 a=2 r=0x7f0a0096}
W/Resources(31172): Converting to string: TypedValue{t=0x5/d=0xf01 a=2 r=0x7f0a0095}
W/Resources(31172): Converting to string: TypedValue{t=0x12/d=0x0 a=2 r=0x7f0b01c9}
V/MinimogrifierUtils(31172): resized image URL: http://www.gannett-cdn.com/-mm-/81f0c1467cd8ae87435b6f0f8e75c2a34ab19a05/c=325-0-1692-1367&r=100x100&q=80/local/-/media/2015/05/18/USATODAY/USATODAY/635675449885251527-day051815x001.jpg
W/Resources(31172): Converting to string: TypedValue{t=0x12/d=0x0 a=2 r=0x7f0b01ca}
V/MinimogrifierUtils(31172): resized image URL: http://www.gannett-cdn.com/-mm-/448160f4584b50a608fbcecfe2e443dfddfab692/c=594-0-1885-1291&r=100x100&q=80/local/-/media/2015/05/18/USATODAY/USATODAY/635675449885563533-day051815x002.jpg
W/Resources(31172): Converting to string: TypedValue{t=0x12/d=0x0 a=2 r=0x7f0b01cb}
V/MinimogrifierUtils(31172): resized image URL: http://www.gannett-cdn.com/-mm-/a91c330c3ec71a519577209cc4a2b484b70139bd/c=749-317-1753-1321&r=100x100&q=80/local/-/media/2015/05/18/USATODAY/USATODAY/635675449886187545-day051815x003.jpg
W/Resources(31172): Converting to string: TypedValue{t=0x1d/d=0xfff9f9f9 a=2 r=0x7f0900a5}
W/Resources(31172): Converting to string: TypedValue{t=0x5/d=0x1401 a=2 r=0x7f0a0096}
W/Resources(31172): Converting to string: TypedValue{t=0x5/d=0x1001 a=2 r=0x7f0a0097}
W/Resources(31172): Converting to string: TypedValue{t=0x5/d=0x1401 a=2 r=0x7f0a0096}
W/Resources(31172): Converting to string: TypedValue{t=0x5/d=0xf01 a=2 r=0x7f0a0095}
W/Resources(31172): Converting to string: TypedValue{t=0x12/d=0x0 a=2 r=0x7f0b01c6}
V/MinimogrifierUtils(31172): resized image URL: http://www.gannett-cdn.com/-mm-/7cba85d88f46d77becd0dd64fa4ca725707f4b1a/c=278-0-1645-1367&r=100x100&q=80/local/-/media/2015/05/18/USATODAY/USATODAY/635675449887747575-day051815x004.jpg
W/Resources(31172): Converting to string: TypedValue{t=0x12/d=0x0 a=2 r=0x7f0b01c7}
W/Resources(31172): Converting to string: TypedValue{t=0x12/d=0x0 a=2 r=0x7f0b01c8}
V/MinimogrifierUtils(31172): resized image URL: http://www.gannett-cdn.com/-mm-/b08f792aced32cd19e99d54ee529794277e7a59d/c=574-0-2047-1473&r=100x100&q=80/local/-/media/2015/05/18/USATODAY/USATODAY/635675449886655554-day051815x005.jpg
W/Resources(31172): Converting to string: TypedValue{t=0x1d/d=0xfff9f9f9 a=2 r=0x7f0900a5}
W/Resources(31172): Converting to string: TypedValue{t=0x5/d=0x1401 a=2 r=0x7f0a0096}
W/Resources(31172): Converting to string: TypedValue{t=0x5/d=0x1001 a=2 r=0x7f0a0097}
W/Resources(31172): Converting to string: TypedValue{t=0x5/d=0x1401 a=2 r=0x7f0a0096}
W/Resources(31172): Converting to string: TypedValue{t=0x5/d=0xf01 a=2 r=0x7f0a0095}
W/Resources(31172): Converting to string: TypedValue{t=0x12/d=0x0 a=2 r=0x7f0b01c6}
V/MinimogrifierUtils(31172): resized image URL: http://www.gannett-cdn.com/-mm-/5febb20dec4a42fc7312d9f33cf796c7d40a5049/c=499-0-1866-1367&r=100x100&q=80/local/-/media/2015/05/18/USATODAY/USATODAY/635675449887903578-day051815x006.jpg
W/Resources(31172): Converting to string: TypedValue{t=0x12/d=0x0 a=2 r=0x7f0b01c7}
W/Resources(31172): Converting to string: TypedValue{t=0x12/d=0x0 a=2 r=0x7f0b01c8}
V/MinimogrifierUtils(31172): resized image URL: http://www.gannett-cdn.com/-mm-/fecf36282446a09cddd7cabf15afad410efdb506/c=435-0-1769-1334&r=100x100&q=80/local/-/media/2015/05/18/USATODAY/USATODAY/635675449887591572-day051815x007.jpg
V/MinimogrifierUtils(31172): resized image URL: http://www.gannett-cdn.com/-mm-/12d21e7886b6be05f876748f758731b8613da6d3/c=203-0-1481-1278&r=100x100&q=80/local/-/media/2015/05/18/USATODAY/USATODAY/635675449903659881-day051815x009.jpg
W/Resources(31172): Converting to string: TypedValue{t=0x1d/d=0xfff9f9f9 a=2 r=0x7f0900a5}
W/Resources(31172): Converting to string: TypedValue{t=0x5/d=0x1401 a=2 r=0x7f0a0096}
W/Resources(31172): Converting to string: TypedValue{t=0x5/d=0x1001 a=2 r=0x7f0a0097}
W/Resources(31172): Converting to string: TypedValue{t=0x5/d=0x1401 a=2 r=0x7f0a0096}
W/Resources(31172): Converting to string: TypedValue{t=0x5/d=0xf01 a=2 r=0x7f0a0095}
W/Resources(31172): Converting to string: TypedValue{t=0x12/d=0x0 a=2 r=0x7f0b01c6}
V/MinimogrifierUtils(31172): resized image URL: http://www.gannett-cdn.com/-mm-/5638aa9f834ec6188d079caca636b812a9cb16e2/c=395-0-1899-1504&r=100x100&q=80/local/-/media/2015/05/18/USATODAY/USATODAY/635675449889463608-day051815x010.jpg
W/Resources(31172): Converting to string: TypedValue{t=0x12/d=0x0 a=2 r=0x7f0b01c7}
W/Resources(31172): Converting to string: TypedValue{t=0x12/d=0x0 a=2 r=0x7f0b01c8}
V/MinimogrifierUtils(31172): resized image URL: http://www.gannett-cdn.com/-mm-/5cd60963b53721c9d3e57df5072c3503a5f0e0c2/c=153-0-1517-1364&r=100x100&q=80/local/-/media/2015/05/18/USATODAY/USATODAY/635675449889775614-day051815x011.jpg
W/Resources(31172): Converting to string: TypedValue{t=0x1d/d=0xfff9f9f9 a=2 r=0x7f0900a5}
W/Resources(31172): Converting to string: TypedValue{t=0x5/d=0x1401 a=2 r=0x7f0a0096}
W/Resources(31172): Converting to string: TypedValue{t=0x5/d=0x1001 a=2 r=0x7f0a0097}
W/Resources(31172): Converting to string: TypedValue{t=0x5/d=0x1401 a=2 r=0x7f0a0096}
W/Resources(31172): Converting to string: TypedValue{t=0x5/d=0xf01 a=2 r=0x7f0a0095}
W/Resources(31172): Converting to string: TypedValue{t=0x12/d=0x0 a=2 r=0x7f0b01c6}
W/Resources(31172): Converting to string: TypedValue{t=0x12/d=0x0 a=2 r=0x7f0b01c7}
W/Resources(31172): Converting to string: TypedValue{t=0x12/d=0x0 a=2 r=0x7f0b01c8}
W/Resources(31172): Converting to string: TypedValue{t=0x1d/d=0xfff9f9f9 a=2 r=0x7f0900a5}
W/Resources(31172): Converting to string: TypedValue{t=0x5/d=0x1401 a=2 r=0x7f0a0096}
W/Resources(31172): Converting to string: TypedValue{t=0x5/d=0x1001 a=2 r=0x7f0a0097}
W/Resources(31172): Converting to string: TypedValue{t=0x5/d=0x1401 a=2 r=0x7f0a0096}
W/Resources(31172): Converting to string: TypedValue{t=0x5/d=0xf01 a=2 r=0x7f0a0095}
W/Resources(31172): Converting to string: TypedValue{t=0x12/d=0x0 a=2 r=0x7f0b01c6}
W/Resources(31172): Converting to string: TypedValue{t=0x12/d=0x0 a=2 r=0x7f0b01c7}
W/Resources(31172): Converting to string: TypedValue{t=0x12/d=0x0 a=2 r=0x7f0b01c8}
W/Resources(31172): Converting to string: TypedValue{t=0x1d/d=0xfff9f9f9 a=2 r=0x7f0900a5}
W/Resources(31172): Converting to string: TypedValue{t=0x5/d=0x1401 a=2 r=0x7f0a0096}
W/Resources(31172): Converting to string: TypedValue{t=0x5/d=0x1001 a=2 r=0x7f0a0097}
W/Resources(31172): Converting to string: TypedValue{t=0x5/d=0x1401 a=2 r=0x7f0a0096}
W/Resources(31172): Converting to string: TypedValue{t=0x5/d=0xf01 a=2 r=0x7f0a0095}
W/Resources(31172): Converting to string: TypedValue{t=0x12/d=0x0 a=2 r=0x7f0b01c6}
W/Resources(31172): Converting to string: TypedValue{t=0x12/d=0x0 a=2 r=0x7f0b01c7}
W/Resources(31172): Converting to string: TypedValue{t=0x12/d=0x0 a=2 r=0x7f0b01c8}
W/Resources(31172): Converting to string: TypedValue{t=0x1d/d=0xfff9f9f9 a=2 r=0x7f0900a5}
W/Resources(31172): Converting to string: TypedValue{t=0x5/d=0x1401 a=2 r=0x7f0a0096}
W/Resources(31172): Converting to string: TypedValue{t=0x5/d=0x1001 a=2 r=0x7f0a0097}
W/Resources(31172): Converting to string: TypedValue{t=0x5/d=0x1401 a=2 r=0x7f0a0096}
W/Resources(31172): Converting to string: TypedValue{t=0x5/d=0xf01 a=2 r=0x7f0a0095}
W/Resources(31172): Converting to string: TypedValue{t=0x12/d=0x0 a=2 r=0x7f0b01c6}
W/Resources(31172): Converting to string: TypedValue{t=0x12/d=0x0 a=2 r=0x7f0b01c7}
W/Resources(31172): Converting to string: TypedValue{t=0x12/d=0x0 a=2 r=0x7f0b01c8}
W/Resources(31172): Converting to string: TypedValue{t=0x1d/d=0xfff9f9f9 a=2 r=0x7f0900a5}
W/Resources(31172): Converting to string: TypedValue{t=0x5/d=0x1401 a=2 r=0x7f0a0096}
W/Resources(31172): Converting to string: TypedValue{t=0x5/d=0x1001 a=2 r=0x7f0a0097}
W/Resources(31172): Converting to string: TypedValue{t=0x5/d=0x1401 a=2 r=0x7f0a0096}
W/Resources(31172): Converting to string: TypedValue{t=0x5/d=0xf01 a=2 r=0x7f0a0095}
W/Resources(31172): Converting to string: TypedValue{t=0x12/d=0x0 a=2 r=0x7f0b01c6}
W/Resources(31172): Converting to string: TypedValue{t=0x12/d=0x0 a=2 r=0x7f0b01c7}
W/Resources(31172): Converting to string: TypedValue{t=0x12/d=0x0 a=2 r=0x7f0b01c8}
W/Resources(31172): Converting to string: TypedValue{t=0x1d/d=0xfff9f9f9 a=2 r=0x7f0900a5}
W/Resources(31172): Converting to string: TypedValue{t=0x5/d=0x1401 a=2 r=0x7f0a0096}
W/Resources(31172): Converting to string: TypedValue{t=0x5/d=0x1001 a=2 r=0x7f0a0097}
W/Resources(31172): Converting to string: TypedValue{t=0x5/d=0x1401 a=2 r=0x7f0a0096}
W/Resources(31172): Converting to string: TypedValue{t=0x5/d=0xf01 a=2 r=0x7f0a0095}
W/Resources(31172): Converting to string: TypedValue{t=0x12/d=0x0 a=2 r=0x7f0b01c6}
W/Resources(31172): Converting to string: TypedValue{t=0x12/d=0x0 a=2 r=0x7f0b01c7}
W/Resources(31172): Converting to string: TypedValue{t=0x12/d=0x0 a=2 r=0x7f0b01c8}
W/Resources(31172): Converting to string: TypedValue{t=0x5/d=0x1401 a=2 r=0x7f0a0096}
W/Resources(31172): Converting to string: TypedValue{t=0x5/d=0x1001 a=2 r=0x7f0a0097}
W/Resources(31172): Converting to string: TypedValue{t=0x5/d=0x1401 a=2 r=0x7f0a0096}
W/Resources(31172): Converting to string: TypedValue{t=0x5/d=0xf01 a=2 r=0x7f0a0095}
W/Resources(31172): Converting to string: TypedValue{t=0x12/d=0x0 a=2 r=0x7f0b01c9}
W/Resources(31172): Converting to string: TypedValue{t=0x12/d=0x0 a=2 r=0x7f0b01ca}
W/Resources(31172): Converting to string: TypedValue{t=0x12/d=0x0 a=2 r=0x7f0b01cb}
W/Resources(31172): Converting to string: TypedValue{t=0x5/d=0x1401 a=2 r=0x7f0a0096}
W/Resources(31172): Converting to string: TypedValue{t=0x5/d=0x1001 a=2 r=0x7f0a0097}
W/Resources(31172): Converting to string: TypedValue{t=0x5/d=0x1401 a=2 r=0x7f0a0096}
W/Resources(31172): Converting to string: TypedValue{t=0x5/d=0xf01 a=2 r=0x7f0a0095}
W/Resources(31172): Converting to string: TypedValue{t=0x12/d=0x0 a=2 r=0x7f0b01c9}
W/Resources(31172): Converting to string: TypedValue{t=0x12/d=0x0 a=2 r=0x7f0b01ca}
W/Resources(31172): Converting to string: TypedValue{t=0x12/d=0x0 a=2 r=0x7f0b01cb}
W/Resources(31172): Converting to string: TypedValue{t=0x5/d=0x1401 a=2 r=0x7f0a0096}
W/Resources(31172): Converting to string: TypedValue{t=0x5/d=0x1001 a=2 r=0x7f0a0097}
W/Resources(31172): Converting to string: TypedValue{t=0x5/d=0x1401 a=2 r=0x7f0a0096}
W/Resources(31172): Converting to string: TypedValue{t=0x5/d=0xf01 a=2 r=0x7f0a0095}
W/Resources(31172): Converting to string: TypedValue{t=0x12/d=0x0 a=2 r=0x7f0b01c9}
W/Resources(31172): Converting to string: TypedValue{t=0x12/d=0x0 a=2 r=0x7f0b01ca}
W/Resources(31172): Converting to string: TypedValue{t=0x12/d=0x0 a=2 r=0x7f0b01cb}
W/Resources(31172): Converting to string: TypedValue{t=0x5/d=0x1401 a=2 r=0x7f0a0096}
W/Resources(31172): Converting to string: TypedValue{t=0x5/d=0x1001 a=2 r=0x7f0a0097}
W/Resources(31172): Converting to string: TypedValue{t=0x5/d=0x1401 a=2 r=0x7f0a0096}
W/Resources(31172): Converting to string: TypedValue{t=0x5/d=0xf01 a=2 r=0x7f0a0095}
W/Resources(31172): Converting to string: TypedValue{t=0x12/d=0x0 a=2 r=0x7f0b01c9}
W/Resources(31172): Converting to string: TypedValue{t=0x12/d=0x0 a=2 r=0x7f0b01ca}
W/Resources(31172): Converting to string: TypedValue{t=0x12/d=0x0 a=2 r=0x7f0b01cb}
W/Resources(31172): Converting to string: TypedValue{t=0x5/d=0x1401 a=2 r=0x7f0a0096}
W/Resources(31172): Converting to string: TypedValue{t=0x5/d=0x1001 a=2 r=0x7f0a0097}
W/Resources(31172): Converting to string: TypedValue{t=0x5/d=0x1401 a=2 r=0x7f0a0096}
W/Resources(31172): Converting to string: TypedValue{t=0x5/d=0xf01 a=2 r=0x7f0a0095}
W/Resources(31172): Converting to string: TypedValue{t=0x12/d=0x0 a=2 r=0x7f0b01c9}
W/Resources(31172): Converting to string: TypedValue{t=0x12/d=0x0 a=2 r=0x7f0b01ca}
W/Resources(31172): Converting to string: TypedValue{t=0x12/d=0x0 a=2 r=0x7f0b01cb}
D/LocationUtility(31172): Connected
W/Resources(31172): Converting to string: TypedValue{t=0x5/d=0x4001 a=1 r=0x1050051}
W/Resources(31172): Converting to string: TypedValue{t=0x5/d=0x3801 a=1 r=0x105003a}
W/Resources(31172): Converting to string: TypedValue{t=0x5/d=0x4001 a=1 r=0x1050051}
W/Resources(31172): Converting to string: TypedValue{t=0x5/d=0x3801 a=1 r=0x105003a}
W/Resources(31172): Converting to string: TypedValue{t=0x5/d=0x4001 a=1 r=0x1050051}
W/Resources(31172): Converting to string: TypedValue{t=0x5/d=0x3801 a=1 r=0x105003a}
I/ActivityManager(  562): Displayed com.usatoday.android.news/com.gannett.android.news.ui.activity.ActivityGallery: +352ms
D/ADBMobile(31172): ADBMobile Debug : Audience Manager - request (http://gannett.demdex.net/event?c_gnt_Orientation=portrait&c_gnt_Location=38.9323821%7C-77.2181611&c_gnt_ssts_Section=news&c_gnt_quietTime=10%3A00pm%7C07%3A00am&c_gnt_Title=The%20day%20in%20pictures%7Cindex&c_gnt_prefs_PushSegments=bknews%7Cnull%7Cnull%7Cnull%7Cnull%7Cnull&c_gnt_TimeValue=11%3A00AM&c_gnt_zag_zip=22102&c_gnt_ContentType=galleries&c_gnt_ProductName=USATODAY%20for%20Android%20Tablet&c_gnt_MarketName=gpapermobileapp&d_dpid=3054&d_dpuuid=b20c3623-9a28-4594-844b-acc8da859575&d_ptfm=android&d_dst=1&d_rtbd=json)
V/MinimogrifierUtils(31172): resized image URL: http://www.gannett-cdn.com/-mm-/1349324efcaabf75149290b500189a90543c9130/c=755-0-3088-2333&r=100x100&q=80&r=100x100&q=80/local/-/media/2015/05/18/USATODAY/USATODAY/635675822055717476-GTY-473872272.jpg
W/art     (31172): Attempt to remove local handle scope entry from IRT, ignoring
W/AwContents(31172): onDetachedFromWindow called when already detached. Ignoring
W/art     (31172): Attempt to remove local handle scope entry from IRT, ignoring
W/art     (31172): Attempt to remove local handle scope entry from IRT, ignoring
W/UiControllerImpl(31172): Waiting for: DELAY_HAS_PAST for 100 iterations.
D/DfpAdRetriever(31172): recording impression for section_front
W/ADBMobile(31172): ADBMobile Debug : Audience Manager - Unable to parse JSON data (No value for dests)
I/Ads     ( 6165): CsiReporterFactory: CSI is not enabled. No CSI reporter created.
W/Resources(31172): Converting to string: TypedValue{t=0x12/d=0x0 a=2 r=0x7f0b0137}
W/Resources(31172): Converting to string: TypedValue{t=0x12/d=0x0 a=2 r=0x7f0b0137}
V/MinimogrifierUtils(31172): resized image URL: http://www.gannett-cdn.com/-mm-/e289e2e161f636870c881b8b738dc25c9e23349b/c=64-0-3167-2333&r=1200x1824&q=80/local/-/media/2015/05/18/USATODAY/USATODAY/635675822055717476-GTY-473872272.jpg
D/skia    (31172): --- SkImageDecoder::Factory returned null
D/skia    (31172): --- SkImageDecoder::Factory returned null
V/MinimogrifierUtils(31172): resized image URL: http://www.gannett-cdn.com/-mm-/8adaddaa1c335675491d144257ebb76beb532874/c=201-0-2861-2000&r=1200x1824&q=80/local/-/media/2015/05/18/USATODAY/USATODAY/635675822087074079-AP-APTOPIX-Amtrak-Crash.jpg
D/skia    (31172): --- SkImageDecoder::Factory returned null
D/skia    (31172): --- SkImageDecoder::Factory returned null
V/MinimogrifierUtils(31172): resized image URL: http://www.gannett-cdn.com/-mm-/1349324efcaabf75149290b500189a90543c9130/c=755-0-3088-2333&r=100x100&q=80&r=100x100&q=80/local/-/media/2015/05/18/USATODAY/USATODAY/635675822055717476-GTY-473872272.jpg
V/MinimogrifierUtils(31172): resized image URL: http://www.gannett-cdn.com/-mm-/bbd83fafcbeff0eaf8b2380ac76adb75eb223464/c=369-0-2369-2000&r=100x100&q=80&r=100x100&q=80/local/-/media/2015/05/18/USATODAY/USATODAY/635675822087074079-AP-APTOPIX-Amtrak-Crash.jpg
V/MinimogrifierUtils(31172): resized image URL: http://www.gannett-cdn.com/-mm-/441270eeb0965552798e6b4457ceec0674b46c56/c=276-0-2276-2000&r=100x100&q=80&r=100x100&q=80/local/-/media/2015/05/18/USATODAY/USATODAY/635675822045265275-473886478.jpg
V/MinimogrifierUtils(31172): resized image URL: http://www.gannett-cdn.com/-mm-/6653608525fc91ecd63c50c20ffc0780ee12eb89/c=1675-0-4597-2922&r=100x100&q=80&r=100x100&q=80/local/-/media/2015/05/18/USATODAY/USATODAY/635675822103142388-AFP-540833491.jpg
V/MinimogrifierUtils(31172): resized image URL: http://www.gannett-cdn.com/-mm-/82294d59ec9f9366f071ba432f20f0d9315e417a/c=1267-0-4547-3280&r=100x100&q=80&r=100x100&q=80/local/-/media/2015/05/18/USATODAY/USATODAY/635675822086294064-AFP-540834599.jpg
V/MinimogrifierUtils(31172): resized image URL: http://www.gannett-cdn.com/-mm-/3b188e63528b2b40a4bd056be706678ef805541c/c=480-0-3592-3112&r=100x100&q=80&r=100x100&q=80/local/-/media/2015/05/18/USATODAY/USATODAY/635675822086294064-AP-Amtrak-Crash-Funeral.jpg
V/MinimogrifierUtils(31172): resized image URL: http://www.gannett-cdn.com/-mm-/87ddb147c83d83aebbd4f3d7b14cb6e0929c7b29/c=438-0-2353-1915&r=100x100&q=80&r=100x100&q=80/local/-/media/2015/05/18/USATODAY/USATODAY/635675822073501818-AFP-540823885.jpg
D/ADBMobile(31172): ADBMobile Debug : Analytics - Attempting to send request parameters(10642197?AQB=1&ndh=1&ce=UTF-8&c.&a.&DeviceName=Nexus%207&OSVersion=Android%205.1.1&Resolution=1200x1824&AppID=USA%20Today%202.7.2.1%20%2852%29&.a&gnt.&Orientation=portrait&Title=The%20day%20in%20pictures%7Cindex&prefs.&PushSegments=bknews%7Cnull%7Cnull%7Cnull%7Cnull%7Cnull&.prefs&MarketName=gpapermobileapp&quietTime=10%3A00pm%7C07%3A00am&ContentId=1410095&ProductName=USATODAY%20for%20Android%20Tablet&ssts.&Section=news&.ssts&Location=38.9323821%7C-77.2181611&zag.&zip=22102&.zag&ItemNumber=1&ContentType=galleries&TimeValue=11%3A00AM&.gnt&.c&t=00%2F00%2F0000%2000%3A00%3A00%200%20240&pageName=The%20day%20in%20pictures%7Cindex&aid=2AACFBD3851921B3-40000610A00022D1&AQE=1)
I/art     (31172): Background partial concurrent mark sweep GC freed 26944(1495KB) AllocSpace objects, 19(7MB) LOS objects, 29% free, 38MB/54MB, paused 2.777ms total 127.471ms
D/ADBMobile(31172): ADBMobile Debug : Analytics - Request Sent(http://gannett.112.2o7.net/b/ss/gpapermobileapp/0/JAVA-4.1.7-AN/s10642197?AQB=1&ndh=1&ce=UTF-8&c.&a.&DeviceName=Nexus%207&OSVersion=Android%205.1.1&Resolution=1200x1824&AppID=USA%20Today%202.7.2.1%20%2852%29&.a&gnt.&Orientation=portrait&Title=The%20day%20in%20pictures%7Cindex&prefs.&PushSegments=bknews%7Cnull%7Cnull%7Cnull%7Cnull%7Cnull&.prefs&MarketName=gpapermobileapp&quietTime=10%3A00pm%7C07%3A00am&ContentId=1410095&ProductName=USATODAY%20for%20Android%20Tablet&ssts.&Section=news&.ssts&Location=38.9323821%7C-77.2181611&zag.&zip=22102&.zag&ItemNumber=1&ContentType=galleries&TimeValue=11%3A00AM&.gnt&.c&t=00%2F00%2F0000%2000%3A00%3A00%200%20240&pageName=The%20day%20in%20pictures%7Cindex&aid=2AACFBD3851921B3-40000610A00022D1&AQE=1)
I/Ads     (31172): No fill from ad server.
W/Resources(31172): Converting to string: TypedValue{t=0x5/d=0x4001 a=1 r=0x1050051}
W/Resources(31172): Converting to string: TypedValue{t=0x5/d=0x3801 a=1 r=0x105003a}
D/DfpAdRetriever(31172): recording impression for section_front
W/art     (31172): Attempt to remove local handle scope entry from IRT, ignoring
W/AwContents(31172): onDetachedFromWindow called when already detached. Ignoring
W/art     (31172): Attempt to remove local handle scope entry from IRT, ignoring
W/art     (31172): Attempt to remove local handle scope entry from IRT, ignoring
W/Ads     (31172): Failed to load ad: 3
D/DfpAdRetriever(31172): Ads: ad not retrieved: high_impact
D/DfpAdRetriever(31172): recording impression for section_front
W/BindingManager(31172): Cannot call determinedVisibility() - never saw a connection for the pid: 31172
D/BaseActivity(31172): onStop()
D/LifecycleMonitor(31172): Lifecycle status change: com.gannett.android.news.ui.activity.ActivityNews@2b48d2a1 in: STOPPED
I/ViewInteraction(31172): Performing 'check drawer' action on view with id: com.usatoday.android.news:id/nav_drawer
I/Ads     (31172): Ad finished loading.
D/DfpAdRetriever(31172): Ads: ad retrieved: section_front
I/ViewInteraction(31172): Performing 'register idling drawer listener' action on view with id: com.usatoday.android.news:id/nav_drawer
I/ViewInteraction(31172): Performing 'open drawer' action on view with id: com.usatoday.android.news:id/nav_drawer
W/UiControllerImpl(31172): Waiting for: DYNAMIC_TASKS_HAVE_IDLED for 100 iterations.
W/UiControllerImpl(31172): Waiting for: DYNAMIC_TASKS_HAVE_IDLED for 200 iterations.
W/UiControllerImpl(31172): Waiting for: DYNAMIC_TASKS_HAVE_IDLED for 300 iterations.
I/ViewInteraction(31172): Performing 'unregister idling drawer listener' action on view with id: com.usatoday.android.news:id/nav_drawer
I/ViewInteraction(31172): Performing 'single click' action on view (with id: com.usatoday.android.news:id/nav_child_text and with text: is "Weather")
D/NavigationActivity(31172): navigateTo():Weather
D/NavigationActivity(31172): executeNavigationIntent, this class: class com.gannett.android.news.ui.activity.ActivityGallery, intent.getClass(): com.gannett.android.news.ui.activity.ActivityWeather
D/MonitoringInstrumentation(31172): execStartActivity(context, ibinder, ibinder, activity, intent, int, bundle
I/ActivityManager(  562): START u0 {flg=0x20000 cmp=com.usatoday.android.news/com.gannett.android.news.ui.activity.ActivityWeather (has extras)} from uid 10187 on display 0
V/WindowManager(  562): addAppToken: AppWindowToken{2340b341 token=Token{1840a28 ActivityRecord{11ca604b u0 com.usatoday.android.news/com.gannett.android.news.ui.activity.ActivityWeather t12386}}} to stack=1 task=12386 at 2
D/BaseActivity(31172): onPause()
D/LifecycleMonitor(31172): Lifecycle status change: com.gannett.android.news.ui.activity.ActivityGallery@1102e5c3 in: PAUSED
D/LifecycleMonitor(31172): Lifecycle status change: com.gannett.android.news.ui.activity.ActivityWeather@2e1d8430 in: PRE_ON_CREATE
D/BaseActivity(31172): onCreate()
D/DEVICE INFO(31172): screenSize: large, dpiBucket: xhdpi
D/ADBMobile(31172): ADBMobile Debug : Analytics - Attempting to send request parameters(41146934?AQB=1&ndh=1&ce=UTF-8&pev2=AMACTION%3Anavmenu%7Cweather&c.&a.&DeviceName=Nexus%207&OSVersion=Android%205.1.1&Resolution=1200x1824&action=navmenu%7Cweather&AppID=USA%20Today%202.7.2.1%20%2852%29&.a&gnt.&MarketName=gpapermobileapp&ProductName=USATODAY%20for%20Android%20Tablet&Orientation=portrait&TimeValue=11%3A00AM&.gnt&.c&t=00%2F00%2F0000%2000%3A00%3A00%200%20240&pageName=USA%20Today%202.7.2.1%20%2852%29&aid=2AACFBD3851921B3-40000610A00022D1&pe=lnk_o&AQE=1)
W/Resources(31172): Converting to string: TypedValue{t=0x12/d=0x0 a=1 r=0x1020378}
W/Resources(31172): Converting to string: TypedValue{t=0x12/d=0x0 a=1 r=0x1020379}
W/Resources(31172): Converting to string: TypedValue{t=0x1f/d=0xff222222 a=2 r=0x7f090006}
W/Resources(31172): Converting to string: TypedValue{t=0x12/d=0x0 a=1 r=0x102037a}
W/Resources(31172): Converting to string: TypedValue{t=0x1f/d=0xff222222 a=2 r=0x7f090006}
W/Resources(31172): Converting to string: TypedValue{t=0x12/d=0x0 a=1 r=0x10202b6}
W/Resources(31172): Converting to string: TypedValue{t=0x12/d=0x0 a=1 r=0x10202b7}
W/Resources(31172): Converting to string: TypedValue{t=0x12/d=0x0 a=1 r=0x102037b}
W/Resources(31172): Converting to string: TypedValue{t=0x12/d=0x0 a=1 r=0x102037c}
W/Resources(31172): Converting to string: TypedValue{t=0x1f/d=0xff222222 a=2 r=0x7f090006}
W/Resources(31172): Converting to string: TypedValue{t=0x12/d=0x0 a=2 r=0x7f0b01cc}
W/Resources(31172): Converting to string: TypedValue{t=0x12/d=0x0 a=2 r=0x7f0b01cd}
D/ADBMobile(31172): ADBMobile Debug : Analytics - Request Sent(http://gannett.112.2o7.net/b/ss/gpapermobileapp/0/JAVA-