D/GravityWell(21377): No active creative
W/Resources(21377): Converting to string: TypedValue{t=0x12/d=0x0 a=2 r=0x7f0f005e}
W/Resources(21377): Converting to string: TypedValue{t=0x12/d=0x0 a=2 r=0x7f0f009a}
W/Resources(21377): Converting to string: TypedValue{t=0x1c/d=0x33b0b0b0 a=2 r=0x7f090002}
W/Resources(21377): Converting to string: TypedValue{t=0x12/d=0x0 a=2 r=0x7f0f009b}
W/Resources(21377): Converting to string: TypedValue{t=0x1c/d=0x33b0b0b0 a=2 r=0x7f090002}
D/ADBMobile(21377): ADBMobile Debug : Analytics - Attempting to send request parameters(93057322?AQB=1&ndh=1&ce=UTF-8&c.&a.&DeviceName=Nexus%207&OSVersion=Android%205.1&Resolution=1200x1824&AppID=USA%20Today%202.7.2.1%20%2852%29&.a&gnt.&Orientation=portrait&aamsegment=500%2C513%2C514%2C515%2C516%2C517%2C518%2C519%2C520%2C512%2C501%2C502%2C503%2C504%2C505%2C506%2C507%2C600&prefs.&PushSegments=bknews%7Cnews%7Csports%7Clife%7Cmoney%7Ctech&.prefs&MarketName=gpapermobileapp&quietTime=10%3A00pm%7C07%3A00am&ProductName=USATODAY%20for%20Android%20Tablet&ssts.&Section=News&Subsection=News%20Top%20Stories&.ssts&Location=38.9324096%7C-77.2167551&zag.&zip=22102&.zag&ContentType=sectionfront&TimeValue=1%3A30PM&.gnt&.c&t=00%2F00%2F0000%2000%3A00%3A00%200%20240&pageName=News%7CNews%20Top%20Stories%7Cindex&aid=0B755799E6D542E0-2DC2C6CBAD07BACD&AQE=1)
W/art     (21377): Attempt to remove local handle scope entry from IRT, ignoring
W/AwContents(21377): onDetachedFromWindow called when already detached. Ignoring
W/Resources(21377): Converting to string: TypedValue{t=0x12/d=0x0 a=2 r=0x7f0f009c}
W/Resources(21377): Converting to string: TypedValue{t=0x1c/d=0x33b0b0b0 a=2 r=0x7f090002}
W/art     (21377): Attempt to remove local handle scope entry from IRT, ignoring
W/AwContents(21377): onDetachedFromWindow called when already detached. Ignoring
D/AdConfigurationImpl(21377): lookingFor: article_banner_top, found: section_front
D/AdConfigurationImpl(21377): lookingFor: article_banner_bottom, found: section_front
D/AdConfigurationImpl(21377): lookingFor: high_impact, found: section_front
D/AdConfigurationImpl(21377): lookingFor: section_front, found: section_front
D/Ads     (21377): Ads: Params: latitude=38.89194492;aam=500,513,514,515,516,517,518,519,520,512,501,502,503,504,505,506,507,600;ver=2.7.2.1;longitude=-77.22493274;pageType=front;androidid=b20c3623-9a28-4594-844b-acc8da859575;
D/ADBMobile(21377): ADBMobile Debug : Analytics - Request Sent(http://gannett.112.2o7.net/b/ss/gpapermobileapp/0/JAVA-4.1.7-AN/s93057322?AQB=1&ndh=1&ce=UTF-8&c.&a.&DeviceName=Nexus%207&OSVersion=Android%205.1&Resolution=1200x1824&AppID=USA%20Today%202.7.2.1%20%2852%29&.a&gnt.&Orientation=portrait&aamsegment=500%2C513%2C514%2C515%2C516%2C517%2C518%2C519%2C520%2C512%2C501%2C502%2C503%2C504%2C505%2C506%2C507%2C600&prefs.&PushSegments=bknews%7Cnews%7Csports%7Clife%7Cmoney%7Ctech&.prefs&MarketName=gpapermobileapp&quietTime=10%3A00pm%7C07%3A00am&ProductName=USATODAY%20for%20Android%20Tablet&ssts.&Section=News&Subsection=News%20Top%20Stories&.ssts&Location=38.9324096%7C-77.2167551&zag.&zip=22102&.zag&ContentType=sectionfront&TimeValue=1%3A30PM&.gnt&.c&t=00%2F00%2F0000%2000%3A00%3A00%200%20240&pageName=News%7CNews%20Top%20Stories%7Cindex&aid=0B755799E6D542E0-2DC2C6CBAD07BACD&AQE=1)
I/Ads     (21377): Starting ad request.
I/Ads     (21377): Use AdRequest.Builder.addTestDevice("07C3BD1FC97B8BD363E7086452B8BB2A") to get test ads on this device.
I/Ads     (21377): Please set theme of AdActivity to @android:style/Theme.Translucent to enable transparent background interstitial ad.
D/DfpAdRetriever(21377): AD_REQUEST::SectionFront::/7103/usatoday_tablet/android_tablet_app-section_front/news/main:: Size = 468x60::AWS::news/main
D/OMNITURE_CALL(21377): {gnt.aamsegment=500,513,514,515,516,517,518,519,520,512,501,502,503,504,505,506,507,600, gnt.prefs.PushSegments=bknews|news|sports|life|money|tech, gnt.TimeValue=1:30PM, gnt.Orientation=portrait, gnt.ssts.Subsection=News Top Stories, gnt.zag.zip=22102, gnt.Location=38.9324096|-77.2167551, gnt.ContentType=sectionfront, gnt.ssts.Section=News, gnt.ProductName=USATODAY for Android Tablet, gnt.quietTime=10:00pm|07:00am, gnt.MarketName=gpapermobileapp}
D/GravityWell(21377): No active creative
D/ADBMobile(21377): ADBMobile Debug : Audience Manager - request (http://gannett.demdex.net/event?c_gnt_aamsegment=500%2C513%2C514%2C515%2C516%2C517%2C518%2C519%2C520%2C512%2C501%2C502%2C503%2C504%2C505%2C506%2C507%2C600&c_gnt_Orientation=portrait&c_gnt_Location=38.9324096%7C-77.2167551&c_gnt_ssts_Subsection=News%20Top%20Stories&c_gnt_ssts_Section=News&c_gnt_quietTime=10%3A00pm%7C07%3A00am&c_gnt_prefs_PushSegments=bknews%7Cnews%7Csports%7Clife%7Cmoney%7Ctech&c_gnt_TimeValue=1%3A30PM&c_gnt_zag_zip=22102&c_gnt_ContentType=sectionfront&c_gnt_ProductName=USATODAY%20for%20Android%20Tablet&c_gnt_MarketName=gpapermobileapp&d_uuid=19857838291522528462172418163433203273&d_dpid=3054&d_dpuuid=b20c3623-9a28-4594-844b-acc8da859575&d_ptfm=android&d_dst=1&d_rtbd=json)
D/UserEdManager(21377): tryDisplayUserEd
D/UserEdManager(21377): hideAndResetUserEd
D/UrlProducer(21377): Breaking News URL requested: http://api.gannett-cdn.com/mobilefeeds/breakingnews/v1/mobile/?siteId=1&api_key=euc4uvhentf8r3dgt69483ad
D/LifecycleMonitor(21377): Lifecycle status change: com.gannett.android.news.ui.activity.ActivityNews@3f274b46 in: STARTED
D/BaseActivity(21377): onResume()
D/LifecycleMonitor(21377): Lifecycle status change: com.gannett.android.news.ui.activity.ActivityNews@3f274b46 in: RESUMED
W/ADBMobile(21377): ADBMobile Debug : Audience Manager - Unable to parse JSON data (No value for dests)
D/Transform(21377): BreakingNewsModule: com.gannett.android.exceptions.InvalidEntityException: no items
D/Transform(21377): BreakingNewsFeedImpl: com.gannett.android.exceptions.InvalidEntityException: no module
D/ADBMobile(21377): ADBMobile Debug : Analytics - Attempting to send request parameters(95402279?AQB=1&ndh=1&ce=UTF-8&c.&a.&DeviceName=Nexus%207&OSVersion=Android%205.1&Resolution=1200x1824&AppID=USA%20Today%202.7.2.1%20%2852%29&.a&gnt.&Orientation=portrait&aamsegment=500%2C513%2C514%2C515%2C516%2C517%2C518%2C519%2C520%2C512%2C501%2C502%2C503%2C504%2C505%2C506%2C507%2C600&prefs.&PushSegments=bknews%7Cnews%7Csports%7Clife%7Cmoney%7Ctech&.prefs&MarketName=gpapermobileapp&quietTime=10%3A00pm%7C07%3A00am&ProductName=USATODAY%20for%20Android%20Tablet&ssts.&Section=News&Subsection=News%20Top%20Stories&.ssts&Location=38.9324096%7C-77.2167551&zag.&zip=22102&.zag&ContentType=sectionfront&TimeValue=1%3A30PM&.gnt&.c&t=00%2F00%2F0000%2000%3A00%3A00%200%20240&pageName=News%7CNews%20Top%20Stories%7Cindex&aid=0B755799E6D542E0-2DC2C6CBAD07BACD&AQE=1)
W/Resources(21377): Converting to string: TypedValue{t=0x12/d=0x0 a=2 r=0x7f0f00d9}
W/Resources(21377): Converting to string: TypedValue{t=0x1d/d=0xffebebeb a=2 r=0x7f09000b}
W/Resources(21377): Converting to string: TypedValue{t=0x12/d=0x0 a=2 r=0x7f0f0035}
W/Resources(21377): Converting to string: TypedValue{t=0x12/d=0x0 a=2 r=0x7f0f00da}
W/Resources(21377): Converting to string: TypedValue{t=0x1d/d=0xff000000 a=2 r=0x7f09000d}
W/Resources(21377): Converting to string: TypedValue{t=0x12/d=0x0 a=2 r=0x7f0f0115}
W/Resources(21377): Converting to string: TypedValue{t=0x1d/d=0xffa01313 a=2 r=0x7f090010}
W/Resources(21377): Converting to string: TypedValue{t=0x5/d=0x801 a=2 r=0x7f0a002c}
W/Resources(21377): Converting to string: TypedValue{t=0x5/d=0x401 a=2 r=0x7f0a002e}
W/Resources(21377): Converting to string: TypedValue{t=0x5/d=0x801 a=2 r=0x7f0a002c}
W/Resources(21377): Converting to string: TypedValue{t=0x5/d=0x401 a=2 r=0x7f0a002e}
W/Resources(21377): Converting to string: TypedValue{t=0x5/d=0x1001 a=2 r=0x7f0a0030}
W/Resources(21377): Converting to string: TypedValue{t=0x5/d=0x1001 a=2 r=0x7f0a0030}
W/Resources(21377): Converting to string: TypedValue{t=0x5/d=0x1001 a=2 r=0x7f0a0030}
W/Resources(21377): Converting to string: TypedValue{t=0x12/d=0x0 a=2 r=0x7f0f0116}
W/Resources(21377): Converting to string: TypedValue{t=0x5/d=0x1001 a=2 r=0x7f0a0038}
W/Resources(21377): Converting to string: TypedValue{t=0x5/d=0x401 a=2 r=0x7f0a002e}
W/Resources(21377): Converting to string: TypedValue{t=0x12/d=0x0 a=2 r=0x7f0f0101}
W/Resources(21377): Converting to string: TypedValue{t=0x5/d=0x1001 a=2 r=0x7f0a0038}
W/Resources(21377): Converting to string: TypedValue{t=0x5/d=0x1101 a=2 r=0x7f0a0054}
W/Resources(21377): Converting to string: TypedValue{t=0x12/d=0x0 a=2 r=0x7f0f0038}
V/MinimogrifierUtils(21377): resized image URL: http://www.gannett-cdn.com/-mm-/c4d2d0550121cb5ed9aa5ab2eadc84582d9021bb/c=255-0-2915-2000&r=1200x900&q=80/local/-/media/2015/05/07/USATODAY/USATODAY/635665906443906254-lumber.jpg
W/Resources(21377): Converting to string: TypedValue{t=0x12/d=0x0 a=2 r=0x7f0f019f}
W/Resources(21377): Converting to string: TypedValue{t=0x1d/d=0xffeeeeee a=2 r=0x7f09009e}
W/Resources(21377): Converting to string: TypedValue{t=0x5/d=0x1001 a=2 r=0x7f0a0030}
W/Resources(21377): Converting to string: TypedValue{t=0x5/d=0xc01 a=2 r=0x7f0a002d}
W/Resources(21377): Converting to string: TypedValue{t=0x5/d=0x801 a=2 r=0x7f0a002c}
W/Resources(21377): Converting to string: TypedValue{t=0x12/d=0x0 a=2 r=0x7f0f01a0}
W/Resources(21377): Converting to string: TypedValue{t=0x5/d=0x801 a=2 r=0x7f0a002c}
W/Resources(21377): Converting to string: TypedValue{t=0x5/d=0x1001 a=2 r=0x7f0a0030}
W/Resources(21377): Converting to string: TypedValue{t=0x12/d=0x0 a=2 r=0x7f0f01d9}
W/Resources(21377): Converting to string: TypedValue{t=0x12/d=0x0 a=2 r=0x7f0f01da}
W/Resources(21377): Converting to string: TypedValue{t=0x12/d=0x0 a=2 r=0x7f0f0141}
W/Resources(21377): Converting to string: TypedValue{t=0x12/d=0x0 a=2 r=0x7f0f01db}
W/Resources(21377): Converting to string: TypedValue{t=0x12/d=0x0 a=2 r=0x7f0f01a1}
D/UrlProducer(21377): Weather URL requested: http://api.gannett-cdn.com/internal/weather/V5/accuweather/data/location/349727?LanguageId=1&Metric=false&format=json&api_key=7zh2888dfxtnttmpkq8wmj78
W/Resources(21377): Converting to string: TypedValue{t=0x1c/d=0x0 a=1 r=0x106000d}
W/Resources(21377): Converting to string: TypedValue{t=0x12/d=0x0 a=2 r=0x7f0f0100}
W/Resources(21377): Converting to string: TypedValue{t=0x5/d=0x1001 a=2 r=0x7f0a0030}
W/Resources(21377): Converting to string: TypedValue{t=0x5/d=0x801 a=2 r=0x7f0a002c}
W/Resources(21377): Converting to string: TypedValue{t=0x5/d=0x1001 a=2 r=0x7f0a0030}
W/Resources(21377): Converting to string: TypedValue{t=0x5/d=0x801 a=2 r=0x7f0a002c}
W/Resources(21377): Converting to string: TypedValue{t=0x5/d=0x3001 a=2 r=0x7f0a0036}
W/Resources(21377): Converting to string: TypedValue{t=0x12/d=0x0 a=2 r=0x7f0f003b}
W/Resources(21377): Converting to string: TypedValue{t=0x12/d=0x0 a=2 r=0x7f0f0035}
W/Resources(21377): Converting to string: TypedValue{t=0x1d/d=0xffc8c8c8 a=2 r=0x7f09000f}
W/Resources(21377): Converting to string: TypedValue{t=0x5/d=0x5a01 a=2 r=0x7f0a000e}
W/Resources(21377): Converting to string: TypedValue{t=0x12/d=0x0 a=2 r=0x7f0f00db}
W/Resources(21377): Converting to string: TypedValue{t=0x12/d=0x0 a=2 r=0x7f0f0101}
W/Resources(21377): Converting to string: TypedValue{t=0x12/d=0x0 a=2 r=0x7f0f0038}
W/Resources(21377): Converting to string: TypedValue{t=0x12/d=0x0 a=2 r=0x7f0f00dc}
W/Resources(21377): Converting to string: TypedValue{t=0x5/d=0x1001 a=2 r=0x7f0a0030}
W/Resources(21377): Converting to string: TypedValue{t=0x5/d=0x1001 a=2 r=0x7f0a0030}
V/MinimogrifierUtils(21377): resized image URL: http://www.gannett-cdn.com/-mm-/b3a60345df67897f6194e61b6d38c479e82cf2d9/c=309-0-4538-3180&r=228x168&q=80/local/-/media/2015/05/07/USATODAY/USATODAY/635665891319281392-AP-NSA-Surveillance-Secret-Law.jpg
W/Resources(21377): Converting to string: TypedValue{t=0x1c/d=0x0 a=1 r=0x106000d}
W/Resources(21377): Converting to string: TypedValue{t=0x12/d=0x0 a=2 r=0x7f0f0100}
W/Resources(21377): Converting to string: TypedValue{t=0x5/d=0x1001 a=2 r=0x7f0a0030}
W/Resources(21377): Converting to string: TypedValue{t=0x5/d=0x801 a=2 r=0x7f0a002c}
W/Resources(21377): Converting to string: TypedValue{t=0x5/d=0x1001 a=2 r=0x7f0a0030}
W/Resources(21377): Converting to string: TypedValue{t=0x5/d=0x801 a=2 r=0x7f0a002c}
W/Resources(21377): Converting to string: TypedValue{t=0x5/d=0x3001 a=2 r=0x7f0a0036}
W/Resources(21377): Converting to string: TypedValue{t=0x12/d=0x0 a=2 r=0x7f0f003b}
W/Resources(21377): Converting to string: TypedValue{t=0x12/d=0x0 a=2 r=0x7f0f0035}
W/Resources(21377): Converting to string: TypedValue{t=0x1d/d=0xffc8c8c8 a=2 r=0x7f09000f}
W/Resources(21377): Converting to string: TypedValue{t=0x5/d=0x5a01 a=2 r=0x7f0a000e}
W/Resources(21377): Converting to string: TypedValue{t=0x12/d=0x0 a=2 r=0x7f0f00db}
W/Resources(21377): Converting to string: TypedValue{t=0x12/d=0x0 a=2 r=0x7f0f0101}
W/Resources(21377): Converting to string: TypedValue{t=0x12/d=0x0 a=2 r=0x7f0f0038}
W/Resources(21377): Converting to string: TypedValue{t=0x12/d=0x0 a=2 r=0x7f0f00dc}
W/Resources(21377): Converting to string: TypedValue{t=0x5/d=0x1001 a=2 r=0x7f0a0030}
W/Resources(21377): Converting to string: TypedValue{t=0x5/d=0x1001 a=2 r=0x7f0a0030}
V/MinimogrifierUtils(21377): resized image URL: http://www.gannett-cdn.com/-mm-/0970bebb5cff3c2aed5d6885dbdaed0f8c64dbf7/c=138-0-1570-1077&r=228x168&q=80/local/-/media/2015/05/07/USATODAY/USATODAY/635665915362757573-050715key-fobs.jpg
W/Resources(21377): Converting to string: TypedValue{t=0x1c/d=0x0 a=1 r=0x106000d}
W/Resources(21377): Converting to string: TypedValue{t=0x12/d=0x0 a=2 r=0x7f0f0100}
W/Resources(21377): Converting to string: TypedValue{t=0x5/d=0x1001 a=2 r=0x7f0a0030}
W/Resources(21377): Converting to string: TypedValue{t=0x5/d=0x801 a=2 r=0x7f0a002c}
W/Resources(21377): Converting to string: TypedValue{t=0x5/d=0x1001 a=2 r=0x7f0a0030}
W/Resources(21377): Converting to string: TypedValue{t=0x5/d=0x801 a=2 r=0x7f0a002c}
W/Resources(21377): Converting to string: TypedValue{t=0x5/d=0x3001 a=2 r=0x7f0a0036}
W/Resources(21377): Converting to string: TypedValue{t=0x12/d=0x0 a=2 r=0x7f0f003b}
W/Resources(21377): Converting to string: TypedValue{t=0x12/d=0x0 a=2 r=0x7f0f0035}
W/Resources(21377): Converting to string: TypedValue{t=0x1d/d=0xffc8c8c8 a=2 r=0x7f09000f}
W/Resources(21377): Converting to string: TypedValue{t=0x5/d=0x5a01 a=2 r=0x7f0a000e}
W/Resources(21377): Converting to string: TypedValue{t=0x12/d=0x0 a=2 r=0x7f0f00db}
W/Resources(21377): Converting to string: TypedValue{t=0x12/d=0x0 a=2 r=0x7f0f0101}
W/Resources(21377): Converting to string: TypedValue{t=0x12/d=0x0 a=2 r=0x7f0f0038}
W/Resources(21377): Converting to string: TypedValue{t=0x12/d=0x0 a=2 r=0x7f0f00dc}
W/Resources(21377): Converting to string: TypedValue{t=0x5/d=0x1001 a=2 r=0x7f0a0030}
W/Resources(21377): Converting to string: TypedValue{t=0x5/d=0x1001 a=2 r=0x7f0a0030}
V/MinimogrifierUtils(21377): resized image URL: http://www.gannett-cdn.com/-mm-/81582c05b2d692e091f5e509d58c889e4e6e3e03/c=172-0-2828-1997&r=228x168&q=80/local/-/media/2015/05/07/USATODAY/USATODAY/635665997876142148-Avengers254d1158022f16.jpg
D/BreakingNewsRetriever(21377): onError() com.gannett.android.exceptions.EmptyFeedException: Unrecoverable transform error deserializing BreakingNewsFeedImpl
D/GravityWell(21377): Checking gravity config for ad ID: usatoday_tablet/android_tablet_app-high_impact
D/LocationUtility(21377): Connected
D/ADBMobile(21377): ADBMobile Debug : Analytics - Request Sent(http://gannett.112.2o7.net/b/ss/gpapermobileapp/0/JAVA-4.1.7-AN/s95402279?AQB=1&ndh=1&ce=UTF-8&c.&a.&DeviceName=Nexus%207&OSVersion=Android%205.1&Resolution=1200x1824&AppID=USA%20Today%202.7.2.1%20%2852%29&.a&gnt.&Orientation=portrait&aamsegment=500%2C513%2C514%2C515%2C516%2C517%2C518%2C519%2C520%2C512%2C501%2C502%2C503%2C504%2C505%2C506%2C507%2C600&prefs.&PushSegments=bknews%7Cnews%7Csports%7Clife%7Cmoney%7Ctech&.prefs&MarketName=gpapermobileapp&quietTime=10%3A00pm%7C07%3A00am&ProductName=USATODAY%20for%20Android%20Tablet&ssts.&Section=News&Subsection=News%20Top%20Stories&.ssts&Location=38.9324096%7C-77.2167551&zag.&zip=22102&.zag&ContentType=sectionfront&TimeValue=1%3A30PM&.gnt&.c&t=00%2F00%2F0000%2000%3A00%3A00%200%20240&pageName=News%7CNews%20Top%20Stories%7Cindex&aid=0B755799E6D542E0-2DC2C6CBAD07BACD&AQE=1)
I/Ads     ( 6864): CsiReporterFactory: CSI is not enabled. No CSI reporter created.
I/Ads     ( 6864): CsiReporterFactory: CSI is not enabled. No CSI reporter created.
D/LifecycleMonitor(21377): Lifecycle status change: com.gannett.android.news.ui.activity.ActivityPreferences@343dcb2b in: STOPPED
D/LifecycleMonitor(21377): Lifecycle status change: com.gannett.android.news.ui.activity.ActivityPreferences@343dcb2b in: DESTROYED
W/Ads     ( 6864): a71aa752-9df0-46d5-8df0-a7d4c42bb5bb ==== 7c486933-feee-4dad-904d-ec3051978d35
W/UiControllerImpl(21377): Waiting for: DELAY_HAS_PAST for 100 iterations.
W/UiControllerImpl(21377): Waiting for: DELAY_HAS_PAST for 200 iterations.
W/UiControllerImpl(21377): Waiting for: DELAY_HAS_PAST for 300 iterations.
W/art     (21377): Attempt to remove local handle scope entry from IRT, ignoring
W/AwContents(21377): onDetachedFromWindow called when already detached. Ignoring
W/art     (21377): Attempt to remove local handle scope entry from IRT, ignoring
W/art     (21377): Attempt to remove local handle scope entry from IRT, ignoring
W/art     (21377): Attempt to remove local handle scope entry from IRT, ignoring
W/AwContents(21377): onDetachedFromWindow called when already detached. Ignoring
W/art     (21377): Attempt to remove local handle scope entry from IRT, ignoring
W/art     (21377): Attempt to remove local handle scope entry from IRT, ignoring
W/BindingManager(21377): Cannot call determinedVisibility() - never saw a connection for the pid: 21377
W/BindingManager(21377): Cannot call determinedVisibility() - never saw a connection for the pid: 21377
I/Ads     (21377): Ad finished loading.
D/DfpAdRetriever(21377): Ads: ad retrieved: section_front
I/Ads     (21377): Ad finished loading.
D/DfpAdRetriever(21377): Ads: ad retrieved: section_front
I/art     (21377): Background partial concurrent mark sweep GC freed 28662(1857KB) AllocSpace objects, 18(5MB) LOS objects, 17% free, 77MB/93MB, paused 2.716ms total 159.698ms
D/audio_hw_primary(  184): disable_audio_route: reset and update mixer path: low-latency-playback
D/audio_hw_primary(  184): disable_snd_device: snd_device(2: speaker)
D/OMNITURE_TEST(21377): END_OF_TEST
D/OMNITURE_TEST(21377): ---TESTNAME:MENUTAP---
I/ViewInteraction(21377): Performing 'single click' action on view with id: android:id/home
D/audio_hw_primary(  184): select_devices: out_snd_device(2: speaker) in_snd_device(0: none)
D/ACDB-LOADER(  184): ACDB -> send_afe_cal
D/audio_hw_primary(  184): enable_snd_device: snd_device(2: speaker)
D/audio_hw_primary(  184): enable_audio_route: apply and update mixer path: low-latency-playback
D/DfpAdRetriever(21377): recording impression for section_front
D/audio_hw_primary(  184): disable_audio_route: reset and update mixer path: low-latency-playback
D/audio_hw_primary(  184): disable_snd_device: snd_device(2: speaker)
E/WifiStateMachine(  547): WifiStateMachine CMD_START_SCAN source -2 txSuccessRate=4.83 rxSuccessRate=190.37 targetRoamBSSID=any RSSI=-59
W/UiControllerImpl(21377): Waiting for: DELAY_HAS_PAST for 100 iterations.
W/UiControllerImpl(21377): Waiting for: DELAY_HAS_PAST for 200 iterations.
W/UiControllerImpl(21377): Waiting for: DELAY_HAS_PAST for 300 iterations.
W/UiControllerImpl(21377): Waiting for: DELAY_HAS_PAST for 400 iterations.
W/UiControllerImpl(21377): Waiting for: DELAY_HAS_PAST for 100 iterations.
I/ViewInteraction(21377): Performing 'single click' action on view (with id: com.usatoday.android.news:id/nav_child_text and with text: is "Day in Pictures")
W/UiControllerImpl(21377): Waiting for: DELAY_HAS_PAST for 100 iterations.
D/NavigationActivity(21377): navigateTo():Day in Pictures
D/NavigationActivity(21377): executeNavigationIntent, this class: class com.gannett.android.news.ui.activity.ActivityNews, intent.getClass(): com.gannett.android.news.ui.activity.ActivityGallery
D/MonitoringInstrumentation(21377): execStartActivity(context, ibinder, ibinder, activity, intent, int, bundle
I/ActivityManager(  547): START u0 {flg=0x20000 cmp=com.usatoday.android.news/com.gannett.android.news.ui.activity.ActivityGallery (has extras)} from uid 10187 on display 0
D/audio_hw_primary(  184): select_devices: out_snd_device(2: speaker) in_snd_device(0: none)
D/ACDB-LOADER(  184): ACDB -> send_afe_cal
D/audio_hw_primary(  184): enable_snd_device: snd_device(2: speaker)
V/WindowManager(  547): addAppToken: AppWindowToken{a7e4c3e token=Token{d16a4f9 ActivityRecord{25c84fc0 u0 com.usatoday.android.news/com.gannett.android.news.ui.activity.ActivityGallery t11740}}} to stack=1 task=11740 at 1
D/audio_hw_primary(  184): enable_audio_route: apply and update mixer path: low-latency-playback
D/BaseActivity(21377): onPause()
D/LifecycleMonitor(21377): Lifecycle status change: com.gannett.android.news.ui.activity.ActivityNews@3f274b46 in: PAUSED
D/ADBMobile(21377): ADBMobile Debug : Analytics - Attempting to send request parameters(36016419?AQB=1&ndh=1&ce=UTF-8&pev2=AMACTION%3Anavmenu%7Cday_in_pictures&c.&a.&DeviceName=Nexus%207&OSVersion=Android%205.1&Resolution=1200x1824&action=navmenu%7Cday_in_pictures&AppID=USA%20Today%202.7.2.1%20%2852%29&.a&gnt.&MarketName=gpapermobileapp&ProductName=USATODAY%20for%20Android%20Tablet&Orientation=portrait&TimeValue=1%3A30PM&.gnt&.c&t=00%2F00%2F0000%2000%3A00%3A00%200%20240&pageName=USA%20Today%202.7.2.1%20%2852%29&aid=0B755799E6D542E0-2DC2C6CBAD07BACD&pe=lnk_o&AQE=1)
W/UiControllerImpl(21377): Waiting for: DELAY_HAS_PAST for 200 iterations.
D/LifecycleMonitor(21377): Lifecycle status change: com.gannett.android.news.ui.activity.ActivityGallery@4c29020 in: PRE_ON_CREATE
D/BaseActivity(21377): onCreate()
D/DEVICE INFO(21377): screenSize: large, dpiBucket: xhdpi
W/Resources(21377): Converting to string: TypedValue{t=0x12/d=0x0 a=1 r=0x1020378}
W/Resources(21377): Converting to string: TypedValue{t=0x12/d=0x0 a=1 r=0x1020379}
W/Resources(21377): Converting to string: TypedValue{t=0x1f/d=0xff222222 a=2 r=0x7f090000}
W/Resources(21377): Converting to string: TypedValue{t=0x12/d=0x0 a=1 r=0x102037a}
W/Resources(21377): Converting to string: TypedValue{t=0x1f/d=0xff222222 a=2 r=0x7f090000}
W/Resources(21377): Converting to string: TypedValue{t=0x12/d=0x0 a=1 r=0x10202b6}
W/Resources(21377): Converting to string: TypedValue{t=0x12/d=0x0 a=1 r=0x10202b7}
W/Resources(21377): Converting to string: TypedValue{t=0x12/d=0x0 a=1 r=0x102037b}
W/Resources(21377): Converting to string: TypedValue{t=0x12/d=0x0 a=1 r=0x102037c}
W/Resources(21377): Converting to string: TypedValue{t=0x1f/d=0xff222222 a=2 r=0x7f090000}
W/Resources(21377): Converting to string: TypedValue{t=0x12/d=0x0 a=2 r=0x7f0f0192}
W/Resources(21377): Converting to string: TypedValue{t=0x12/d=0x0 a=2 r=0x7f0f0193}
W/Resources(21377): Converting to string: TypedValue{t=0x12/d=0x0 a=2 r=0x7f0f0194}
W/Resources(21377): Converting to string: TypedValue{t=0x1d/d=0xffffffff a=2 r=0x7f0900c5}
W/Resources(21377): Converting to string: TypedValue{t=0x12/d=0x0 a=2 r=0x7f0f003c}
W/Resources(21377): Converting to string: TypedValue{t=0x12/d=0x0 a=2 r=0x7f0f003d}
W/Resources(21377): Converting to string: TypedValue{t=0x12/d=0x0 a=2 r=0x7f0f004a}
D/UserEdManager(21377): tryDisplayUserEd
D/UserEdManager(21377): hideAndResetUserEd
D/LifecycleMonitor(21377): Lifecycle status change: com.gannett.android.news.ui.activity.ActivityGallery@4c29020 in: CREATED
D/ADBMobile(21377): ADBMobile Debug : Analytics - Request Sent(http://gannett.112.2o7.net/b/ss/gpapermobileapp/0/JAVA-4.1.7-AN/s36016419?AQB=1&ndh=1&ce=UTF-8&pev2=AMACTION%3Anavmenu%7Cday_in_pictures&c.&a.&DeviceName=Nexus%207&OSVersion=Android%205.1&Resolution=1200x1824&action=navmenu%7Cday_in_pictures&AppID=USA%20Today%202.7.2.1%20%2852%29&.a&gnt.&MarketName=gpapermobileapp&ProductName=USATODAY%20for%20Android%20Tablet&Orientation=portrait&TimeValue=1%3A30PM&.gnt&.c&t=00%2F00%2F0000%2000%3A00%3A00%200%20240&pageName=USA%20Today%202.7.2.1%20%2852%29&aid=0B755799E6D542E0-2DC2C6CBAD07BACD&pe=lnk_o&AQE=1)
D/BaseActivity(21377): onStart()
D/AdConfigurationImpl(21377): lookingFor: article_banner_top, found: high_impact
D/AdConfigurationImpl(21377): lookingFor: article_banner_bottom, found: high_impact
D/AdConfigurationImpl(21377): lookingFor: high_impact, found: high_impact
D/GravityWell(21377): Ready CacheIds: 
D/Ads     (21377): Ads: Additional Param: cacheid=
D/AdConfigurationImpl(21377): lookingFor: article_banner_top, found: high_impact
D/AdConfigurationImpl(21377): lookingFor: article_banner_bottom, found: high_impact
D/AdConfigurationImpl(21377): lookingFor: high_impact, found: high_impact
D/Ads     (21377): Ads: Params: latitude=38.89194492;aam=500,513,514,515,516,517,518,519,520,512,501,502,503,504,505,506,507,600;ver=2.7.2.1;longitude=-77.22493274;pageType=front;androidid=b20c3623-9a28-4594-844b-acc8da859575;
I/Ads     (21377): Starting ad request.
I/Ads     (21377): Use AdRequest.Builder.addTestDevice("07C3BD1FC97B8BD363E7086452B8BB2A") to get test ads on this device.
I/Ads     (21377): Please set theme of AdActivity to @android:style/Theme.Translucent to enable transparent background interstitial ad.
D/DfpAdRetriever(21377): AD_REQUEST::Gravity::/7103/usatoday_tablet/android_tablet_app-high_impact:: Size = 1280x1280::AWS::no_cst
D/returnToActivityHeadlinesTest(21377): tryReturnToActivityHeadlines(): this.autoNavToHome == true
D/LifecycleMonitor(21377): Lifecycle status change: com.gannett.android.news.ui.activity.ActivityGallery@4c29020 in: STARTED
D/BaseActivity(21377): onResume()
W/Resources(21377): Converting to string: TypedValue{t=0x12/d=0x0 a=2 r=0x7f0f00f4}
W/Resources(21377): Converting to string: TypedValue{t=0x12/d=0x0 a=2 r=0x7f0f00f5}
W/Resources(21377): Converting to string: TypedValue{t=0x12/d=0x0 a=2 r=0x7f0f00f6}
W/Resources(21377): Converting to string: TypedValue{t=0x5/d=0x1001 a=2 r=0x7f0a0030}
W/Resources(21377): Converting to string: TypedValue{t=0x5/d=0x801 a=2 r=0x7f0a002c}
W/Resources(21377): Converting to string: TypedValue{t=0x5/d=0x1001 a=2 r=0x7f0a0030}
W/Resources(21377): Converting to string: TypedValue{t=0x5/d=0x801 a=2 r=0x7f0a002c}
W/Resources(21377): Converting to string: TypedValue{t=0x12/d=0x0 a=2 r=0x7f0f00f7}
W/Resources(21377): Converting to string: TypedValue{t=0x12/d=0x0 a=2 r=0x7f0f00f8}
W/Resources(21377): Converting to string: TypedValue{t=0x5/d=0x801 a=2 r=0x7f0a002c}
W/Resources(21377): Converting to string: TypedValue{t=0x12/d=0x0 a=2 r=0x7f0f00f9}
W/Resources(21377): Converting to string: TypedValue{t=0x12/d=0x0 a=2 r=0x7f0f00fa}
W/Resources(21377): Converting to string: TypedValue{t=0x12/d=0x0 a=2 r=0x7f0f00fb}
W/Resources(21377): Converting to string: TypedValue{t=0x12/d=0x0 a=2 r=0x7f0f007d}
D/UrlProducer(21377): Gallery Url requested: http://api.gannett-cdn.com/mobilefeeds/galleries/v1/1410095/?api_key=euc4uvhentf8r3dgt69483ad
D/LifecycleMonitor(21377): Lifecycle status change: com.gannett.android.news.ui.activity.ActivityGallery@4c29020 in: RESUMED
V/WindowManager(  547): Adding window Window{38b2fa31 u0 com.usatoday.android.news/com.gannett.android.news.ui.activity.ActivityGallery} at 5 of 11 (after Window{e46a3ef u0 com.usatoday.android.news/com.gannett.android.news.ui.activity.ActivityNews})
V/MinimogrifierUtils(21377): resized image URL: http://www.gannett-cdn.com/-mm-/3433d63be489d91cb4e47cc95cdda45169e1e6c4/c=441-0-1808-1367&r=100x100&q=80/local/-/media/2015/05/07/USATODAY/USATODAY/635665970497358095-day050715x001.jpg
V/MinimogrifierUtils(21377): resized image URL: http://www.gannett-cdn.com/-mm-/c19f9a53f05004df82265f2f27b5643818e2f903/c=341-0-1708-1367&r=100x100&q=80/local/-/media/2015/05/07/USATODAY/USATODAY/635665970502974347-day050715x002.jpg
V/MinimogrifierUtils(21377): resized image URL: http://www.gannett-cdn.com/-mm-/3ca6b637f216fa66f320e2bd2b251b88b5f6d1e1/c=468-0-1835-1367&r=100x100&q=80/local/-/media/2015/05/07/USATODAY/USATODAY/635665970513270809-day050715x003.jpg
V/MinimogrifierUtils(21377): resized image URL: http://www.gannett-cdn.com/-mm-/b12cb99f566c70e5b9fa3fb2bb1f5664ba472c29/c=563-0-1916-1353&r=100x100&q=80/local/-/media/2015/05/07/USATODAY/USATODAY/635665970513894837-day050715x004.jpg
V/MinimogrifierUtils(21377): resized image URL: http://www.gannett-cdn.com/-mm-/25a17aec841daf64ee6d8f4440b9956c091c3382/c=596-144-1597-1145&r=100x100&q=80/local/-/media/2015/05/07/USATODAY/USATODAY/635665970511710739-day050715x005.jpg
V/MinimogrifierUtils(21377): resized image URL: http://www.gannett-cdn.com/-mm-/c8f1dbc0b89b2ead6b05d7c46e28dd020da77bf5/c=407-0-1644-1237&r=100x100&q=80/local/-/media/2015/05/07/USATODAY/USATODAY/635665970529183523-day050715x006.jpg
V/MinimogrifierUtils(21377): resized image URL: http://www.gannett-cdn.com/-mm-/6b7fe62ec58ff368bae12d2198515fa81b30be81/c=450-105-1705-1360&r=100x100&q=80/local/-/media/2015/05/07/USATODAY/USATODAY/635665970509058620-day050715x007.jpg
V/MinimogrifierUtils(21377): resized image URL: http://www.gannett-cdn.com/-mm-/6ad3a92267914f2cbb5b6059100f41f53aa7b913/c=306-0-1670-1364&r=100x100&q=80/local/-/media/2015/05/07/USATODAY/USATODAY/635665970511554732-day050715x008.jpg
V/MinimogrifierUtils(21377): resized image URL: http://www.gannett-cdn.com/-mm-/7bd99b66bd92be54ad9745fb8df4bd95e6ffa584/c=346-0-1736-1390&r=100x100&q=80/local/-/media/2015/05/07/USATODAY/USATODAY/635665970522631229-day050715x009.jpg
W/Resources(21377): Converting to string: TypedValue{t=0x5/d=0x1401 a=2 r=0x7f0a0066}
W/Resources(21377): Converting to string: TypedValue{t=0x5/d=0x1001 a=2 r=0x7f0a0067}
W/Resources(21377): Converting to string: TypedValue{t=0x5/d=0x1401 a=2 r=0x7f0a0066}
W/Resources(21377): Converting to string: TypedValue{t=0x5/d=0xf01 a=2 r=0x7f0a0065}
W/Resources(21377): Converting to string: TypedValue{t=0x12/d=0x0 a=2 r=0x7f0f018f}
W/Resources(21377): Converting to string: TypedValue{t=0x12/d=0x0 a=2 r=0x7f0f0190}
W/Resources(21377): Converting to string: TypedValue{t=0x12/d=0x0 a=2 r=0x7f0f0191}
W/Resources(21377): Converting to string: TypedValue{t=0x1d/d=0xfff9f9f9 a=2 r=0x7f090084}
W/Resources(21377): Converting to string: TypedValue{t=0x5/d=0x1401 a=2 r=0x7f0a0066}
W/Resources(21377): Converting to string: TypedValue{t=0x5/d=0x1001 a=2 r=0x7f0a0067}
W/Resources(21377): Converting to string: TypedValue{t=0x5/d=0x1401 a=2 r=0x7f0a0066}
W/Resources(21377): Converting to string: TypedValue{t=0x5/d=0xf01 a=2 r=0x7f0a0065}
W/Resources(21377): Converting to string: TypedValue{t=0x12/d=0x0 a=2 r=0x7f0f018c}
W/Resources(21377): Converting to string: TypedValue{t=0x12/d=0x0 a=2 r=0x7f0f018d}
W/Resources(21377): Converting to string: TypedValue{t=0x12/d=0x0 a=2 r=0x7f0f018e}
W/Resources(21377): Converting to string: TypedValue{t=0x1d/d=0xfff9f9f9 a=2 r=0x7f090084}
W/Resources(21377): Converting to string: TypedValue{t=0x5/d=0x1401 a=2 r=0x7f0a0066}
W/Resources(21377): Converting to string: TypedValue{t=0x5/d=0x1001 a=2 r=0x7f0a0067}
W/Resources(21377): Converting to string: TypedValue{t=0x5/d=0x1401 a=2 r=0x7f0a0066}
W/Resources(21377): Converting to string: TypedValue{t=0x5/d=0xf01 a=2 r=0x7f0a0065}
W/Resources(21377): Converting to string: TypedValue{t=0x12/d=0x0 a=2 r=0x7f0f018c}
W/Resources(21377): Converting to string: TypedValue{t=0x12/d=0x0 a=2 r=0x7f0f018d}
W/Resources(21377): Converting to string: TypedValue{t=0x12/d=0x0 a=2 r=0x7f0f018e}
W/Resources(21377): Converting to string: TypedValue{t=0x1d/d=0xfff9f9f9 a=2 r=0x7f090084}
W/Resources(21377): Converting to string: TypedValue{t=0x5/d=0x1401 a=2 r=0x7f0a0066}
W/Resources(21377): Converting to string: TypedValue{t=0x5/d=0x1001 a=2 r=0x7f0a0067}
W/Resources(21377): Converting to string: TypedValue{t=0x5/d=0x1401 a=2 r=0x7f0a0066}
W/Resources(21377): Converting to string: TypedValue{t=0x5/d=0xf01 a=2 r=0x7f0a0065}
W/Resources(21377): Converting to string: TypedValue{t=0x12/d=0x0 a=2 r=0x7f0f018c}
W/Resources(21377): Converting to string: TypedValue{t=0x12/d=0x0 a=2 r=0x7f0f018d}
W/Resources(21377): Converting to string: TypedValue{t=0x12/d=0x0 a=2 r=0x7f0f018e}
W/Resources(21377): Converting to string: TypedValue{t=0x1d/d=0xfff9f9f9 a=2 r=0x7f090084}
W/Resources(21377): Converting to string: TypedValue{t=0x5/d=0x1401 a=2 r=0x7f0a0066}
W/Resources(21377): Converting to string: TypedValue{t=0x5/d=0x1001 a=2 r=0x7f0a0067}
W/Resources(21377): Converting to string: TypedValue{t=0x5/d=0x1401 a=2 r=0x7f0a0066}
W/Resources(21377): Converting to string: TypedValue{t=0x5/d=0xf01 a=2 r=0x7f0a0065}
W/Resources(21377): Converting to string: TypedValue{t=0x12/d=0x0 a=2 r=0x7f0f018c}
W/Resources(21377): Converting to string: TypedValue{t=0x12/d=0x0 a=2 r=0x7f0f018d}
W/Resources(21377): Converting to string: TypedValue{t=0x12/d=0x0 a=2 r=0x7f0f018e}
W/Resources(21377): Converting to string: TypedValue{t=0x1d/d=0xfff9f9f9 a=2 r=0x7f090084}
W/Resources(21377): Converting to string: TypedValue{t=0x5/d=0x1401 a=2 r=0x7f0a0066}
W/Resources(21377): Converting to string: TypedValue{t=0x5/d=0x1001 a=2 r=0x7f0a0067}
W/Resources(21377): Converting to string: TypedValue{t=0x5/d=0x1401 a=2 r=0x7f0a0066}
W/Resources(21377): Converting to string: TypedValue{t=0x5/d=0xf01 a=2 r=0x7f0a0065}
W/Resources(21377): Converting to string: TypedValue{t=0x12/d=0x0 a=2 r=0x7f0f018c}
W/Resources(21377): Converting to string: TypedValue{t=0x12/d=0x0 a=2 r=0x7f0f018d}
W/Resources(21377): Converting to string: TypedValue{t=0x12/d=0x0 a=2 r=0x7f0f018e}
W/Resources(21377): Converting to string: TypedValue{t=0x1d/d=0xfff9f9f9 a=2 r=0x7f090084}
W/Resources(21377): Converting to string: TypedValue{t=0x5/d=0x1401 a=2 r=0x7f0a0066}
W/Resources(21377): Converting to string: TypedValue{t=0x5/d=0x1001 a=2 r=0x7f0a0067}
W/Resources(21377): Converting to string: TypedValue{t=0x5/d=0x1401 a=2 r=0x7f0a0066}
W/Resources(21377): Converting to string: TypedValue{t=0x5/d=0xf01 a=2 r=0x7f0a0065}
W/Resources(21377): Converting to string: TypedValue{t=0x12/d=0x0 a=2 r=0x7f0f018c}
W/Resources(21377): Converting to string: TypedValue{t=0x12/d=0x0 a=2 r=0x7f0f018d}
W/Resources(21377): Converting to string: TypedValue{t=0x12/d=0x0 a=2 r=0x7f0f018e}
W/Resources(21377): Converting to string: TypedValue{t=0x1d/d=0xfff9f9f9 a=2 r=0x7f090084}
W/Resources(21377): Converting to string: TypedValue{t=0x5/d=0x1401 a=2 r=0x7f0a0066}
W/Resources(21377): Converting to string: TypedValue{t=0x5/d=0x1001 a=2 r=0x7f0a0067}
W/Resources(21377): Converting to string: TypedValue{t=0x5/d=0x1401 a=2 r=0x7f0a0066}
W/Resources(21377): Converting to string: TypedValue{t=0x5/d=0xf01 a=2 r=0x7f0a0065}
W/Resources(21377): Converting to string: TypedValue{t=0x12/d=0x0 a=2 r=0x7f0f018c}
W/Resources(21377): Converting to string: TypedValue{t=0x12/d=0x0 a=2 r=0x7f0f018d}
W/Resources(21377): Converting to string: TypedValue{t=0x12/d=0x0 a=2 r=0x7f0f018e}
W/Resources(21377): Converting to string: TypedValue{t=0x1d/d=0xfff9f9f9 a=2 r=0x7f090084}
W/Resources(21377): Converting to string: TypedValue{t=0x5/d=0x1401 a=2 r=0x7f0a0066}
W/Resources(21377): Converting to string: TypedValue{t=0x5/d=0x1001 a=2 r=0x7f0a0067}
W/Resources(21377): Converting to string: TypedValue{t=0x5/d=0x1401 a=2 r=0x7f0a0066}
W/Resources(21377): Converting to string: TypedValue{t=0x5/d=0xf01 a=2 r=0x7f0a0065}
W/Resources(21377): Converting to string: TypedValue{t=0x12/d=0x0 a=2 r=0x7f0f018c}
W/Resources(21377): Converting to string: TypedValue{t=0x12/d=0x0 a=2 r=0x7f0f018d}
W/Resources(21377): Converting to string: TypedValue{t=0x12/d=0x0 a=2 r=0x7f0f018e}
W/Resources(21377): Converting to string: TypedValue{t=0x1d/d=0xfff9f9f9 a=2 r=0x7f090084}
W/Resources(21377): Converting to string: TypedValue{t=0x5/d=0x1401 a=2 r=0x7f0a0066}
W/Resources(21377): Converting to string: TypedValue{t=0x5/d=0x1001 a=2 r=0x7f0a0067}
W/Resources(21377): Converting to string: TypedValue{t=0x5/d=0x1401 a=2 r=0x7f0a0066}
W/Resources(21377): Converting to string: TypedValue{t=0x5/d=0xf01 a=2 r=0x7f0a0065}
W/Resources(21377): Converting to string: TypedValue{t=0x12/d=0x0 a=2 r=0x7f0f018c}
W/Resources(21377): Converting to string: TypedValue{t=0x12/d=0x0 a=2 r=0x7f0f018d}
W/Resources(21377): Converting to string: TypedValue{t=0x12/d=0x0 a=2 r=0x7f0f018e}
W/Resources(21377): Converting to string: TypedValue{t=0x5/d=0x1401 a=2 r=0x7f0a0066}
W/Resources(21377): Converting to string: TypedValue{t=0x5/d=0x1001 a=2 r=0x7f0a0067}
W/Resources(21377): Converting to string: TypedValue{t=0x5/d=0x1401 a=2 r=0x7f0a0066}
W/Resources(21377): Converting to string: TypedValue{t=0x5/d=0xf01 a=2 r=0x7f0a0065}
W/Resources(21377): Converting to string: TypedValue{t=0x12/d=0x0 a=2 r=0x7f0f018f}
W/Resources(21377): Converting to string: TypedValue{t=0x12/d=0x0 a=2 r=0x7f0f0190}
W/Resources(21377): Converting to string: TypedValue{t=0x12/d=0x0 a=2 r=0x7f0f0191}
W/Resources(21377): Converting to string: TypedValue{t=0x5/d=0x1401 a=2 r=0x7f0a0066}
W/Resources(21377): Converting to string: TypedValue{t=0x5/d=0x1001 a=2 r=0x7f0a0067}
W/Resources(21377): Converting to string: TypedValue{t=0x5/d=0x1401 a=2 r=0x7f0a0066}
W/Resources(21377): Converting to string: TypedValue{t=0x5/d=0xf01 a=2 r=0x7f0a0065}
W/Resources(21377): Converting to string: TypedValue{t=0x12/d=0x0 a=2 r=0x7f0f018f}
W/Resources(21377): Converting to string: TypedValue{t=0x12/d=0x0 a=2 r=0x7f0f0190}
W/Resources(21377): Converting to string: TypedValue{t=0x12/d=0x0 a=2 r=0x7f0f0191}
W/Resources(21377): Converting to string: TypedValue{t=0x5/d=0x1401 a=2 r=0x7f0a0066}
W/Resources(21377): Converting to string: TypedValue{t=0x5/d=0x1001 a=2 r=0x7f0a0067}
W/Resources(21377): Converting to string: TypedValue{t=0x5/d=0x1401 a=2 r=0x7f0a0066}
W/Resources(21377): Converting to string: TypedValue{t=0x5/d=0xf01 a=2 r=0x7f0a0065}
W/Resources(21377): Converting to string: TypedValue{t=0x12/d=0x0 a=2 r=0x7f0f018f}
W/Resources(21377): Converting to string: TypedValue{t=0x12/d=0x0 a=2 r=0x7f0f0190}
W/Resources(21377): Converting to string: TypedValue{t=0x12/d=0x0 a=2 r=0x7f0f0191}
W/Resources(21377): Converting to string: TypedValue{t=0x5/d=0x1401 a=2 r=0x7f0a0066}
W/Resources(21377): Converting to string: TypedValue{t=0x5/d=0x1001 a=2 r=0x7f0a0067}
W/Resources(21377): Converting to string: TypedValue{t=0x5/d=0x1401 a=2 r=0x7f0a0066}
W/Resources(21377): Converting to string: TypedValue{t=0x5/d=0xf01 a=2 r=0x7f0a0065}
W/Resources(21377): Converting to string: TypedValue{t=0x12/d=0x0 a=2 r=0x7f0f018f}
W/Resources(21377): Converting to string: TypedValue{t=0x12/d=0x0 a=2 r=0x7f0f0190}
W/Resources(21377): Converting to string: TypedValue{t=0x12/d=0x0 a=2 r=0x7f0f0191}
W/Resources(21377): Converting to string: TypedValue{t=0x5/d=0x1401 a=2 r=0x7f0a0066}
W/Resources(21377): Converting to string: TypedValue{t=0x5/d=0x1001 a=2 r=0x7f0a0067}
W/Resources(21377): Converting to string: TypedValue{t=0x5/d=0x1401 a=2 r=0x7f0a0066}
W/Resources(21377): Converting to string: TypedValue{t=0x5/d=0xf01 a=2 r=0x7f0a0065}
W/Resources(21377): Converting to string: TypedValue{t=0x12/d=0x0 a=2 r=0x7f0f018f}
W/Resources(21377): Converting to string: TypedValue{t=0x12/d=0x0 a=2 r=0x7f0f0190}
W/Resources(21377): Converting to string: TypedValue{t=0x12/d=0x0 a=2 r=0x7f0f0191}
D/LocationUtility(21377): Connected
W/UiControllerImpl(21377): Waiting for: DELAY_HAS_PAST for 300 iterations.
W/Resources(21377): Converting to string: TypedValue{t=0x5/d=0x4001 a=1 r=0x1050051}
W/Resources(21377): Converting to string: TypedValue{t=0x5/d=0x3801 a=1 r=0x105003a}
W/Resources(21377): Converting to string: TypedValue{t=0x5/d=0x4001 a=1 r=0x1050051}
W/Resources(21377): Converting to string: TypedValue{t=0x5/d=0x3801 a=1 r=0x105003a}
W/Resources(21377): Converting to string: TypedValue{t=0x5/d=0x4001 a=1 r=0x1050051}
W/Resources(21377): Converting to string: TypedValue{t=0x5/d=0x3801 a=1 r=0x105003a}
I/ActivityManager(  547): Displayed com.usatoday.android.news/com.gannett.android.news.ui.activity.ActivityGallery: +318ms
D/OMNITURE_CALL(21377): {gnt.aamsegment=500,513,514,515,516,517,518,519,520,512,501,502,503,504,505,506,507,600, gnt.Orientation=portrait, gnt.Location=38.9324096|-77.2167551, gnt.ssts.Section=news, gnt.quietTime=10:00pm|07:00am, gnt.prefs.PushSegments=bknews|news|sports|life|money|tech, gnt.Title=The day in pictures|index, gnt.TimeValue=1:30PM, gnt.zag.zip=22102, gnt.ContentType=galleries, gnt.ItemNumber=1, gnt.ContentId=1410095, gnt.ProductName=USATODAY for Android Tablet, gnt.MarketName=gpapermobileapp}
V/MinimogrifierUtils(21377): resized image URL: http://www.gannett-cdn.com/-mm-/8a238f2c10ed9f0f9b47529e5651fc5a88248942/c=441-0-1808-1367&r=100x100&q=80&r=100x100&q=80/local/-/media/2015/05/07/USATODAY/USATODAY/635665970497358095-day050715x001.jpg
D/ADBMobile(21377): ADBMobile Debug : Audience Manager - request (http://gannett.demdex.net/event?c_gnt_aamsegment=500%2C513%2C514%2C515%2C516%2C517%2C518%2C519%2C520%2C512%2C501%2C502%2C503%2C504%2C505%2C506%2C507%2C600&c_gnt_Orientation=portrait&c_gnt_Location=38.9324096%7C-77.2167551&c_gnt_ssts_Section=news&c_gnt_quietTime=10%3A00pm%7C07%3A00am&c_gnt_Title=The%20day%20in%20pictures%7Cindex&c_gnt_prefs_PushSegments=bknews%7Cnews%7Csports%7Clife%7Cmoney%7Ctech&c_gnt_TimeValue=1%3A30PM&c_gnt_zag_zip=22102&c_gnt_ContentType=galleries&c_gnt_ProductName=USATODAY%20for%20Android%20Tablet&c_gnt_MarketName=gpapermobileapp&d_uuid=19857838291522528462172418163433203273&d_dpid=3054&d_dpuuid=b20c3623-9a28-4594-844b-acc8da859575&d_ptfm=android&d_dst=1&d_rtbd=json)
W/Resources(21377): Converting to string: TypedValue{t=0x12/d=0x0 a=2 r=0x7f0f00fc}
W/Resources(21377): Converting to string: TypedValue{t=0x12/d=0x0 a=2 r=0x7f0f00fc}
V/MinimogrifierUtils(21377): resized image URL: http://www.gannett-cdn.com/-mm-/a8250b4b5d7f46f0ffd182bb5dd5cb35df0aedd0/c=404-201-1955-1367&r=1200x1824&q=80/local/-/media/2015/05/07/USATODAY/USATODAY/635665970497358095-day050715x001.jpg
D/skia    (21377): --- SkImageDecoder::Factory returned null
D/skia    (21377): --- SkImageDecoder::Factory returned null
V/MinimogrifierUtils(21377): resized image URL: http://www.gannett-cdn.com/-mm-/ba153bef7689bd05ccbcee46c493f01807f04d92/c=116-0-1934-1367&r=1200x1824&q=80/local/-/media/2015/05/07/USATODAY/USATODAY/635665970502974347-day050715x002.jpg
D/skia    (21377): --- SkImageDecoder::Factory returned null
D/skia    (21377): --- SkImageDecoder::Factory returned null
V/MinimogrifierUtils(21377): resized image URL: http://www.gannett-cdn.com/-mm-/8a238f2c10ed9f0f9b47529e5651fc5a88248942/c=441-0-1808-1367&r=100x100&q=80&r=100x100&q=80/local/-/media/2015/05/07/USATODAY/USATODAY/635665970497358095-day050715x001.jpg
V/MinimogrifierUtils(21377): resized image URL: http://www.gannett-cdn.com/-mm-/e85d62c3a1fb9408a20010f623376f4f963c33ff/c=341-0-1708-1367&r=100x100&q=80&r=100x100&q=80/local/-/media/2015/05/07/USATODAY/USATODAY/635665970502974347-day050715x002.jpg
V/MinimogrifierUtils(21377): resized image URL: http://www.gannett-cdn.com/-mm-/2c2bf5c9803991db1e3f9a64f28c1f2992d9212c/c=468-0-1835-1367&r=100x100&q=80&r=100x100&q=80/local/-/media/2015/05/07/USATODAY/USATODAY/635665970513270809-day050715x003.jpg
V/MinimogrifierUtils(21377): resized image URL: http://www.gannett-cdn.com/-mm-/7f2b98a712de16b79489fa108beaad634113ea6c/c=563-0-1916-1353&r=100x100&q=80&r=100x100&q=80/local/-/media/2015/05/07/USATODAY/USATODAY/635665970513894837-day050715x004.jpg
V/MinimogrifierUtils(21377): resized image URL: http://www.gannett-cdn.com/-mm-/00faa761cb8d37f3c3c4fa4112e7587d8abed705/c=596-144-1597-1145&r=100x100&q=80&r=100x100&q=80/local/-/media/2015/05/07/USATODAY/USATODAY/635665970511710739-day050715x005.jpg
V/MinimogrifierUtils(21377): resized image URL: http://www.gannett-cdn.com/-mm-/c020f0ae47b1d05f5150c7644705470c45acbd84/c=407-0-1644-1237&r=100x100&q=80&r=100x100&q=80/local/-/media/2015/05/07/USATODAY/USATODAY/635665970529183523-day050715x006.jpg
V/MinimogrifierUtils(21377): resized image URL: http://www.gannett-cdn.com/-mm-/5d24822782248a1580ed71b9876c7763702d2651/c=450-105-1705-1360&r=100x100&q=80&r=100x100&q=80/local/-/media/2015/05/07/USATODAY/USATODAY/635665970509058620-day050715x007.jpg
W/ADBMobile(21377): ADBMobile Debug : Audience Manager - Unable to parse JSON data (No value for dests)
D/ADBMobile(21377): ADBMobile Debug : Analytics - Attempting to send request parameters(74201260?AQB=1&ndh=1&ce=UTF-8&c.&a.&DeviceName=Nexus%207&OSVersion=Android%205.1&Resolution=1200x1824&AppID=USA%20Today%202.7.2.1%20%2852%29&.a&gnt.&aamsegment=500%2C513%2C514%2C515%2C516%2C517%2C518%2C519%2C520%2C512%2C501%2C502%2C503%2C504%2C505%2C506%2C507%2C600&prefs.&PushSegments=bknews%7Cnews%7Csports%7Clife%7Cmoney%7Ctech&.prefs&MarketName=gpapermobileapp&ProductName=USATODAY%20for%20Android%20Tablet&ssts.&Section=news&.ssts&ContentType=galleries&TimeValue=1%3A30PM&Orientation=portrait&Title=The%20day%20in%20pictures%7Cindex&quietTime=10%3A00pm%7C07%3A00am&ContentId=1410095&Location=38.9324096%7C-77.2167551&zag.&zip=22102&.zag&ItemNumber=1&.gnt&.c&t=00%2F00%2F0000%2000%3A00%3A00%200%20240&pageName=The%20day%20in%20pictures%7Cindex&aid=0B755799E6D542E0-2DC2C6CBAD07BACD&AQE=1)
W/Resources(21377): Converting to string: TypedValue{t=0x5/d=0x4001 a=1 r=0x1050051}
W/Resources(21377): Converting to string: TypedValue{t=0x5/d=0x3801 a=1 r=0x105003a}
D/ADBMobile(21377): ADBMobile Debug : Analytics - Request Sent(http://gannett.112.2o7.net/b/ss/gpapermobileapp/0/JAVA-4.1.7-AN/s74201260?AQB=1&ndh=1&ce=UTF-8&c.&a.&DeviceName=Nexus%207&OSVersion=Android%205.1&Resolution=1200x1824&AppID=USA%20Today%202.7.2.1%20%2852%29&.a&gnt.&aamsegment=500%2C513%2C514%2C515%2C516%2C517%2C518%2C519%2C520%2C512%2C501%2C502%2C503%2C504%2C505%2C506%2C507%2C600&prefs.&PushSegments=bknews%7Cnews%7Csports%7Clife%7Cmoney%7Ctech&.prefs&MarketName=gpapermobileapp&ProductName=USATODAY%20for%20Android%20Tablet&ssts.&Section=news&.ssts&ContentType=galleries&TimeValue=1%3A30PM&Orientation=portrait&Title=The%20day%20in%20pictures%7Cindex&quietTime=10%3A00pm%7C07%3A00am&ContentId=1410095&Location=38.9324096%7C-77.2167551&zag.&zip=22102&.zag&ItemNumber=1&.gnt&.c&t=00%2F00%2F0000%2000%3A00%3A00%200%20240&pageName=The%20day%20in%20pictures%7Cindex&aid=0B755799E6D542E0-2DC2C6CBAD07BACD&AQE=1)
I/Ads     ( 6864): CsiReporterFactory: CSI is not enabled. No CSI reporter created.
D/BaseActivity(21377): onStop()
D/LifecycleMonitor(21377): Lifecycle status change: com.gannett.android.news.ui.activity.ActivityNews@3f274b46 in: STOPPED
I/Ads     (21377): No fill from ad server.
W/art     (21377): Attempt to remove local handle scope entry from IRT, ignoring
W/AwContents(21377): onDetachedFromWindow called when already detached. Ignoring
W/art     (21377): Attempt to remove local handle scope entry from IRT, ignoring
W/art     (21377): Attempt to remove local handle scope entry from IRT, ignoring
W/Ads     (21377): Failed to load ad: 3
D/DfpAdRetriever(21377): Ads: ad not retrieved: high_impact
W/UiControllerImpl(21377): Waiting for: DELAY_HAS_PAST for 100 iterations.
I/ViewInteraction(21377): Performing 'single click' action on view with id: android:id/home
W/UiControllerImpl(21377): Waiting for: DELAY_HAS_PAST for 100 iterations.
W/UiControllerImpl(21377): Waiting for: DELAY_HAS_PAST for 200 iterations.
W/UiControllerImpl(21377): Waiting for: DELAY_HAS_PAST for 300 iterations.
W/UiControllerImpl(21377): Waiting for: DELAY_HAS_PAST for 400 iterations.
W/UiControllerImpl(21377): Waiting for: DELAY_HAS_PAST for 100 iterations.
D/OMNITURE_TEST(21377): END_OF_TEST
D/OMNITURE_TEST(21377): ---TESTNAME:WEATHERLOCATIONS---
I/ViewInteraction(21377): Performing 'check drawer' action on view with id: com.usatoday.android.news:id/nav_drawer
D/audio_hw_primary(  184): disable_audio_route: reset and update mixer path: low-latency-playback
D/audio_hw_primary(  184): disable_snd_device: snd_device(2: speaker)
I/ViewInteraction(21377): Performing 'single click' action on view (with id: com.usatoday.android.news:id/nav_child_text and with text: is "Weather")
E/WifiStateMachine(  547): WifiStateMachine CMD_START_SCAN source -2 txSuccessRate=61.64 rxSuccessRate=263.40 targetRoamBSSID=any RSSI=-49
E/MotionEvents(21377): Overslept and turned a tap into a long press
D/NavigationActivity(21377): navigateTo():Weather
D/NavigationActivity(21377): executeNavigationIntent, this class: class com.gannett.android.news.ui.activity.ActivityGallery, intent.getClass(): com.gannett.android.news.ui.activity.ActivityWeather
D/MonitoringInstrumentation(21377): execStartActivity(context, ibinder, ibinder, activity, intent, int, bundle
I/ActivityManager(  547): START u0 {flg=0x20000 cmp=com.usatoday.android.news/com.gannett.android.news.ui.activity.ActivityWeather (has extras)} from uid 10187 on display 0
V/WindowManager(  547): addAppToken: AppWindowToken{cceffab token=Token{b677dfa ActivityRecord{329ad825 u0 com.usatoday.android.news/com.gannett.android.news.ui.activity.ActivityWeather t11740}}} to stack=1 task=11740 at 2
D/audio_hw_primary(  184): select_devices: out_snd_device(2: speaker) in_snd_device(0: none)
D/ACDB-LOADER(  184): ACDB -> send_afe_cal
D/audio_hw_primary(  184): enable_snd_device: snd_device(2: speaker)
D/audio_hw_primary(  184): enable_audio_route: apply and update mixer path: low-latency-playback
D/BaseActivity(21377): onPause()
D/LifecycleMonitor(21377): Lifecycle status change: com.gannett.android.news.ui.activity.ActivityGallery@4c29020 in: PAUSED
D/LifecycleMonitor(21377): Lifecycle status change: com.gannett.android.news.ui.activity.ActivityWeather@11951088 in: PRE_ON_CREATE
D/BaseActivity(21377): onCreate()
D/DEVICE INFO(21377): screenSize: large, dpiBucket: xhdpi
W/Resources(21377): Converting to string: TypedValue{t=0x12/d=0x0 a=1 r=0x1020378}
W/Resources(21377): Converting to string: TypedValue{t=0x12/d=0x0 a=1 r=0x1020379}
W/Resources(21377): Converting to string: TypedValue{t=0x1f/d=0xff222222 a=2 r=0x7f090000}
