W/Resources( 4701): Converting to string: TypedValue{t=0x12/d=0x0 a=2 r=0x7f0e0005}
W/Resources( 4701): Converting to string: TypedValue{t=0x12/d=0x0 a=2 r=0x7f0e0005}
W/Resources( 4701): Converting to string: TypedValue{t=0x12/d=0x0 a=2 r=0x7f0e0005}
W/Resources( 4701): Converting to string: TypedValue{t=0x12/d=0x0 a=2 r=0x7f0e0005}
W/Resources( 4701): Converting to string: TypedValue{t=0x12/d=0x0 a=2 r=0x7f0e0005}
W/Resources( 4701): Converting to string: TypedValue{t=0x12/d=0x0 a=2 r=0x7f0e0005}
W/Resources( 4701): Converting to string: TypedValue{t=0x12/d=0x0 a=2 r=0x7f0e0005}
W/Resources( 4701): Converting to string: TypedValue{t=0x12/d=0x0 a=2 r=0x7f0e0005}
W/Resources( 4701): Converting to string: TypedValue{t=0x12/d=0x0 a=2 r=0x7f0e0005}
W/Resources( 4701): Converting to string: TypedValue{t=0x12/d=0x0 a=2 r=0x7f0e0005}
W/Resources( 4701): Converting to string: TypedValue{t=0x12/d=0x0 a=2 r=0x7f0e0005}
W/Resources( 4701): Converting to string: TypedValue{t=0x12/d=0x0 a=2 r=0x7f0e0005}
W/Resources( 4701): Converting to string: TypedValue{t=0x12/d=0x0 a=2 r=0x7f0e0005}
W/Resources( 4701): Converting to string: TypedValue{t=0x12/d=0x0 a=2 r=0x7f0e0005}
W/Resources( 4701): Converting to string: TypedValue{t=0x12/d=0x0 a=2 r=0x7f0e0005}
W/Resources( 4701): Converting to string: TypedValue{t=0x12/d=0x0 a=2 r=0x7f0e0005}
W/Resources( 4701): Converting to string: TypedValue{t=0x12/d=0x0 a=2 r=0x7f0e0005}
W/Resources( 4701): Converting to string: TypedValue{t=0x12/d=0x0 a=2 r=0x7f0e0005}
W/Resources( 4701): Converting to string: TypedValue{t=0x12/d=0x0 a=2 r=0x7f0e0005}
W/Resources( 4701): Converting to string: TypedValue{t=0x12/d=0x0 a=2 r=0x7f0e0005}
W/Resources( 4701): Converting to string: TypedValue{t=0x12/d=0x0 a=2 r=0x7f0e0005}
W/Resources( 4701): Converting to string: TypedValue{t=0x12/d=0x0 a=2 r=0x7f0e0005}
W/Resources( 4701): Converting to string: TypedValue{t=0x12/d=0x0 a=2 r=0x7f0e0005}
W/Resources( 4701): Converting to string: TypedValue{t=0x12/d=0x0 a=2 r=0x7f0e0005}
W/Resources( 4701): Converting to string: TypedValue{t=0x12/d=0x0 a=2 r=0x7f0e0005}
W/Resources( 4701): Converting to string: TypedValue{t=0x12/d=0x0 a=2 r=0x7f0e0005}
W/Resources( 4701): Converting to string: TypedValue{t=0x12/d=0x0 a=2 r=0x7f0e0005}
W/Resources( 4701): Converting to string: TypedValue{t=0x12/d=0x0 a=2 r=0x7f0e0005}
W/Resources( 4701): Converting to string: TypedValue{t=0x12/d=0x0 a=2 r=0x7f0e0005}
W/Resources( 4701): Converting to string: TypedValue{t=0x12/d=0x0 a=2 r=0x7f0e0005}
W/Resources( 4701): Converting to string: TypedValue{t=0x12/d=0x0 a=2 r=0x7f0e0005}
W/Resources( 4701): Converting to string: TypedValue{t=0x12/d=0x0 a=2 r=0x7f0e0005}
W/Resources( 4701): Converting to string: TypedValue{t=0x12/d=0x0 a=2 r=0x7f0e0005}
W/Resources( 4701): Converting to string: TypedValue{t=0x12/d=0x0 a=2 r=0x7f0e000e}
W/Resources( 4701): Converting to string: TypedValue{t=0x5/d=0x2001 a=2 r=0x7f0a0037}
W/Resources( 4701): Converting to string: TypedValue{t=0x5/d=0x1001 a=2 r=0x7f0a0035}
W/Resources( 4701): Converting to string: TypedValue{t=0x5/d=0x1001 a=2 r=0x7f0a0036}
W/Resources( 4701): Converting to string: TypedValue{t=0x12/d=0x0 a=2 r=0x7f0e000f}
W/Resources( 4701): Converting to string: TypedValue{t=0x12/d=0x0 a=2 r=0x7f0e0010}
W/Resources( 4701): Converting to string: TypedValue{t=0x12/d=0x0 a=2 r=0x7f0e000e}
W/Resources( 4701): Converting to string: TypedValue{t=0x5/d=0x2001 a=2 r=0x7f0a0037}
W/Resources( 4701): Converting to string: TypedValue{t=0x5/d=0x1001 a=2 r=0x7f0a0035}
W/Resources( 4701): Converting to string: TypedValue{t=0x5/d=0x1001 a=2 r=0x7f0a0036}
W/Resources( 4701): Converting to string: TypedValue{t=0x12/d=0x0 a=2 r=0x7f0e000f}
W/Resources( 4701): Converting to string: TypedValue{t=0x12/d=0x0 a=2 r=0x7f0e0010}
W/Resources( 4701): Converting to string: TypedValue{t=0x12/d=0x0 a=2 r=0x7f0e000e}
W/Resources( 4701): Converting to string: TypedValue{t=0x5/d=0x2001 a=2 r=0x7f0a0037}
W/Resources( 4701): Converting to string: TypedValue{t=0x5/d=0x1001 a=2 r=0x7f0a0035}
W/Resources( 4701): Converting to string: TypedValue{t=0x5/d=0x1001 a=2 r=0x7f0a0036}
W/Resources( 4701): Converting to string: TypedValue{t=0x12/d=0x0 a=2 r=0x7f0e000f}
W/Resources( 4701): Converting to string: TypedValue{t=0x12/d=0x0 a=2 r=0x7f0e0010}
W/Resources( 4701): Converting to string: TypedValue{t=0x12/d=0x0 a=2 r=0x7f0e000e}
W/Resources( 4701): Converting to string: TypedValue{t=0x5/d=0x2001 a=2 r=0x7f0a0037}
W/Resources( 4701): Converting to string: TypedValue{t=0x5/d=0x1001 a=2 r=0x7f0a0035}
W/Resources( 4701): Converting to string: TypedValue{t=0x5/d=0x1001 a=2 r=0x7f0a0036}
W/Resources( 4701): Converting to string: TypedValue{t=0x12/d=0x0 a=2 r=0x7f0e000f}
W/Resources( 4701): Converting to string: TypedValue{t=0x12/d=0x0 a=2 r=0x7f0e0010}
W/Resources( 4701): Converting to string: TypedValue{t=0x12/d=0x0 a=2 r=0x7f0e000e}
W/Resources( 4701): Converting to string: TypedValue{t=0x5/d=0x2001 a=2 r=0x7f0a0037}
W/Resources( 4701): Converting to string: TypedValue{t=0x5/d=0x1001 a=2 r=0x7f0a0035}
W/Resources( 4701): Converting to string: TypedValue{t=0x5/d=0x1001 a=2 r=0x7f0a0036}
W/Resources( 4701): Converting to string: TypedValue{t=0x12/d=0x0 a=2 r=0x7f0e000f}
W/Resources( 4701): Converting to string: TypedValue{t=0x12/d=0x0 a=2 r=0x7f0e0010}
W/Resources( 4701): Converting to string: TypedValue{t=0x12/d=0x0 a=2 r=0x7f0e000e}
W/Resources( 4701): Converting to string: TypedValue{t=0x5/d=0x2001 a=2 r=0x7f0a0037}
W/Resources( 4701): Converting to string: TypedValue{t=0x5/d=0x1001 a=2 r=0x7f0a0035}
W/Resources( 4701): Converting to string: TypedValue{t=0x5/d=0x1001 a=2 r=0x7f0a0036}
W/Resources( 4701): Converting to string: TypedValue{t=0x12/d=0x0 a=2 r=0x7f0e000f}
W/Resources( 4701): Converting to string: TypedValue{t=0x12/d=0x0 a=2 r=0x7f0e0010}
W/Resources( 4701): Converting to string: TypedValue{t=0x12/d=0x0 a=2 r=0x7f0e000e}
W/Resources( 4701): Converting to string: TypedValue{t=0x5/d=0x2001 a=2 r=0x7f0a0037}
W/Resources( 4701): Converting to string: TypedValue{t=0x5/d=0x1001 a=2 r=0x7f0a0035}
W/Resources( 4701): Converting to string: TypedValue{t=0x5/d=0x1001 a=2 r=0x7f0a0036}
I/ConfigFetchService( 6165): fetch service done; releasing wakelock
W/Resources( 4701): Converting to string: TypedValue{t=0x12/d=0x0 a=2 r=0x7f0e000f}
I/ConfigFetchService( 6165): stopping self
W/Resources( 4701): Converting to string: TypedValue{t=0x12/d=0x0 a=2 r=0x7f0e0010}
W/Resources( 4701): Converting to string: TypedValue{t=0x12/d=0x0 a=2 r=0x7f0e000e}
W/Resources( 4701): Converting to string: TypedValue{t=0x5/d=0x2001 a=2 r=0x7f0a0037}
W/Resources( 4701): Converting to string: TypedValue{t=0x5/d=0x1001 a=2 r=0x7f0a0035}
W/Resources( 4701): Converting to string: TypedValue{t=0x5/d=0x1001 a=2 r=0x7f0a0036}
W/Resources( 4701): Converting to string: TypedValue{t=0x12/d=0x0 a=2 r=0x7f0e000f}
W/Resources( 4701): Converting to string: TypedValue{t=0x12/d=0x0 a=2 r=0x7f0e0010}
W/Resources( 4701): Converting to string: TypedValue{t=0x12/d=0x0 a=2 r=0x7f0e000e}
W/Resources( 4701): Converting to string: TypedValue{t=0x5/d=0x2001 a=2 r=0x7f0a0037}
W/Resources( 4701): Converting to string: TypedValue{t=0x5/d=0x1001 a=2 r=0x7f0a0035}
W/Resources( 4701): Converting to string: TypedValue{t=0x5/d=0x1001 a=2 r=0x7f0a0036}
W/Resources( 4701): Converting to string: TypedValue{t=0x12/d=0x0 a=2 r=0x7f0e000f}
W/Resources( 4701): Converting to string: TypedValue{t=0x12/d=0x0 a=2 r=0x7f0e0010}
W/Resources( 4701): Converting to string: TypedValue{t=0x12/d=0x0 a=2 r=0x7f0e000e}
W/Resources( 4701): Converting to string: TypedValue{t=0x5/d=0x2001 a=2 r=0x7f0a0037}
W/Resources( 4701): Converting to string: TypedValue{t=0x5/d=0x1001 a=2 r=0x7f0a0035}
W/Resources( 4701): Converting to string: TypedValue{t=0x5/d=0x1001 a=2 r=0x7f0a0036}
W/Resources( 4701): Converting to string: TypedValue{t=0x12/d=0x0 a=2 r=0x7f0e000f}
W/Resources( 4701): Converting to string: TypedValue{t=0x12/d=0x0 a=2 r=0x7f0e0010}
W/Resources( 4701): Converting to string: TypedValue{t=0x12/d=0x0 a=2 r=0x7f0e000e}
W/Resources( 4701): Converting to string: TypedValue{t=0x5/d=0x2001 a=2 r=0x7f0a0037}
W/Resources( 4701): Converting to string: TypedValue{t=0x5/d=0x1001 a=2 r=0x7f0a0035}
W/Resources( 4701): Converting to string: TypedValue{t=0x5/d=0x1001 a=2 r=0x7f0a0036}
W/Resources( 4701): Converting to string: TypedValue{t=0x12/d=0x0 a=2 r=0x7f0e000f}
W/Resources( 4701): Converting to string: TypedValue{t=0x12/d=0x0 a=2 r=0x7f0e0010}
W/Resources( 4701): Converting to string: TypedValue{t=0x12/d=0x0 a=2 r=0x7f0e000e}
W/Resources( 4701): Converting to string: TypedValue{t=0x5/d=0x2001 a=2 r=0x7f0a0037}
W/Resources( 4701): Converting to string: TypedValue{t=0x5/d=0x1001 a=2 r=0x7f0a0035}
W/Resources( 4701): Converting to string: TypedValue{t=0x5/d=0x1001 a=2 r=0x7f0a0036}
W/Resources( 4701): Converting to string: TypedValue{t=0x12/d=0x0 a=2 r=0x7f0e000f}
W/Resources( 4701): Converting to string: TypedValue{t=0x12/d=0x0 a=2 r=0x7f0e0010}
W/Resources( 4701): Converting to string: TypedValue{t=0x12/d=0x0 a=2 r=0x7f0e000e}
W/Resources( 4701): Converting to string: TypedValue{t=0x5/d=0x2001 a=2 r=0x7f0a0037}
W/Resources( 4701): Converting to string: TypedValue{t=0x5/d=0x1001 a=2 r=0x7f0a0035}
W/Resources( 4701): Converting to string: TypedValue{t=0x5/d=0x1001 a=2 r=0x7f0a0036}
W/Resources( 4701): Converting to string: TypedValue{t=0x12/d=0x0 a=2 r=0x7f0e000f}
W/Resources( 4701): Converting to string: TypedValue{t=0x12/d=0x0 a=2 r=0x7f0e0010}
W/Resources( 4701): Converting to string: TypedValue{t=0x12/d=0x0 a=2 r=0x7f0e000e}
W/Resources( 4701): Converting to string: TypedValue{t=0x5/d=0x2001 a=2 r=0x7f0a0037}
W/Resources( 4701): Converting to string: TypedValue{t=0x5/d=0x1001 a=2 r=0x7f0a0035}
W/Resources( 4701): Converting to string: TypedValue{t=0x5/d=0x1001 a=2 r=0x7f0a0036}
W/Resources( 4701): Converting to string: TypedValue{t=0x12/d=0x0 a=2 r=0x7f0e000f}
W/Resources( 4701): Converting to string: TypedValue{t=0x12/d=0x0 a=2 r=0x7f0e0010}
W/Resources( 4701): Converting to string: TypedValue{t=0x12/d=0x0 a=2 r=0x7f0e000e}
W/Resources( 4701): Converting to string: TypedValue{t=0x5/d=0x2001 a=2 r=0x7f0a0037}
W/Resources( 4701): Converting to string: TypedValue{t=0x5/d=0x1001 a=2 r=0x7f0a0035}
W/Resources( 4701): Converting to string: TypedValue{t=0x5/d=0x1001 a=2 r=0x7f0a0036}
W/Resources( 4701): Converting to string: TypedValue{t=0x12/d=0x0 a=2 r=0x7f0e000f}
W/Resources( 4701): Converting to string: TypedValue{t=0x12/d=0x0 a=2 r=0x7f0e0010}
W/Resources( 4701): Converting to string: TypedValue{t=0x12/d=0x0 a=2 r=0x7f0e000e}
W/Resources( 4701): Converting to string: TypedValue{t=0x5/d=0x2001 a=2 r=0x7f0a0037}
W/Resources( 4701): Converting to string: TypedValue{t=0x5/d=0x1001 a=2 r=0x7f0a0035}
W/Resources( 4701): Converting to string: TypedValue{t=0x5/d=0x1001 a=2 r=0x7f0a0036}
W/Resources( 4701): Converting to string: TypedValue{t=0x12/d=0x0 a=2 r=0x7f0e000f}
W/Resources( 4701): Converting to string: TypedValue{t=0x12/d=0x0 a=2 r=0x7f0e0010}
W/Resources( 4701): Converting to string: TypedValue{t=0x12/d=0x0 a=2 r=0x7f0e000e}
W/Resources( 4701): Converting to string: TypedValue{t=0x5/d=0x2001 a=2 r=0x7f0a0037}
W/Resources( 4701): Converting to string: TypedValue{t=0x5/d=0x1001 a=2 r=0x7f0a0035}
W/Resources( 4701): Converting to string: TypedValue{t=0x5/d=0x1001 a=2 r=0x7f0a0036}
W/Resources( 4701): Converting to string: TypedValue{t=0x12/d=0x0 a=2 r=0x7f0e000f}
W/Resources( 4701): Converting to string: TypedValue{t=0x12/d=0x0 a=2 r=0x7f0e0010}
W/Resources( 4701): Converting to string: TypedValue{t=0x12/d=0x0 a=2 r=0x7f0e000e}
W/Resources( 4701): Converting to string: TypedValue{t=0x5/d=0x2001 a=2 r=0x7f0a0037}
W/Resources( 4701): Converting to string: TypedValue{t=0x5/d=0x1001 a=2 r=0x7f0a0035}
W/Resources( 4701): Converting to string: TypedValue{t=0x5/d=0x1001 a=2 r=0x7f0a0036}
W/Resources( 4701): Converting to string: TypedValue{t=0x12/d=0x0 a=2 r=0x7f0e000f}
W/Resources( 4701): Converting to string: TypedValue{t=0x12/d=0x0 a=2 r=0x7f0e0010}
E/NetworkScheduler.SchedulerReceiver(14012): Invalid parameter app
E/NetworkScheduler.SchedulerReceiver(14012): Invalid package name : Perhaps you didn't include a PendingIntent in the extras?
D/PackageBroadcastService( 6165): Received broadcast action=android.intent.action.PACKAGE_REPLACED and uri=com.gannett.local.library.news.floridatoday.test
W/AccountNameManager(26566): Original name not found for mikepopegannett@gmail.com
I/PeopleContactsSync( 6165): CP2 sync disabled
D/AndroidRuntime(22233): >>>>>> START com.android.internal.os.RuntimeInit uid 2000 <<<<<<
D/AndroidRuntime(22233): CheckJNI is OFF
D/AndroidRuntime(22233): Calling main entry com.android.commands.am.Am
I/ActivityManager(  562): Force stopping com.gannett.local.library.news.floridatoday appid=10200 user=0: start instr
I/ActivityManager(  562): Start proc 22255:com.gannett.local.library.news.floridatoday/u0a200 for added application com.gannett.local.library.news.floridatoday
I/art     (22255): Late-enabling -Xcheck:jni
E/art     (22255): Failed sending reply to debugger: Broken pipe
I/art     (22255): Debugger is no longer active
W/ResourcesManager(22255): Asset path '/system/framework/android.test.runner.jar' does not exist or contains no resources.
I/MonitoringInstrumentation(22255): Instrumentation Started!
I/MonitoringInstrumentation(22255): Setting context classloader to 'dalvik.system.PathClassLoader[DexPathList[[zip file "/system/framework/android.test.runner.jar", zip file "/data/app/com.gannett.local.library.news.floridatoday.test-1/base.apk", zip file "/data/app/com.gannett.local.library.news.floridatoday-2/base.apk"],nativeLibraryDirectories=[/vendor/lib, /system/lib]]]', Original: 'dalvik.system.PathClassLoader[DexPathList[[zip file "/system/framework/android.test.runner.jar", zip file "/data/app/com.gannett.local.library.news.floridatoday.test-1/base.apk", zip file "/data/app/com.gannett.local.library.news.floridatoday-2/base.apk"],nativeLibraryDirectories=[/vendor/lib, /system/lib]]]'
D/Florida Today - UALib(22255): Airship log level: 3
D/Florida Today Channel ID(22255): 5689993e-0dde-4faf-b987-a04653e6e8ca
D/Florida Today - UALib(22255): RichPushManager startUpdateService
W/ActivityManager(  562): Unable to start service Intent { act=com.urbanairship.richpush.USER_UPDATE cmp=com.gannett.local.library.news.floridatoday/com.urbanairship.richpush.RichPushUpdateService (has extras) } U=0: not found
E/Florida Today - UALib(22255): AndroidManifest.xml missing required activity: com.urbanairship.CoreActivity
E/Florida Today - UALib(22255): AndroidManifest.xml missing required service: com.urbanairship.richpush.RichPushUpdateService
E/Florida Today - UALib(22255): AndroidManifest.xml missing required service: com.urbanairship.actions.ActionService
W/Florida Today - UALib(22255): AndroidManifest.xml missing ActionActivity.  Action.startActivityForResult will not work.
W/Florida Today - UALib(22255): AndroidManifest.xml missing activity with an intent filter for action com.urbanairship.actions.SHOW_LANDING_PAGE_INTENT_ACTION, category android.intent.category.DEFAULT, and data with scheme http.  Landing page action may not function properly.
E/Florida Today - UALib(22255): AndroidManifest.xml missing activity with an intent filter for action com.urbanairship.actions.SHOW_LANDING_PAGE_INTENT_ACTION, category android.intent.category.DEFAULT, and data with scheme https Landing page action may not function properly.
D/Florida Today - UALib(22255): RichPushManager startUpdateService
W/ActivityManager(  562): Unable to start service Intent { act=com.urbanairship.richpush.MESSAGES_UPDATE cmp=com.gannett.local.library.news.floridatoday/com.urbanairship.richpush.RichPushUpdateService (has extras) } U=0: not found
I/TestRequestBuilder(22255): Scanning classpath to find tests in apks [/data/app/com.gannett.local.library.news.floridatoday.test-1/base.apk]
D/KeepAlive(22255): cancel()
D/KeepAlive(22255): reset:86400000
D/TestExecutor(22255): Adding listener android.support.test.internal.runner.listener.LogRunListener
D/TestExecutor(22255): Adding listener android.support.test.internal.runner.listener.InstrumentationResultPrinter
D/TestExecutor(22255): Adding listener android.support.test.internal.runner.listener.ActivityFinisherRunListener
I/TestRunner(22255): run started: 10 tests
I/TestRunner(22255): started: testArticleSwipe(com.gannett.android.news.features.ArticleTest)
I/MonitoringInstrumentation(22255): Activities that are still in CREATED to PAUSED: 0
D/MonitoringInstrumentation(22255): execStartActivity(context, ibinder, ibinder, activity, intent, int, bundle
I/ActivityManager(  562): START u0 {flg=0x14000000 cmp=com.gannett.local.library.news.floridatoday/com.gannett.android.news.ui.activity.ActivityNews (has extras)} from uid 10200 on display 0
W/ResourcesManager(  562): Asset path '/system/framework/android.test.runner.jar' does not exist or contains no resources.
V/WindowManager(  562): addAppToken: AppWindowToken{19f41c1b token=Token{3916862a ActivityRecord{2fdd2315 u0 com.gannett.local.library.news.floridatoday/com.gannett.android.news.ui.activity.ActivityNews t12415}}} to stack=1 task=12415 at 0
W/Resources(  562): Converting to string: TypedValue{t=0x12/d=0x0 a=1 r=0x1020378}
W/Resources(  562): Converting to string: TypedValue{t=0x12/d=0x0 a=1 r=0x1020379}
W/Resources(  562): Converting to string: TypedValue{t=0x1f/d=0xff222222 a=2 r=0x7f090006}
W/Resources(  562): Converting to string: TypedValue{t=0x12/d=0x0 a=1 r=0x102037a}
W/Resources(  562): Converting to string: TypedValue{t=0x1f/d=0xff222222 a=2 r=0x7f090006}
W/Resources(  562): Converting to string: TypedValue{t=0x12/d=0x0 a=1 r=0x10202b6}
W/Resources(  562): Converting to string: TypedValue{t=0x12/d=0x0 a=1 r=0x10202b7}
W/Resources(  562): Converting to string: TypedValue{t=0x12/d=0x0 a=1 r=0x102037b}
W/Resources(  562): Converting to string: TypedValue{t=0x12/d=0x0 a=1 r=0x102037c}
W/Resources(  562): Converting to string: TypedValue{t=0x1f/d=0xff222222 a=2 r=0x7f090006}
V/WindowManager(  562): Adding window Window{180c35ef u0 Starting com.gannett.local.library.news.floridatoday} at 7 of 13 (after Window{3126ed48 u0 com.android.settings/com.android.settings.SubSettings})
W/Resources(  562): Converting to string: TypedValue{t=0x5/d=0x4001 a=1 r=0x1050051}
W/Resources(  562): Converting to string: TypedValue{t=0x5/d=0x3801 a=1 r=0x105003a}
W/ActivityManager(  562): Unable to start service Intent { act=com.urbanairship.location.ACTION_STOP_UPDATES cmp=com.gannett.local.library.news.floridatoday/com.urbanairship.location.LocationService } U=0: not found
D/LifecycleMonitor(22255): Lifecycle status change: com.gannett.android.news.ui.activity.ActivityNews@2189028c in: PRE_ON_CREATE
D/BaseActivity(22255): onCreate()
D/DEVICE INFO(22255): screenSize: large, dpiBucket: xhdpi
W/Resources(22255): Converting to string: TypedValue{t=0x12/d=0x0 a=1 r=0x1020378}
W/Resources(22255): Converting to string: TypedValue{t=0x12/d=0x0 a=1 r=0x1020379}
W/Resources(22255): Converting to string: TypedValue{t=0x1f/d=0xff222222 a=2 r=0x7f090006}
W/Resources(22255): Converting to string: TypedValue{t=0x12/d=0x0 a=1 r=0x102037a}
W/Resources(22255): Converting to string: TypedValue{t=0x1f/d=0xff222222 a=2 r=0x7f090006}
W/Resources(22255): Converting to string: TypedValue{t=0x12/d=0x0 a=1 r=0x10202b6}
W/Resources(22255): Converting to string: TypedValue{t=0x12/d=0x0 a=1 r=0x10202b7}
W/Resources(22255): Converting to string: TypedValue{t=0x12/d=0x0 a=1 r=0x102037b}
W/Resources(22255): Converting to string: TypedValue{t=0x12/d=0x0 a=1 r=0x102037c}
W/Resources(22255): Converting to string: TypedValue{t=0x1f/d=0xff222222 a=2 r=0x7f090006}
D/ApplicationConfiguration(22255): appConfig is null, reloading
W/Resources(22255): Converting to string: TypedValue{t=0x12/d=0x0 a=2 r=0x7f0b01cc}
W/Resources(22255): Converting to string: TypedValue{t=0x12/d=0x0 a=2 r=0x7f0b01cd}
W/Resources(22255): Converting to string: TypedValue{t=0x12/d=0x0 a=2 r=0x7f0b01ce}
W/Resources(22255): Converting to string: TypedValue{t=0x1d/d=0xffffffff a=2 r=0x7f0900f6}
W/Resources(22255): Converting to string: TypedValue{t=0x12/d=0x0 a=2 r=0x7f0b0078}
W/Resources(22255): Converting to string: TypedValue{t=0x1c/d=0xff000000 a=1 r=0x106000c}
W/Resources(22255): Converting to string: TypedValue{t=0x12/d=0x0 a=2 r=0x7f0b009e}
W/Resources(22255): Converting to string: TypedValue{t=0x1c/d=0x0 a=1 r=0x106000d}
W/Resources(22255): Converting to string: TypedValue{t=0x12/d=0x0 a=2 r=0x7f0b0079}
W/Resources(22255): Converting to string: TypedValue{t=0x12/d=0x0 a=2 r=0x7f0b00e6}
W/Resources(22255): Converting to string: TypedValue{t=0x12/d=0x0 a=2 r=0x7f0b00e7}
W/Resources(22255): Converting to string: TypedValue{t=0x5/d=0xd01 a=2 r=0x7f0a0085}
W/Resources(22255): Converting to string: TypedValue{t=0x5/d=0xd01 a=2 r=0x7f0a0085}
W/Resources(22255): Converting to string: TypedValue{t=0x12/d=0x0 a=2 r=0x7f0b00e8}
W/Resources(22255): Converting to string: TypedValue{t=0x5/d=0x501 a=2 r=0x7f0a0043}
W/Resources(22255): Converting to string: TypedValue{t=0x12/d=0x0 a=2 r=0x7f0b009f}
W/Resources(22255): Converting to string: TypedValue{t=0x12/d=0x0 a=2 r=0x7f0b00a0}
W/Resources(22255): Converting to string: TypedValue{t=0x12/d=0x0 a=2 r=0x7f0b00a1}
D/LifecycleMonitor(22255): Lifecycle status change: com.gannett.android.news.ui.activity.ActivityNews@2189028c in: CREATED
W/Resources(22255): Converting to string: TypedValue{t=0x12/d=0x0 a=2 r=0x7f0b0138}
W/Resources(22255): Converting to string: TypedValue{t=0x12/d=0x0 a=2 r=0x7f0b018e}
I/WebViewFactory(22255): Loading com.google.android.webview version 42.0.2311.138 (code 2311138)
I/LibraryLoader(22255): Time to load native libraries: 1 ms (timestamps 5680-5681)
I/LibraryLoader(22255): Expected native library version number "",actual native library version number ""
W/Resources(22255): Converting to string: TypedValue{t=0x12/d=0x0 a=2 r=0x7f0b018f}
V/WebViewChromiumFactoryProvider(22255): Binding Chromium to main looper Looper (main, tid 1) {2a35f005}
I/LibraryLoader(22255): Expected native library version number "",actual native library version number ""
I/chromium(22255): [INFO:library_loader_hooks.cc(112)] Chromium logging enabled: level = 0, default verbosity = 0
I/BrowserStartupController(22255): Initializing chromium process, singleProcess=true
W/art     (22255): Attempt to remove local handle scope entry from IRT, ignoring
E/SysUtils(22255): ApplicationContext is null in ApplicationStatus
W/AudioManagerAndroid(22255): Requires BLUETOOTH permission
W/chromium(22255): [WARNING:resource_bundle.cc(286)] locale_file_path.empty()
I/chromium(22255): [INFO:aw_browser_main_parts.cc(63)] Load from apk succesful, fd=38 off=50376 len=3345
I/chromium(22255): [INFO:aw_browser_main_parts.cc(76)] Loading webviewchromium.pak from, fd:39 off:7953032 len:1161174
I/Adreno-EGL(22255): <qeglDrvAPI_eglInitialize:379>: QUALCOMM Build: 01/15/15, ab0075f, Id3510ff6dc
W/chromium(22255): [WARNING:data_reduction_proxy_config.cc(150)] SPDY proxy OFF at startup
W/art     (22255): Attempt to remove local handle scope entry from IRT, ignoring
W/AwContents(22255): onDetachedFromWindow called when already detached. Ignoring
W/Resources(22255): Converting to string: TypedValue{t=0x12/d=0x0 a=2 r=0x7f0b0190}
W/Resources(22255): Converting to string: TypedValue{t=0x12/d=0x0 a=2 r=0x7f0b0191}
W/Resources(22255): Converting to string: TypedValue{t=0x12/d=0x0 a=2 r=0x7f0b0192}
D/BaseActivity(22255): onStart()
D/returnToActivityHeadlinesTest(22255): tryReturnToActivityHeadlines(): this.autoNavToHome == true
D/returnToActivityHeadlinesTest(22255): tryReturnToActivityHeadlines(): AutoNavUserHomeTracker.isAutoNavUserHomeConfigurationSet() == false
D/UrlProducer(22255): Articles URL requested: http://api.gannett-cdn.com/mobilefeeds/fronts/v1/home_tablet/?siteId=123&hls=false&api_key=euc4uvhentf8r3dgt69483ad
D/LifecycleMonitor(22255): Lifecycle status change: com.gannett.android.news.ui.activity.ActivityNews@2189028c in: STARTED
D/BaseActivity(22255): onResume()
D/LifecycleMonitor(22255): Lifecycle status change: com.gannett.android.news.ui.activity.ActivityNews@2189028c in: RESUMED
D/OpenGLRenderer(22255): Use EGL_SWAP_BEHAVIOR_PRESERVED: true
D/Atlas   (22255): Validating map...
V/WindowManager(  562): Adding window Window{2ce35630 u0 com.gannett.local.library.news.floridatoday/com.gannett.android.news.ui.activity.ActivityNews} at 7 of 14 (before Window{180c35ef u0 Starting com.gannett.local.library.news.floridatoday})
I/Florida Today - UALib(22255): App state changed
W/ActivityManager(  562): Unable to start service Intent { act=com.urbanairship.location.ACTION_STOP_UPDATES cmp=com.gannett.local.library.news.floridatoday/com.urbanairship.location.LocationService } U=0: not found
I/Florida Today - UALib(22255): App state changed
W/ActivityManager(  562): Unable to start service Intent { act=com.urbanairship.location.ACTION_STOP_UPDATES cmp=com.gannett.local.library.news.floridatoday/com.urbanairship.location.LocationService } U=0: not found
D/Florida Today - UALib(22255): Added app_foreground: {"type":"app_foreground","event_id":"c0931e8a-880e-424b-b26f-5bfcea63045f","time":"1432049857.136","data":{"connection_type":"wifi","carrier":"","time_zone":-14400,"daylight_savings":true,"notification_types":["sound","vibrate"],"os_version":"5.1.1","lib_version":"5.1.0","package_version":"2.7.2.1","push_enabled":true,"session_id":"788c8e18-094a-4bd9-b2ab-3fb178ea66f1"}}
I/OpenGLRenderer(22255): Initialized EGL, version 1.4
D/OpenGLRenderer(22255): Enabling debug mode 0
W/Resources(22255): Converting to string: TypedValue{t=0x5/d=0x1401 a=2 r=0x7f0a0096}
W/Resources(22255): Converting to string: TypedValue{t=0x5/d=0x1001 a=2 r=0x7f0a0097}
W/Resources(22255): Converting to string: TypedValue{t=0x5/d=0x1401 a=2 r=0x7f0a0096}
W/Resources(22255): Converting to string: TypedValue{t=0x5/d=0xf01 a=2 r=0x7f0a0095}
W/Resources(22255): Converting to string: TypedValue{t=0x12/d=0x0 a=2 r=0x7f0b01c9}
W/Resources(22255): Converting to string: TypedValue{t=0x12/d=0x0 a=2 r=0x7f0b01ca}
W/Resources(22255): Converting to string: TypedValue{t=0x12/d=0x0 a=2 r=0x7f0b01cb}
W/Resources(22255): Converting to string: TypedValue{t=0x5/d=0x1401 a=2 r=0x7f0a0096}
W/Resources(22255): Converting to string: TypedValue{t=0x5/d=0x1001 a=2 r=0x7f0a0097}
W/Resources(22255): Converting to string: TypedValue{t=0x5/d=0x1401 a=2 r=0x7f0a0096}
W/Resources(22255): Converting to string: TypedValue{t=0x5/d=0xf01 a=2 r=0x7f0a0095}
W/Resources(22255): Converting to string: TypedValue{t=0x12/d=0x0 a=2 r=0x7f0b01c9}
W/Resources(22255): Converting to string: TypedValue{t=0x12/d=0x0 a=2 r=0x7f0b01ca}
W/Resources(22255): Converting to string: TypedValue{t=0x12/d=0x0 a=2 r=0x7f0b01cb}
W/Resources(22255): Converting to string: TypedValue{t=0x5/d=0x1401 a=2 r=0x7f0a0096}
W/Resources(22255): Converting to string: TypedValue{t=0x5/d=0x1001 a=2 r=0x7f0a0097}
W/Resources(22255): Converting to string: TypedValue{t=0x5/d=0x1401 a=2 r=0x7f0a0096}
W/Resources(22255): Converting to string: TypedValue{t=0x5/d=0xf01 a=2 r=0x7f0a0095}
W/Resources(22255): Converting to string: TypedValue{t=0x12/d=0x0 a=2 r=0x7f0b01c9}
W/Resources(22255): Converting to string: TypedValue{t=0x12/d=0x0 a=2 r=0x7f0b01ca}
W/Resources(22255): Converting to string: TypedValue{t=0x12/d=0x0 a=2 r=0x7f0b01cb}
W/Resources(22255): Converting to string: TypedValue{t=0x5/d=0x1401 a=2 r=0x7f0a0096}
W/Resources(22255): Converting to string: TypedValue{t=0x5/d=0x1001 a=2 r=0x7f0a0097}
W/Resources(22255): Converting to string: TypedValue{t=0x5/d=0x1401 a=2 r=0x7f0a0096}
W/Resources(22255): Converting to string: TypedValue{t=0x5/d=0xf01 a=2 r=0x7f0a0095}
W/Resources(22255): Converting to string: TypedValue{t=0x12/d=0x0 a=2 r=0x7f0b01c9}
W/Resources(22255): Converting to string: TypedValue{t=0x12/d=0x0 a=2 r=0x7f0b01ca}
W/Resources(22255): Converting to string: TypedValue{t=0x12/d=0x0 a=2 r=0x7f0b01cb}
W/Resources(22255): Converting to string: TypedValue{t=0x5/d=0x1401 a=2 r=0x7f0a0096}
W/Resources(22255): Converting to string: TypedValue{t=0x5/d=0x1001 a=2 r=0x7f0a0097}
W/Resources(22255): Converting to string: TypedValue{t=0x5/d=0x1401 a=2 r=0x7f0a0096}
W/Resources(22255): Converting to string: TypedValue{t=0x5/d=0xf01 a=2 r=0x7f0a0095}
W/Resources(22255): Converting to string: TypedValue{t=0x12/d=0x0 a=2 r=0x7f0b01c9}
W/Resources(22255): Converting to string: TypedValue{t=0x12/d=0x0 a=2 r=0x7f0b01ca}
W/Resources(22255): Converting to string: TypedValue{t=0x12/d=0x0 a=2 r=0x7f0b01cb}
W/Resources(22255): Converting to string: TypedValue{t=0x5/d=0x1401 a=2 r=0x7f0a0096}
W/Resources(22255): Converting to string: TypedValue{t=0x5/d=0x1001 a=2 r=0x7f0a0097}
W/Resources(22255): Converting to string: TypedValue{t=0x5/d=0x1401 a=2 r=0x7f0a0096}
W/Resources(22255): Converting to string: TypedValue{t=0x5/d=0xf01 a=2 r=0x7f0a0095}
W/Resources(22255): Converting to string: TypedValue{t=0x12/d=0x0 a=2 r=0x7f0b01c9}
W/Resources(22255): Converting to string: TypedValue{t=0x12/d=0x0 a=2 r=0x7f0b01ca}
W/Resources(22255): Converting to string: TypedValue{t=0x12/d=0x0 a=2 r=0x7f0b01cb}
W/Resources(22255): Converting to string: TypedValue{t=0x5/d=0x1401 a=2 r=0x7f0a0096}
W/Resources(22255): Converting to string: TypedValue{t=0x5/d=0x1001 a=2 r=0x7f0a0097}
W/Resources(22255): Converting to string: TypedValue{t=0x5/d=0x1401 a=2 r=0x7f0a0096}
W/Resources(22255): Converting to string: TypedValue{t=0x5/d=0xf01 a=2 r=0x7f0a0095}
W/Resources(22255): Converting to string: TypedValue{t=0x12/d=0x0 a=2 r=0x7f0b01c9}
W/Resources(22255): Converting to string: TypedValue{t=0x12/d=0x0 a=2 r=0x7f0b01ca}
W/Resources(22255): Converting to string: TypedValue{t=0x12/d=0x0 a=2 r=0x7f0b01cb}
W/Resources(22255): Converting to string: TypedValue{t=0x5/d=0x1401 a=2 r=0x7f0a0096}
W/Resources(22255): Converting to string: TypedValue{t=0x5/d=0x1001 a=2 r=0x7f0a0097}
W/Resources(22255): Converting to string: TypedValue{t=0x5/d=0x1401 a=2 r=0x7f0a0096}
W/Resources(22255): Converting to string: TypedValue{t=0x5/d=0xf01 a=2 r=0x7f0a0095}
W/Resources(22255): Converting to string: TypedValue{t=0x12/d=0x0 a=2 r=0x7f0b01c9}
W/Resources(22255): Converting to string: TypedValue{t=0x12/d=0x0 a=2 r=0x7f0b01ca}
W/Resources(22255): Converting to string: TypedValue{t=0x12/d=0x0 a=2 r=0x7f0b01cb}
W/Resources(22255): Converting to string: TypedValue{t=0x5/d=0x1401 a=2 r=0x7f0a0096}
W/Resources(22255): Converting to string: TypedValue{t=0x5/d=0x1001 a=2 r=0x7f0a0097}
W/Resources(22255): Converting to string: TypedValue{t=0x5/d=0x1401 a=2 r=0x7f0a0096}
W/Resources(22255): Converting to string: TypedValue{t=0x5/d=0xf01 a=2 r=0x7f0a0095}
W/Resources(22255): Converting to string: TypedValue{t=0x12/d=0x0 a=2 r=0x7f0b01c9}
W/Resources(22255): Converting to string: TypedValue{t=0x12/d=0x0 a=2 r=0x7f0b01ca}
W/Resources(22255): Converting to string: TypedValue{t=0x12/d=0x0 a=2 r=0x7f0b01cb}
W/Resources(22255): Converting to string: TypedValue{t=0x5/d=0x1401 a=2 r=0x7f0a0096}
W/Resources(22255): Converting to string: TypedValue{t=0x5/d=0x1001 a=2 r=0x7f0a0097}
W/Resources(22255): Converting to string: TypedValue{t=0x5/d=0x1401 a=2 r=0x7f0a0096}
W/Resources(22255): Converting to string: TypedValue{t=0x5/d=0xf01 a=2 r=0x7f0a0095}
W/Resources(22255): Converting to string: TypedValue{t=0x12/d=0x0 a=2 r=0x7f0b01c9}
W/Resources(22255): Converting to string: TypedValue{t=0x12/d=0x0 a=2 r=0x7f0b01ca}
W/Resources(22255): Converting to string: TypedValue{t=0x12/d=0x0 a=2 r=0x7f0b01cb}
W/Resources(22255): Converting to string: TypedValue{t=0x5/d=0x1401 a=2 r=0x7f0a0096}
W/Resources(22255): Converting to string: TypedValue{t=0x5/d=0x1001 a=2 r=0x7f0a0097}
W/Resources(22255): Converting to string: TypedValue{t=0x5/d=0x1401 a=2 r=0x7f0a0096}
W/Resources(22255): Converting to string: TypedValue{t=0x5/d=0xf01 a=2 r=0x7f0a0095}
W/Resources(22255): Converting to string: TypedValue{t=0x12/d=0x0 a=2 r=0x7f0b01c9}
W/Resources(22255): Converting to string: TypedValue{t=0x12/d=0x0 a=2 r=0x7f0b01ca}
W/Resources(22255): Converting to string: TypedValue{t=0x12/d=0x0 a=2 r=0x7f0b01cb}
I/Florida Today - UALib(22255): Skipping refreshing messages, already refreshing.
I/Florida Today - UALib(22255): App state changed
W/ActivityManager(  562): Unable to start service Intent { act=com.urbanairship.location.ACTION_STOP_UPDATES cmp=com.gannett.local.library.news.floridatoday/com.urbanairship.location.LocationService } U=0: not found
D/LocationUtility(22255): Connected
W/Resources(22255): Converting to string: TypedValue{t=0x5/d=0x4001 a=1 r=0x1050051}
W/Resources(22255): Converting to string: TypedValue{t=0x5/d=0x3801 a=1 r=0x105003a}
W/Resources(22255): Converting to string: TypedValue{t=0x5/d=0x4001 a=1 r=0x1050051}
W/Resources(22255): Converting to string: TypedValue{t=0x5/d=0x3801 a=1 r=0x105003a}
W/Resources(22255): Converting to string: TypedValue{t=0x5/d=0x4001 a=1 r=0x1050051}
W/Resources(22255): Converting to string: TypedValue{t=0x5/d=0x3801 a=1 r=0x105003a}
D/Florida Today - UALib(22255): Sending analytic events. Request:  com.urbanairship.http.Request@34c11dd1 Events: [{"type":"app_foreground","event_id":"c0931e8a-880e-424b-b26f-5bfcea63045f","time":"1432049857.136","data":{"connection_type":"wifi","carrier":"","time_zone":-14400,"daylight_savings":true,"notification_types":["sound","vibrate"],"os_version":"5.1.1","lib_version":"5.1.0","package_version":"2.7.2.1","push_enabled":true,"session_id":"788c8e18-094a-4bd9-b2ab-3fb178ea66f1"}}]
I/ActivityManager(  562): Displayed com.gannett.local.library.news.floridatoday/com.gannett.android.news.ui.activity.ActivityNews: +1s55ms
D/InputManagerEventInjectionStrategy(22255): Creating injection strategy with input manager.
I/Florida Today - UALib(22255): Warp 9 response: 200
V/MinimogrifierUtils(22255): resized image URL: http://www.gannett-cdn.com/-mm-/b4a045901b32c9db6b723ebb3d125ef707ec9170/c=280-0-1990-1710&r=100x100&q=80/local/-/media/2015/05/19/Brevard/B9317404990Z.1_20150519110837_000_GQHAR6GL8.1-0.jpg
V/MinimogrifierUtils(22255): resized image URL: http://www.gannett-cdn.com/-mm-/0ee00824a1c81b99043f751320fa53d83e194f1d/c=648-0-3240-2592&r=100x100&q=80/local/-/media/2015/05/18/Brevard/B9317397221Z.1_20150518170838_000_GDRAQVJC3.1-0.jpg
V/MinimogrifierUtils(22255): resized image URL: http://www.gannett-cdn.com/-mm-/ec7a541cde47d8a7a0b856593bd9a0e0c4126531/c=672-0-2208-1536&r=100x100&q=80/local/-/media/2015/05/19/Brevard/B9317404807Z.1_20150519094335_000_GMSAR5NFB.1-0.jpg
V/MinimogrifierUtils(22255): resized image URL: http://www.gannett-cdn.com/-mm-/c027407ec9e0d14af4d7309328c1aa650b615776/c=624-0-2661-2037&r=100x100&q=80/local/-/media/2015/05/15/Brevard/B9317361315Z.1_20150515114203_000_GCFAPU6P1.1-0.jpg
V/MinimogrifierUtils(22255): resized image URL: http://www.gannett-cdn.com/-mm-/ee945b78fc332f9c89b1f5d0570dad8861d2062f/c=394-0-2286-1892&r=100x100&q=80/local/-/media/2015/05/15/Brevard/B9317361315Z.1_20150515114203_000_G17APU3GE.1-0.jpg
V/MinimogrifierUtils(22255): resized image URL: http://www.gannett-cdn.com/-mm-/139cfa7fc953972c65f02a5d9ca22ede8e085eb0/c=764-0-2354-1590&r=100x100&q=80/local/-/media/2015/05/17/Brevard/B9317360976Z.1_20150517104639_000_GPHAQ6BMG.1-0.jpg
V/MinimogrifierUtils(22255): resized image URL: http://www.gannett-cdn.com/-mm-/fecf9b96184a2e9c9bcd4b0fa6eefd9a417a6620/c=450-0-2250-1800&r=100x100&q=80/local/-/media/2015/05/18/Brevard/B9317392040Z.1_20150518171847_000_GFOAQTLDV.1-0.jpg
V/MinimogrifierUtils(22255): resized image URL: http://www.gannett-cdn.com/-mm-/b4e33d9313da4b68e1c1d19e5b180cad69a1e245/c=201-0-1096-895&r=100x100&q=80/local/-/media/2015/05/05/Brevard/B9317233088Z.1_20150505150304_000_GEPAMSMI4.1-0.png
V/MinimogrifierUtils(22255): resized image URL: http://www.gannett-cdn.com/-mm-/b3ccc7248bc8b0922e96aea7d69b6e32c2bdd4b1/c=336-0-2499-2163&r=100x100&q=80/local/-/media/2015/05/19/Brevard/Brevard/635676140064465914-9460954562-b20753bac0-o.jpg
V/MinimogrifierUtils(22255): resized image URL: http://www.gannett-cdn.com/-mm-/13abaa8b6bf8d830d8e184c821f4862c7f820dc0/c=160-0-1120-960&r=100x100&q=80/local/-/media/2015/05/18/Brevard/B9317390366Z.1_20150518172226_000_G39AQUP41.1-0.jpg
V/MinimogrifierUtils(22255): resized image URL: http://www.gannett-cdn.com/-mm-/4fb255b7bbc999c2e790a031d1b820af9f97a409/c=37-0-755-718&r=100x100&q=80/local/-/media/2015/05/18/Brevard/B9317390912Z.1_20150518123224_000_GFLAQSS64.1-0.jpg
V/MinimogrifierUtils(22255): resized image URL: http://www.gannett-cdn.com/-mm-/1c213164cf7e3b0e999f9d335a96474c10763500/c=1131-0-2998-1867&r=100x100&q=80/local/-/media/2015/05/18/Brevard/Brevard/635675438849418751-strandedwhale.JPG
V/MinimogrifierUtils(22255): resized image URL: http://www.gannett-cdn.com/-mm-/00effc781498e707e9493b6818855fe1f5f7417d/c=181-0-1597-1416&r=100x100&q=80/local/-/media/2015/05/17/Brevard/Brevard/635674907299497389-x37b-otv3-141017-F-XX999-503.JPG
V/MinimogrifierUtils(22255): resized image URL: http://www.gannett-cdn.com/-mm-/425418424398dcd8d55b09a32723cdfffd3504a9/c=408-0-2856-2448&r=100x100&q=80/local/-/media/2015/05/15/Brevard/B9317350215Z.1_20150515152245_000_GC2APMVAD.1-0.jpg
V/MinimogrifierUtils(22255): resized image URL: http://www.gannett-cdn.com/-mm-/e97de961072ab45c76352d4795e32df099df902e/c=278-0-2363-2085&r=100x100&q=80/local/-/media/2015/05/18/Brevard/Brevard/635675291670223487-Francis.jpg
V/MinimogrifierUtils(22255): resized image URL: http://www.gannett-cdn.com/-mm-/4c8e2ab73826d914d190d882e9c73f75d7d35b6c/c=0-647-2445-3092&r=100x100&q=80/local/-/media/2015/05/18/Brevard/Brevard/635675302921520447-Beach.jpg
V/MinimogrifierUtils(22255): resized image URL: http://www.gannett-cdn.com/-mm-/e53395333fb1d1ff0b13bc06f29dbe8bdaee4635/c=0-408-2448-2856&r=100x100&q=80/local/-/media/2015/05/18/Brevard/Brevard/635675300042392807-Launch1.jpg
V/MinimogrifierUtils(22255): resized image URL: http://www.gannett-cdn.com/-mm-/8205533dbc999407c0e22070fa76c41e9c68cf37/c=12-0-607-595&r=100x100&q=80/local/-/media/2015/05/18/Brevard/B9317295122Z.1_20150518110014_000_GTHAQS642.1-0.jpg
V/MinimogrifierUtils(22255): resized image URL: http://www.gannett-cdn.com/-mm-/34f9a9cb95800ab14df956f0934928285f6661a4/c=0-18-472-490&r=100x100&q=80/local/-/media/2015/05/18/Brevard/B9317295122Z.1_20150518110014_000_GTHAQS63L.1-0.jpg
V/MinimogrifierUtils(22255): resized image URL: http://www.gannett-cdn.com/-mm-/1df5660ee251524ff1497d79aa1f0af86b9a09e0/c=720-0-3568-2848&r=100x100&q=80/local/-/media/2015/05/18/Brevard/B9317398017Z.1_20150518193828_000_GFHAR0TQ4.1-0.jpg
V/MinimogrifierUtils(22255): resized image URL: http://www.gannett-cdn.com/-mm-/529f7f16894647b7739c003a4dbf77756be6cf0b/c=132-0-898-766&r=100x100&q=80/local/-/media/2015/05/18/Brevard/B9317398017Z.1_20150518193828_000_G9EAQVN0C.1-0.jpg
V/MinimogrifierUtils(22255): resized image URL: http://www.gannett-cdn.com/-mm-/965d4753e195ef2833eb332b5884b8b973a5e56a/c=80-0-560-480&r=100x100&q=80/local/-/media/2015/05/18/Brevard/Brevard/635675312798698943-Sarnohousefire.jpg
V/MinimogrifierUtils(22255): resized image URL: http://www.gannett-cdn.com/-mm-/965d4753e195ef2833eb332b5884b8b973a5e56a/c=80-0-560-480&r=100x100&q=80/local/-/media/2015/05/18/Brevard/B9317385865Z.1_20150518083240_000_GHCAQLCFN.1-0.jpg
V/MinimogrifierUtils(22255): resized image URL: http://www.gannett-cdn.com/-mm-/965d4753e195ef2833eb332b5884b8b973a5e56a/c=80-0-560-480&r=100x100&q=80/local/-/media/2015/05/18/Brevard/B9317385865Z.1_20150518083240_000_GHCAQLCJI.1-0.jpg
V/MinimogrifierUtils(22255): resized image URL: http://www.gannett-cdn.com/-mm-/1cfcf20470ba585ca49a84c760bdfb8ce52b6c50/c=6-0-486-480&r=100x100&q=80/local/-/media/2015/05/18/Brevard/Brevard/635675313629597551-housefire.jpg
V/MinimogrifierUtils(22255): resized image URL: http://www.gannett-cdn.com/-mm-/debb8d404f884b3169ed9163ca24e3ce570b1ee7/c=456-0-2007-1551&r=100x100&q=80/local/-/media/2015/05/14/Brevard/B9317346103Z.1_20150514153834_000_GCFAPMEH7.1-0.jpg
V/MinimogrifierUtils(22255): resized image URL: http://www.gannett-cdn.com/-mm-/4a78127763f9227119badec278e6c2e8a9330b51/c=221-0-681-460&r=100x100&q=80/local/-/media/2015/05/14/Brevard/B9317346103Z.1_20150514153834_000_GIEAPIUP5.1-0.png
V/MinimogrifierUtils(22255): resized image URL: http://www.gannett-cdn.com/-mm-/491219076457cd351595bdc9d529735b5ab725ec/c=290-0-1331-1041&r=100x100&q=80/local/-/media/2015/05/18/Brevard/Brevard/635675496959746615-SAFE-BOATING.jpg
V/MinimogrifierUtils(22255): resized image URL: http://www.gannett-cdn.com/-mm-/3ed803799b459a22337b70cf20f2ca2e4eab498d/c=531-0-3379-2848&r=100x100&q=80/local/-/media/2015/05/18/Brevard/B9317380706Z.1_20150518162354_000_G65AQST1L.1-0.jpg
V/MinimogrifierUtils(22255): resized image URL: http://www.gannett-cdn.com/-mm-/ef6796f7bfbfe4172bc956673d530daab75af3cb/c=0-0-1902-1902&r=100x100&q=80/local/-/media/2015/05/18/Brevard/B9317391501Z.1_20150518164504_000_GOKAQVAJS.1-0.jpg
V/MinimogrifierUtils(22255): resized image URL: http://www.gannett-cdn.com/-mm-/37b1848dcfef89e7275f9a2b3efa2a8fe8f22a20/c=144-0-322-178&r=100x100&q=80/local/-/media/2015/05/18/Brevard/B9317403431Z.1_20150518224719_000_GKVAR2C4A.1-0.jpg
V/MinimogrifierUtils(22255): resized image URL: http://www.gannett-cdn.com/-mm-/d36452bb34fd923805b1d48d50628504da38bdde/c=627-118-2554-2045&r=100x100&q=80/local/-/media/2015/05/18/Brevard/B9316974360Z.1_20150518124816_000_G2BALRVG8.1-0.jpg
V/MinimogrifierUtils(22255): resized image URL: http://www.gannett-cdn.com/-mm-/28f055e449d6c513ba723c80557d6e0732825eac/c=780-0-4026-3246&r=100x100&q=80/local/-/media/2015/05/18/Brevard/B9317397043Z.1_20150518162625_000_GUTAQT5HG.2-0.jpg
V/MinimogrifierUtils(22255): resized image URL: http://www.gannett-cdn.com/-mm-/0880fab579c7ed0c479fed8a5f0b838a527f6e52/c=0-60-480-540&r=100x100&q=80/local/-/media/2015/05/17/Brevard/B9317381368Z.1_20150517153130_000_GCRAQEC4I.1-0.jpg
V/MinimogrifierUtils(22255): resized image URL: http://www.gannett-cdn.com/-mm-/6d8b257b31e54ea038b3cb5a1871948a1edc0e96/c=66-0-467-401&r=100x100&q=80/local/-/media/2015/05/19/Brevard/B9317406000Z.1_20150519112315_001_GQAAR6LRC.1-0.jpg
V/MinimogrifierUtils(22255): resized image URL: http://www.gannett-cdn.com/-mm-/d7369cf27881752448418e5fa56fd2955b4548e1/c=368-0-2233-1865&r=100x100&q=80/local/-/media/2015/05/19/Brevard/B9317002293Z.1_20150519111403_000_GHBALRTE7.1-0.jpg
V/MinimogrifierUtils(22255): resized image URL: http://www.gannett-cdn.com/-mm-/be82091d797664be524a19cd66a58836fa1736c5/c=83-0-436-353&r=100x100&q=80/local/-/media/2015/05/19/Brevard/Brevard/635676256114672196-Screen-Shot-2015-05-19-at-9.44.45-AM.png
V/MinimogrifierUtils(22255): resized image URL: http://www.gannett-cdn.com/-mm-/1ca9ee5a9a28d9268253f122825f780175fd3059/c=256-0-1792-1536&r=100x100&q=80/local/-/media/2015/05/19/Brevard/B9317391126Z.1_20150519104951_000_GI6AQSRKP.1-0.jpg
V/MinimogrifierUtils(22255): resized image URL: http://www.gannett-cdn.com/-mm-/5728815dca493092f2221585aa021dadaab776ec/c=0-0-600-600&r=100x100&q=80/local/-/media/2015/05/19/Brevard/Brevard/635676260677974451-afspc5-av-rollout-onpad-051915.jpg
V/MinimogrifierUtils(22255): resized image URL: http://www.gannett-cdn.com/-mm-/b8b5814098721d23ba32e65a16b413aaf2046cd5/c=354-0-1770-1416&r=100x100&q=80/local/-/media/Brevard/2015/03/31/B9316797116Z.1_20150331142821_000_GOAACC66H.1-0.jpg
V/MinimogrifierUtils(22255): resized image URL: http://www.gannett-cdn.com/-mm-/300b390ec3d71ca47b92d342bcb5eaeddd15644b/c=0-400-1600-2000&r=100x100&q=80/local/-/media/2015/05/15/Brevard/B9317361247Z.1_20150515133148_000_G4JAQ1AOL.1-0.jpg
V/MinimogrifierUtils(22255): resized image URL: http://www.gannett-cdn.com/-mm-/f6f88e57d94c7bb133325637395d13016a0f98ea/c=0-166-867-1033&r=100x100&q=80/local/-/media/2015/05/15/Brevard/B9317361247Z.1_20150515133148_000_G4JAQ18Q1.1-0.jpg
V/MinimogrifierUtils(22255): resized image URL: http://www.gannett-cdn.com/-mm-/0ceecf3e02dae809afd8f7f9ad3b9647ff439379/c=0-244-808-1052&r=100x100&q=80/local/-/media/2015/05/15/Brevard/B9316968552Z.1_20150515125532_000_GGFAOOU0K.1-0.jpg
V/MinimogrifierUtils(22255): resized image URL: http://www.gannett-cdn.com/-mm-/f642098d8726fe83c1d24d31600da91251ce7b93/c=121-0-604-483&r=100x100&q=80/local/-/media/2015/03/08/Brevard/Brevard/635614233126375527-crimeScene.jpg
V/MinimogrifierUtils(22255): resized image URL: http://www.gannett-cdn.com/-mm-/c78baad758c867b74b1fc104392b7bbc10908dd2/c=0-25-2924-2949&r=100x100&q=80/local/-/media/2015/05/19/Brevard/B9317404374Z.1_20150519071843_000_GTSAR33RB.1-0.jpg
V/MinimogrifierUtils(22255): resized image URL: http://www.gannett-cdn.com/-mm-/8cf98830e69ac35013910857ee1d10468785fd31/c=864-0-4320-3456&r=100x100&q=80/local/-/media/2015/05/18/Brevard/B9317389898Z.1_20150518114110_000_GQRAQS2K4.1-0.jpg
V/MinimogrifierUtils(22255): resized image URL: http://www.gannett-cdn.com/-mm-/8cf98830e69ac35013910857ee1d10468785fd31/c=864-0-4320-3456&r=100x100&q=80/local/-/media/2015/05/18/Brevard/B9317389898Z.1_20150518114110_000_GQRAQS2L7.1-0.jpg
V/MinimogrifierUtils(22255): resized image URL: http://www.gannett-cdn.com/-mm-/9816aa4425b33c272c6c2ea019db2895b153002d/c=0-351-1892-2243&r=100x100&q=80/local/-/media/2015/05/18/Brevard/B9317337619Z.1_20150518144934_000_GHAAQUB9Q.1-0.jpg
D/WearableService(26497): callingUid 10008, callindPid: 26497
W/Resources(22255): Converting to string: TypedValue{t=0x12/d=0x0 a=2 r=0x7f0b0139}
W/Resources(22255): Converting to string: TypedValue{t=0x1d/d=0xffffffff a=2 r=0x7f0900f6}
W/Resources(22255): Converting to string: TypedValue{t=0x12/d=0x0 a=2 r=0x7f0b013a}
W/Resources(22255): Converting to string: TypedValue{t=0x1d/d=0xffc6c9c9 a=2 r=0x7f0900d1}
W/Resources(22255): Converting to string: TypedValue{t=0x12/d=0x0 a=2 r=0x7f0b00cd}
W/Resources(22255): Converting to string: TypedValue{t=0x1d/d=0xffeeeeee a=2 r=0x7f0900cd}
W/Resources(22255): Converting to string: TypedValue{t=0x5/d=0x401 a=2 r=0x7f0a0069}
W/Resources(22255): Converting to string: TypedValue{t=0x5/d=0x401 a=2 r=0x7f0a0069}
D/UrlProducer(22255): Articles URL requested: http://api.gannett-cdn.com/mobilefeeds/fronts/v1/home_tablet/?siteId=123&hls=false&api_key=euc4uvhentf8r3dgt69483ad
D/AdConfigurationImpl(22255): lookingFor: article_banner_top, found: section_front
D/AdConfigurationImpl(22255): lookingFor: article_banner_bottom, found: section_front
D/AdConfigurationImpl(22255): lookingFor: section_front, found: section_front
W/Resources(22255): Converting to string: TypedValue{t=0x12/d=0x0 a=2 r=0x7f0b009a}
W/Resources(22255): Converting to string: TypedValue{t=0x12/d=0x0 a=2 r=0x7f0b00d6}
W/Resources(22255): Converting to string: TypedValue{t=0x1c/d=0x33b0b0b0 a=2 r=0x7f090008}
W/Resources(22255): Converting to string: TypedValue{t=0x12/d=0x0 a=2 r=0x7f0b00d7}
W/Resources(22255): Converting to string: TypedValue{t=0x1c/d=0x33b0b0b0 a=2 r=0x7f090008}
W/art     (22255): Attempt to remove local handle scope entry from IRT, ignoring
W/AwContents(22255): onDetachedFromWindow called when already detached. Ignoring
W/Resources(22255): Converting to string: TypedValue{t=0x12/d=0x0 a=2 r=0x7f0b00d8}
W/Resources(22255): Converting to string: TypedValue{t=0x1c/d=0x33b0b0b0 a=2 r=0x7f090008}
W/art     (22255): Attempt to remove local handle scope entry from IRT, ignoring
W/AwContents(22255): onDetachedFromWindow called when already detached. Ignoring
D/AdConfigurationImpl(22255): lookingFor: article_banner_top, found: section_front
D/AdConfigurationImpl(22255): lookingFor: article_banner_bottom, found: section_front
D/AdConfigurationImpl(22255): lookingFor: section_front, found: section_front
D/Ads     (22255): Ads: Params: latitude=38.92041482;ver=2.7.2.1;longitude=-77.22110591;pageType=front;
W/ResourcesManager(22255): Asset path '/system/framework/com.android.media.remotedisplay.jar' does not exist or contains no resources.
W/ResourcesManager(22255): Asset path '/system/framework/com.android.location.provider.jar' does not exist or contains no resources.
W/art     (22255): Suspending all threads took: 10.192ms
I/Ads     (22255): CsiReporterFactory: CSI is not enabled. No CSI reporter created.
I/Ads     (22255): Starting ad request.
I/Ads     (22255): Use AdRequest.Builder.addTestDevice("07C3BD1FC97B8BD363E7086452B8BB2A") to get test ads on this device.
I/Ads     (22255): Please set theme of AdActivity to @android:style/Theme.Translucent to enable transparent background interstitial ad.
D/DfpAdRetriever(22255): AD_REQUEST::SectionFront::/7103/fl-brevard-mobile-C1028/android_tablet_app-section_front/homepage:: Size = 468x60::AWS::homepage
D/UserEdManager(22255): tryDisplayUserEd
D/UserEdManager(22255): hideAndResetUserEd
D/UrlProducer(22255): Breaking News URL requested: http://api.gannett-cdn.com/mobilefeeds/breakingnews/v1/mobile/?siteId=123&api_key=euc4uvhentf8r3dgt69483ad
I/art     (22255): Background sticky concurrent mark sweep GC freed 197242(7MB) AllocSpace objects, 3(48KB) LOS objects, 29% free, 16MB/23MB, paused 14.129ms total 77.178ms
W/Resources(22255): Converting to string: TypedValue{t=0x5/d=0x4001 a=1 r=0x1050051}
W/Resources(22255): Converting to string: TypedValue{t=0x5/d=0x3801 a=1 r=0x105003a}
W/Resources(22255): Converting to string: TypedValue{t=0x12/d=0x0 a=2 r=0x7f0b0114}
W/Resources(22255): Converting to string: TypedValue{t=0x1d/d=0xffebebeb a=2 r=0x7f090013}
W/Resources(22255): Converting to string: TypedValue{t=0x12/d=0x0 a=2 r=0x7f0b0071}
W/Resources(22255): Converting to string: TypedValue{t=0x12/d=0x0 a=2 r=0x7f0b0115}
W/Resources(22255): Converting to string: TypedValue{t=0x1d/d=0xff000000 a=2 r=0x7f090017}
W/Resources(22255): Converting to string: TypedValue{t=0x12/d=0x0 a=2 r=0x7f0b0150}
W/Resources(22255): Converting to string: TypedValue{t=0x1d/d=0xffa01313 a=2 r=0x7f09001a}
W/Resources(22255): Converting to string: TypedValue{t=0x5/d=0x801 a=2 r=0x7f0a005c}
W/Resources(22255): Converting to string: TypedValue{t=0x5/d=0x401 a=2 r=0x7f0a005e}
W/Resources(22255): Converting to string: TypedValue{t=0x5/d=0x801 a=2 r=0x7f0a005c}
