W/Resources(31172): Converting to string: TypedValue{t=0x5/d=0x1001 a=2 r=0x7f0a0060}
W/Resources(31172): Converting to string: TypedValue{t=0x5/d=0x801 a=2 r=0x7f0a005c}
W/Resources(31172): Converting to string: TypedValue{t=0x5/d=0x3001 a=2 r=0x7f0a0066}
W/Resources(31172): Converting to string: TypedValue{t=0x12/d=0x0 a=2 r=0x7f0b0077}
W/Resources(31172): Converting to string: TypedValue{t=0x12/d=0x0 a=2 r=0x7f0b0071}
W/Resources(31172): Converting to string: TypedValue{t=0x1d/d=0xffc8c8c8 a=2 r=0x7f090019}
W/Resources(31172): Converting to string: TypedValue{t=0x5/d=0x5a01 a=2 r=0x7f0a0038}
W/Resources(31172): Converting to string: TypedValue{t=0x12/d=0x0 a=2 r=0x7f0b0116}
W/Resources(31172): Converting to string: TypedValue{t=0x12/d=0x0 a=2 r=0x7f0b013c}
W/Resources(31172): Converting to string: TypedValue{t=0x12/d=0x0 a=2 r=0x7f0b0074}
W/Resources(31172): Converting to string: TypedValue{t=0x12/d=0x0 a=2 r=0x7f0b0117}
W/Resources(31172): Converting to string: TypedValue{t=0x5/d=0x1001 a=2 r=0x7f0a0060}
W/Resources(31172): Converting to string: TypedValue{t=0x5/d=0x1001 a=2 r=0x7f0a0060}
V/MinimogrifierUtils(31172): resized image URL: http://www.gannett-cdn.com/-mm-/645f71db68efb549d3be87ada7559d7a5c3a55c1/c=246-348-2720-2208&r=228x168&q=80/local/-/media/2015/05/19/USATODAY/USATODAY/635675965383089011-nissanleafcharging11.JPG
W/Resources(31172): Converting to string: TypedValue{t=0x5/d=0x1401 a=2 r=0x7f0a0096}
W/Resources(31172): Converting to string: TypedValue{t=0x5/d=0x1001 a=2 r=0x7f0a0097}
W/Resources(31172): Converting to string: TypedValue{t=0x5/d=0x1401 a=2 r=0x7f0a0096}
W/Resources(31172): Converting to string: TypedValue{t=0x5/d=0xf01 a=2 r=0x7f0a0095}
W/Resources(31172): Converting to string: TypedValue{t=0x12/d=0x0 a=2 r=0x7f0b01c9}
W/Resources(31172): Converting to string: TypedValue{t=0x12/d=0x0 a=2 r=0x7f0b01ca}
W/Resources(31172): Converting to string: TypedValue{t=0x12/d=0x0 a=2 r=0x7f0b01cb}
W/Resources(31172): Converting to string: TypedValue{t=0x5/d=0x1401 a=2 r=0x7f0a0096}
W/Resources(31172): Converting to string: TypedValue{t=0x5/d=0x1001 a=2 r=0x7f0a0097}
W/Resources(31172): Converting to string: TypedValue{t=0x5/d=0x1401 a=2 r=0x7f0a0096}
W/Resources(31172): Converting to string: TypedValue{t=0x5/d=0xf01 a=2 r=0x7f0a0095}
W/Resources(31172): Converting to string: TypedValue{t=0x12/d=0x0 a=2 r=0x7f0b01c9}
W/Resources(31172): Converting to string: TypedValue{t=0x12/d=0x0 a=2 r=0x7f0b01ca}
W/Resources(31172): Converting to string: TypedValue{t=0x12/d=0x0 a=2 r=0x7f0b01cb}
W/Resources(31172): Converting to string: TypedValue{t=0x5/d=0x1401 a=2 r=0x7f0a0096}
W/Resources(31172): Converting to string: TypedValue{t=0x5/d=0x1001 a=2 r=0x7f0a0097}
W/Resources(31172): Converting to string: TypedValue{t=0x5/d=0x1401 a=2 r=0x7f0a0096}
W/Resources(31172): Converting to string: TypedValue{t=0x5/d=0xf01 a=2 r=0x7f0a0095}
W/Resources(31172): Converting to string: TypedValue{t=0x12/d=0x0 a=2 r=0x7f0b01c9}
W/Resources(31172): Converting to string: TypedValue{t=0x12/d=0x0 a=2 r=0x7f0b01ca}
W/Resources(31172): Converting to string: TypedValue{t=0x12/d=0x0 a=2 r=0x7f0b01cb}
W/Resources(31172): Converting to string: TypedValue{t=0x5/d=0x1401 a=2 r=0x7f0a0096}
W/Resources(31172): Converting to string: TypedValue{t=0x5/d=0x1001 a=2 r=0x7f0a0097}
W/Resources(31172): Converting to string: TypedValue{t=0x5/d=0x1401 a=2 r=0x7f0a0096}
W/Resources(31172): Converting to string: TypedValue{t=0x5/d=0xf01 a=2 r=0x7f0a0095}
W/Resources(31172): Converting to string: TypedValue{t=0x12/d=0x0 a=2 r=0x7f0b01c9}
W/Resources(31172): Converting to string: TypedValue{t=0x12/d=0x0 a=2 r=0x7f0b01ca}
W/Resources(31172): Converting to string: TypedValue{t=0x12/d=0x0 a=2 r=0x7f0b01cb}
W/Resources(31172): Converting to string: TypedValue{t=0x5/d=0x1401 a=2 r=0x7f0a0096}
W/Resources(31172): Converting to string: TypedValue{t=0x5/d=0x1001 a=2 r=0x7f0a0097}
W/Resources(31172): Converting to string: TypedValue{t=0x5/d=0x1401 a=2 r=0x7f0a0096}
W/Resources(31172): Converting to string: TypedValue{t=0x5/d=0xf01 a=2 r=0x7f0a0095}
W/Resources(31172): Converting to string: TypedValue{t=0x12/d=0x0 a=2 r=0x7f0b01c9}
W/Resources(31172): Converting to string: TypedValue{t=0x12/d=0x0 a=2 r=0x7f0b01ca}
W/Resources(31172): Converting to string: TypedValue{t=0x12/d=0x0 a=2 r=0x7f0b01cb}
W/Resources(31172): Converting to string: TypedValue{t=0x5/d=0x1401 a=2 r=0x7f0a0096}
W/Resources(31172): Converting to string: TypedValue{t=0x5/d=0x1001 a=2 r=0x7f0a0097}
W/Resources(31172): Converting to string: TypedValue{t=0x5/d=0x1401 a=2 r=0x7f0a0096}
W/Resources(31172): Converting to string: TypedValue{t=0x5/d=0xf01 a=2 r=0x7f0a0095}
W/Resources(31172): Converting to string: TypedValue{t=0x12/d=0x0 a=2 r=0x7f0b01c9}
W/Resources(31172): Converting to string: TypedValue{t=0x12/d=0x0 a=2 r=0x7f0b01ca}
W/Resources(31172): Converting to string: TypedValue{t=0x12/d=0x0 a=2 r=0x7f0b01cb}
W/Resources(31172): Converting to string: TypedValue{t=0x5/d=0x1401 a=2 r=0x7f0a0096}
W/Resources(31172): Converting to string: TypedValue{t=0x5/d=0x1001 a=2 r=0x7f0a0097}
W/Resources(31172): Converting to string: TypedValue{t=0x5/d=0x1401 a=2 r=0x7f0a0096}
W/Resources(31172): Converting to string: TypedValue{t=0x5/d=0xf01 a=2 r=0x7f0a0095}
W/Resources(31172): Converting to string: TypedValue{t=0x12/d=0x0 a=2 r=0x7f0b01c9}
W/Resources(31172): Converting to string: TypedValue{t=0x12/d=0x0 a=2 r=0x7f0b01ca}
W/Resources(31172): Converting to string: TypedValue{t=0x12/d=0x0 a=2 r=0x7f0b01cb}
W/Resources(31172): Converting to string: TypedValue{t=0x5/d=0x4001 a=1 r=0x1050051}
W/Resources(31172): Converting to string: TypedValue{t=0x5/d=0x3801 a=1 r=0x105003a}
W/Resources(31172): Converting to string: TypedValue{t=0x5/d=0x4001 a=1 r=0x1050051}
W/Resources(31172): Converting to string: TypedValue{t=0x5/d=0x3801 a=1 r=0x105003a}
W/Resources(31172): Converting to string: TypedValue{t=0x5/d=0x4001 a=1 r=0x1050051}
W/Resources(31172): Converting to string: TypedValue{t=0x5/d=0x3801 a=1 r=0x105003a}
I/ActivityManager(  562): Displayed com.usatoday.android.news/com.gannett.android.news.ui.activity.ActivityNews: +508ms
D/BreakingNewsRetriever(31172): onError() com.gannett.android.exceptions.EmptyFeedException: Unrecoverable transform error deserializing BreakingNewsFeedImpl
D/GravityWell(31172): Checking gravity config for ad ID: usatoday_tablet/android_tablet_app-high_impact
I/ViewInteraction(31172): Performing 'single click' action on view with id: android:id/home
D/audio_hw_primary(  184): select_devices: out_snd_device(2: speaker) in_snd_device(0: none)
D/ACDB-LOADER(  184): ACDB -> send_afe_cal
D/audio_hw_primary(  184): enable_snd_device: snd_device(2: speaker)
D/audio_hw_primary(  184): enable_audio_route: apply and update mixer path: low-latency-playback
I/ProcessStatsService(  562): Prepared write state in 3ms
I/ViewInteraction(31172): Performing 'single click' action on view (with id: com.usatoday.android.news:id/nav_section_name and with text: is "Life")
I/Ads     ( 6165): CsiReporterFactory: CSI is not enabled. No CSI reporter created.
W/Resources(31172): Converting to string: TypedValue{t=0x1d/d=0xfff9f9f9 a=2 r=0x7f0900a5}
W/Resources(31172): Converting to string: TypedValue{t=0x5/d=0x1401 a=2 r=0x7f0a0096}
W/Resources(31172): Converting to string: TypedValue{t=0x5/d=0x1001 a=2 r=0x7f0a0097}
W/Resources(31172): Converting to string: TypedValue{t=0x5/d=0x1401 a=2 r=0x7f0a0096}
W/Resources(31172): Converting to string: TypedValue{t=0x5/d=0xf01 a=2 r=0x7f0a0095}
W/Resources(31172): Converting to string: TypedValue{t=0x12/d=0x0 a=2 r=0x7f0b01c6}
W/Resources(31172): Converting to string: TypedValue{t=0x12/d=0x0 a=2 r=0x7f0b01c7}
W/Resources(31172): Converting to string: TypedValue{t=0x12/d=0x0 a=2 r=0x7f0b01c8}
W/Resources(31172): Converting to string: TypedValue{t=0x1d/d=0xfff9f9f9 a=2 r=0x7f0900a5}
W/Resources(31172): Converting to string: TypedValue{t=0x5/d=0x1401 a=2 r=0x7f0a0096}
W/Resources(31172): Converting to string: TypedValue{t=0x5/d=0x1001 a=2 r=0x7f0a0097}
W/Resources(31172): Converting to string: TypedValue{t=0x5/d=0x1401 a=2 r=0x7f0a0096}
W/Resources(31172): Converting to string: TypedValue{t=0x5/d=0xf01 a=2 r=0x7f0a0095}
W/Resources(31172): Converting to string: TypedValue{t=0x12/d=0x0 a=2 r=0x7f0b01c6}
W/Resources(31172): Converting to string: TypedValue{t=0x12/d=0x0 a=2 r=0x7f0b01c7}
W/Resources(31172): Converting to string: TypedValue{t=0x12/d=0x0 a=2 r=0x7f0b01c8}
W/Resources(31172): Converting to string: TypedValue{t=0x1d/d=0xfff9f9f9 a=2 r=0x7f0900a5}
W/Resources(31172): Converting to string: TypedValue{t=0x5/d=0x1401 a=2 r=0x7f0a0096}
W/Resources(31172): Converting to string: TypedValue{t=0x5/d=0x1001 a=2 r=0x7f0a0097}
W/Resources(31172): Converting to string: TypedValue{t=0x5/d=0x1401 a=2 r=0x7f0a0096}
W/Resources(31172): Converting to string: TypedValue{t=0x5/d=0xf01 a=2 r=0x7f0a0095}
W/Resources(31172): Converting to string: TypedValue{t=0x12/d=0x0 a=2 r=0x7f0b01c6}
W/Resources(31172): Converting to string: TypedValue{t=0x12/d=0x0 a=2 r=0x7f0b01c7}
W/Resources(31172): Converting to string: TypedValue{t=0x12/d=0x0 a=2 r=0x7f0b01c8}
W/Resources(31172): Converting to string: TypedValue{t=0x1d/d=0xfff9f9f9 a=2 r=0x7f0900a5}
W/Resources(31172): Converting to string: TypedValue{t=0x5/d=0x1401 a=2 r=0x7f0a0096}
W/Resources(31172): Converting to string: TypedValue{t=0x5/d=0x1001 a=2 r=0x7f0a0097}
W/Resources(31172): Converting to string: TypedValue{t=0x5/d=0x1401 a=2 r=0x7f0a0096}
W/Resources(31172): Converting to string: TypedValue{t=0x5/d=0xf01 a=2 r=0x7f0a0095}
W/Resources(31172): Converting to string: TypedValue{t=0x12/d=0x0 a=2 r=0x7f0b01c6}
W/Resources(31172): Converting to string: TypedValue{t=0x12/d=0x0 a=2 r=0x7f0b01c7}
W/Resources(31172): Converting to string: TypedValue{t=0x12/d=0x0 a=2 r=0x7f0b01c8}
W/Resources(31172): Converting to string: TypedValue{t=0x1d/d=0xfff9f9f9 a=2 r=0x7f0900a5}
W/Resources(31172): Converting to string: TypedValue{t=0x5/d=0x1401 a=2 r=0x7f0a0096}
W/Resources(31172): Converting to string: TypedValue{t=0x5/d=0x1001 a=2 r=0x7f0a0097}
W/Resources(31172): Converting to string: TypedValue{t=0x5/d=0x1401 a=2 r=0x7f0a0096}
W/Resources(31172): Converting to string: TypedValue{t=0x5/d=0xf01 a=2 r=0x7f0a0095}
W/Resources(31172): Converting to string: TypedValue{t=0x12/d=0x0 a=2 r=0x7f0b01c6}
W/Resources(31172): Converting to string: TypedValue{t=0x12/d=0x0 a=2 r=0x7f0b01c7}
W/Resources(31172): Converting to string: TypedValue{t=0x12/d=0x0 a=2 r=0x7f0b01c8}
W/Resources(31172): Converting to string: TypedValue{t=0x1d/d=0xfff9f9f9 a=2 r=0x7f0900a5}
W/Resources(31172): Converting to string: TypedValue{t=0x5/d=0x1401 a=2 r=0x7f0a0096}
W/Resources(31172): Converting to string: TypedValue{t=0x5/d=0x1001 a=2 r=0x7f0a0097}
W/Resources(31172): Converting to string: TypedValue{t=0x5/d=0x1401 a=2 r=0x7f0a0096}
W/Resources(31172): Converting to string: TypedValue{t=0x5/d=0xf01 a=2 r=0x7f0a0095}
W/Resources(31172): Converting to string: TypedValue{t=0x12/d=0x0 a=2 r=0x7f0b01c6}
W/Resources(31172): Converting to string: TypedValue{t=0x12/d=0x0 a=2 r=0x7f0b01c7}
W/Resources(31172): Converting to string: TypedValue{t=0x12/d=0x0 a=2 r=0x7f0b01c8}
W/Resources(31172): Converting to string: TypedValue{t=0x1d/d=0xfff9f9f9 a=2 r=0x7f0900a5}
W/Resources(31172): Converting to string: TypedValue{t=0x5/d=0x1401 a=2 r=0x7f0a0096}
W/Resources(31172): Converting to string: TypedValue{t=0x5/d=0x1001 a=2 r=0x7f0a0097}
W/Resources(31172): Converting to string: TypedValue{t=0x5/d=0x1401 a=2 r=0x7f0a0096}
W/Resources(31172): Converting to string: TypedValue{t=0x5/d=0xf01 a=2 r=0x7f0a0095}
W/Resources(31172): Converting to string: TypedValue{t=0x12/d=0x0 a=2 r=0x7f0b01c6}
W/Resources(31172): Converting to string: TypedValue{t=0x12/d=0x0 a=2 r=0x7f0b01c7}
W/Resources(31172): Converting to string: TypedValue{t=0x12/d=0x0 a=2 r=0x7f0b01c8}
W/Resources(31172): Converting to string: TypedValue{t=0x1d/d=0xfff9f9f9 a=2 r=0x7f0900a5}
W/Resources(31172): Converting to string: TypedValue{t=0x5/d=0x1401 a=2 r=0x7f0a0096}
W/Resources(31172): Converting to string: TypedValue{t=0x5/d=0x1001 a=2 r=0x7f0a0097}
W/Resources(31172): Converting to string: TypedValue{t=0x5/d=0x1401 a=2 r=0x7f0a0096}
W/Resources(31172): Converting to string: TypedValue{t=0x5/d=0xf01 a=2 r=0x7f0a0095}
W/Resources(31172): Converting to string: TypedValue{t=0x12/d=0x0 a=2 r=0x7f0b01c6}
W/Resources(31172): Converting to string: TypedValue{t=0x12/d=0x0 a=2 r=0x7f0b01c7}
W/Resources(31172): Converting to string: TypedValue{t=0x12/d=0x0 a=2 r=0x7f0b01c8}
W/Resources(31172): Converting to string: TypedValue{t=0x1d/d=0xfff9f9f9 a=2 r=0x7f0900a5}
W/Resources(31172): Converting to string: TypedValue{t=0x5/d=0x1401 a=2 r=0x7f0a0096}
W/Resources(31172): Converting to string: TypedValue{t=0x5/d=0x1001 a=2 r=0x7f0a0097}
W/Resources(31172): Converting to string: TypedValue{t=0x5/d=0x1401 a=2 r=0x7f0a0096}
W/Resources(31172): Converting to string: TypedValue{t=0x5/d=0xf01 a=2 r=0x7f0a0095}
W/Resources(31172): Converting to string: TypedValue{t=0x12/d=0x0 a=2 r=0x7f0b01c6}
W/Resources(31172): Converting to string: TypedValue{t=0x12/d=0x0 a=2 r=0x7f0b01c7}
W/Resources(31172): Converting to string: TypedValue{t=0x12/d=0x0 a=2 r=0x7f0b01c8}
W/Resources(31172): Converting to string: TypedValue{t=0x1d/d=0xfff9f9f9 a=2 r=0x7f0900a5}
W/Resources(31172): Converting to string: TypedValue{t=0x5/d=0x1401 a=2 r=0x7f0a0096}
W/Resources(31172): Converting to string: TypedValue{t=0x5/d=0x1001 a=2 r=0x7f0a0097}
W/Resources(31172): Converting to string: TypedValue{t=0x5/d=0x1401 a=2 r=0x7f0a0096}
W/Resources(31172): Converting to string: TypedValue{t=0x5/d=0xf01 a=2 r=0x7f0a0095}
W/Resources(31172): Converting to string: TypedValue{t=0x12/d=0x0 a=2 r=0x7f0b01c6}
W/Resources(31172): Converting to string: TypedValue{t=0x12/d=0x0 a=2 r=0x7f0b01c7}
W/Resources(31172): Converting to string: TypedValue{t=0x12/d=0x0 a=2 r=0x7f0b01c8}
W/Resources(31172): Converting to string: TypedValue{t=0x1d/d=0xfff9f9f9 a=2 r=0x7f0900a5}
W/Resources(31172): Converting to string: TypedValue{t=0x5/d=0x1401 a=2 r=0x7f0a0096}
W/Resources(31172): Converting to string: TypedValue{t=0x5/d=0x1001 a=2 r=0x7f0a0097}
W/Resources(31172): Converting to string: TypedValue{t=0x5/d=0x1401 a=2 r=0x7f0a0096}
W/Resources(31172): Converting to string: TypedValue{t=0x5/d=0xf01 a=2 r=0x7f0a0095}
W/Resources(31172): Converting to string: TypedValue{t=0x12/d=0x0 a=2 r=0x7f0b01c6}
W/Resources(31172): Converting to string: TypedValue{t=0x12/d=0x0 a=2 r=0x7f0b01c7}
W/Resources(31172): Converting to string: TypedValue{t=0x12/d=0x0 a=2 r=0x7f0b01c8}
W/Resources(31172): Converting to string: TypedValue{t=0x1d/d=0xfff9f9f9 a=2 r=0x7f0900a5}
W/Resources(31172): Converting to string: TypedValue{t=0x5/d=0x1401 a=2 r=0x7f0a0096}
W/Resources(31172): Converting to string: TypedValue{t=0x5/d=0x1001 a=2 r=0x7f0a0097}
W/Resources(31172): Converting to string: TypedValue{t=0x5/d=0x1401 a=2 r=0x7f0a0096}
W/Resources(31172): Converting to string: TypedValue{t=0x5/d=0xf01 a=2 r=0x7f0a0095}
W/Resources(31172): Converting to string: TypedValue{t=0x12/d=0x0 a=2 r=0x7f0b01c6}
W/Resources(31172): Converting to string: TypedValue{t=0x12/d=0x0 a=2 r=0x7f0b01c7}
W/Resources(31172): Converting to string: TypedValue{t=0x12/d=0x0 a=2 r=0x7f0b01c8}
W/Resources(31172): Converting to string: TypedValue{t=0x1d/d=0xfff9f9f9 a=2 r=0x7f0900a5}
W/Resources(31172): Converting to string: TypedValue{t=0x5/d=0x1401 a=2 r=0x7f0a0096}
W/Resources(31172): Converting to string: TypedValue{t=0x5/d=0x1001 a=2 r=0x7f0a0097}
W/Resources(31172): Converting to string: TypedValue{t=0x5/d=0x1401 a=2 r=0x7f0a0096}
W/Resources(31172): Converting to string: TypedValue{t=0x5/d=0xf01 a=2 r=0x7f0a0095}
W/Resources(31172): Converting to string: TypedValue{t=0x12/d=0x0 a=2 r=0x7f0b01c6}
W/Resources(31172): Converting to string: TypedValue{t=0x12/d=0x0 a=2 r=0x7f0b01c7}
W/Resources(31172): Converting to string: TypedValue{t=0x12/d=0x0 a=2 r=0x7f0b01c8}
W/Resources(31172): Converting to string: TypedValue{t=0x1d/d=0xfff9f9f9 a=2 r=0x7f0900a5}
W/Resources(31172): Converting to string: TypedValue{t=0x5/d=0x1401 a=2 r=0x7f0a0096}
W/Resources(31172): Converting to string: TypedValue{t=0x5/d=0x1001 a=2 r=0x7f0a0097}
W/Resources(31172): Converting to string: TypedValue{t=0x5/d=0x1401 a=2 r=0x7f0a0096}
W/Resources(31172): Converting to string: TypedValue{t=0x5/d=0xf01 a=2 r=0x7f0a0095}
W/Resources(31172): Converting to string: TypedValue{t=0x12/d=0x0 a=2 r=0x7f0b01c6}
W/Resources(31172): Converting to string: TypedValue{t=0x12/d=0x0 a=2 r=0x7f0b01c7}
W/Resources(31172): Converting to string: TypedValue{t=0x12/d=0x0 a=2 r=0x7f0b01c8}
W/Resources(31172): Converting to string: TypedValue{t=0x1d/d=0xfff9f9f9 a=2 r=0x7f0900a5}
W/Resources(31172): Converting to string: TypedValue{t=0x5/d=0x1401 a=2 r=0x7f0a0096}
W/Resources(31172): Converting to string: TypedValue{t=0x5/d=0x1001 a=2 r=0x7f0a0097}
W/Resources(31172): Converting to string: TypedValue{t=0x5/d=0x1401 a=2 r=0x7f0a0096}
W/Resources(31172): Converting to string: TypedValue{t=0x5/d=0xf01 a=2 r=0x7f0a0095}
W/Resources(31172): Converting to string: TypedValue{t=0x12/d=0x0 a=2 r=0x7f0b01c6}
W/Resources(31172): Converting to string: TypedValue{t=0x12/d=0x0 a=2 r=0x7f0b01c7}
W/Resources(31172): Converting to string: TypedValue{t=0x12/d=0x0 a=2 r=0x7f0b01c8}
W/Resources(31172): Converting to string: TypedValue{t=0x1d/d=0xfff9f9f9 a=2 r=0x7f0900a5}
W/Resources(31172): Converting to string: TypedValue{t=0x5/d=0x1401 a=2 r=0x7f0a0096}
W/Resources(31172): Converting to string: TypedValue{t=0x5/d=0x1001 a=2 r=0x7f0a0097}
W/Resources(31172): Converting to string: TypedValue{t=0x5/d=0x1401 a=2 r=0x7f0a0096}
W/Resources(31172): Converting to string: TypedValue{t=0x5/d=0xf01 a=2 r=0x7f0a0095}
W/Resources(31172): Converting to string: TypedValue{t=0x12/d=0x0 a=2 r=0x7f0b01c6}
W/Resources(31172): Converting to string: TypedValue{t=0x12/d=0x0 a=2 r=0x7f0b01c7}
W/Resources(31172): Converting to string: TypedValue{t=0x12/d=0x0 a=2 r=0x7f0b01c8}
W/Resources(31172): Converting to string: TypedValue{t=0x1d/d=0xfff9f9f9 a=2 r=0x7f0900a5}
W/Resources(31172): Converting to string: TypedValue{t=0x5/d=0x1401 a=2 r=0x7f0a0096}
W/Resources(31172): Converting to string: TypedValue{t=0x5/d=0x1001 a=2 r=0x7f0a0097}
W/Resources(31172): Converting to string: TypedValue{t=0x5/d=0x1401 a=2 r=0x7f0a0096}
W/Resources(31172): Converting to string: TypedValue{t=0x5/d=0xf01 a=2 r=0x7f0a0095}
W/Resources(31172): Converting to string: TypedValue{t=0x12/d=0x0 a=2 r=0x7f0b01c6}
W/Resources(31172): Converting to string: TypedValue{t=0x12/d=0x0 a=2 r=0x7f0b01c7}
W/Resources(31172): Converting to string: TypedValue{t=0x12/d=0x0 a=2 r=0x7f0b01c8}
W/Resources(31172): Converting to string: TypedValue{t=0x1d/d=0xfff9f9f9 a=2 r=0x7f0900a5}
W/Resources(31172): Converting to string: TypedValue{t=0x5/d=0x1401 a=2 r=0x7f0a0096}
W/Resources(31172): Converting to string: TypedValue{t=0x5/d=0x1001 a=2 r=0x7f0a0097}
W/Resources(31172): Converting to string: TypedValue{t=0x5/d=0x1401 a=2 r=0x7f0a0096}
W/Resources(31172): Converting to string: TypedValue{t=0x5/d=0xf01 a=2 r=0x7f0a0095}
W/Resources(31172): Converting to string: TypedValue{t=0x12/d=0x0 a=2 r=0x7f0b01c6}
W/Resources(31172): Converting to string: TypedValue{t=0x12/d=0x0 a=2 r=0x7f0b01c7}
W/Resources(31172): Converting to string: TypedValue{t=0x12/d=0x0 a=2 r=0x7f0b01c8}
I/Ads     ( 6165): CsiReporterFactory: CSI is not enabled. No CSI reporter created.
I/Ads     ( 6165): CsiReporterFactory: CSI is not enabled. No CSI reporter created.
W/art     (31172): Attempt to remove local handle scope entry from IRT, ignoring
W/AwContents(31172): onDetachedFromWindow called when already detached. Ignoring
W/art     (31172): Attempt to remove local handle scope entry from IRT, ignoring
W/art     (31172): Attempt to remove local handle scope entry from IRT, ignoring
W/art     (31172): Attempt to remove local handle scope entry from IRT, ignoring
W/AwContents(31172): onDetachedFromWindow called when already detached. Ignoring
W/art     (31172): Attempt to remove local handle scope entry from IRT, ignoring
W/art     (31172): Attempt to remove local handle scope entry from IRT, ignoring
I/Ads     ( 6165): CsiReporterFactory: CSI is not enabled. No CSI reporter created.
I/Ads     ( 6165): CsiReporterFactory: CSI is not enabled. No CSI reporter created.
I/Ads     ( 6165): CsiReporterFactory: CSI is not enabled. No CSI reporter created.
W/Ads     ( 6165): b22e4ae1-179b-4e1e-b41b-e7f6d43c8d3c ==== 9e804810-4876-4be2-b22a-ca8455fec458
I/ViewInteraction(31172): Performing 'single click' action on view (with id: com.usatoday.android.news:id/nav_child_text and with text: is "Top Stories")
I/Ads     ( 6165): CsiReporterFactory: CSI is not enabled. No CSI reporter created.
I/Ads     (31172): No fill from ad server.
W/art     (31172): Attempt to remove local handle scope entry from IRT, ignoring
W/AwContents(31172): onDetachedFromWindow called when already detached. Ignoring
W/art     (31172): Attempt to remove local handle scope entry from IRT, ignoring
W/art     (31172): Attempt to remove local handle scope entry from IRT, ignoring
W/Ads     (31172): Failed to load ad: 3
D/DfpAdRetriever(31172): Ads: ad not retrieved: high_impact
W/art     (31172): Attempt to remove local handle scope entry from IRT, ignoring
W/AwContents(31172): onDetachedFromWindow called when already detached. Ignoring
W/art     (31172): Attempt to remove local handle scope entry from IRT, ignoring
W/art     (31172): Attempt to remove local handle scope entry from IRT, ignoring
I/Ads     ( 6165): CsiReporterFactory: CSI is not enabled. No CSI reporter created.
I/Ads     ( 6165): CsiReporterFactory: CSI is not enabled. No CSI reporter created.
W/art     (31172): Attempt to remove local handle scope entry from IRT, ignoring
W/AwContents(31172): onDetachedFromWindow called when already detached. Ignoring
W/art     (31172): Attempt to remove local handle scope entry from IRT, ignoring
W/art     (31172): Attempt to remove local handle scope entry from IRT, ignoring
W/art     (31172): Attempt to remove local handle scope entry from IRT, ignoring
W/AwContents(31172): onDetachedFromWindow called when already detached. Ignoring
W/art     (31172): Attempt to remove local handle scope entry from IRT, ignoring
W/art     (31172): Attempt to remove local handle scope entry from IRT, ignoring
D/NavigationActivity(31172): navigateTo():Top Stories
D/NavigationActivity(31172): executeNavigationIntent, this class: class com.gannett.android.news.ui.activity.ActivityNews, intent.getClass(): com.gannett.android.news.ui.activity.ActivityNews
D/UrlProducer(31172): Articles URL requested: http://api.gannett-cdn.com/mobilefeeds/fronts/v1/life_mobile/?siteId=1&hls=false&api_key=euc4uvhentf8r3dgt69483ad
W/art     (31172): Attempt to remove local handle scope entry from IRT, ignoring
W/AwContents(31172): onDetachedFromWindow called when already detached. Ignoring
W/art     (31172): Attempt to remove local handle scope entry from IRT, ignoring
W/art     (31172): Attempt to remove local handle scope entry from IRT, ignoring
D/ADBMobile(31172): ADBMobile Debug : Analytics - Attempting to send request parameters(37177764?AQB=1&ndh=1&ce=UTF-8&pev2=AMACTION%3Anavmenu%7Clife_top_stories&c.&a.&DeviceName=Nexus%207&OSVersion=Android%205.1.1&Resolution=1200x1824&action=navmenu%7Clife_top_stories&AppID=USA%20Today%202.7.2.1%20%2852%29&.a&gnt.&MarketName=gpapermobileapp&ProductName=USATODAY%20for%20Android%20Tablet&Orientation=portrait&TimeValue=11%3A00AM&.gnt&.c&t=00%2F00%2F0000%2000%3A00%3A00%200%20240&pageName=USA%20Today%202.7.2.1%20%2852%29&aid=2AACFBD3851921B3-40000610A00022D1&pe=lnk_o&AQE=1)
W/BindingManager(31172): Cannot call determinedVisibility() - never saw a connection for the pid: 31172
V/MinimogrifierUtils(31172): resized image URL: http://www.gannett-cdn.com/-mm-/018f54c7af1a4cf275e5f79f078337211c711ac5/c=128-0-896-768&r=100x100&q=80/local/-/media/2015/05/19/USATODAY/usatsports/iggyazalea.jpg
W/BindingManager(31172): Cannot call determinedVisibility() - never saw a connection for the pid: 31172
V/MinimogrifierUtils(31172): resized image URL: http://www.gannett-cdn.com/-mm-/a717b06e59aea535a310766a8bc1f1d3634a8016/c=838-0-2520-1682&r=100x100&q=80/local/-/media/2015/05/16/USATODAY/USATODAY/635673791918029345-AP-BD-FILM-REVIEW-I-LL-SEE-YOU-IN-MY-DREAMS-72905116.JPG
V/MinimogrifierUtils(31172): resized image URL: http://www.gannett-cdn.com/-mm-/77f07813a0935855cab2898c65eec492dfea50ba/c=1014-0-4294-3280&r=100x100&q=80/local/-/media/2015/05/16/USATODAY/USATODAY/635673798805782545-GTY-472535586-72885358.JPG
V/MinimogrifierUtils(31172): resized image URL: http://www.gannett-cdn.com/-mm-/d816044f9ee041b08d423f93ba992606fb3f053d/c=1146-0-2822-1676&r=100x100&q=80/local/-/media/2015/05/16/USATODAY/USATODAY/635673790693366545-AP-BD-FILM-REVIEW-I-LL-SEE-YOU-IN-MY-DREAMS-72905118.JPG
W/BindingManager(31172): Cannot call determinedVisibility() - never saw a connection for the pid: 31172
V/MinimogrifierUtils(31172): resized image URL: http://www.gannett-cdn.com/-mm-/5c599ff77c228cf8ccd2af61d37e7e0764c894cc/c=502-0-2499-1997&r=100x100&q=80/local/-/media/2015/05/17/USATODAY/USATODAY/635675023130783015-GTY-473811632-73127746.JPG
V/MinimogrifierUtils(31172): resized image URL: http://www.gannett-cdn.com/-mm-/a3f1bfd528b9d3a537dfae79e1f2932b906136a2/c=752-0-3314-2562&r=100x100&q=80/local/-/media/2015/05/17/USATODAY/USATODAY/635675027457737695-AP-2015-BILLBOARD-MUSIC-AWARDS---SHOW-73129828.JPG
V/MinimogrifierUtils(31172): resized image URL: http://www.gannett-cdn.com/-mm-/be3566a8dc715119734fa876cbe6596270c9e72d/c=472-0-2528-2056&r=100x100&q=80/local/-/media/2015/05/17/USATODAY/USATODAY/635675026741830750-GTY-473820436-73129836.JPG
E/WifiStateMachine(  562): WifiStateMachine CMD_START_SCAN source -2 txSuccessRate=243.13 rxSuccessRate=690.14 targetRoamBSSID=any RSSI=-49
V/MinimogrifierUtils(31172): resized image URL: http://www.gannett-cdn.com/-mm-/5c599ff77c228cf8ccd2af61d37e7e0764c894cc/c=502-0-2499-1997&r=100x100&q=80/local/-/media/2015/05/17/USATODAY/USATODAY/635675025055260695-GTY-473819920-73129612.JPG
V/MinimogrifierUtils(31172): resized image URL: http://www.gannett-cdn.com/-mm-/8890f8618e1bf8b7943a49a87c3007887c921113/c=467-0-2534-2067&r=100x100&q=80/local/-/media/2015/05/17/USATODAY/USATODAY/635675024212989700-GTY-473817708-73128904.JPG
V/MinimogrifierUtils(31172): resized image URL: http://www.gannett-cdn.com/-mm-/ac37fdb72f33f0c28805e0d5037818b8fb1610d4/c=548-0-2452-1904&r=100x100&q=80/local/-/media/2015/05/17/USATODAY/USATODAY/635675023669312275-GTY-473807896-73127252.JPG
V/MinimogrifierUtils(31172): resized image URL: http://www.gannett-cdn.com/-mm-/7054bce1d2964d6a9824619383704c60d662f1ba/c=675-0-2646-1971&r=100x100&q=80/local/-/media/2015/05/19/USATODAY/USATODAY/635675964672703662-554350277-BA-7323-F3252FB87F2AA2E659BD05F33D9EEADF.JPG
V/MinimogrifierUtils(31172): resized image URL: http://www.gannett-cdn.com/-mm-/ed5b6886b38cc50cbffc7b36d21a56ea3496ab1d/c=561-0-2744-2183&r=100x100&q=80/local/-/media/2015/05/14/USATODAY/USATODAY/635672215898214818-MUPPETS-ABC-01.JPG
V/MinimogrifierUtils(31172): resized image URL: http://www.gannett-cdn.com/-mm-/125a435421a0b73f397144438cf15a35c6b3af8b/c=0-0-1587-1587&r=100x100&q=80/local/-/media/2015/05/14/USATODAY/USATODAY/635672215917403310-SUPERGIRL-Upfrontpreview.jpg
V/MinimogrifierUtils(31172): resized image URL: http://www.gannett-cdn.com/-mm-/030cda6234d76b0e555ec384d83b1dc129c05cfc/c=183-0-2883-2700&r=100x100&q=80/local/-/media/2015/05/14/USATODAY/USATODAY/635672215925983530-ScreamQueens-FOX-01.JPG
V/MinimogrifierUtils(31172): resized image URL: http://www.gannett-cdn.com/-mm-/8ca8fb9591745dffdc66431f6562dca66e8f58fe/c=146-0-2386-2240&r=100x100&q=80/local/-/media/2015/05/14/USATODAY/USATODAY/635672215915999274-Reign-CW-01.JPG
V/MinimogrifierUtils(31172): resized image URL: http://www.gannett-cdn.com/-mm-/fd2f28f1595ad9d887f6723322978aab1fdc455f/c=106-0-2106-2000&r=100x100&q=80/local/-/media/2015/05/14/USATODAY/USATODAY/635672215909447106-OfKings-Prophets-ABC-01.JPG
V/MinimogrifierUtils(31172): resized image URL: http://www.gannett-cdn.com/-mm-/9b4eef8927f253cdfd67d0f603d92bf7095e429f/c=0-0-2997-2997&r=100x100&q=80/local/-/media/2015/05/14/USATODAY/USATODAY/635672215910383130-NPHarris-NBCe-02.jpg
V/MinimogrifierUtils(31172): resized image URL: http://www.gannett-cdn.com/-mm-/25729d74816f1684ea93f2eb4500e7705b5bb3c1/c=366-0-1634-1268&r=100x100&q=80/local/-/media/2015/05/14/USATODAY/USATODAY/635672215903050942-Limitless-CBS.JPG
D/ADBMobile(31172): ADBMobile Debug : Analytics - Request Sent(http://gannett.112.2o7.net/b/ss/gpapermobileapp/0/JAVA-4.1.7-AN/s37177764?AQB=1&ndh=1&ce=UTF-8&pev2=AMACTION%3Anavmenu%7Clife_top_stories&c.&a.&DeviceName=Nexus%207&OSVersion=Android%205.1.1&Resolution=1200x1824&action=navmenu%7Clife_top_stories&AppID=USA%20Today%202.7.2.1%20%2852%29&.a&gnt.&MarketName=gpapermobileapp&ProductName=USATODAY%20for%20Android%20Tablet&Orientation=portrait&TimeValue=11%3A00AM&.gnt&.c&t=00%2F00%2F0000%2000%3A00%3A00%200%20240&pageName=USA%20Today%202.7.2.1%20%2852%29&aid=2AACFBD3851921B3-40000610A00022D1&pe=lnk_o&AQE=1)
V/MinimogrifierUtils(31172): resized image URL: http://www.gannett-cdn.com/-mm-/411e5573155e1b7c6c4b42f7a45a51732ef8af41/c=208-868-2922-3582&r=100x100&q=80/local/-/media/2015/05/14/USATODAY/USATODAY/635672215926919554-MinorityReport-FOX.JPG
V/MinimogrifierUtils(31172): resized image URL: http://www.gannett-cdn.com/-mm-/1a9f9685a23858019afabba2c96862611798a956/c=309-15-2294-2000&r=100x100&q=80/local/-/media/2015/05/14/USATODAY/USATODAY/635672215897434798-Heartbreaker02-NBC-Upfront.JPG
V/MinimogrifierUtils(31172): resized image URL: http://www.gannett-cdn.com/-mm-/16b58e8da78dc9170f9f85cac4f267a012753c82/c=0-0-2305-2305&r=100x100&q=80/local/-/media/2015/05/14/USATODAY/USATODAY/635672215918339334-CRAZY-EXGIRLFRIEND01-CWTV-UPFRONT.JPG
V/MinimogrifierUtils(31172): resized image URL: http://www.gannett-cdn.com/-mm-/c96ce330861d9d06d3064d68fe79b8254210cc32/c=584-0-2917-2333&r=100x100&q=80/local/-/media/2015/05/19/USATODAY/usatsports/ap_world_premiere_of__pitch_perfect_2__-_arrivals.jpg
V/MinimogrifierUtils(31172): resized image URL: http://www.gannett-cdn.com/-mm-/bc60d5d4674488b484528a5532fb1d5609ab7ada/c=171-44-448-321&r=100x100&q=80/local/-/media/2015/05/19/USATODAY/USATODAY/635676234002372258-badblood.png
V/MinimogrifierUtils(31172): resized image URL: http://www.gannett-cdn.com/-mm-/fb3d7888c25e2eb9bf3ac2714b8e2b93aa87cab0/c=0-253-2391-2644&r=100x100&q=80/local/-/media/2015/05/17/USATODAY/USATODAY/635674507237783339-madmen-don-wave.jpg
I/Ads     (31172): Ad finished loading.
D/DfpAdRetriever(31172): Ads: ad retrieved: article_banner_top
V/MinimogrifierUtils(31172): resized image URL: http://www.gannett-cdn.com/-mm-/5a44d22fdc706620917f3fca3b5c99082a30756b/c=335-0-2729-2394&r=100x100&q=80/local/-/media/2015/05/17/USATODAY/USATODAY/635674749732505058-KimDickens-CliffCurtis.jpg
V/MinimogrifierUtils(31172): resized image URL: http://www.gannett-cdn.com/-mm-/ad04b265dae8edc78ba91b97f064c688346f110d/c=0-0-3443-3443&r=100x100&q=80/local/-/media/2015/05/17/USATODAY/USATODAY/635674749732505058-KimDickens-portrait-1.jpg
V/MinimogrifierUtils(31172): resized image URL: http://www.gannett-cdn.com/-mm-/9000e400e815b99ad5ecfd7ab211ce28a2a70caa/c=89-0-436-347&r=100x100&q=80/local/-/media/2015/05/19/USATODAY/USATODAY/635676190314804754-Train.png
V/MinimogrifierUtils(31172): resized image URL: http://www.gannett-cdn.com/-mm-/c64f9ac3034d5423eec17ceb083492d6d90c812e/c=0-268-1064-1332&r=100x100&q=80/local/-/media/2015/05/19/USATODAY/USATODAY/635676218774379608-XXX-YES-SQUIRE-MUS-2261-22874223.JPG
V/MinimogrifierUtils(31172): resized image URL: http://www.gannett-cdn.com/-mm-/131c2d0edb5d552458f327dcc649326187715ce0/c=152-0-612-460&r=100x100&q=80/local/-/media/2015/05/19/USATODAY/usatsports/screen-shot-2015-05-19-at-8-10-43-am.jpg
V/MinimogrifierUtils(31172): resized image URL: http://www.gannett-cdn.com/-mm-/ac4fe1427942152ca4b415631cc81c1fb142eeee/c=329-1979-2632-4282&r=100x100&q=80/local/-/media/2015/05/19/USATODAY/usatsports/ap_heel_france_cannes_inside_out_red_carpet_73142494.jpg
V/MinimogrifierUtils(31172): resized image URL: http://www.gannett-cdn.com/-mm-/fafb697844259a40510c62ad506569b7185a82c1/c=317-0-3317-3000&r=100x100&q=80/local/-/media/2015/05/18/USATODAY/USATODAY/635675421118242087-AP-INSIDE-OUT-FRANCE-CANNES-INSIDE-OUT-PHOTO-CALL-73137038.JPG
I/Ads     (31172): Ad finished loading.
D/DfpAdRetriever(31172): Ads: ad retrieved: article_banner_top
W/BindingManager(31172): Cannot call determinedVisibility() - never saw a connection for the pid: 31172
V/MinimogrifierUtils(31172): resized image URL: http://www.gannett-cdn.com/-mm-/fa7752cce4e3385c41f0ae1c4dc5c9b1a97fd5f6/c=0-0-4096-4096&r=100x100&q=80/local/-/media/2015/05/18/USATODAY/USATODAY/635675420036503417-AP-FILM-SUMMER-PREVIEW-ORIGINALS-72499746.JPG
V/MinimogrifierUtils(31172): resized image URL: http://www.gannett-cdn.com/-mm-/329e5692d1b093d83bee6cd41d81a1581896a545/c=286-0-3286-3000&r=100x100&q=80/local/-/media/2015/05/18/USATODAY/USATODAY/635675419307648057-AP-INSIDE-OUT-FRANCE-CANNES-INSIDE-OUT-PHOTO-CALL-73137022.JPG
V/MinimogrifierUtils(31172): resized image URL: http://www.gannett-cdn.com/-mm-/33fdf9165ad8f535594abb2f924d95edd47cd8ff/c=160-0-2160-2000&r=100x100&q=80/local/-/media/2015/05/17/USATODAY/USATODAY/635674974230547750-TheVoice02-CC051915.JPG
V/MinimogrifierUtils(31172): resized image URL: http://www.gannett-cdn.com/-mm-/c6bab02f048c288424797b68ce98e1122bc1c616/c=560-0-2000-1440&r=100x100&q=80/local/-/media/2015/05/18/USATODAY/USATODAY/635675641542854910-XXX-WTW-MR-SLOAN-051915-DCB-73142432.JPG
V/MinimogrifierUtils(31172): resized image URL: http://www.gannett-cdn.com/-mm-/c6bab02f048c288424797b68ce98e1122bc1c616/c=560-0-2000-1440&r=100x100&q=80/local/-/media/2015/05/18/USATODAY/USATODAY/635675643230974194-XXX-WTW-MR-SLOAN-051915-DCB-73142432.JPG
V/MinimogrifierUtils(31172): resized image URL: http://www.gannett-cdn.com/-mm-/07f8092a0553e7eec0ca59583d11e928a1664ce8/c=605-0-1979-1374&r=100x100&q=80/local/-/media/2015/05/18/USATODAY/USATODAY/635675629623735030-XXX-WTW-SEINFELD02-051915-DCB-73142638.JPG
V/MinimogrifierUtils(31172): resized image URL: http://www.gannett-cdn.com/-mm-/66dae45a9f712802f6a6aab5fb4a2fb1f4b38099/c=500-0-2500-2000&r=100x100&q=80/local/-/media/2015/05/18/USATODAY/usatsports/xxx_bachelorette_josh_girls_137_.jpg
V/MinimogrifierUtils(31172): resized image URL: http://www.gannett-cdn.com/-mm-/434b2ff2150de9626304d328e2e0b12ff6ce216d/c=167-0-833-666&r=100x100&q=80/local/-/media/2015/05/18/USATODAY/usatsports/1bachelorette_planent.jpg
V/MinimogrifierUtils(31172): resized image URL: http://www.gannett-cdn.com/-mm-/66dae45a9f712802f6a6aab5fb4a2fb1f4b38099/c=500-0-2500-2000&r=100x100&q=80/local/-/media/2015/05/18/USATODAY/usatsports/xxx_bachelorette_ryan_girls_138_.jpg
V/MinimogrifierUtils(31172): resized image URL: http://www.gannett-cdn.com/-mm-/191b9815e52feb07ca37d36e1c6f1f8a00d75469/c=191-35-506-350&r=100x100&q=80/local/-/media/2015/05/18/USATODAY/USATODAY/635675868194670346-Screen-Shot-2015-05-18-at-9.13.12-PM.png
V/MinimogrifierUtils(31172): resized image URL: http://www.gannett-cdn.com/-mm-/66dae45a9f712802f6a6aab5fb4a2fb1f4b38099/c=500-0-2500-2000&r=100x100&q=80/local/-/media/2015/05/18/USATODAY/usatsports/xxx_139440_2228_73136622.jpg
V/MinimogrifierUtils(31172): resized image URL: http://www.gannett-cdn.com/-mm-/007136c07313dca4414d3385eb9212379ea664e5/c=0-408-2360-2768&r=100x100&q=80/local/-/media/2015/05/18/USATODAY/USATODAY/635675558730950612-482828429.jpg
V/MinimogrifierUtils(31172): resized image URL: http://www.gannett-cdn.com/-mm-/2a39640a9739ef3eddf354e89f33a33d26abc13e/c=445-0-1783-1338&r=100x100&q=80/local/-/media/2015/05/15/USATODAY/USATODAY/635672802232124032-BB-King-051515-2.jpg
V/MinimogrifierUtils(31172): resized image URL: http://www.gannett-cdn.com/-mm-/e8ec6c26461fa7d92d79e3b364e6419a85a63979/c=134-0-548-414&r=100x100&q=80/local/-/media/2015/05/18/USATODAY/USATODAY/635675841283743819-Screen-shot-2015-05-18-at-10.10.59-PM.png
V/MinimogrifierUtils(31172): resized image URL: http://www.gannett-cdn.com/-mm-/fdd0e9c6fd6da31afc3eda00b16e8fc22f72318c/c=663-0-3543-2880&r=100x100&q=80/local/-/media/2015/05/18/USATODAY/USATODAY/635675715153775884-XXX-BOBBI-KRISTINA-NICK-GORDON-jy-4882-.JPG
V/MinimogrifierUtils(31172): resized image URL: http://www.gannett-cdn.com/-mm-/96878bfde166432a718d2677192a8ab01b12af79/c=71-0-2023-1952&r=100x100&q=80/local/-/media/2015/05/18/USATODAY/USATODAY/635675723881175420-AP-TV-Dr-Phil-Nick-Gordon.jpg
V/MinimogrifierUtils(31172): resized image URL: http://www.gannett-cdn.com/-mm-/ba0a979121656266ad60ae5f0a62c35b9f7711e6/c=353-0-3197-2844&r=100x100&q=80/local/-/media/2015/05/18/USATODAY/usatsports/afp_540381850_72813944.jpg
V/MinimogrifierUtils(31172): resized image URL: http://www.gannett-cdn.com/-mm-/17a81061193ad2a316e54facdc7c3c1fb7344970/c=350-0-2453-2103&r=100x100&q=80/local/-/media/2015/05/18/USATODAY/usatsports/afp-538867226.jpg
V/MinimogrifierUtils(31172): resized image URL: http://www.gannett-cdn.com/-mm-/787e817f4a9e5962721bd52cb7f4c829502e5e38/c=0-54-2537-2591&r=100x100&q=80/local/-/media/2015/05/18/USATODAY/USATODAY/635675656235950612-GTY-460295246.jpg
W/art     (31172): Attempt to remove local handle scope entry from IRT, ignoring
W/AwContents(31172): onDetachedFromWindow called when already detached. Ignoring
W/art     (31172): Attempt to remove local handle scope entry from IRT, ignoring
W/art     (31172): Attempt to remove local handle scope entry from IRT, ignoring
V/MinimogrifierUtils(31172): resized image URL: http://www.gannett-cdn.com/-mm-/e5027f9530bb2c8eb3ff171508f90e2fed4e1426/c=0-315-1992-2307&r=100x100&q=80/local/-/media/2015/05/18/USATODAY/USATODAY/635675643867530846-XXX-abc-news-stephanapoulos-standup-5161-.JPG
W/art     (31172): Attempt to remove local handle scope entry from IRT, ignoring
V/MinimogrifierUtils(31172): resized image URL: http://www.gannett-cdn.com/-mm-/5b2e4e26e36ee55f75d857102b0abc5f16033d5c/c=284-344-1655-1715&r=100x100&q=80/local/-/media/2015/05/17/USATODAY/USATODAY/635674958839250455-500QUESTIONS03-ABC.JPG
W/AwContents(31172): onDetachedFromWindow called when already detached. Ignoring
V/MinimogrifierUtils(31172): resized image URL: http://www.gannett-cdn.com/-mm-/12407045e2f190e042fbc37fd95325ab4f92d7a9/c=455-0-4032-3577&r=100x100&q=80/local/-/media/2015/05/17/USATODAY/USATODAY/635674956599954685-BULLSEYE01-FOX.JPG
W/art     (31172): Attempt to remove local handle scope entry from IRT, ignoring
W/art     (31172): Attempt to remove local handle scope entry from IRT, ignoring
V/MinimogrifierUtils(31172): resized image URL: http://www.gannett-cdn.com/-mm-/8cb4da8638879b6b9f2a445a923d0559d1677092/c=0-0-2700-2700&r=100x100&q=80/local/-/media/2015/05/17/USATODAY/USATODAY/635674955924141025-AYS-Cont15-0076A-hires2.jpg
V/MinimogrifierUtils(31172): resized image URL: http://www.gannett-cdn.com/-mm-/47432e579a1f8884226c938b8428e971baec464b/c=274-0-2149-1875&r=100x100&q=80/local/-/media/2015/05/18/USATODAY/usatsports/gty_472747874_72912960-e1431979226733.jpg
V/MinimogrifierUtils(31172): resized image URL: http://www.gannett-cdn.com/-mm-/fa98fc2f87c8f0b8f1a3fa7a068a95a20e277c65/c=434-0-2562-2128&r=100x100&q=80/local/-/media/2015/05/18/USATODAY/usatsports/ap-britain-royal-baby.jpg
V/MinimogrifierUtils(31172): resized image URL: http://www.gannett-cdn.com/-mm-/761af34634f8c1b40ac7f03acc166098d00d05d0/c=0-242-2295-2537&r=100x100&q=80/local/-/media/2015/05/18/USATODAY/USATODAY/635675401267086144-XXXGTY-450476649-59971580.JPG
V/MinimogrifierUtils(31172): resized image URL: http://www.gannett-cdn.com/-mm-/0b15cc7e3976c73f9fe4c3981c67533f8e838e55/c=363-0-2636-2273&r=100x100&q=80/local/-/media/2015/05/18/USATODAY/USATODAY/635675401265370100-XXXGTY-464265648-71092376.JPG
V/MinimogrifierUtils(31172): resized image URL: http://www.gannett-cdn.com/-mm-/4833cb250312043eb0bcc35d2b0d15dbee4b23b0/c=0-193-2166-2359&r=100x100&q=80/local/-/media/2015/05/18/USATODAY/USATODAY/635675401265214096-XXX92663AR003-PREMIERE-OF-A-30181807.JPG
V/MinimogrifierUtils(31172): resized image URL: http://www.gannett-cdn.com/-mm-/6b4726997ee3afc584a63f03d1a7a7eabcd3aa34/c=289-216-963-890&r=100x100&q=80/local/-/media/2015/04/05/USATODAY/USATODAY/635638524549378977-XXX-PERSONOFINTEREST01-CBS-SOS-dcb.JPG
V/MinimogrifierUtils(31172): resized image URL: http://www.gannett-cdn.com/-mm-/8d9671dcac356995cb96adb101b10709c014e095/c=0-62-2247-2309&r=100x100&q=80/local/-/media/2015/05/08/USATODAY/USATODAY/635666741654564475-137683-0827.jpg
V/MinimogrifierUtils(31172): resized image URL: http://www.gannett-cdn.com/-mm-/b61551d104b0f5bc25f5b3a9ab7ff93291d5c1b5/c=0-0-2000-2000&r=100x100&q=80/local/-/media/2015/05/05/USATODAY/USATODAY/635664627108951672-broadway.jpg
V/MinimogrifierUtils(31172): resized image URL: http://www.gannett-cdn.com/-mm-/48c51f757cdadb8e2cdc1bd385705dc612845f22/c=857-0-3399-2542&r=100x100&q=80/local/-/media/2015/05/18/USATODAY/usatsports/xxx_mad_max_fury_road_mov_jy_6149_.jpg
V/MinimogrifierUtils(31172): resized image URL: http://www.gannett-cdn.com/-mm-/f409da0699cc19dbeefa705440fabf8cb0f905c8/c=300-0-1801-1501&r=100x100&q=80/local/-/media/2015/05/18/USATODAY/usatsports/guy-norris-2-doug-mitchell-george-miller.jpeg
W/BindingManager(31172): Cannot call determinedVisibility() - never saw a connection for the pid: 31172
V/MinimogrifierUtils(31172): resized image URL: http://www.gannett-cdn.com/-mm-/214fcbff63a404bfa4e4b22b3474aabc42d400f2/c=382-0-1899-1517&r=100x100&q=80/local/-/media/2015/05/18/USATODAY/usatsports/guy-norris-1-set.jpeg
V/MinimogrifierUtils(31172): resized image URL: http://www.gannett-cdn.com/-mm-/8aa1eadefdd4300f91495d76f6e84665b9de035d/c=0-0-897-897&r=100x100&q=80/local/-/media/2015/05/15/JacksonMS/JacksonMS/635672831737472560-king050.jpg
V/MinimogrifierUtils(31172): resized image URL: http://www.gannett-cdn.com/-mm-/44aaeccf857959b6eac844b59003fec77b51c471/c=67-0-468-401&r=100x100&q=80/local/-/media/2015/05/18/JacksonMS/JacksonMS/635675460714495157-635640124626972028-B.B.-King-001.jpg
V/MinimogrifierUtils(31172): resized image URL: http://www.gannett-cdn.com/-mm-/66dae45a9f712802f6a6aab5fb4a2fb1f4b38099/c=500-0-2500-2000&r=100x100&q=80/local/-/media/2015/04/14/USATODAY/USATODAY/635646078665004739-XXX-AGENCTCARTER03-022415.JPG
V/MinimogrifierUtils(31172): resized image URL: http://www.gannett-cdn.com/-mm-/a82720ce661d5a0420821440feee124976154bd5/c=461-0-2461-2000&r=100x100&q=80/local/-/media/2015/04/11/USATODAY/USATODAY/635643690640344159-XXX-NUP-166599-0219.JPG
V/MinimogrifierUtils(31172): resized image URL: http://www.gannett-cdn.com/-mm-/21d0f4041b6138e679cebb403c86706dec79cbbb/c=177-261-1462-1546&r=100x100&q=80/local/-/media/2015/04/09/USATODAY/USATODAY/635641883499084198-XXX-MINDY-EP315-SCN19-1044-hires2.jpg
V/MinimogrifierUtils(31172): resized image URL: http://www.gannett-cdn.com/-mm-/f47c4842522c3c427911f2b4a96a0154bf52bb36/c=0-156-2247-2403&r=100x100&q=80/local/-/media/2015/04/09/USATODAY/USATODAY/635641880026323676-XXX-about-a-boy-noogie-5725-.JPG
V/MinimogrifierUtils(31172): resized image URL: http://www.gannett-cdn.com/-mm-/4a383d7c688b8ede6d2ec10e4cc91d6f9fd31db9/c=279-0-1720-1441&r=100x100&q=80/local/-/media/2015/04/07/USATODAY/USATODAY/635640254872348570-XXX-PERSON-OF-INTEREST-Person-of-Interest-6-.JPG
V/MinimogrifierUtils(31172): resized image URL: http://www.gannett-cdn.com/-mm-/44227dbe76dd0e8035368997a3e2591d4206e6cb/c=574-0-2196-1622&r=100x100&q=80/local/-/media/2015/05/18/USATODAY/USATODAY/635675572624375808-SB2-FF-010.jpg
W/Resources(31172): Converting to string: TypedValue{t=0x12/d=0x0 a=2 r=0x7f0b0139}
W/Resources(31172): Converting to string: TypedValue{t=0x1d/d=0xffffffff a=2 r=0x7f0900f6}
W/Resources(31172): Converting to string: TypedValue{t=0x12/d=0x0 a=2 r=0x7f0b013a}
W/Resources(31172): Converting to string: TypedValue{t=0x1d/d=0xffc6c9c9 a=2 r=0x7f0900d1}
W/Resources(31172): Converting to string: TypedValue{t=0x12/d=0x0 a=2 r=0x7f0b00cd}
W/Resources(31172): Converting to string: TypedValue{t=0x1d/d=0xffeeeeee a=2 r=0x7f0900cd}
W/Resources(31172): Converting to string: TypedValue{t=0x5/d=0x401 a=2 r=0x7f0a0069}
W/Resources(31172): Converting to string: TypedValue{t=0x5/d=0x401 a=2 r=0x7f0a0069}
D/UrlProducer(31172): Articles URL requested: http://api.gannett-cdn.com/mobilefeeds/fronts/v1/life_mobile/?siteId=1&hls=false&api_key=euc4uvhentf8r3dgt69483ad
D/AdConfigurationImpl(31172): lookingFor: article_banner_top, found: section_front
D/AdConfigurationImpl(31172): lookingFor: article_banner_bottom, found: section_front
D/AdConfigurationImpl(31172): lookingFor: high_impact, found: section_front
D/AdConfigurationImpl(31172): lookingFor: section_front, found: section_front
D/GravityWell(31172): No active creative
W/Resources(31172): Converting to string: TypedValue{t=0x12/d=0x0 a=2 r=0x7f0b009a}
W/Resources(31172): Converting to string: TypedValue{t=0x12/d=0x0 a=2 r=0x7f0b00d6}
W/Resources(31172): Converting to string: TypedValue{t=0x1c/d=0x33b0b0b0 a=2 r=0x7f090008}
W/Resources(31172): Converting to string: TypedValue{t=0x12/d=0x0 a=2 r=0x7f0b00d7}
W/Resources(31172): Converting to string: TypedValue{t=0x1c/d=0x33b0b0b0 a=2 r=0x7f090008}
W/art     (31172): Attempt to remove local handle scope entry from IRT, ignoring
W/AwContents(31172): onDetachedFromWindow called when already detached. Ignoring
W/Resources(31172): Converting to string: TypedValue{t=0x12/d=0x0 a=2 r=0x7f0b00d8}
W/Resources(31172): Converting to string: TypedValue{t=0x1c/d=0x33b0b0b0 a=2 r=0x7f090008}
W/art     (31172): Attempt to remove local handle scope entry from IRT, ignoring
W/AwContents(31172): onDetachedFromWindow called when already detached. Ignoring
D/AdConfigurationImpl(31172): lookingFor: article_banner_top, found: section_front
D/AdConfigurationImpl(31172): lookingFor: article_banner_bottom, found: section_front
D/AdConfigurationImpl(31172): lookingFor: high_impact, found: section_front
D/AdConfigurationImpl(31172): lookingFor: section_front, found: section_front
D/Ads     (31172): Ads: Params: latitude=38.92041482;ver=2.7.2.1;longitude=-77.22110591;pageType=front;androidid=b20c3623-9a28-4594-844b-acc8da859575;
I/Ads     (31172): Starting ad request.
I/Ads     (31172): Use AdRequest.Builder.addTestDevice("07C3BD1FC97B8BD363E7086452B8BB2A") to get test ads on this device.
I/Ads     (31172): Please set theme of AdActivity to @android:style/Theme.Translucent to enable transparent background interstitial ad.
D/DfpAdRetriever(31172): AD_REQUEST::SectionFront::/7103/usatoday_tablet/android_tablet_app-section_front/entertainment/main:: Size = 468x60::AWS::entertainment/main
D/ADBMobile(31172): ADBMobile Debug : Audience Manager - request (http://gannett.demdex.net/event?c_gnt_prefs_PushSegments=bknews%7Cnull%7Cnull%7Cnull%7Cnull%7Cnull&c_gnt_Orientation=portrait&c_gnt_TimeValue=11%3A00AM&c_gnt_Location=38.9323821%7C-77.2181611&c_gnt_zag_zip=22102&c_gnt_ssts_Subsection=Life%20Top%20Stories&c_gnt_ContentType=sectionfront&c_gnt_ProductName=USATODAY%20for%20Android%20Tablet&c_gnt_ssts_Section=Life&c_gnt_MarketName=gpapermobileapp&c_gnt_quietTime=10%3A00pm%7C07%3A00am&d_dpid=3054&d_dpuuid=b20c3623-9a28-4594-844b-acc8da859575&d_ptfm=android&d_dst=1&d_rtbd=json)
W/ADBMobile(31172): ADBMobile Debug : Audience Manager - Unable to parse JSON data (No value for dests)
D/ADBMobile(31172): ADBMobile Debug : Analytics - Attempting to send request parameters(22635816?AQB=1&ndh=1&ce=UTF-8&c.&a.&DeviceName=Nexus%207&OSVersion=Android%205.1.1&Resolution=1200x1824&AppID=USA%20Today%202.7.2.1%20%2852%29&.a&gnt.&Orientation=portrait&prefs.&PushSegments=bknews%7Cnull%7Cnull%7Cnull%7Cnull%7Cnull&.prefs&MarketName=gpapermobileapp&quietTime=10%3A00pm%7C07%3A00am&ProductName=USATODAY%20for%20Android%20Tablet&ssts.&Section=Life&Subsection=Life%20Top%20Stories&.ssts&Location=38.9323821%7C-77.2181611&zag.&zip=22102&.zag&ContentType=sectionfront&TimeValue=11%3A00AM&.gnt&.c&t=00%2F00%2F0000%2000%3A00%3A00%200%20240&pageName=Life%7CLife%20Top%20Stories%7Cindex&aid=2AACFBD3851921B3-40000610A00022D1&AQE=1)
D/UserEdManager(31172): tryDisplayUserEd
D/UserEdManager(31172): hideAndResetUserEd
D/UrlProducer(31172): Breaking News URL requested: http://api.gannett-cdn.com/mobilefeeds/breakingnews/v1/mobile/?siteId=1&api_key=euc4uvhentf8r3dgt69483ad
W/Resources(31172): Converting to string: TypedValue{t=0x5/d=0x4001 a=1 r=0x1050051}
W/Resources(31172): Converting to string: TypedValue{t=0x5/d=0x3801 a=1 r=0x105003a}
W/Resources(31172): Converting to string: TypedValue{t=0x12/d=0x0 a=2 r=0x7f0b0114}
W/Resources(31172): Converting to string: TypedValue{t=0x1d/d=0xffebebeb a=2 r=0x7f090013}
W/Resources(31172): Converting to string: TypedValue{t=0x12/d=0x0 a=2 r=0x7f0b0071}
D/Transform(31172): BreakingNewsModule: com.gannett.android.exceptions.InvalidEntityException: no items
D/Transform(31172): BreakingNewsFeedImpl: com.gannett.android.exceptions.InvalidEntityException: no module
D/ADBMobile(31172): ADBMobile Debug : Analytics - Request Sent(http://gannett.112.2o7.net/b/ss/gpapermobileapp/0/JAVA-4.1.7-AN/s22635816?AQB=1&ndh=1&ce=UTF-8&c.&a.&DeviceName=Nexus%207&OSVersion=Android%205.1.1&Resolution=1200x1824&AppID=USA%20Today%202.7.2.1%20%2852%29&.a&gnt.&Orientation=portrait&prefs.&PushSegments=bknews%7Cnull%7Cnull%7Cnull%7Cnull%7Cnull&.prefs&MarketName=gpapermobileapp&quietTime=10%3A00pm%7C07%3A00am&ProductName=USATODAY%20for%20Android%20Tablet&ssts.&Section=Life&Subsection=Life%20Top%20Stories&.ssts&Location=38.9323821%7C-77.2181611&zag.&zip=22102&.zag&ContentType=sectionfront&TimeValue=11%3A00AM&.gnt&.c&t=00%2F00%2F0000%2000%3A00%3A00%200%20240&pageName=Life%7CLife%20Top%20Stories%7Cindex&aid=2AACFBD3851921B3-40000610A00022D1&AQE=1)
W/Resources(31172): Converting to string: TypedValue{t=0x12/d=0x0 a=2 r=0x7f0b0115}
