E/NetworkScheduler.SchedulerReceiver(14012): Invalid package name : Perhaps you didn't include a PendingIntent in the extras?
D/PackageBroadcastService( 6165): Received broadcast action=android.intent.action.PACKAGE_REMOVED and uri=com.usatoday.android.news.test
D/ChimeraRcvrProxy( 6165): Creating receiver proxy ComponentInfo{com.google.android.gms/com.google.android.gms.games.chimera.GamesSystemBroadcastReceiverProxy}
D/ChimeraRcvrProxy( 6165): Proxying container receiver ComponentInfo{com.google.android.gms/com.google.android.gms.games.chimera.GamesSystemBroadcastReceiverProxy} to Chimera receiver impl com.google.android.gms.games.receiver.PlaySystemBroadcastReceiver
D/ChimeraCfgMgr( 6165): Loading module com.google.android.gms.games from APK com.google.android.play.games
D/ChimeraModuleLdr( 6165): Module APK com.google.android.play.games already loaded
I/ConfigFetchService( 6165): onStartCommand Intent { act=android.intent.action.PACKAGE_REMOVED dat=package:com.usatoday.android.news.test cmp=com.google.android.gms/.config.ConfigFetchService (has extras) }
D/ChimeraSrvcProxy( 6165): Creating service proxy ComponentInfo{com.google.android.gms/com.google.android.gms.games.chimera.GamesAsyncServiceProxy}
D/ChimeraSrvcProxy( 6165): Proxying container service ComponentInfo{com.google.android.gms/com.google.android.gms.games.chimera.GamesAsyncServiceProxy} to Chimera service impl com.google.android.gms.games.service.PlayGamesAsyncService
D/ChimeraCfgMgr( 6165): Loading module com.google.android.gms.games from APK com.google.android.play.games
D/ChimeraModuleLdr( 6165): Module APK com.google.android.play.games already loaded
D/BackupManagerService(  562): Received broadcast Intent { act=android.intent.action.PACKAGE_ADDED dat=package:com.usatoday.android.news.test flg=0x4000010 (has extras) }
W/BackupManagerService(  562): Removing schedule queue dupe of com.usatoday.android.news.test
D/PackageBroadcastService( 6165): Received broadcast action=android.intent.action.PACKAGE_ADDED and uri=com.usatoday.android.news.test
D/ChimeraRcvrProxy( 6165): Creating receiver proxy ComponentInfo{com.google.android.gms/com.google.android.gms.games.chimera.GamesSystemBroadcastReceiverProxy}
D/ChimeraRcvrProxy( 6165): Proxying container receiver ComponentInfo{com.google.android.gms/com.google.android.gms.games.chimera.GamesSystemBroadcastReceiverProxy} to Chimera receiver impl com.google.android.gms.games.receiver.PlaySystemBroadcastReceiver
D/ChimeraCfgMgr( 6165): Loading module com.google.android.gms.games from APK com.google.android.play.games
D/ChimeraModuleLdr( 6165): Module APK com.google.android.play.games already loaded
I/ConfigFetchService( 6165): onStartCommand Intent { act=android.intent.action.PACKAGE_ADDED dat=package:com.usatoday.android.news.test cmp=com.google.android.gms/.config.ConfigFetchService (has extras) }
I/UpdateIcingCorporaServi( 1317): Updating corpora: APPS=com.usatoday.android.news.test, CONTACTS=MAYBE
I/PeopleContactsSync( 6165): CP2 sync disabled
I/ApplicationLogger( 1317): canRun() : Opted Out
I/UpdateIcingCorporaServi( 1317): UpdateCorporaTask done [took 83 ms] updated apps [took 83 ms] 
E/NetworkScheduler.SchedulerReceiver(14012): Invalid parameter app
E/NetworkScheduler.SchedulerReceiver(14012): Invalid package name : Perhaps you didn't include a PendingIntent in the extras?
I/art     (  562): Explicit concurrent mark sweep GC freed 31377(2MB) AllocSpace objects, 17(426KB) LOS objects, 33% free, 27MB/41MB, paused 5.157ms total 367.523ms
D/PackageBroadcastService( 6165): Received broadcast action=android.intent.action.PACKAGE_REPLACED and uri=com.usatoday.android.news.test
I/PeopleContactsSync( 6165): CP2 sync disabled
W/AccountNameManager(26566): Original name not found for mikepopegannett@gmail.com
I/art     (30929): System.exit called, status: 0
I/AndroidRuntime(30929): VM exiting with result code 0.
W/Resources( 4701): Converting to string: TypedValue{t=0x12/d=0x0 a=2 r=0x7f0e0005}
W/Resources( 4701): Converting to string: TypedValue{t=0x12/d=0x0 a=2 r=0x7f0e0005}
W/Resources( 4701): Converting to string: TypedValue{t=0x12/d=0x0 a=2 r=0x7f0e0005}
W/Resources( 4701): Converting to string: TypedValue{t=0x12/d=0x0 a=2 r=0x7f0e0005}
W/Resources( 4701): Converting to string: TypedValue{t=0x12/d=0x0 a=2 r=0x7f0e0005}
W/Resources( 4701): Converting to string: TypedValue{t=0x12/d=0x0 a=2 r=0x7f0e0005}
W/Resources( 4701): Converting to string: TypedValue{t=0x12/d=0x0 a=2 r=0x7f0e0005}
W/Resources( 4701): Converting to string: TypedValue{t=0x12/d=0x0 a=2 r=0x7f0e0005}
W/Resources( 4701): Converting to string: TypedValue{t=0x12/d=0x0 a=2 r=0x7f0e0005}
W/Resources( 4701): Converting to string: TypedValue{t=0x12/d=0x0 a=2 r=0x7f0e0005}
W/Resources( 4701): Converting to string: TypedValue{t=0x12/d=0x0 a=2 r=0x7f0e0005}
W/Resources( 4701): Converting to string: TypedValue{t=0x12/d=0x0 a=2 r=0x7f0e0005}
W/Resources( 4701): Converting to string: TypedValue{t=0x12/d=0x0 a=2 r=0x7f0e0005}
W/Resources( 4701): Converting to string: TypedValue{t=0x12/d=0x0 a=2 r=0x7f0e0005}
W/Resources( 4701): Converting to string: TypedValue{t=0x12/d=0x0 a=2 r=0x7f0e0005}
W/Resources( 4701): Converting to string: TypedValue{t=0x12/d=0x0 a=2 r=0x7f0e0005}
W/Resources( 4701): Converting to string: TypedValue{t=0x12/d=0x0 a=2 r=0x7f0e0005}
W/Resources( 4701): Converting to string: TypedValue{t=0x12/d=0x0 a=2 r=0x7f0e0005}
W/Resources( 4701): Converting to string: TypedValue{t=0x12/d=0x0 a=2 r=0x7f0e0005}
W/Resources( 4701): Converting to string: TypedValue{t=0x12/d=0x0 a=2 r=0x7f0e0005}
W/Resources( 4701): Converting to string: TypedValue{t=0x12/d=0x0 a=2 r=0x7f0e0005}
W/Resources( 4701): Converting to string: TypedValue{t=0x12/d=0x0 a=2 r=0x7f0e0005}
W/Resources( 4701): Converting to string: TypedValue{t=0x12/d=0x0 a=2 r=0x7f0e0005}
W/Resources( 4701): Converting to string: TypedValue{t=0x12/d=0x0 a=2 r=0x7f0e0005}
W/Resources( 4701): Converting to string: TypedValue{t=0x12/d=0x0 a=2 r=0x7f0e0005}
W/Resources( 4701): Converting to string: TypedValue{t=0x12/d=0x0 a=2 r=0x7f0e0005}
W/Resources( 4701): Converting to string: TypedValue{t=0x12/d=0x0 a=2 r=0x7f0e0005}
W/Resources( 4701): Converting to string: TypedValue{t=0x12/d=0x0 a=2 r=0x7f0e0005}
W/Resources( 4701): Converting to string: TypedValue{t=0x12/d=0x0 a=2 r=0x7f0e0005}
W/Resources( 4701): Converting to string: TypedValue{t=0x12/d=0x0 a=2 r=0x7f0e0005}
W/Resources( 4701): Converting to string: TypedValue{t=0x12/d=0x0 a=2 r=0x7f0e0005}
W/Resources( 4701): Converting to string: TypedValue{t=0x12/d=0x0 a=2 r=0x7f0e0005}
W/Resources( 4701): Converting to string: TypedValue{t=0x12/d=0x0 a=2 r=0x7f0e0005}
W/Resources( 4701): Converting to string: TypedValue{t=0x12/d=0x0 a=2 r=0x7f0e0005}
W/Resources( 4701): Converting to string: TypedValue{t=0x12/d=0x0 a=2 r=0x7f0e0005}
W/Resources( 4701): Converting to string: TypedValue{t=0x12/d=0x0 a=2 r=0x7f0e0005}
W/Resources( 4701): Converting to string: TypedValue{t=0x12/d=0x0 a=2 r=0x7f0e0005}
W/Resources( 4701): Converting to string: TypedValue{t=0x12/d=0x0 a=2 r=0x7f0e0005}
W/Resources( 4701): Converting to string: TypedValue{t=0x12/d=0x0 a=2 r=0x7f0e0005}
W/Resources( 4701): Converting to string: TypedValue{t=0x12/d=0x0 a=2 r=0x7f0e0005}
W/Resources( 4701): Converting to string: TypedValue{t=0x12/d=0x0 a=2 r=0x7f0e0005}
W/Resources( 4701): Converting to string: TypedValue{t=0x12/d=0x0 a=2 r=0x7f0e0005}
W/Resources( 4701): Converting to string: TypedValue{t=0x12/d=0x0 a=2 r=0x7f0e0005}
W/Resources( 4701): Converting to string: TypedValue{t=0x12/d=0x0 a=2 r=0x7f0e0005}
W/Resources( 4701): Converting to string: TypedValue{t=0x12/d=0x0 a=2 r=0x7f0e0005}
W/Resources( 4701): Converting to string: TypedValue{t=0x12/d=0x0 a=2 r=0x7f0e0005}
W/Resources( 4701): Converting to string: TypedValue{t=0x12/d=0x0 a=2 r=0x7f0e0005}
W/Resources( 4701): Converting to string: TypedValue{t=0x12/d=0x0 a=2 r=0x7f0e0005}
W/Resources( 4701): Converting to string: TypedValue{t=0x12/d=0x0 a=2 r=0x7f0e0005}
W/Resources( 4701): Converting to string: TypedValue{t=0x12/d=0x0 a=2 r=0x7f0e0005}
W/Resources( 4701): Converting to string: TypedValue{t=0x12/d=0x0 a=2 r=0x7f0e0005}
W/Resources( 4701): Converting to string: TypedValue{t=0x12/d=0x0 a=2 r=0x7f0e0005}
W/Resources( 4701): Converting to string: TypedValue{t=0x12/d=0x0 a=2 r=0x7f0e000e}
W/Resources( 4701): Converting to string: TypedValue{t=0x5/d=0x2001 a=2 r=0x7f0a0037}
W/Resources( 4701): Converting to string: TypedValue{t=0x5/d=0x1001 a=2 r=0x7f0a0035}
W/Resources( 4701): Converting to string: TypedValue{t=0x5/d=0x1001 a=2 r=0x7f0a0036}
W/Resources( 4701): Converting to string: TypedValue{t=0x12/d=0x0 a=2 r=0x7f0e000f}
W/Resources( 4701): Converting to string: TypedValue{t=0x12/d=0x0 a=2 r=0x7f0e0010}
W/Resources( 4701): Converting to string: TypedValue{t=0x12/d=0x0 a=2 r=0x7f0e000e}
W/Resources( 4701): Converting to string: TypedValue{t=0x5/d=0x2001 a=2 r=0x7f0a0037}
W/Resources( 4701): Converting to string: TypedValue{t=0x5/d=0x1001 a=2 r=0x7f0a0035}
W/Resources( 4701): Converting to string: TypedValue{t=0x5/d=0x1001 a=2 r=0x7f0a0036}
W/Resources( 4701): Converting to string: TypedValue{t=0x12/d=0x0 a=2 r=0x7f0e000f}
W/Resources( 4701): Converting to string: TypedValue{t=0x12/d=0x0 a=2 r=0x7f0e0010}
W/Resources( 4701): Converting to string: TypedValue{t=0x12/d=0x0 a=2 r=0x7f0e000e}
W/Resources( 4701): Converting to string: TypedValue{t=0x5/d=0x2001 a=2 r=0x7f0a0037}
W/Resources( 4701): Converting to string: TypedValue{t=0x5/d=0x1001 a=2 r=0x7f0a0035}
W/Resources( 4701): Converting to string: TypedValue{t=0x5/d=0x1001 a=2 r=0x7f0a0036}
W/Resources( 4701): Converting to string: TypedValue{t=0x12/d=0x0 a=2 r=0x7f0e000f}
W/Resources( 4701): Converting to string: TypedValue{t=0x12/d=0x0 a=2 r=0x7f0e0010}
D/AndroidRuntime(31142): >>>>>> START com.android.internal.os.RuntimeInit uid 2000 <<<<<<
W/Resources( 4701): Converting to string: TypedValue{t=0x12/d=0x0 a=2 r=0x7f0e000e}
W/Resources( 4701): Converting to string: TypedValue{t=0x5/d=0x2001 a=2 r=0x7f0a0037}
W/Resources( 4701): Converting to string: TypedValue{t=0x5/d=0x1001 a=2 r=0x7f0a0035}
W/Resources( 4701): Converting to string: TypedValue{t=0x5/d=0x1001 a=2 r=0x7f0a0036}
W/Resources( 4701): Converting to string: TypedValue{t=0x12/d=0x0 a=2 r=0x7f0e000f}
D/AndroidRuntime(31142): CheckJNI is OFF
W/Resources( 4701): Converting to string: TypedValue{t=0x12/d=0x0 a=2 r=0x7f0e0010}
W/Resources( 4701): Converting to string: TypedValue{t=0x12/d=0x0 a=2 r=0x7f0e000e}
W/Resources( 4701): Converting to string: TypedValue{t=0x5/d=0x2001 a=2 r=0x7f0a0037}
W/Resources( 4701): Converting to string: TypedValue{t=0x5/d=0x1001 a=2 r=0x7f0a0035}
W/Resources( 4701): Converting to string: TypedValue{t=0x5/d=0x1001 a=2 r=0x7f0a0036}
W/Resources( 4701): Converting to string: TypedValue{t=0x12/d=0x0 a=2 r=0x7f0e000f}
W/Resources( 4701): Converting to string: TypedValue{t=0x12/d=0x0 a=2 r=0x7f0e0010}
W/Resources( 4701): Converting to string: TypedValue{t=0x12/d=0x0 a=2 r=0x7f0e000e}
W/Resources( 4701): Converting to string: TypedValue{t=0x5/d=0x2001 a=2 r=0x7f0a0037}
W/Resources( 4701): Converting to string: TypedValue{t=0x5/d=0x1001 a=2 r=0x7f0a0035}
W/Resources( 4701): Converting to string: TypedValue{t=0x5/d=0x1001 a=2 r=0x7f0a0036}
W/Resources( 4701): Converting to string: TypedValue{t=0x12/d=0x0 a=2 r=0x7f0e000f}
W/Resources( 4701): Converting to string: TypedValue{t=0x12/d=0x0 a=2 r=0x7f0e0010}
W/Resources( 4701): Converting to string: TypedValue{t=0x12/d=0x0 a=2 r=0x7f0e000e}
W/Resources( 4701): Converting to string: TypedValue{t=0x5/d=0x2001 a=2 r=0x7f0a0037}
W/Resources( 4701): Converting to string: TypedValue{t=0x5/d=0x1001 a=2 r=0x7f0a0035}
W/Resources( 4701): Converting to string: TypedValue{t=0x5/d=0x1001 a=2 r=0x7f0a0036}
W/Resources( 4701): Converting to string: TypedValue{t=0x12/d=0x0 a=2 r=0x7f0e000f}
W/Resources( 4701): Converting to string: TypedValue{t=0x12/d=0x0 a=2 r=0x7f0e0010}
W/Resources( 4701): Converting to string: TypedValue{t=0x12/d=0x0 a=2 r=0x7f0e000e}
W/Resources( 4701): Converting to string: TypedValue{t=0x5/d=0x2001 a=2 r=0x7f0a0037}
W/Resources( 4701): Converting to string: TypedValue{t=0x5/d=0x1001 a=2 r=0x7f0a0035}
W/Resources( 4701): Converting to string: TypedValue{t=0x5/d=0x1001 a=2 r=0x7f0a0036}
W/Resources( 4701): Converting to string: TypedValue{t=0x12/d=0x0 a=2 r=0x7f0e000f}
W/Resources( 4701): Converting to string: TypedValue{t=0x12/d=0x0 a=2 r=0x7f0e0010}
W/Resources( 4701): Converting to string: TypedValue{t=0x12/d=0x0 a=2 r=0x7f0e000e}
W/Resources( 4701): Converting to string: TypedValue{t=0x5/d=0x2001 a=2 r=0x7f0a0037}
W/Resources( 4701): Converting to string: TypedValue{t=0x5/d=0x1001 a=2 r=0x7f0a0035}
W/Resources( 4701): Converting to string: TypedValue{t=0x5/d=0x1001 a=2 r=0x7f0a0036}
W/Resources( 4701): Converting to string: TypedValue{t=0x12/d=0x0 a=2 r=0x7f0e000f}
W/Resources( 4701): Converting to string: TypedValue{t=0x12/d=0x0 a=2 r=0x7f0e0010}
W/Resources( 4701): Converting to string: TypedValue{t=0x12/d=0x0 a=2 r=0x7f0e000e}
W/Resources( 4701): Converting to string: TypedValue{t=0x5/d=0x2001 a=2 r=0x7f0a0037}
W/Resources( 4701): Converting to string: TypedValue{t=0x5/d=0x1001 a=2 r=0x7f0a0035}
W/Resources( 4701): Converting to string: TypedValue{t=0x5/d=0x1001 a=2 r=0x7f0a0036}
W/Resources( 4701): Converting to string: TypedValue{t=0x12/d=0x0 a=2 r=0x7f0e000f}
W/Resources( 4701): Converting to string: TypedValue{t=0x12/d=0x0 a=2 r=0x7f0e0010}
W/Resources( 4701): Converting to string: TypedValue{t=0x12/d=0x0 a=2 r=0x7f0e000e}
W/Resources( 4701): Converting to string: TypedValue{t=0x5/d=0x2001 a=2 r=0x7f0a0037}
W/Resources( 4701): Converting to string: TypedValue{t=0x5/d=0x1001 a=2 r=0x7f0a0035}
W/Resources( 4701): Converting to string: TypedValue{t=0x5/d=0x1001 a=2 r=0x7f0a0036}
W/Resources( 4701): Converting to string: TypedValue{t=0x12/d=0x0 a=2 r=0x7f0e000f}
W/Resources( 4701): Converting to string: TypedValue{t=0x12/d=0x0 a=2 r=0x7f0e0010}
W/Resources( 4701): Converting to string: TypedValue{t=0x12/d=0x0 a=2 r=0x7f0e000e}
W/Resources( 4701): Converting to string: TypedValue{t=0x5/d=0x2001 a=2 r=0x7f0a0037}
W/Resources( 4701): Converting to string: TypedValue{t=0x5/d=0x1001 a=2 r=0x7f0a0035}
W/Resources( 4701): Converting to string: TypedValue{t=0x5/d=0x1001 a=2 r=0x7f0a0036}
W/Resources( 4701): Converting to string: TypedValue{t=0x12/d=0x0 a=2 r=0x7f0e000f}
W/Resources( 4701): Converting to string: TypedValue{t=0x12/d=0x0 a=2 r=0x7f0e0010}
W/art     (31063): Suspending all threads took: 24.749ms
W/Resources( 4701): Converting to string: TypedValue{t=0x12/d=0x0 a=2 r=0x7f0e000e}
W/Resources( 4701): Converting to string: TypedValue{t=0x5/d=0x2001 a=2 r=0x7f0a0037}
W/Resources( 4701): Converting to string: TypedValue{t=0x5/d=0x1001 a=2 r=0x7f0a0035}
W/Resources( 4701): Converting to string: TypedValue{t=0x5/d=0x1001 a=2 r=0x7f0a0036}
W/Resources( 4701): Converting to string: TypedValue{t=0x12/d=0x0 a=2 r=0x7f0e000f}
W/Resources( 4701): Converting to string: TypedValue{t=0x12/d=0x0 a=2 r=0x7f0e0010}
W/Resources( 4701): Converting to string: TypedValue{t=0x12/d=0x0 a=2 r=0x7f0e000e}
W/Resources( 4701): Converting to string: TypedValue{t=0x5/d=0x2001 a=2 r=0x7f0a0037}
W/Resources( 4701): Converting to string: TypedValue{t=0x5/d=0x1001 a=2 r=0x7f0a0035}
W/Resources( 4701): Converting to string: TypedValue{t=0x5/d=0x1001 a=2 r=0x7f0a0036}
W/Resources( 4701): Converting to string: TypedValue{t=0x12/d=0x0 a=2 r=0x7f0e000f}
W/Resources( 4701): Converting to string: TypedValue{t=0x12/d=0x0 a=2 r=0x7f0e0010}
W/Resources( 4701): Converting to string: TypedValue{t=0x12/d=0x0 a=2 r=0x7f0e000e}
W/Resources( 4701): Converting to string: TypedValue{t=0x5/d=0x2001 a=2 r=0x7f0a0037}
W/Resources( 4701): Converting to string: TypedValue{t=0x5/d=0x1001 a=2 r=0x7f0a0035}
W/Resources( 4701): Converting to string: TypedValue{t=0x5/d=0x1001 a=2 r=0x7f0a0036}
W/Resources( 4701): Converting to string: TypedValue{t=0x12/d=0x0 a=2 r=0x7f0e000f}
W/Resources( 4701): Converting to string: TypedValue{t=0x12/d=0x0 a=2 r=0x7f0e0010}
W/Resources( 4701): Converting to string: TypedValue{t=0x12/d=0x0 a=2 r=0x7f0e000e}
W/Resources( 4701): Converting to string: TypedValue{t=0x5/d=0x2001 a=2 r=0x7f0a0037}
W/Resources( 4701): Converting to string: TypedValue{t=0x5/d=0x1001 a=2 r=0x7f0a0035}
W/Resources( 4701): Converting to string: TypedValue{t=0x5/d=0x1001 a=2 r=0x7f0a0036}
W/Resources( 4701): Converting to string: TypedValue{t=0x12/d=0x0 a=2 r=0x7f0e000f}
W/Resources( 4701): Converting to string: TypedValue{t=0x12/d=0x0 a=2 r=0x7f0e0010}
W/Resources( 4701): Converting to string: TypedValue{t=0x12/d=0x0 a=2 r=0x7f0e000e}
W/Resources( 4701): Converting to string: TypedValue{t=0x5/d=0x2001 a=2 r=0x7f0a0037}
W/Resources( 4701): Converting to string: TypedValue{t=0x5/d=0x1001 a=2 r=0x7f0a0035}
W/Resources( 4701): Converting to string: TypedValue{t=0x5/d=0x1001 a=2 r=0x7f0a0036}
W/Resources( 4701): Converting to string: TypedValue{t=0x12/d=0x0 a=2 r=0x7f0e000f}
W/Resources( 4701): Converting to string: TypedValue{t=0x12/d=0x0 a=2 r=0x7f0e0010}
W/Resources( 4701): Converting to string: TypedValue{t=0x12/d=0x0 a=2 r=0x7f0e000e}
W/Resources( 4701): Converting to string: TypedValue{t=0x5/d=0x2001 a=2 r=0x7f0a0037}
W/Resources( 4701): Converting to string: TypedValue{t=0x5/d=0x1001 a=2 r=0x7f0a0035}
W/Resources( 4701): Converting to string: TypedValue{t=0x5/d=0x1001 a=2 r=0x7f0a0036}
W/Resources( 4701): Converting to string: TypedValue{t=0x12/d=0x0 a=2 r=0x7f0e000f}
W/Resources( 4701): Converting to string: TypedValue{t=0x12/d=0x0 a=2 r=0x7f0e0010}
D/AndroidRuntime(31142): Calling main entry com.android.commands.am.Am
I/ActivityManager(  562): Force stopping com.usatoday.android.news appid=10187 user=0: start instr
I/ActivityManager(  562): Killing 31063:com.usatoday.android.news/u0a187 (adj 13): stop com.usatoday.android.news
I/art     (31172): Late-enabling -Xcheck:jni
I/ActivityManager(  562): Start proc 31172:com.usatoday.android.news/u0a187 for added application com.usatoday.android.news
W/ActivityManager(  562): Spurious death for ProcessRecord{36078aa3 31063:com.usatoday.android.news/u0a187}, curProc for 31063: null
E/art     (31172): Failed sending reply to debugger: Broken pipe
I/art     (31172): Debugger is no longer active
W/ResourcesManager(31172): Asset path '/system/framework/android.test.runner.jar' does not exist or contains no resources.
I/MonitoringInstrumentation(31172): Instrumentation Started!
I/MonitoringInstrumentation(31172): Setting context classloader to 'dalvik.system.PathClassLoader[DexPathList[[zip file "/system/framework/android.test.runner.jar", zip file "/data/app/com.usatoday.android.news.test-2/base.apk", zip file "/data/app/com.usatoday.android.news-3/base.apk"],nativeLibraryDirectories=[/vendor/lib, /system/lib]]]', Original: 'dalvik.system.PathClassLoader[DexPathList[[zip file "/system/framework/android.test.runner.jar", zip file "/data/app/com.usatoday.android.news.test-2/base.apk", zip file "/data/app/com.usatoday.android.news-3/base.apk"],nativeLibraryDirectories=[/vendor/lib, /system/lib]]]'
D/USA Today - UALib(31172): Airship log level: 3
D/USA Today Channel ID(31172): 7c09be96-45e0-480f-9de2-cdcfa2ba45b3
D/USA Today - UALib(31172): RichPushManager startUpdateService
W/ActivityManager(  562): Unable to start service Intent { act=com.urbanairship.richpush.USER_UPDATE cmp=com.usatoday.android.news/com.urbanairship.richpush.RichPushUpdateService (has extras) } U=0: not found
E/USA Today - UALib(31172): AndroidManifest.xml missing required activity: com.urbanairship.CoreActivity
E/USA Today - UALib(31172): AndroidManifest.xml missing required service: com.urbanairship.richpush.RichPushUpdateService
E/USA Today - UALib(31172): AndroidManifest.xml missing required service: com.urbanairship.actions.ActionService
W/USA Today - UALib(31172): AndroidManifest.xml missing ActionActivity.  Action.startActivityForResult will not work.
W/USA Today - UALib(31172): AndroidManifest.xml missing activity with an intent filter for action com.urbanairship.actions.SHOW_LANDING_PAGE_INTENT_ACTION, category android.intent.category.DEFAULT, and data with scheme http.  Landing page action may not function properly.
E/USA Today - UALib(31172): AndroidManifest.xml missing activity with an intent filter for action com.urbanairship.actions.SHOW_LANDING_PAGE_INTENT_ACTION, category android.intent.category.DEFAULT, and data with scheme https Landing page action may not function properly.
D/USA Today - UALib(31172): RichPushManager startUpdateService
W/ActivityManager(  562): Unable to start service Intent { act=com.urbanairship.richpush.MESSAGES_UPDATE cmp=com.usatoday.android.news/com.urbanairship.richpush.RichPushUpdateService (has extras) } U=0: not found
I/TestRequestBuilder(31172): Scanning classpath to find tests in apks [/data/app/com.usatoday.android.news.test-2/base.apk]
D/KeepAlive(31172): cancel()
D/KeepAlive(31172): reset:86400000
V/ConfigFetchTask( 6165): ConfigFetchTask getDeviceDataVersionInfo(): ABFEt1UuVH1OjMFQQT0fjs-m5t4WcSYId4I9LEMyH39hxWZLcgces8x04k-2IPW36sQDYsX0vMy5snScDySgqJ1hSbLsD9dfag1pFmdIlMy-YlaAGeEnQU7SbAWYCkd4Q631wfaQZdNV5CDES93Hnmqb9WbAThmyp6kMJcbAZ4Nz-qrTIXqo7PiHerf5qj3j9KVRr6LImRDRh7oAXxWYhEG6Rwx0Ln93a7oT-ULu3bYsjhcpfoLeNfftNOb2hq_nwyehbz40G-7zEHHNhruy3tyeLt3BVzCd16su8OL8k0Jv46khr_QQTjE
I/GoogleURLConnFactory( 6165): Using platform SSLCertificateSocketFactory
I/ConfigFetchService( 6165): launchTask
V/ConfigFetchTask( 6165): ConfigFetchTask getDeviceDataVersionInfo(): ABFEt1UuVH1OjMFQQT0fjs-m5t4WcSYId4I9LEMyH39hxWZLcgces8x04k-2IPW36sQDYsX0vMy5snScDySgqJ1hSbLsD9dfag1pFmdIlMy-YlaAGeEnQU7SbAWYCkd4Q631wfaQZdNV5CDES93Hnmqb9WbAThmyp6kMJcbAZ4Nz-qrTIXqo7PiHerf5qj3j9KVRr6LImRDRh7oAXxWYhEG6Rwx0Ln93a7oT-ULu3bYsjhcpfoLeNfftNOb2hq_nwyehbz40G-7zEHHNhruy3tyeLt3BVzCd16su8OL8k0Jv46khr_QQTjE
I/GoogleURLConnFactory( 6165): Using platform SSLCertificateSocketFactory
I/ConfigFetchService( 6165): fetch service done; releasing wakelock
I/ConfigFetchService( 6165): stopping self
W/art     (31172): Suspending all threads took: 6.042ms
D/TestExecutor(31172): Adding listener android.support.test.internal.runner.listener.LogRunListener
D/TestExecutor(31172): Adding listener android.support.test.internal.runner.listener.InstrumentationResultPrinter
D/TestExecutor(31172): Adding listener android.support.test.internal.runner.listener.ActivityFinisherRunListener
I/TestRunner(31172): run started: 10 tests
I/TestRunner(31172): started: testArticleSwipe(com.gannett.android.news.features.ArticleTest)
I/MonitoringInstrumentation(31172): Activities that are still in CREATED to PAUSED: 0
D/MonitoringInstrumentation(31172): execStartActivity(context, ibinder, ibinder, activity, intent, int, bundle
I/ActivityManager(  562): START u0 {flg=0x14000000 cmp=com.usatoday.android.news/com.gannett.android.news.ui.activity.ActivityNews (has extras)} from uid 10187 on display 0
V/WindowManager(  562): addAppToken: AppWindowToken{50494ef token=Token{3eb4cdce ActivityRecord{3096f2c9 u0 com.usatoday.android.news/com.gannett.android.news.ui.activity.ActivityNews t12382}}} to stack=1 task=12382 at 0
W/Resources(  562): Converting to string: TypedValue{t=0x12/d=0x0 a=1 r=0x1020378}
W/Resources(  562): Converting to string: TypedValue{t=0x12/d=0x0 a=1 r=0x1020379}
W/Resources(  562): Converting to string: TypedValue{t=0x1f/d=0xff222222 a=2 r=0x7f090006}
W/Resources(  562): Converting to string: TypedValue{t=0x12/d=0x0 a=1 r=0x102037a}
W/Resources(  562): Converting to string: TypedValue{t=0x1f/d=0xff222222 a=2 r=0x7f090006}
W/Resources(  562): Converting to string: TypedValue{t=0x12/d=0x0 a=1 r=0x10202b6}
W/Resources(  562): Converting to string: TypedValue{t=0x12/d=0x0 a=1 r=0x10202b7}
W/Resources(  562): Converting to string: TypedValue{t=0x12/d=0x0 a=1 r=0x102037b}
D/LifecycleMonitor(31172): Lifecycle status change: com.gannett.android.news.ui.activity.ActivityNews@3c082bbf in: PRE_ON_CREATE
W/Resources(  562): Converting to string: TypedValue{t=0x12/d=0x0 a=1 r=0x102037c}
W/Resources(  562): Converting to string: TypedValue{t=0x1f/d=0xff222222 a=2 r=0x7f090006}
D/BaseActivity(31172): onCreate()
D/DEVICE INFO(31172): screenSize: large, dpiBucket: xhdpi
V/WindowManager(  562): Adding window Window{1f171683 u0 Starting com.usatoday.android.news} at 7 of 13 (after Window{3126ed48 u0 com.android.settings/com.android.settings.SubSettings})
W/Resources(  562): Converting to string: TypedValue{t=0x5/d=0x4001 a=1 r=0x1050051}
W/Resources(  562): Converting to string: TypedValue{t=0x5/d=0x3801 a=1 r=0x105003a}
W/Resources(31172): Converting to string: TypedValue{t=0x12/d=0x0 a=1 r=0x1020378}
W/Resources(31172): Converting to string: TypedValue{t=0x12/d=0x0 a=1 r=0x1020379}
W/Resources(31172): Converting to string: TypedValue{t=0x1f/d=0xff222222 a=2 r=0x7f090006}
W/Resources(31172): Converting to string: TypedValue{t=0x12/d=0x0 a=1 r=0x102037a}
W/Resources(31172): Converting to string: TypedValue{t=0x1f/d=0xff222222 a=2 r=0x7f090006}
W/Resources(31172): Converting to string: TypedValue{t=0x12/d=0x0 a=1 r=0x10202b6}
W/Resources(31172): Converting to string: TypedValue{t=0x12/d=0x0 a=1 r=0x10202b7}
W/Resources(31172): Converting to string: TypedValue{t=0x12/d=0x0 a=1 r=0x102037b}
W/Resources(31172): Converting to string: TypedValue{t=0x12/d=0x0 a=1 r=0x102037c}
W/Resources(31172): Converting to string: TypedValue{t=0x1f/d=0xff222222 a=2 r=0x7f090006}
D/ApplicationConfiguration(31172): appConfig is null, reloading
W/Resources(31172): Converting to string: TypedValue{t=0x12/d=0x0 a=2 r=0x7f0b01cc}
W/Resources(31172): Converting to string: TypedValue{t=0x12/d=0x0 a=2 r=0x7f0b01cd}
W/Resources(31172): Converting to string: TypedValue{t=0x12/d=0x0 a=2 r=0x7f0b01ce}
W/Resources(31172): Converting to string: TypedValue{t=0x1d/d=0xffffffff a=2 r=0x7f0900f6}
W/Resources(31172): Converting to string: TypedValue{t=0x12/d=0x0 a=2 r=0x7f0b0078}
W/Resources(31172): Converting to string: TypedValue{t=0x1c/d=0xff000000 a=1 r=0x106000c}
W/Resources(31172): Converting to string: TypedValue{t=0x12/d=0x0 a=2 r=0x7f0b009e}
W/Resources(31172): Converting to string: TypedValue{t=0x1c/d=0x0 a=1 r=0x106000d}
W/Resources(31172): Converting to string: TypedValue{t=0x12/d=0x0 a=2 r=0x7f0b0079}
W/Resources(31172): Converting to string: TypedValue{t=0x12/d=0x0 a=2 r=0x7f0b00e6}
W/Resources(31172): Converting to string: TypedValue{t=0x12/d=0x0 a=2 r=0x7f0b00e7}
W/Resources(31172): Converting to string: TypedValue{t=0x5/d=0xd01 a=2 r=0x7f0a0085}
W/Resources(31172): Converting to string: TypedValue{t=0x5/d=0xd01 a=2 r=0x7f0a0085}
W/Resources(31172): Converting to string: TypedValue{t=0x12/d=0x0 a=2 r=0x7f0b00e8}
W/Resources(31172): Converting to string: TypedValue{t=0x5/d=0x501 a=2 r=0x7f0a0043}
W/Resources(31172): Converting to string: TypedValue{t=0x12/d=0x0 a=2 r=0x7f0b009f}
W/Resources(31172): Converting to string: TypedValue{t=0x12/d=0x0 a=2 r=0x7f0b00a0}
W/Resources(31172): Converting to string: TypedValue{t=0x12/d=0x0 a=2 r=0x7f0b00a1}
D/LifecycleMonitor(31172): Lifecycle status change: com.gannett.android.news.ui.activity.ActivityNews@3c082bbf in: CREATED
W/Resources(31172): Converting to string: TypedValue{t=0x12/d=0x0 a=2 r=0x7f0b0138}
W/Resources(31172): Converting to string: TypedValue{t=0x12/d=0x0 a=2 r=0x7f0b018e}
I/WebViewFactory(31172): Loading com.google.android.webview version 42.0.2311.138 (code 2311138)
I/LibraryLoader(31172): Time to load native libraries: 2 ms (timestamps 1335-1337)
I/LibraryLoader(31172): Expected native library version number "",actual native library version number ""
W/Resources(31172): Converting to string: TypedValue{t=0x12/d=0x0 a=2 r=0x7f0b018f}
V/WebViewChromiumFactoryProvider(31172): Binding Chromium to main looper Looper (main, tid 1) {b0ef7c}
I/LibraryLoader(31172): Expected native library version number "",actual native library version number ""
I/chromium(31172): [INFO:library_loader_hooks.cc(112)] Chromium logging enabled: level = 0, default verbosity = 0
I/BrowserStartupController(31172): Initializing chromium process, singleProcess=true
W/art     (31172): Attempt to remove local handle scope entry from IRT, ignoring
E/SysUtils(31172): ApplicationContext is null in ApplicationStatus
W/AudioManagerAndroid(31172): Requires BLUETOOTH permission
W/chromium(31172): [WARNING:resource_bundle.cc(286)] locale_file_path.empty()
I/chromium(31172): [INFO:aw_browser_main_parts.cc(63)] Load from apk succesful, fd=38 off=50376 len=3345
I/chromium(31172): [INFO:aw_browser_main_parts.cc(76)] Loading webviewchromium.pak from, fd:39 off:7953032 len:1161174
I/Adreno-EGL(31172): <qeglDrvAPI_eglInitialize:379>: QUALCOMM Build: 01/15/15, ab0075f, Id3510ff6dc
W/chromium(31172): [WARNING:data_reduction_proxy_config.cc(150)] SPDY proxy OFF at startup
W/art     (31172): Attempt to remove local handle scope entry from IRT, ignoring
W/AwContents(31172): onDetachedFromWindow called when already detached. Ignoring
W/Resources(31172): Converting to string: TypedValue{t=0x12/d=0x0 a=2 r=0x7f0b0190}
W/Resources(31172): Converting to string: TypedValue{t=0x12/d=0x0 a=2 r=0x7f0b0191}
W/Resources(31172): Converting to string: TypedValue{t=0x12/d=0x0 a=2 r=0x7f0b0192}
D/GravityWell(31172): No active creative
D/BaseActivity(31172): onStart()
D/returnToActivityHeadlinesTest(31172): tryReturnToActivityHeadlines(): this.autoNavToHome == true
D/returnToActivityHeadlinesTest(31172): tryReturnToActivityHeadlines(): AutoNavUserHomeTracker.isAutoNavUserHomeConfigurationSet() == false
D/UrlProducer(31172): Articles URL requested: http://api.gannett-cdn.com/mobilefeeds/fronts/v1/home_mobile/?siteId=1&hls=false&api_key=euc4uvhentf8r3dgt69483ad
D/LifecycleMonitor(31172): Lifecycle status change: com.gannett.android.news.ui.activity.ActivityNews@3c082bbf in: STARTED
D/BaseActivity(31172): onResume()
D/LifecycleMonitor(31172): Lifecycle status change: com.gannett.android.news.ui.activity.ActivityNews@3c082bbf in: RESUMED
D/OpenGLRenderer(31172): Use EGL_SWAP_BEHAVIOR_PRESERVED: true
D/Atlas   (31172): Validating map...
V/WindowManager(  562): Adding window Window{308530c7 u0 com.usatoday.android.news/com.gannett.android.news.ui.activity.ActivityNews} at 7 of 14 (before Window{1f171683 u0 Starting com.usatoday.android.news})
W/ActivityManager(  562): Unable to start service Intent { act=com.urbanairship.location.ACTION_STOP_UPDATES cmp=com.usatoday.android.news/com.urbanairship.location.LocationService } U=0: not found
D/USA Today - UALib(31172): Added app_foreground: {"type":"app_foreground","event_id":"cfef70d1-c8ac-43d8-a85f-5219153eee86","time":"1432047892.772","data":{"connection_type":"wifi","carrier":"","time_zone":-14400,"daylight_savings":true,"notification_types":["sound","vibrate"],"os_version":"5.1.1","lib_version":"5.1.0","package_version":"2.7.2.1","push_enabled":true,"session_id":"1600b41c-d01f-4008-bbb5-c044267ea61b"}}
I/OpenGLRenderer(31172): Initialized EGL, version 1.4
D/OpenGLRenderer(31172): Enabling debug mode 0
W/Resources(31172): Converting to string: TypedValue{t=0x5/d=0x1401 a=2 r=0x7f0a0096}
W/Resources(31172): Converting to string: TypedValue{t=0x5/d=0x1001 a=2 r=0x7f0a0097}
W/Resources(31172): Converting to string: TypedValue{t=0x5/d=0x1401 a=2 r=0x7f0a0096}
W/Resources(31172): Converting to string: TypedValue{t=0x5/d=0xf01 a=2 r=0x7f0a0095}
W/Resources(31172): Converting to string: TypedValue{t=0x12/d=0x0 a=2 r=0x7f0b01c9}
W/Resources(31172): Converting to string: TypedValue{t=0x12/d=0x0 a=2 r=0x7f0b01ca}
W/Resources(31172): Converting to string: TypedValue{t=0x12/d=0x0 a=2 r=0x7f0b01cb}
W/Resources(31172): Converting to string: TypedValue{t=0x5/d=0x1401 a=2 r=0x7f0a0096}
W/Resources(31172): Converting to string: TypedValue{t=0x5/d=0x1001 a=2 r=0x7f0a0097}
W/Resources(31172): Converting to string: TypedValue{t=0x5/d=0x1401 a=2 r=0x7f0a0096}
W/Resources(31172): Converting to string: TypedValue{t=0x5/d=0xf01 a=2 r=0x7f0a0095}
W/Resources(31172): Converting to string: TypedValue{t=0x12/d=0x0 a=2 r=0x7f0b01c9}
W/Resources(31172): Converting to string: TypedValue{t=0x12/d=0x0 a=2 r=0x7f0b01ca}
W/Resources(31172): Converting to string: TypedValue{t=0x12/d=0x0 a=2 r=0x7f0b01cb}
W/Resources(31172): Converting to string: TypedValue{t=0x5/d=0x1401 a=2 r=0x7f0a0096}
W/Resources(31172): Converting to string: TypedValue{t=0x5/d=0x1001 a=2 r=0x7f0a0097}
W/Resources(31172): Converting to string: TypedValue{t=0x5/d=0x1401 a=2 r=0x7f0a0096}
W/Resources(31172): Converting to string: TypedValue{t=0x5/d=0xf01 a=2 r=0x7f0a0095}
W/Resources(31172): Converting to string: TypedValue{t=0x12/d=0x0 a=2 r=0x7f0b01c9}
W/Resources(31172): Converting to string: TypedValue{t=0x12/d=0x0 a=2 r=0x7f0b01ca}
W/Resources(31172): Converting to string: TypedValue{t=0x12/d=0x0 a=2 r=0x7f0b01cb}
W/Resources(31172): Converting to string: TypedValue{t=0x5/d=0x1401 a=2 r=0x7f0a0096}
W/Resources(31172): Converting to string: TypedValue{t=0x5/d=0x1001 a=2 r=0x7f0a0097}
W/Resources(31172): Converting to string: TypedValue{t=0x5/d=0x1401 a=2 r=0x7f0a0096}
W/Resources(31172): Converting to string: TypedValue{t=0x5/d=0xf01 a=2 r=0x7f0a0095}
W/Resources(31172): Converting to string: TypedValue{t=0x12/d=0x0 a=2 r=0x7f0b01c9}
W/Resources(31172): Converting to string: TypedValue{t=0x12/d=0x0 a=2 r=0x7f0b01ca}
W/Resources(31172): Converting to string: TypedValue{t=0x12/d=0x0 a=2 r=0x7f0b01cb}
W/Resources(31172): Converting to string: TypedValue{t=0x5/d=0x1401 a=2 r=0x7f0a0096}
W/Resources(31172): Converting to string: TypedValue{t=0x5/d=0x1001 a=2 r=0x7f0a0097}
W/Resources(31172): Converting to string: TypedValue{t=0x5/d=0x1401 a=2 r=0x7f0a0096}
W/Resources(31172): Converting to string: TypedValue{t=0x5/d=0xf01 a=2 r=0x7f0a0095}
W/Resources(31172): Converting to string: TypedValue{t=0x12/d=0x0 a=2 r=0x7f0b01c9}
W/Resources(31172): Converting to string: TypedValue{t=0x12/d=0x0 a=2 r=0x7f0b01ca}
W/Resources(31172): Converting to string: TypedValue{t=0x12/d=0x0 a=2 r=0x7f0b01cb}
W/Resources(31172): Converting to string: TypedValue{t=0x5/d=0x1401 a=2 r=0x7f0a0096}
W/Resources(31172): Converting to string: TypedValue{t=0x5/d=0x1001 a=2 r=0x7f0a0097}
W/Resources(31172): Converting to string: TypedValue{t=0x5/d=0x1401 a=2 r=0x7f0a0096}
W/Resources(31172): Converting to string: TypedValue{t=0x5/d=0xf01 a=2 r=0x7f0a0095}
W/Resources(31172): Converting to string: TypedValue{t=0x12/d=0x0 a=2 r=0x7f0b01c9}
W/Resources(31172): Converting to string: TypedValue{t=0x12/d=0x0 a=2 r=0x7f0b01ca}
W/Resources(31172): Converting to string: TypedValue{t=0x12/d=0x0 a=2 r=0x7f0b01cb}
W/Resources(31172): Converting to string: TypedValue{t=0x5/d=0x1401 a=2 r=0x7f0a0096}
W/Resources(31172): Converting to string: TypedValue{t=0x5/d=0x1001 a=2 r=0x7f0a0097}
W/Resources(31172): Converting to string: TypedValue{t=0x5/d=0x1401 a=2 r=0x7f0a0096}
W/Resources(31172): Converting to string: TypedValue{t=0x5/d=0xf01 a=2 r=0x7f0a0095}
W/Resources(31172): Converting to string: TypedValue{t=0x12/d=0x0 a=2 r=0x7f0b01c9}
W/Resources(31172): Converting to string: TypedValue{t=0x12/d=0x0 a=2 r=0x7f0b01ca}
W/Resources(31172): Converting to string: TypedValue{t=0x12/d=0x0 a=2 r=0x7f0b01cb}
I/USA Today - UALib(31172): App state changed
W/ActivityManager(  562): Unable to start service Intent { act=com.urbanairship.location.ACTION_STOP_UPDATES cmp=com.usatoday.android.news/com.urbanairship.location.LocationService } U=0: not found
I/USA Today - UALib(31172): App state changed
W/ActivityManager(  562): Unable to start service Intent { act=com.urbanairship.location.ACTION_STOP_UPDATES cmp=com.usatoday.android.news/com.urbanairship.location.LocationService } U=0: not found
I/USA Today - UALib(31172): Skipping refreshing messages, already refreshing.
I/USA Today - UALib(31172): App state changed
W/ActivityManager(  562): Unable to start service Intent { act=com.urbanairship.location.ACTION_STOP_UPDATES cmp=com.usatoday.android.news/com.urbanairship.location.LocationService } U=0: not found
D/LocationUtility(31172): Connected
W/Resources(31172): Converting to string: TypedValue{t=0x5/d=0x4001 a=1 r=0x1050051}
W/Resources(31172): Converting to string: TypedValue{t=0x5/d=0x3801 a=1 r=0x105003a}
I/art     (31172): Background partial concurrent mark sweep GC freed 43555(1693KB) AllocSpace objects, 7(130KB) LOS objects, 39% free, 14MB/23MB, paused 134.185ms total 193.237ms
I/ActivityManager(  562): Displayed com.usatoday.android.news/com.gannett.android.news.ui.activity.ActivityNews: +1s188ms
D/InputManagerEventInjectionStrategy(31172): Creating injection strategy with input manager.
V/MinimogrifierUtils(31172): resized image URL: http://www.gannett-cdn.com/-mm-/b4ca76a8550c4f9c84e0385217c0659f7048e024/c=364-0-1570-1206&r=100x100&q=80/local/-/media/2015/05/19/USATODAY/USATODAY/635676158000237650-Waco-shooting-051915.jpg
V/MinimogrifierUtils(31172): resized image URL: http://www.gannett-cdn.com/-mm-/4d4ff6092a49392bc553353b926e5010c9b1e610/c=816-0-4080-3264&r=100x100&q=80/local/-/media/2015/05/19/USATODAY/USATODAY/635676249769504967-AP-Novartis-Settlement-001.jpg
V/MinimogrifierUtils(31172): resized image URL: http://www.gannett-cdn.com/-mm-/5740847956f72cb2a2b607f430b34d27777f5f54/c=334-0-1667-1333&r=100x100&q=80/local/-/media/2015/05/18/USATODAY/USATODAY/635675537978909341-XXX-IMG-7069-1.jpg
V/MinimogrifierUtils(31172): resized image URL: http://www.gannett-cdn.com/-mm-/0255ece9e13ca62b487fd5d5300d341e3cb21a4e/c=164-0-1497-1333&r=100x100&q=80/local/-/media/2015/05/18/USATODAY/USATODAY/635675542706126221-XXX-IMG-7032-1.jpg
V/MinimogrifierUtils(31172): resized image URL: http://www.gannett-cdn.com/-mm-/af525eb8e25dff93b40310267b2d77c41637b90f/c=442-67-1450-1075&r=100x100&q=80/local/-/media/2015/05/18/USATODAY/USATODAY/635675541280157061-XXX-IMG-7056-1.jpg
V/MinimogrifierUtils(31172): resized image URL: http://www.gannett-cdn.com/-mm-/42862aef21fc7d45afa8965cd67f6d2e4106c1ee/c=0-382-2521-2903&r=100x100&q=80/local/-/media/2015/05/18/USATODAY/USATODAY/635675539895313621-D06-ADHD-smoking-25.jpg
V/MinimogrifierUtils(31172): resized image URL: http://www.gannett-cdn.com/-mm-/a47477afcf192ebd6cc30fa91ca18f967a16c0d3/c=236-298-2004-2066&r=100x100&q=80/local/-/media/2015/05/19/USATODAY/USATODAY/635675965383089011-nissanleafcharging11.JPG
V/MinimogrifierUtils(31172): resized image URL: http://www.gannett-cdn.com/-mm-/c3561aa9935b73aa0c5f72754f16fc1adb25bb1c/c=164-0-2564-2400&r=100x100&q=80/local/-/media/2015/05/18/USATODAY/USATODAY/635675636796729780-AP-OBAMA-AFTER-THE-WHITE-HOUSE-73064746.JPG
V/MinimogrifierUtils(31172): resized image URL: http://www.gannett-cdn.com/-mm-/a053e1646189bf0cf7dd89983bd409e9f437c238/c=0-0-1412-1412&r=100x100&q=80/local/-/media/2015/05/19/USATODAY/USATODAY/635676245559217891-ThinkstockPhotos-464355175.jpg
V/MinimogrifierUtils(31172): resized image URL: http://www.gannett-cdn.com/-mm-/b81ba1a62016dcd21fc3f4a801d909dd55ad8f31/c=969-0-2729-1760&r=100x100&q=80/local/-/media/2015/05/19/USATODAY/USATODAY/635675923449386018-AP-DEM-2016-Clinton.jpg
V/MinimogrifierUtils(31172): resized image URL: http://www.gannett-cdn.com/-mm-/b4e33d9313da4b68e1c1d19e5b180cad69a1e245/c=201-0-1096-895&r=100x100&q=80/local/-/media/2015/05/05/Brevard/B9317233088Z.1_20150505150304_000_GEPAMSMI4.1-0.png
V/MinimogrifierUtils(31172): resized image URL: http://www.gannett-cdn.com/-mm-/1a3294d9971c53363c7804697966d1b4d34ffbfe/c=645-0-3223-2578&r=100x100&q=80/local/-/media/2015/05/19/USATODAY/USATODAY/635676212094780467-XXX-515225687.jpg
V/MinimogrifierUtils(31172): resized image URL: http://www.gannett-cdn.com/-mm-/9bb1c91cd2ce4d05e39dd52c22af0f2d72bbafb0/c=0-919-3273-4192&r=100x100&q=80/local/-/media/2015/05/19/USATODAY/USATODAY/635676196901219654-XXX-CAPDOWN-RICE-JMG-37875-73146288.JPG
V/MinimogrifierUtils(31172): resized image URL: http://www.gannett-cdn.com/-mm-/3eee27b77699122475f39f1e3acfaf5fd94b3930/c=485-0-3102-2617&r=100x100&q=80/local/-/media/2015/05/19/USATODAY/USATODAY/635676229613667730-AP-Obama-Arab-Summit.jpg
V/MinimogrifierUtils(31172): resized image URL: http://www.gannett-cdn.com/-mm-/d3a17e176c66e9ad4fa2285008b22376170ba680/c=1656-419-3069-1832&r=100x100&q=80/local/-/media/2015/05/19/USATODAY/USATODAY/635676287463105830-AP-Mideast-Saudi-Market.jpg
V/MinimogrifierUtils(31172): resized image URL: http://www.gannett-cdn.com/-mm-/6b65ed93f81767e044841d79178a0b6b2fc023a5/c=738-0-3741-3003&r=100x100&q=80/local/-/media/2015/05/18/USATODAY/USATODAY/635675720068326834-AFP-538923126.jpg
V/MinimogrifierUtils(31172): resized image URL: http://www.gannett-cdn.com/-mm-/9d548cc057be230f9c5ff905583650cc4e5eb329/c=325-0-1604-1279&r=100x100&q=80/local/-/media/2015/05/19/USATODAY/USATODAY/635676206546871870-MC-Send-Minicard-02.jpg
V/MinimogrifierUtils(31172): resized image URL: http://www.gannett-cdn.com/-mm-/bc60d5d4674488b484528a5532fb1d5609ab7ada/c=171-44-448-321&r=100x100&q=80/local/-/media/2015/05/19/USATODAY/USATODAY/635676234002372258-badblood.png
V/MinimogrifierUtils(31172): resized image URL: http://www.gannett-cdn.com/-mm-/603a9de32484b233f9184e46f49e7c1d85c7d856/c=197-0-1619-1422&r=100x100&q=80/local/-/media/2015/05/18/USATODAY/USATODAY/635675605278911804-ThinkstockPhotos-450835969.jpg
V/MinimogrifierUtils(31172): resized image URL: http://www.gannett-cdn.com/-mm-/ac4fe1427942152ca4b415631cc81c1fb142eeee/c=329-1979-2632-4282&r=100x100&q=80/local/-/media/2015/05/19/USATODAY/usatsports/ap_heel_france_cannes_inside_out_red_carpet_73142494.jpg
V/MinimogrifierUtils(31172): resized image URL: http://www.gannett-cdn.com/-mm-/363a8c0917e0bf2e602290ba70941a174e9522dc/c=805-0-2805-2000&r=100x100&q=80/local/-/media/2015/05/19/USATODAY/USATODAY/635676253907796548-AFP-540851257.jpg
V/MinimogrifierUtils(31172): resized image URL: http://www.gannett-cdn.com/-mm-/10d99e1685ead728ffe64974375abea63840c47b/c=240-0-2760-2520&r=100x100&q=80/local/-/media/2015/05/18/USATODAY/USATODAY/635675428301336307-AP-COSSACKS-WACO-SHOOTING-73123226.JPG
V/MinimogrifierUtils(31172): resized image URL: http://www.gannett-cdn.com/-mm-/d68b38940c408d15aed6f145acb4359db728764c/c=0-301-2188-2489&r=100x100&q=80/local/-/media/USATODAY/None/2014/11/01/635504231129580008-a03-nl.amelia-20.jpg
V/MinimogrifierUtils(31172): resized image URL: http://www.gannett-cdn.com/-mm-/d109c2bb03d0fd956bfd4fee4db0179936d3ae75/c=0-110-811-921&r=100x100&q=80/local/-/media/2015/05/19/USATODAY/USATODAY/635676226194840070-AP-Alaska-Mosquito-Season.jpg
V/MinimogrifierUtils(31172): resized image URL: http://www.gannett-cdn.com/-mm-/7c541b1272c383a42cea88ba6a34877c055bad55/c=0-64-719-783&r=100x100&q=80/local/-/media/2015/05/18/INGroup/Muncie/635675348517822599-wolfdogpeyton.jpg
V/MinimogrifierUtils(31172): resized image URL: http://www.gannett-cdn.com/-mm-/abcc551c22ee0b76beb64f2b5976f110bd5012b5/c=985-0-4334-3349&r=100x100&q=80/local/-/media/2015/05/17/Muncie/B9317355424Z.1_20150517154655_000_GNBAQEACF.1-0.jpg
V/MinimogrifierUtils(31172): resized image URL: http://www.gannett-cdn.com/-mm-/007136c07313dca4414d3385eb9212379ea664e5/c=0-408-2360-2768&r=100x100&q=80/local/-/media/2015/05/18/USATODAY/USATODAY/635675558730950612-482828429.jpg
V/MinimogrifierUtils(31172): resized image URL: http://www.gannett-cdn.com/-mm-/1358dc95da39eeb00c22d427312d793ae8b7c1dd/c=407-0-1478-1071&r=100x100&q=80/local/-/media/2015/05/08/USATODAY/USATODAY/635666814161464761-Screen-Shot-2015-05-08-at-11.29.47-AM.jpg
V/MinimogrifierUtils(31172): resized image URL: http://www.gannett-cdn.com/-mm-/5c1a9d782ea182f59dd5232d05177ffdf60d9060/c=0-144-3026-3170&r=100x100&q=80/local/-/media/2015/05/19/USATODAY/USATODAY/635676280576977407-GTY-465641548.jpg
V/MinimogrifierUtils(31172): resized image URL: http://www.gannett-cdn.com/-mm-/67b57a1e5e472abecbdaddf982dd213e5a942b31/c=293-49-2644-2400&r=100x100&q=80/local/-/media/2015/05/19/USATODAY/USATODAY/635676213450762616-A01-LEAR-12.jpg
V/MinimogrifierUtils(31172): resized image URL: http://www.gannett-cdn.com/-mm-/92511201ae0910bf52365452945014216da632d1/c=157-197-2249-2289&r=100x100&q=80/local/-/media/2015/05/19/USATODAY/USATODAY/635676244732394720-XXX-NFL--SUPER-BOWL-XLIX-WINNING-HEAD-COACH-AND-MV-73117398.JPG
V/MinimogrifierUtils(31172): resized image URL: http://www.gannett-cdn.com/-mm-/e5027f9530bb2c8eb3ff171508f90e2fed4e1426/c=0-315-1992-2307&r=100x100&q=80/local/-/media/2015/05/18/USATODAY/USATODAY/635675643867530846-XXX-abc-news-stephanapoulos-standup-5161-.JPG
V/MinimogrifierUtils(31172): resized image URL: http://www.gannett-cdn.com/-mm-/0651d3b79377d16e9b733f5850bc146b7d736f24/c=166-0-524-358&r=100x100&q=80/local/-/media/2015/05/19/USATODAY/USATODAY/635676234726041600-Screen-Shot-2015-05-19-at-9.11.44-AM.jpg
V/MinimogrifierUtils(31172): resized image URL: http://www.gannett-cdn.com/-mm-/d76794ff87b75e5e3899b82caad5642e25c7c7b4/c=48-0-386-338&r=100x100&q=80/local/-/media/2015/05/18/USATODAY/USATODAY/635675803126157453-ThinkstockPhotos-134046810.jpg
V/MinimogrifierUtils(31172): resized image URL: http://www.gannett-cdn.com/-mm-/fb57777e6df8f6bb6f8f2f94fcebc926c4552564/c=115-0-828-713&r=100x100&q=80/local/-/media/2015/05/18/USATODAY/USATODAY/635675745687100877-OURVIEW-1-.JPG
V/MinimogrifierUtils(31172): resized image URL: http://www.gannett-cdn.com/-mm-/7930bf79703cda2f85edc4e001a96a97b78ab4e5/c=674-0-1823-1149&r=100x100&q=80/local/-/media/2015/05/18/USATODAY/USATODAY/635675592781412700-AP-MIDEAST-IRAQ-ISLAMIC-STATE-73039736.JPG
V/MinimogrifierUtils(31172): resized image URL: http://www.gannett-cdn.com/-mm-/96485b73f86f4f4587c535510e1aedbe4d08b159/c=507-0-3787-3280&r=100x100&q=80/local/-/media/2015/05/05/USATODAY/USATODAY/635664448968237554-XXX-AVENGERS-AGE-ULTRON-MOV-jy-1633-.JPG
V/MinimogrifierUtils(31172): resized image URL: http://www.gannett-cdn.com/-mm-/3e9442b70be71c12213b04970c722cd17353a85e/c=0-0-907-907&r=100x100&q=80/local/-/media/2015/05/17/USATODAY/USATODAY/635674720266457793-TUBMAN-40402681.JPG
V/MinimogrifierUtils(31172): resized image URL: http://www.gannett-cdn.com/-mm-/a85653cfb8f77b14cd6121ec9e5e8af7f0984b0e/c=315-0-2079-1764&r=100x100&q=80/local/-/media/2015/04/27/USATODAY/USATODAY/635657598462093141-08GOP0305-PG-HORIZONTAL-47434671.JPG
V/MinimogrifierUtils(31172): resized image URL: http://www.gannett-cdn.com/-mm-/66dae45a9f712802f6a6aab5fb4a2fb1f4b38099/c=500-0-2500-2000&r=100x100&q=80/local/-/media/2015/05/18/USATODAY/usatsports/xxx_bachelorette_josh_girls_137_.jpg
V/MinimogrifierUtils(31172): resized image URL: http://www.gannett-cdn.com/-mm-/434b2ff2150de9626304d328e2e0b12ff6ce216d/c=167-0-833-666&r=100x100&q=80/local/-/media/2015/05/18/USATODAY/usatsports/1bachelorette_planent.jpg
V/MinimogrifierUtils(31172): resized image URL: http://www.gannett-cdn.com/-mm-/66dae45a9f712802f6a6aab5fb4a2fb1f4b38099/c=500-0-2500-2000&r=100x100&q=80/local/-/media/2015/05/18/USATODAY/usatsports/xxx_bachelorette_ryan_girls_138_.jpg
D/WearableService(26497): callingUid 10008, callindPid: 26497
W/Resources(31172): Converting to string: TypedValue{t=0x12/d=0x0 a=2 r=0x7f0b0139}
W/Resources(31172): Converting to string: TypedValue{t=0x1d/d=0xffffffff a=2 r=0x7f0900f6}
W/Resources(31172): Converting to string: TypedValue{t=0x12/d=0x0 a=2 r=0x7f0b013a}
W/Resources(31172): Converting to string: TypedValue{t=0x1d/d=0xffc6c9c9 a=2 r=0x7f0900d1}
W/Resources(31172): Converting to string: TypedValue{t=0x12/d=0x0 a=2 r=0x7f0b00cd}
W/Resources(31172): Converting to string: TypedValue{t=0x1d/d=0xffeeeeee a=2 r=0x7f0900cd}
W/Resources(31172): Converting to string: TypedValue{t=0x5/d=0x401 a=2 r=0x7f0a0069}
W/Resources(31172): Converting to string: TypedValue{t=0x5/d=0x401 a=2 r=0x7f0a0069}
D/UrlProducer(31172): Articles URL requested: http://api.gannett-cdn.com/mobilefeeds/fronts/v1/home_mobile/?siteId=1&hls=false&api_key=euc4uvhentf8r3dgt69483ad
D/AdConfigurationImpl(31172): lookingFor: article_banner_top, found: section_front
D/AdConfigurationImpl(31172): lookingFor: article_banner_bottom, found: section_front
D/AdConfigurationImpl(31172): lookingFor: high_impact, found: section_front
D/AdConfigurationImpl(31172): lookingFor: section_front, found: section_front
D/GravityWell(31172): No active creative
W/Resources(31172): Converting to string: TypedValue{t=0x12/d=0x0 a=2 r=0x7f0b009a}
W/Resources(31172): Converting to string: TypedValue{t=0x12/d=0x0 a=2 r=0x7f0b00d6}
W/Resources(31172): Converting to string: TypedValue{t=0x1c/d=0x33b0b0b0 a=2 r=0x7f090008}
W/Resources(31172): Converting to string: TypedValue{t=0x12/d=0x0 a=2 r=0x7f0b00d7}
W/Resources(31172): Converting to string: TypedValue{t=0x1c/d=0x33b0b0b0 a=2 r=0x7f090008}
W/art     (31172): Attempt to remove local handle scope entry from IRT, ignoring
W/AwContents(31172): onDetachedFromWindow called when already detached. Ignoring
W/Resources(31172): Converting to string: TypedValue{t=0x12/d=0x0 a=2 r=0x7f0b00d8}
W/Resources(31172): Converting to string: TypedValue{t=0x1c/d=0x33b0b0b0 a=2 r=0x7f090008}
W/art     (31172): Attempt to remove local handle scope entry from IRT, ignoring
W/AwContents(31172): onDetachedFromWindow called when already detached. Ignoring
D/AdConfigurationImpl(31172): lookingFor: article_banner_top, found: section_front
D/AdConfigurationImpl(31172): lookingFor: article_banner_bottom, found: section_front
D/AdConfigurationImpl(31172): lookingFor: high_impact, found: section_front
D/AdConfigurationImpl(31172): lookingFor: section_front, found: section_front
D/Ads     (31172): Ads: Params: latitude=38.92041482;ver=2.7.2.1;longitude=-77.22110591;pageType=front;
W/ResourcesManager(31172): Asset path '/system/framework/com.android.media.remotedisplay.jar' does not exist or contains no resources.
W/ResourcesManager(31172): Asset path '/system/framework/com.android.location.provider.jar' does not exist or contains no resources.
I/Ads     (31172): CsiReporterFactory: CSI is not enabled. No CSI reporter created.
I/Ads     (31172): Starting ad request.
I/Ads     (31172): Use AdRequest.Builder.addTestDevice("07C3BD1FC97B8BD363E7086452B8BB2A") to get test ads on this device.
