D/Ads     (21377): Ads: Additional Param: cacheid=
D/AdConfigurationImpl(21377): lookingFor: article_banner_top, found: high_impact
D/AdConfigurationImpl(21377): lookingFor: article_banner_bottom, found: high_impact
D/AdConfigurationImpl(21377): lookingFor: high_impact, found: high_impact
D/Ads     (21377): Ads: Params: latitude=38.89194492;aam=500,513,514,515,516,517,518,519,520,512,501,502,503,504,505,506,507,600;ver=2.7.2.1;longitude=-77.22493274;pageType=front;androidid=b20c3623-9a28-4594-844b-acc8da859575;
I/Ads     (21377): Starting ad request.
I/Ads     (21377): Use AdRequest.Builder.addTestDevice("07C3BD1FC97B8BD363E7086452B8BB2A") to get test ads on this device.
I/Ads     (21377): Please set theme of AdActivity to @android:style/Theme.Translucent to enable transparent background interstitial ad.
D/DfpAdRetriever(21377): AD_REQUEST::Gravity::/7103/usatoday_tablet/android_tablet_app-high_impact:: Size = 1280x1280::AWS::no_cst
D/AdConfigurationImpl(21377): lookingFor: article_banner_top, found: section_front
D/AdConfigurationImpl(21377): lookingFor: article_banner_bottom, found: section_front
D/AdConfigurationImpl(21377): lookingFor: high_impact, found: section_front
D/AdConfigurationImpl(21377): lookingFor: section_front, found: section_front
W/Resources(21377): Converting to string: TypedValue{t=0x12/d=0x0 a=2 r=0x7f0f005e}
W/Resources(21377): Converting to string: TypedValue{t=0x12/d=0x0 a=2 r=0x7f0f009a}
W/Resources(21377): Converting to string: TypedValue{t=0x1c/d=0x33b0b0b0 a=2 r=0x7f090002}
W/Resources(21377): Converting to string: TypedValue{t=0x12/d=0x0 a=2 r=0x7f0f009b}
W/Resources(21377): Converting to string: TypedValue{t=0x1c/d=0x33b0b0b0 a=2 r=0x7f090002}
W/art     (21377): Attempt to remove local handle scope entry from IRT, ignoring
W/AwContents(21377): onDetachedFromWindow called when already detached. Ignoring
W/Resources(21377): Converting to string: TypedValue{t=0x12/d=0x0 a=2 r=0x7f0f009c}
W/Resources(21377): Converting to string: TypedValue{t=0x1c/d=0x33b0b0b0 a=2 r=0x7f090002}
W/art     (21377): Attempt to remove local handle scope entry from IRT, ignoring
W/AwContents(21377): onDetachedFromWindow called when already detached. Ignoring
D/AdConfigurationImpl(21377): lookingFor: article_banner_top, found: section_front
D/AdConfigurationImpl(21377): lookingFor: article_banner_bottom, found: section_front
D/AdConfigurationImpl(21377): lookingFor: high_impact, found: section_front
D/AdConfigurationImpl(21377): lookingFor: section_front, found: section_front
D/Ads     (21377): Ads: Params: latitude=38.89194492;aam=500,513,514,515,516,517,518,519,520,512,501,502,503,504,505,506,507,600;ver=2.7.2.1;longitude=-77.22493274;pageType=front;androidid=b20c3623-9a28-4594-844b-acc8da859575;
I/Ads     (21377): Starting ad request.
I/Ads     (21377): Use AdRequest.Builder.addTestDevice("07C3BD1FC97B8BD363E7086452B8BB2A") to get test ads on this device.
I/Ads     (21377): Please set theme of AdActivity to @android:style/Theme.Translucent to enable transparent background interstitial ad.
D/DfpAdRetriever(21377): AD_REQUEST::Weather::/7103/usatoday_tablet/android_tablet_app-section_front/weather:: Size = 468x60::AWS::weather
D/OMNITURE_CALL(21377): {gnt.aamsegment=500,513,514,515,516,517,518,519,520,512,501,502,503,504,505,506,507,600, gnt.prefs.PushSegments=bknews|news|sports|life|money|tech, gnt.Orientation=portrait, gnt.TimeValue=1:30PM, gnt.Location=38.9324096|-77.2167551, gnt.zag.zip=22102, gnt.ContentType=weather, gnt.ProductName=USATODAY for Android Tablet, gnt.quietTime=10:00pm|07:00am, gnt.MarketName=gpapermobileapp}
D/LifecycleMonitor(21377): Lifecycle status change: com.gannett.android.news.ui.activity.ActivityWeather@11951088 in: STARTED
D/BaseActivity(21377): onResume()
D/LifecycleMonitor(21377): Lifecycle status change: com.gannett.android.news.ui.activity.ActivityWeather@11951088 in: RESUMED
I/MonitoringInstrumentation(21377): Activities that are still in CREATED to PAUSED: 2
I/MonitoringInstrumentation(21377): Finishing activity: com.gannett.android.news.ui.activity.ActivityWeather@11951088
D/MonitoringInstrumentation(21377): execStartActivity(context, ibinder, ibinder, activity, intent, int, bundle
I/ActivityManager(  547): START u0 {flg=0x14000000 cmp=com.usatoday.android.news/com.gannett.android.news.ui.activity.ActivityNews (has extras)} from uid 10187 on display 0
V/WindowManager(  547): addAppToken: AppWindowToken{c28b481 token=Token{5724868 ActivityRecord{e2daf8b u0 com.usatoday.android.news/com.gannett.android.news.ui.activity.ActivityNews t11741}}} to stack=1 task=11741 at 0
W/Resources(  547): Converting to string: TypedValue{t=0x12/d=0x0 a=1 r=0x1020378}
W/Resources(  547): Converting to string: TypedValue{t=0x12/d=0x0 a=1 r=0x1020379}
W/Resources(  547): Converting to string: TypedValue{t=0x1f/d=0xff222222 a=2 r=0x7f090000}
W/Resources(  547): Converting to string: TypedValue{t=0x12/d=0x0 a=1 r=0x102037a}
W/Resources(  547): Converting to string: TypedValue{t=0x1f/d=0xff222222 a=2 r=0x7f090000}
W/Resources(  547): Converting to string: TypedValue{t=0x12/d=0x0 a=1 r=0x10202b6}
W/Resources(  547): Converting to string: TypedValue{t=0x12/d=0x0 a=1 r=0x10202b7}
D/ADBMobile(21377): ADBMobile Debug : Audience Manager - request (http://gannett.demdex.net/event?c_gnt_prefs_PushSegments=bknews%7Cnews%7Csports%7Clife%7Cmoney%7Ctech&c_gnt_aamsegment=500%2C513%2C514%2C515%2C516%2C517%2C518%2C519%2C520%2C512%2C501%2C502%2C503%2C504%2C505%2C506%2C507%2C600&c_gnt_TimeValue=1%3A30PM&c_gnt_Orientation=portrait&c_gnt_zag_zip=22102&c_gnt_Location=38.9324096%7C-77.2167551&c_gnt_ContentType=weather&c_gnt_ProductName=USATODAY%20for%20Android%20Tablet&c_gnt_MarketName=gpapermobileapp&c_gnt_quietTime=10%3A00pm%7C07%3A00am&d_uuid=19857838291522528462172418163433203273&d_dpid=3054&d_dpuuid=b20c3623-9a28-4594-844b-acc8da859575&d_ptfm=android&d_dst=1&d_rtbd=json)
W/Resources(  547): Converting to string: TypedValue{t=0x12/d=0x0 a=1 r=0x102037b}
W/Resources(  547): Converting to string: TypedValue{t=0x12/d=0x0 a=1 r=0x102037c}
W/Resources(  547): Converting to string: TypedValue{t=0x1f/d=0xff222222 a=2 r=0x7f090000}
V/WindowManager(  547): Adding window Window{1d028175 u0 Starting com.usatoday.android.news} at 6 of 12 (after Window{1303d252 u0 com.usatoday.android.news/com.gannett.android.news.ui.activity.ActivityWeather})
W/Resources(  547): Converting to string: TypedValue{t=0x5/d=0x4001 a=1 r=0x1050051}
W/Resources(  547): Converting to string: TypedValue{t=0x5/d=0x3801 a=1 r=0x105003a}
D/ADBMobile(21377): ADBMobile Debug : Analytics - Attempting to send request parameters(80591392?AQB=1&ndh=1&ce=UTF-8&c.&a.&DeviceName=Nexus%207&OSVersion=Android%205.1&Resolution=1200x1824&AppID=USA%20Today%202.7.2.1%20%2852%29&.a&gnt.&Orientation=portrait&aamsegment=500%2C513%2C514%2C515%2C516%2C517%2C518%2C519%2C520%2C512%2C501%2C502%2C503%2C504%2C505%2C506%2C507%2C600&prefs.&PushSegments=bknews%7Cnews%7Csports%7Clife%7Cmoney%7Ctech&.prefs&MarketName=gpapermobileapp&quietTime=10%3A00pm%7C07%3A00am&ProductName=USATODAY%20for%20Android%20Tablet&Location=38.9324096%7C-77.2167551&zag.&zip=22102&.zag&ContentType=weather&TimeValue=1%3A30PM&.gnt&.c&t=00%2F00%2F0000%2000%3A00%3A00%200%20240&pageName=weather%7Cconditions&aid=0B755799E6D542E0-2DC2C6CBAD07BACD&AQE=1)
D/ADBMobile(21377): ADBMobile Debug : Analytics - Request Sent(http://gannett.112.2o7.net/b/ss/gpapermobileapp/0/JAVA-4.1.7-AN/s80591392?AQB=1&ndh=1&ce=UTF-8&c.&a.&DeviceName=Nexus%207&OSVersion=Android%205.1&Resolution=1200x1824&AppID=USA%20Today%202.7.2.1%20%2852%29&.a&gnt.&Orientation=portrait&aamsegment=500%2C513%2C514%2C515%2C516%2C517%2C518%2C519%2C520%2C512%2C501%2C502%2C503%2C504%2C505%2C506%2C507%2C600&prefs.&PushSegments=bknews%7Cnews%7Csports%7Clife%7Cmoney%7Ctech&.prefs&MarketName=gpapermobileapp&quietTime=10%3A00pm%7C07%3A00am&ProductName=USATODAY%20for%20Android%20Tablet&Location=38.9324096%7C-77.2167551&zag.&zip=22102&.zag&ContentType=weather&TimeValue=1%3A30PM&.gnt&.c&t=00%2F00%2F0000%2000%3A00%3A00%200%20240&pageName=weather%7Cconditions&aid=0B755799E6D542E0-2DC2C6CBAD07BACD&AQE=1)
W/ADBMobile(21377): ADBMobile Debug : Audience Manager - Unable to parse JSON data (No value for dests)
D/LocationUtility(21377): Connected
D/BaseActivity(21377): onPause()
D/LifecycleMonitor(21377): Lifecycle status change: com.gannett.android.news.ui.activity.ActivityWeather@11951088 in: PAUSED
D/LifecycleMonitor(21377): Lifecycle status change: com.gannett.android.news.ui.activity.ActivityNews@29cd0f62 in: PRE_ON_CREATE
D/BaseActivity(21377): onCreate()
D/DEVICE INFO(21377): screenSize: large, dpiBucket: xhdpi
I/Ads     ( 6864): CsiReporterFactory: CSI is not enabled. No CSI reporter created.
W/Resources(21377): Converting to string: TypedValue{t=0x12/d=0x0 a=1 r=0x1020378}
W/Resources(21377): Converting to string: TypedValue{t=0x12/d=0x0 a=1 r=0x1020379}
W/Resources(21377): Converting to string: TypedValue{t=0x1f/d=0xff222222 a=2 r=0x7f090000}
W/Resources(21377): Converting to string: TypedValue{t=0x12/d=0x0 a=1 r=0x102037a}
W/Resources(21377): Converting to string: TypedValue{t=0x1f/d=0xff222222 a=2 r=0x7f090000}
W/Resources(21377): Converting to string: TypedValue{t=0x12/d=0x0 a=1 r=0x10202b6}
W/Resources(21377): Converting to string: TypedValue{t=0x12/d=0x0 a=1 r=0x10202b7}
W/Resources(21377): Converting to string: TypedValue{t=0x12/d=0x0 a=1 r=0x102037b}
W/Resources(21377): Converting to string: TypedValue{t=0x12/d=0x0 a=1 r=0x102037c}
W/Resources(21377): Converting to string: TypedValue{t=0x1f/d=0xff222222 a=2 r=0x7f090000}
W/Resources(21377): Converting to string: TypedValue{t=0x12/d=0x0 a=2 r=0x7f0f0192}
W/Resources(21377): Converting to string: TypedValue{t=0x12/d=0x0 a=2 r=0x7f0f0193}
W/Resources(21377): Converting to string: TypedValue{t=0x12/d=0x0 a=2 r=0x7f0f0194}
W/Resources(21377): Converting to string: TypedValue{t=0x1d/d=0xffffffff a=2 r=0x7f0900c5}
W/Resources(21377): Converting to string: TypedValue{t=0x12/d=0x0 a=2 r=0x7f0f003c}
W/Resources(21377): Converting to string: TypedValue{t=0x1c/d=0xff000000 a=1 r=0x106000c}
W/Resources(21377): Converting to string: TypedValue{t=0x12/d=0x0 a=2 r=0x7f0f0062}
W/Resources(21377): Converting to string: TypedValue{t=0x1c/d=0x0 a=1 r=0x106000d}
W/Resources(21377): Converting to string: TypedValue{t=0x12/d=0x0 a=2 r=0x7f0f003d}
W/Resources(21377): Converting to string: TypedValue{t=0x12/d=0x0 a=2 r=0x7f0f00aa}
W/Resources(21377): Converting to string: TypedValue{t=0x12/d=0x0 a=2 r=0x7f0f00ab}
W/Resources(21377): Converting to string: TypedValue{t=0x5/d=0xd01 a=2 r=0x7f0a0055}
W/Resources(21377): Converting to string: TypedValue{t=0x5/d=0xd01 a=2 r=0x7f0a0055}
W/Resources(21377): Converting to string: TypedValue{t=0x12/d=0x0 a=2 r=0x7f0f00ac}
W/Resources(21377): Converting to string: TypedValue{t=0x5/d=0x501 a=2 r=0x7f0a0019}
W/Resources(21377): Converting to string: TypedValue{t=0x12/d=0x0 a=2 r=0x7f0f0063}
W/Resources(21377): Converting to string: TypedValue{t=0x12/d=0x0 a=2 r=0x7f0f0064}
W/Resources(21377): Converting to string: TypedValue{t=0x12/d=0x0 a=2 r=0x7f0f0065}
D/LifecycleMonitor(21377): Lifecycle status change: com.gannett.android.news.ui.activity.ActivityNews@29cd0f62 in: CREATED
W/Resources(21377): Converting to string: TypedValue{t=0x12/d=0x0 a=2 r=0x7f0f00fd}
W/Resources(21377): Converting to string: TypedValue{t=0x12/d=0x0 a=2 r=0x7f0f0154}
W/Resources(21377): Converting to string: TypedValue{t=0x12/d=0x0 a=2 r=0x7f0f0155}
W/art     (21377): Attempt to remove local handle scope entry from IRT, ignoring
W/AwContents(21377): onDetachedFromWindow called when already detached. Ignoring
W/Resources(21377): Converting to string: TypedValue{t=0x12/d=0x0 a=2 r=0x7f0f0156}
W/Resources(21377): Converting to string: TypedValue{t=0x12/d=0x0 a=2 r=0x7f0f0157}
W/Resources(21377): Converting to string: TypedValue{t=0x12/d=0x0 a=2 r=0x7f0f0158}
D/GravityWell(21377): No active creative
D/BaseActivity(21377): onStart()
D/returnToActivityHeadlinesTest(21377): tryReturnToActivityHeadlines(): this.autoNavToHome == true
D/UrlProducer(21377): Articles URL requested: http://api.gannett-cdn.com/mobilefeeds/fronts/v1/home_mobile/?siteId=1&hls=false&api_key=euc4uvhentf8r3dgt69483ad
D/WearableService(16916): callingUid 10008, callindPid: 16916
W/Resources(21377): Converting to string: TypedValue{t=0x12/d=0x0 a=2 r=0x7f0f00fe}
W/Resources(21377): Converting to string: TypedValue{t=0x1d/d=0xffffffff a=2 r=0x7f0900c5}
W/Resources(21377): Converting to string: TypedValue{t=0x12/d=0x0 a=2 r=0x7f0f00ff}
W/Resources(21377): Converting to string: TypedValue{t=0x1d/d=0xffc6c9c9 a=2 r=0x7f0900a2}
W/Resources(21377): Converting to string: TypedValue{t=0x12/d=0x0 a=2 r=0x7f0f0091}
W/Resources(21377): Converting to string: TypedValue{t=0x1d/d=0xffeeeeee a=2 r=0x7f09009e}
W/Resources(21377): Converting to string: TypedValue{t=0x5/d=0x401 a=2 r=0x7f0a0039}
W/Resources(21377): Converting to string: TypedValue{t=0x5/d=0x401 a=2 r=0x7f0a0039}
D/UrlProducer(21377): Articles URL requested: http://api.gannett-cdn.com/mobilefeeds/fronts/v1/home_mobile/?siteId=1&hls=false&api_key=euc4uvhentf8r3dgt69483ad
D/AdConfigurationImpl(21377): lookingFor: article_banner_top, found: section_front
D/AdConfigurationImpl(21377): lookingFor: article_banner_bottom, found: section_front
D/AdConfigurationImpl(21377): lookingFor: high_impact, found: section_front
D/AdConfigurationImpl(21377): lookingFor: section_front, found: section_front
D/GravityWell(21377): No active creative
W/Resources(21377): Converting to string: TypedValue{t=0x12/d=0x0 a=2 r=0x7f0f005e}
W/Resources(21377): Converting to string: TypedValue{t=0x12/d=0x0 a=2 r=0x7f0f009a}
W/Resources(21377): Converting to string: TypedValue{t=0x1c/d=0x33b0b0b0 a=2 r=0x7f090002}
W/Resources(21377): Converting to string: TypedValue{t=0x12/d=0x0 a=2 r=0x7f0f009b}
W/Resources(21377): Converting to string: TypedValue{t=0x1c/d=0x33b0b0b0 a=2 r=0x7f090002}
W/art     (21377): Attempt to remove local handle scope entry from IRT, ignoring
W/AwContents(21377): onDetachedFromWindow called when already detached. Ignoring
W/Resources(21377): Converting to string: TypedValue{t=0x12/d=0x0 a=2 r=0x7f0f009c}
W/Resources(21377): Converting to string: TypedValue{t=0x1c/d=0x33b0b0b0 a=2 r=0x7f090002}
W/art     (21377): Attempt to remove local handle scope entry from IRT, ignoring
W/AwContents(21377): onDetachedFromWindow called when already detached. Ignoring
D/AdConfigurationImpl(21377): lookingFor: article_banner_top, found: section_front
D/AdConfigurationImpl(21377): lookingFor: article_banner_bottom, found: section_front
D/AdConfigurationImpl(21377): lookingFor: high_impact, found: section_front
D/AdConfigurationImpl(21377): lookingFor: section_front, found: section_front
D/Ads     (21377): Ads: Params: latitude=38.89194492;aam=500,513,514,515,516,517,518,519,520,512,501,502,503,504,505,506,507,600;ver=2.7.2.1;longitude=-77.22493274;pageType=front;androidid=b20c3623-9a28-4594-844b-acc8da859575;
I/Ads     (21377): Starting ad request.
I/Ads     (21377): Use AdRequest.Builder.addTestDevice("07C3BD1FC97B8BD363E7086452B8BB2A") to get test ads on this device.
I/Ads     (21377): Please set theme of AdActivity to @android:style/Theme.Translucent to enable transparent background interstitial ad.
D/DfpAdRetriever(21377): AD_REQUEST::SectionFront::/7103/usatoday_tablet/android_tablet_app-section_front/news/main:: Size = 468x60::AWS::news/main
D/OMNITURE_CALL(21377): {gnt.aamsegment=500,513,514,515,516,517,518,519,520,512,501,502,503,504,505,506,507,600, gnt.prefs.PushSegments=bknews|news|sports|life|money|tech, gnt.TimeValue=1:30PM, gnt.Orientation=portrait, gnt.ssts.Subsection=News Top Stories, gnt.zag.zip=22102, gnt.Location=38.9324096|-77.2167551, gnt.ContentType=sectionfront, gnt.ssts.Section=News, gnt.ProductName=USATODAY for Android Tablet, gnt.quietTime=10:00pm|07:00am, gnt.MarketName=gpapermobileapp}
D/GravityWell(21377): No active creative
I/Ads     (21377): No fill from ad server.
D/ADBMobile(21377): ADBMobile Debug : Audience Manager - request (http://gannett.demdex.net/event?c_gnt_aamsegment=500%2C513%2C514%2C515%2C516%2C517%2C518%2C519%2C520%2C512%2C501%2C502%2C503%2C504%2C505%2C506%2C507%2C600&c_gnt_Orientation=portrait&c_gnt_Location=38.9324096%7C-77.2167551&c_gnt_ssts_Subsection=News%20Top%20Stories&c_gnt_ssts_Section=News&c_gnt_quietTime=10%3A00pm%7C07%3A00am&c_gnt_prefs_PushSegments=bknews%7Cnews%7Csports%7Clife%7Cmoney%7Ctech&c_gnt_TimeValue=1%3A30PM&c_gnt_zag_zip=22102&c_gnt_ContentType=sectionfront&c_gnt_ProductName=USATODAY%20for%20Android%20Tablet&c_gnt_MarketName=gpapermobileapp&d_uuid=19857838291522528462172418163433203273&d_dpid=3054&d_dpuuid=b20c3623-9a28-4594-844b-acc8da859575&d_ptfm=android&d_dst=1&d_rtbd=json)
D/UserEdManager(21377): tryDisplayUserEd
D/UserEdManager(21377): hideAndResetUserEd
D/UrlProducer(21377): Breaking News URL requested: http://api.gannett-cdn.com/mobilefeeds/breakingnews/v1/mobile/?siteId=1&api_key=euc4uvhentf8r3dgt69483ad
D/LifecycleMonitor(21377): Lifecycle status change: com.gannett.android.news.ui.activity.ActivityNews@29cd0f62 in: STARTED
D/BaseActivity(21377): onResume()
D/LifecycleMonitor(21377): Lifecycle status change: com.gannett.android.news.ui.activity.ActivityNews@29cd0f62 in: RESUMED
V/WindowManager(  547): Adding window Window{c7b0cdc u0 com.usatoday.android.news/com.gannett.android.news.ui.activity.ActivityNews} at 6 of 13 (before Window{1d028175 u0 Starting com.usatoday.android.news})
D/LocationUtility(21377): Connected
I/Ads     ( 6864): CsiReporterFactory: CSI is not enabled. No CSI reporter created.
W/art     (21377): Attempt to remove local handle scope entry from IRT, ignoring
W/AwContents(21377): onDetachedFromWindow called when already detached. Ignoring
W/ADBMobile(21377): ADBMobile Debug : Audience Manager - Unable to parse JSON data (No value for dests)
W/art     (21377): Attempt to remove local handle scope entry from IRT, ignoring
W/art     (21377): Attempt to remove local handle scope entry from IRT, ignoring
W/Ads     (21377): Failed to load ad: 3
D/DfpAdRetriever(21377): Ads: ad not retrieved: high_impact
D/ADBMobile(21377): ADBMobile Debug : Analytics - Attempting to send request parameters(20727179?AQB=1&ndh=1&ce=UTF-8&c.&a.&DeviceName=Nexus%207&OSVersion=Android%205.1&Resolution=1200x1824&AppID=USA%20Today%202.7.2.1%20%2852%29&.a&gnt.&Orientation=portrait&aamsegment=500%2C513%2C514%2C515%2C516%2C517%2C518%2C519%2C520%2C512%2C501%2C502%2C503%2C504%2C505%2C506%2C507%2C600&prefs.&PushSegments=bknews%7Cnews%7Csports%7Clife%7Cmoney%7Ctech&.prefs&MarketName=gpapermobileapp&quietTime=10%3A00pm%7C07%3A00am&ProductName=USATODAY%20for%20Android%20Tablet&ssts.&Section=News&Subsection=News%20Top%20Stories&.ssts&Location=38.9324096%7C-77.2167551&zag.&zip=22102&.zag&ContentType=sectionfront&TimeValue=1%3A30PM&.gnt&.c&t=00%2F00%2F0000%2000%3A00%3A00%200%20240&pageName=News%7CNews%20Top%20Stories%7Cindex&aid=0B755799E6D542E0-2DC2C6CBAD07BACD&AQE=1)
D/ADBMobile(21377): ADBMobile Debug : Analytics - Request Sent(http://gannett.112.2o7.net/b/ss/gpapermobileapp/0/JAVA-4.1.7-AN/s20727179?AQB=1&ndh=1&ce=UTF-8&c.&a.&DeviceName=Nexus%207&OSVersion=Android%205.1&Resolution=1200x1824&AppID=USA%20Today%202.7.2.1%20%2852%29&.a&gnt.&Orientation=portrait&aamsegment=500%2C513%2C514%2C515%2C516%2C517%2C518%2C519%2C520%2C512%2C501%2C502%2C503%2C504%2C505%2C506%2C507%2C600&prefs.&PushSegments=bknews%7Cnews%7Csports%7Clife%7Cmoney%7Ctech&.prefs&MarketName=gpapermobileapp&quietTime=10%3A00pm%7C07%3A00am&ProductName=USATODAY%20for%20Android%20Tablet&ssts.&Section=News&Subsection=News%20Top%20Stories&.ssts&Location=38.9324096%7C-77.2167551&zag.&zip=22102&.zag&ContentType=sectionfront&TimeValue=1%3A30PM&.gnt&.c&t=00%2F00%2F0000%2000%3A00%3A00%200%20240&pageName=News%7CNews%20Top%20Stories%7Cindex&aid=0B755799E6D542E0-2DC2C6CBAD07BACD&AQE=1)
D/Transform(21377): BreakingNewsModule: com.gannett.android.exceptions.InvalidEntityException: no items
D/Transform(21377): BreakingNewsFeedImpl: com.gannett.android.exceptions.InvalidEntityException: no module
W/Resources(21377): Converting to string: TypedValue{t=0x12/d=0x0 a=2 r=0x7f0f00d9}
W/Resources(21377): Converting to string: TypedValue{t=0x1d/d=0xffebebeb a=2 r=0x7f09000b}
W/Resources(21377): Converting to string: TypedValue{t=0x12/d=0x0 a=2 r=0x7f0f0035}
W/Resources(21377): Converting to string: TypedValue{t=0x12/d=0x0 a=2 r=0x7f0f00da}
W/Resources(21377): Converting to string: TypedValue{t=0x1d/d=0xff000000 a=2 r=0x7f09000d}
W/Resources(21377): Converting to string: TypedValue{t=0x12/d=0x0 a=2 r=0x7f0f0115}
W/Resources(21377): Converting to string: TypedValue{t=0x1d/d=0xffa01313 a=2 r=0x7f090010}
W/Resources(21377): Converting to string: TypedValue{t=0x5/d=0x801 a=2 r=0x7f0a002c}
W/Resources(21377): Converting to string: TypedValue{t=0x5/d=0x401 a=2 r=0x7f0a002e}
W/Resources(21377): Converting to string: TypedValue{t=0x5/d=0x801 a=2 r=0x7f0a002c}
W/Resources(21377): Converting to string: TypedValue{t=0x5/d=0x401 a=2 r=0x7f0a002e}
W/Resources(21377): Converting to string: TypedValue{t=0x5/d=0x1001 a=2 r=0x7f0a0030}
W/Resources(21377): Converting to string: TypedValue{t=0x5/d=0x1001 a=2 r=0x7f0a0030}
W/Resources(21377): Converting to string: TypedValue{t=0x5/d=0x1001 a=2 r=0x7f0a0030}
W/Resources(21377): Converting to string: TypedValue{t=0x12/d=0x0 a=2 r=0x7f0f0116}
W/Resources(21377): Converting to string: TypedValue{t=0x5/d=0x1001 a=2 r=0x7f0a0038}
W/Resources(21377): Converting to string: TypedValue{t=0x5/d=0x401 a=2 r=0x7f0a002e}
W/Resources(21377): Converting to string: TypedValue{t=0x12/d=0x0 a=2 r=0x7f0f0101}
W/Resources(21377): Converting to string: TypedValue{t=0x5/d=0x1001 a=2 r=0x7f0a0038}
W/Resources(21377): Converting to string: TypedValue{t=0x5/d=0x1101 a=2 r=0x7f0a0054}
W/Resources(21377): Converting to string: TypedValue{t=0x12/d=0x0 a=2 r=0x7f0f0038}
V/MinimogrifierUtils(21377): resized image URL: http://www.gannett-cdn.com/-mm-/c4d2d0550121cb5ed9aa5ab2eadc84582d9021bb/c=255-0-2915-2000&r=1200x900&q=80/local/-/media/2015/05/07/USATODAY/USATODAY/635665906443906254-lumber.jpg
W/Resources(21377): Converting to string: TypedValue{t=0x12/d=0x0 a=2 r=0x7f0f019f}
W/Resources(21377): Converting to string: TypedValue{t=0x1d/d=0xffeeeeee a=2 r=0x7f09009e}
W/Resources(21377): Converting to string: TypedValue{t=0x5/d=0x1001 a=2 r=0x7f0a0030}
W/Resources(21377): Converting to string: TypedValue{t=0x5/d=0xc01 a=2 r=0x7f0a002d}
W/Resources(21377): Converting to string: TypedValue{t=0x5/d=0x801 a=2 r=0x7f0a002c}
W/Resources(21377): Converting to string: TypedValue{t=0x12/d=0x0 a=2 r=0x7f0f01a0}
W/Resources(21377): Converting to string: TypedValue{t=0x5/d=0x801 a=2 r=0x7f0a002c}
W/Resources(21377): Converting to string: TypedValue{t=0x5/d=0x1001 a=2 r=0x7f0a0030}
W/Resources(21377): Converting to string: TypedValue{t=0x12/d=0x0 a=2 r=0x7f0f01d9}
W/Resources(21377): Converting to string: TypedValue{t=0x12/d=0x0 a=2 r=0x7f0f01da}
W/Resources(21377): Converting to string: TypedValue{t=0x12/d=0x0 a=2 r=0x7f0f0141}
W/Resources(21377): Converting to string: TypedValue{t=0x12/d=0x0 a=2 r=0x7f0f01db}
W/Resources(21377): Converting to string: TypedValue{t=0x12/d=0x0 a=2 r=0x7f0f01a1}
D/UrlProducer(21377): Weather URL requested: http://api.gannett-cdn.com/internal/weather/V5/accuweather/data/location/349727?LanguageId=1&Metric=false&format=json&api_key=7zh2888dfxtnttmpkq8wmj78
W/Resources(21377): Converting to string: TypedValue{t=0x1c/d=0x0 a=1 r=0x106000d}
W/Resources(21377): Converting to string: TypedValue{t=0x12/d=0x0 a=2 r=0x7f0f0100}
W/Resources(21377): Converting to string: TypedValue{t=0x5/d=0x1001 a=2 r=0x7f0a0030}
W/Resources(21377): Converting to string: TypedValue{t=0x5/d=0x801 a=2 r=0x7f0a002c}
W/Resources(21377): Converting to string: TypedValue{t=0x5/d=0x1001 a=2 r=0x7f0a0030}
W/Resources(21377): Converting to string: TypedValue{t=0x5/d=0x801 a=2 r=0x7f0a002c}
W/Resources(21377): Converting to string: TypedValue{t=0x5/d=0x3001 a=2 r=0x7f0a0036}
W/Resources(21377): Converting to string: TypedValue{t=0x12/d=0x0 a=2 r=0x7f0f003b}
W/Resources(21377): Converting to string: TypedValue{t=0x12/d=0x0 a=2 r=0x7f0f0035}
W/Resources(21377): Converting to string: TypedValue{t=0x1d/d=0xffc8c8c8 a=2 r=0x7f09000f}
W/Resources(21377): Converting to string: TypedValue{t=0x5/d=0x5a01 a=2 r=0x7f0a000e}
W/Resources(21377): Converting to string: TypedValue{t=0x12/d=0x0 a=2 r=0x7f0f00db}
W/Resources(21377): Converting to string: TypedValue{t=0x12/d=0x0 a=2 r=0x7f0f0101}
W/Resources(21377): Converting to string: TypedValue{t=0x12/d=0x0 a=2 r=0x7f0f0038}
W/Resources(21377): Converting to string: TypedValue{t=0x12/d=0x0 a=2 r=0x7f0f00dc}
W/Resources(21377): Converting to string: TypedValue{t=0x5/d=0x1001 a=2 r=0x7f0a0030}
W/Resources(21377): Converting to string: TypedValue{t=0x5/d=0x1001 a=2 r=0x7f0a0030}
V/MinimogrifierUtils(21377): resized image URL: http://www.gannett-cdn.com/-mm-/b3a60345df67897f6194e61b6d38c479e82cf2d9/c=309-0-4538-3180&r=228x168&q=80/local/-/media/2015/05/07/USATODAY/USATODAY/635665891319281392-AP-NSA-Surveillance-Secret-Law.jpg
W/Resources(21377): Converting to string: TypedValue{t=0x1c/d=0x0 a=1 r=0x106000d}
W/Resources(21377): Converting to string: TypedValue{t=0x12/d=0x0 a=2 r=0x7f0f0100}
W/Resources(21377): Converting to string: TypedValue{t=0x5/d=0x1001 a=2 r=0x7f0a0030}
W/Resources(21377): Converting to string: TypedValue{t=0x5/d=0x801 a=2 r=0x7f0a002c}
W/Resources(21377): Converting to string: TypedValue{t=0x5/d=0x1001 a=2 r=0x7f0a0030}
W/Resources(21377): Converting to string: TypedValue{t=0x5/d=0x801 a=2 r=0x7f0a002c}
W/Resources(21377): Converting to string: TypedValue{t=0x5/d=0x3001 a=2 r=0x7f0a0036}
W/Resources(21377): Converting to string: TypedValue{t=0x12/d=0x0 a=2 r=0x7f0f003b}
W/Resources(21377): Converting to string: TypedValue{t=0x12/d=0x0 a=2 r=0x7f0f0035}
W/Resources(21377): Converting to string: TypedValue{t=0x1d/d=0xffc8c8c8 a=2 r=0x7f09000f}
W/Resources(21377): Converting to string: TypedValue{t=0x5/d=0x5a01 a=2 r=0x7f0a000e}
W/Resources(21377): Converting to string: TypedValue{t=0x12/d=0x0 a=2 r=0x7f0f00db}
W/Resources(21377): Converting to string: TypedValue{t=0x12/d=0x0 a=2 r=0x7f0f0101}
W/Resources(21377): Converting to string: TypedValue{t=0x12/d=0x0 a=2 r=0x7f0f0038}
W/Resources(21377): Converting to string: TypedValue{t=0x12/d=0x0 a=2 r=0x7f0f00dc}
W/Resources(21377): Converting to string: TypedValue{t=0x5/d=0x1001 a=2 r=0x7f0a0030}
W/Resources(21377): Converting to string: TypedValue{t=0x5/d=0x1001 a=2 r=0x7f0a0030}
V/MinimogrifierUtils(21377): resized image URL: http://www.gannett-cdn.com/-mm-/0970bebb5cff3c2aed5d6885dbdaed0f8c64dbf7/c=138-0-1570-1077&r=228x168&q=80/local/-/media/2015/05/07/USATODAY/USATODAY/635665915362757573-050715key-fobs.jpg
W/Resources(21377): Converting to string: TypedValue{t=0x1c/d=0x0 a=1 r=0x106000d}
W/Resources(21377): Converting to string: TypedValue{t=0x12/d=0x0 a=2 r=0x7f0f0100}
W/Resources(21377): Converting to string: TypedValue{t=0x5/d=0x1001 a=2 r=0x7f0a0030}
W/Resources(21377): Converting to string: TypedValue{t=0x5/d=0x801 a=2 r=0x7f0a002c}
W/Resources(21377): Converting to string: TypedValue{t=0x5/d=0x1001 a=2 r=0x7f0a0030}
W/Resources(21377): Converting to string: TypedValue{t=0x5/d=0x801 a=2 r=0x7f0a002c}
W/Resources(21377): Converting to string: TypedValue{t=0x5/d=0x3001 a=2 r=0x7f0a0036}
W/Resources(21377): Converting to string: TypedValue{t=0x12/d=0x0 a=2 r=0x7f0f003b}
W/Resources(21377): Converting to string: TypedValue{t=0x12/d=0x0 a=2 r=0x7f0f0035}
W/Resources(21377): Converting to string: TypedValue{t=0x1d/d=0xffc8c8c8 a=2 r=0x7f09000f}
W/Resources(21377): Converting to string: TypedValue{t=0x5/d=0x5a01 a=2 r=0x7f0a000e}
W/Resources(21377): Converting to string: TypedValue{t=0x12/d=0x0 a=2 r=0x7f0f00db}
W/Resources(21377): Converting to string: TypedValue{t=0x12/d=0x0 a=2 r=0x7f0f0101}
W/Resources(21377): Converting to string: TypedValue{t=0x12/d=0x0 a=2 r=0x7f0f0038}
W/Resources(21377): Converting to string: TypedValue{t=0x12/d=0x0 a=2 r=0x7f0f00dc}
W/Resources(21377): Converting to string: TypedValue{t=0x5/d=0x1001 a=2 r=0x7f0a0030}
W/Resources(21377): Converting to string: TypedValue{t=0x5/d=0x1001 a=2 r=0x7f0a0030}
V/MinimogrifierUtils(21377): resized image URL: http://www.gannett-cdn.com/-mm-/81582c05b2d692e091f5e509d58c889e4e6e3e03/c=172-0-2828-1997&r=228x168&q=80/local/-/media/2015/05/07/USATODAY/USATODAY/635665997876142148-Avengers254d1158022f16.jpg
W/Resources(21377): Converting to string: TypedValue{t=0x5/d=0x1401 a=2 r=0x7f0a0066}
W/Resources(21377): Converting to string: TypedValue{t=0x5/d=0x1001 a=2 r=0x7f0a0067}
W/Resources(21377): Converting to string: TypedValue{t=0x5/d=0x1401 a=2 r=0x7f0a0066}
W/Resources(21377): Converting to string: TypedValue{t=0x5/d=0xf01 a=2 r=0x7f0a0065}
W/Resources(21377): Converting to string: TypedValue{t=0x12/d=0x0 a=2 r=0x7f0f018f}
W/Resources(21377): Converting to string: TypedValue{t=0x12/d=0x0 a=2 r=0x7f0f0190}
W/Resources(21377): Converting to string: TypedValue{t=0x12/d=0x0 a=2 r=0x7f0f0191}
W/Resources(21377): Converting to string: TypedValue{t=0x1d/d=0xfff9f9f9 a=2 r=0x7f090084}
W/Resources(21377): Converting to string: TypedValue{t=0x5/d=0x1401 a=2 r=0x7f0a0066}
W/Resources(21377): Converting to string: TypedValue{t=0x5/d=0x1001 a=2 r=0x7f0a0067}
W/Resources(21377): Converting to string: TypedValue{t=0x5/d=0x1401 a=2 r=0x7f0a0066}
W/Resources(21377): Converting to string: TypedValue{t=0x5/d=0xf01 a=2 r=0x7f0a0065}
W/Resources(21377): Converting to string: TypedValue{t=0x12/d=0x0 a=2 r=0x7f0f018c}
W/Resources(21377): Converting to string: TypedValue{t=0x12/d=0x0 a=2 r=0x7f0f018d}
W/Resources(21377): Converting to string: TypedValue{t=0x12/d=0x0 a=2 r=0x7f0f018e}
W/Resources(21377): Converting to string: TypedValue{t=0x1d/d=0xfff9f9f9 a=2 r=0x7f090084}
W/Resources(21377): Converting to string: TypedValue{t=0x5/d=0x1401 a=2 r=0x7f0a0066}
W/Resources(21377): Converting to string: TypedValue{t=0x5/d=0x1001 a=2 r=0x7f0a0067}
W/Resources(21377): Converting to string: TypedValue{t=0x5/d=0x1401 a=2 r=0x7f0a0066}
W/Resources(21377): Converting to string: TypedValue{t=0x5/d=0xf01 a=2 r=0x7f0a0065}
W/Resources(21377): Converting to string: TypedValue{t=0x12/d=0x0 a=2 r=0x7f0f018c}
W/Resources(21377): Converting to string: TypedValue{t=0x12/d=0x0 a=2 r=0x7f0f018d}
W/Resources(21377): Converting to string: TypedValue{t=0x12/d=0x0 a=2 r=0x7f0f018e}
W/Resources(21377): Converting to string: TypedValue{t=0x1d/d=0xfff9f9f9 a=2 r=0x7f090084}
W/Resources(21377): Converting to string: TypedValue{t=0x5/d=0x1401 a=2 r=0x7f0a0066}
W/Resources(21377): Converting to string: TypedValue{t=0x5/d=0x1001 a=2 r=0x7f0a0067}
W/Resources(21377): Converting to string: TypedValue{t=0x5/d=0x1401 a=2 r=0x7f0a0066}
W/Resources(21377): Converting to string: TypedValue{t=0x5/d=0xf01 a=2 r=0x7f0a0065}
W/Resources(21377): Converting to string: TypedValue{t=0x12/d=0x0 a=2 r=0x7f0f018c}
W/Resources(21377): Converting to string: TypedValue{t=0x12/d=0x0 a=2 r=0x7f0f018d}
W/Resources(21377): Converting to string: TypedValue{t=0x12/d=0x0 a=2 r=0x7f0f018e}
W/Resources(21377): Converting to string: TypedValue{t=0x1d/d=0xfff9f9f9 a=2 r=0x7f090084}
W/Resources(21377): Converting to string: TypedValue{t=0x5/d=0x1401 a=2 r=0x7f0a0066}
W/Resources(21377): Converting to string: TypedValue{t=0x5/d=0x1001 a=2 r=0x7f0a0067}
W/Resources(21377): Converting to string: TypedValue{t=0x5/d=0x1401 a=2 r=0x7f0a0066}
W/Resources(21377): Converting to string: TypedValue{t=0x5/d=0xf01 a=2 r=0x7f0a0065}
W/Resources(21377): Converting to string: TypedValue{t=0x12/d=0x0 a=2 r=0x7f0f018c}
W/Resources(21377): Converting to string: TypedValue{t=0x12/d=0x0 a=2 r=0x7f0f018d}
W/Resources(21377): Converting to string: TypedValue{t=0x12/d=0x0 a=2 r=0x7f0f018e}
W/Resources(21377): Converting to string: TypedValue{t=0x1d/d=0xfff9f9f9 a=2 r=0x7f090084}
W/Resources(21377): Converting to string: TypedValue{t=0x5/d=0x1401 a=2 r=0x7f0a0066}
W/Resources(21377): Converting to string: TypedValue{t=0x5/d=0x1001 a=2 r=0x7f0a0067}
W/Resources(21377): Converting to string: TypedValue{t=0x5/d=0x1401 a=2 r=0x7f0a0066}
W/Resources(21377): Converting to string: TypedValue{t=0x5/d=0xf01 a=2 r=0x7f0a0065}
W/Resources(21377): Converting to string: TypedValue{t=0x12/d=0x0 a=2 r=0x7f0f018c}
W/Resources(21377): Converting to string: TypedValue{t=0x12/d=0x0 a=2 r=0x7f0f018d}
W/Resources(21377): Converting to string: TypedValue{t=0x12/d=0x0 a=2 r=0x7f0f018e}
W/Resources(21377): Converting to string: TypedValue{t=0x1d/d=0xfff9f9f9 a=2 r=0x7f090084}
W/Resources(21377): Converting to string: TypedValue{t=0x5/d=0x1401 a=2 r=0x7f0a0066}
W/Resources(21377): Converting to string: TypedValue{t=0x5/d=0x1001 a=2 r=0x7f0a0067}
W/Resources(21377): Converting to string: TypedValue{t=0x5/d=0x1401 a=2 r=0x7f0a0066}
W/Resources(21377): Converting to string: TypedValue{t=0x5/d=0xf01 a=2 r=0x7f0a0065}
W/Resources(21377): Converting to string: TypedValue{t=0x12/d=0x0 a=2 r=0x7f0f018c}
W/Resources(21377): Converting to string: TypedValue{t=0x12/d=0x0 a=2 r=0x7f0f018d}
W/Resources(21377): Converting to string: TypedValue{t=0x12/d=0x0 a=2 r=0x7f0f018e}
W/Resources(21377): Converting to string: TypedValue{t=0x1d/d=0xfff9f9f9 a=2 r=0x7f090084}
W/Resources(21377): Converting to string: TypedValue{t=0x5/d=0x1401 a=2 r=0x7f0a0066}
W/Resources(21377): Converting to string: TypedValue{t=0x5/d=0x1001 a=2 r=0x7f0a0067}
W/Resources(21377): Converting to string: TypedValue{t=0x5/d=0x1401 a=2 r=0x7f0a0066}
W/Resources(21377): Converting to string: TypedValue{t=0x5/d=0xf01 a=2 r=0x7f0a0065}
W/Resources(21377): Converting to string: TypedValue{t=0x12/d=0x0 a=2 r=0x7f0f018c}
W/Resources(21377): Converting to string: TypedValue{t=0x12/d=0x0 a=2 r=0x7f0f018d}
W/Resources(21377): Converting to string: TypedValue{t=0x12/d=0x0 a=2 r=0x7f0f018e}
W/Resources(21377): Converting to string: TypedValue{t=0x1d/d=0xfff9f9f9 a=2 r=0x7f090084}
W/Resources(21377): Converting to string: TypedValue{t=0x5/d=0x1401 a=2 r=0x7f0a0066}
W/Resources(21377): Converting to string: TypedValue{t=0x5/d=0x1001 a=2 r=0x7f0a0067}
W/Resources(21377): Converting to string: TypedValue{t=0x5/d=0x1401 a=2 r=0x7f0a0066}
W/Resources(21377): Converting to string: TypedValue{t=0x5/d=0xf01 a=2 r=0x7f0a0065}
W/Resources(21377): Converting to string: TypedValue{t=0x12/d=0x0 a=2 r=0x7f0f018c}
W/Resources(21377): Converting to string: TypedValue{t=0x12/d=0x0 a=2 r=0x7f0f018d}
W/Resources(21377): Converting to string: TypedValue{t=0x12/d=0x0 a=2 r=0x7f0f018e}
W/Resources(21377): Converting to string: TypedValue{t=0x1d/d=0xfff9f9f9 a=2 r=0x7f090084}
W/Resources(21377): Converting to string: TypedValue{t=0x5/d=0x1401 a=2 r=0x7f0a0066}
W/Resources(21377): Converting to string: TypedValue{t=0x5/d=0x1001 a=2 r=0x7f0a0067}
W/Resources(21377): Converting to string: TypedValue{t=0x5/d=0x1401 a=2 r=0x7f0a0066}
W/Resources(21377): Converting to string: TypedValue{t=0x5/d=0xf01 a=2 r=0x7f0a0065}
W/Resources(21377): Converting to string: TypedValue{t=0x12/d=0x0 a=2 r=0x7f0f018c}
W/Resources(21377): Converting to string: TypedValue{t=0x12/d=0x0 a=2 r=0x7f0f018d}
W/Resources(21377): Converting to string: TypedValue{t=0x12/d=0x0 a=2 r=0x7f0f018e}
W/Resources(21377): Converting to string: TypedValue{t=0x5/d=0x1401 a=2 r=0x7f0a0066}
W/Resources(21377): Converting to string: TypedValue{t=0x5/d=0x1001 a=2 r=0x7f0a0067}
W/Resources(21377): Converting to string: TypedValue{t=0x5/d=0x1401 a=2 r=0x7f0a0066}
W/Resources(21377): Converting to string: TypedValue{t=0x5/d=0xf01 a=2 r=0x7f0a0065}
W/Resources(21377): Converting to string: TypedValue{t=0x12/d=0x0 a=2 r=0x7f0f018f}
W/Resources(21377): Converting to string: TypedValue{t=0x12/d=0x0 a=2 r=0x7f0f0190}
W/Resources(21377): Converting to string: TypedValue{t=0x12/d=0x0 a=2 r=0x7f0f0191}
W/Resources(21377): Converting to string: TypedValue{t=0x5/d=0x1401 a=2 r=0x7f0a0066}
W/Resources(21377): Converting to string: TypedValue{t=0x5/d=0x1001 a=2 r=0x7f0a0067}
W/Resources(21377): Converting to string: TypedValue{t=0x5/d=0x1401 a=2 r=0x7f0a0066}
W/Resources(21377): Converting to string: TypedValue{t=0x5/d=0xf01 a=2 r=0x7f0a0065}
W/Resources(21377): Converting to string: TypedValue{t=0x12/d=0x0 a=2 r=0x7f0f018f}
W/Resources(21377): Converting to string: TypedValue{t=0x12/d=0x0 a=2 r=0x7f0f0190}
W/Resources(21377): Converting to string: TypedValue{t=0x12/d=0x0 a=2 r=0x7f0f0191}
W/Resources(21377): Converting to string: TypedValue{t=0x5/d=0x1401 a=2 r=0x7f0a0066}
W/Resources(21377): Converting to string: TypedValue{t=0x5/d=0x1001 a=2 r=0x7f0a0067}
W/Resources(21377): Converting to string: TypedValue{t=0x5/d=0x1401 a=2 r=0x7f0a0066}
W/Resources(21377): Converting to string: TypedValue{t=0x5/d=0xf01 a=2 r=0x7f0a0065}
W/Resources(21377): Converting to string: TypedValue{t=0x12/d=0x0 a=2 r=0x7f0f018f}
W/Resources(21377): Converting to string: TypedValue{t=0x12/d=0x0 a=2 r=0x7f0f0190}
W/Resources(21377): Converting to string: TypedValue{t=0x12/d=0x0 a=2 r=0x7f0f0191}
D/audio_hw_primary(  184): disable_audio_route: reset and update mixer path: low-latency-playback
D/audio_hw_primary(  184): disable_snd_device: snd_device(2: speaker)
W/Resources(21377): Converting to string: TypedValue{t=0x5/d=0x1401 a=2 r=0x7f0a0066}
W/Resources(21377): Converting to string: TypedValue{t=0x5/d=0x1001 a=2 r=0x7f0a0067}
W/Resources(21377): Converting to string: TypedValue{t=0x5/d=0x1401 a=2 r=0x7f0a0066}
W/Resources(21377): Converting to string: TypedValue{t=0x5/d=0xf01 a=2 r=0x7f0a0065}
W/Resources(21377): Converting to string: TypedValue{t=0x12/d=0x0 a=2 r=0x7f0f018f}
W/Resources(21377): Converting to string: TypedValue{t=0x12/d=0x0 a=2 r=0x7f0f0190}
W/Resources(21377): Converting to string: TypedValue{t=0x12/d=0x0 a=2 r=0x7f0f0191}
W/Resources(21377): Converting to string: TypedValue{t=0x5/d=0x1401 a=2 r=0x7f0a0066}
W/Resources(21377): Converting to string: TypedValue{t=0x5/d=0x1001 a=2 r=0x7f0a0067}
W/Resources(21377): Converting to string: TypedValue{t=0x5/d=0x1401 a=2 r=0x7f0a0066}
W/Resources(21377): Converting to string: TypedValue{t=0x5/d=0xf01 a=2 r=0x7f0a0065}
W/Resources(21377): Converting to string: TypedValue{t=0x12/d=0x0 a=2 r=0x7f0f018f}
W/Resources(21377): Converting to string: TypedValue{t=0x12/d=0x0 a=2 r=0x7f0f0190}
W/Resources(21377): Converting to string: TypedValue{t=0x12/d=0x0 a=2 r=0x7f0f0191}
W/Resources(21377): Converting to string: TypedValue{t=0x5/d=0x4001 a=1 r=0x1050051}
W/Resources(21377): Converting to string: TypedValue{t=0x5/d=0x3801 a=1 r=0x105003a}
W/Resources(21377): Converting to string: TypedValue{t=0x5/d=0x4001 a=1 r=0x1050051}
W/Resources(21377): Converting to string: TypedValue{t=0x5/d=0x3801 a=1 r=0x105003a}
W/Resources(21377): Converting to string: TypedValue{t=0x5/d=0x4001 a=1 r=0x1050051}
W/Resources(21377): Converting to string: TypedValue{t=0x5/d=0x3801 a=1 r=0x105003a}
I/ActivityManager(  547): Displayed com.usatoday.android.news/com.gannett.android.news.ui.activity.ActivityNews: +544ms
D/BreakingNewsRetriever(21377): onError() com.gannett.android.exceptions.EmptyFeedException: Unrecoverable transform error deserializing BreakingNewsFeedImpl
D/GravityWell(21377): Checking gravity config for ad ID: usatoday_tablet/android_tablet_app-high_impact
I/Ads     ( 6864): CsiReporterFactory: CSI is not enabled. No CSI reporter created.
W/art     (21377): Attempt to remove local handle scope entry from IRT, ignoring
W/AwContents(21377): onDetachedFromWindow called when already detached. Ignoring
W/art     (21377): Attempt to remove local handle scope entry from IRT, ignoring
W/art     (21377): Attempt to remove local handle scope entry from IRT, ignoring
D/BaseActivity(21377): onStop()
D/LifecycleMonitor(21377): Lifecycle status change: com.gannett.android.news.ui.activity.ActivityGallery@4c29020 in: STOPPED
D/UserEdManager(21377): hideAndResetUserEd
D/LifecycleMonitor(21377): Lifecycle status change: com.gannett.android.news.ui.activity.ActivityGallery@4c29020 in: DESTROYED
D/BaseActivity(21377): onStop()
D/LifecycleMonitor(21377): Lifecycle status change: com.gannett.android.news.ui.activity.ActivityWeather@11951088 in: STOPPED
D/UserEdManager(21377): hideAndResetUserEd
D/LifecycleMonitor(21377): Lifecycle status change: com.gannett.android.news.ui.activity.ActivityWeather@11951088 in: DESTROYED
W/BindingManager(21377): Cannot call determinedVisibility() - never saw a connection for the pid: 21377
I/ViewInteraction(21377): Performing 'check drawer' action on view with id: com.usatoday.android.news:id/nav_drawer
W/art     (21377): Attempt to remove local handle scope entry from IRT, ignoring
W/AwContents(21377): onDetachedFromWindow called when already detached. Ignoring
W/art     (21377): Attempt to remove local handle scope entry from IRT, ignoring
W/art     (21377): Attempt to remove local handle scope entry from IRT, ignoring
I/Ads     (21377): Ad finished loading.
D/DfpAdRetriever(21377): Ads: ad retrieved: section_front
W/BindingManager(21377): Cannot call determinedVisibility() - never saw a connection for the pid: 21377
I/ViewInteraction(21377): Performing 'register idling drawer listener' action on view with id: com.usatoday.android.news:id/nav_drawer
I/ViewInteraction(21377): Performing 'open drawer' action on view with id: com.usatoday.android.news:id/nav_drawer
W/UiControllerImpl(21377): Waiting for: DYNAMIC_TASKS_HAVE_IDLED for 100 iterations.
I/Ads     (21377): Ad finished loading.
D/DfpAdRetriever(21377): Ads: ad retrieved: section_front
W/UiControllerImpl(21377): Waiting for: DYNAMIC_TASKS_HAVE_IDLED for 200 iterations.
W/UiControllerImpl(21377): Waiting for: DYNAMIC_TASKS_HAVE_IDLED for 300 iterations.
I/chromium(21377): [INFO:CONSOLE(0)] "'webkitIDBFactory' is deprecated. Please use 'IDBFactory' instead.", source:  (0)
I/ViewInteraction(21377): Performing 'unregister idling drawer listener' action on view with id: com.usatoday.android.news:id/nav_drawer
I/ViewInteraction(21377): Performing 'single click' action on view (with id: com.usatoday.android.news:id/nav_section_name and with text: is "News")
W/Resources(21377): Converting to string: TypedValue{t=0x1d/d=0xfff9f9f9 a=2 r=0x7f090084}
W/Resources(21377): Converting to string: TypedValue{t=0x5/d=0x1401 a=2 r=0x7f0a0066}
W/Resources(21377): Converting to string: TypedValue{t=0x5/d=0x1001 a=2 r=0x7f0a0067}
W/Resources(21377): Converting to string: TypedValue{t=0x5/d=0x1401 a=2 r=0x7f0a0066}
W/Resources(21377): Converting to string: TypedValue{t=0x5/d=0xf01 a=2 r=0x7f0a0065}
W/Resources(21377): Converting to string: TypedValue{t=0x12/d=0x0 a=2 r=0x7f0f018c}
W/Resources(21377): Converting to string: TypedValue{t=0x12/d=0x0 a=2 r=0x7f0f018d}
W/Resources(21377): Converting to string: TypedValue{t=0x12/d=0x0 a=2 r=0x7f0f018e}
W/Resources(21377): Converting to string: TypedValue{t=0x1d/d=0xfff9f9f9 a=2 r=0x7f090084}
W/Resources(21377): Converting to string: TypedValue{t=0x5/d=0x1401 a=2 r=0x7f0a0066}
W/Resources(21377): Converting to string: TypedValue{t=0x5/d=0x1001 a=2 r=0x7f0a0067}
W/Resources(21377): Converting to string: TypedValue{t=0x5/d=0x1401 a=2 r=0x7f0a0066}
W/Resources(21377): Converting to string: TypedValue{t=0x5/d=0xf01 a=2 r=0x7f0a0065}
W/Resources(21377): Converting to string: TypedValue{t=0x12/d=0x0 a=2 r=0x7f0f018c}
W/Resources(21377): Converting to string: TypedValue{t=0x12/d=0x0 a=2 r=0x7f0f018d}
W/Resources(21377): Converting to string: TypedValue{t=0x12/d=0x0 a=2 r=0x7f0f018e}
W/Resources(21377): Converting to string: TypedValue{t=0x1d/d=0xfff9f9f9 a=2 r=0x7f090084}
W/Resources(21377): Converting to string: TypedValue{t=0x5/d=0x1401 a=2 r=0x7f0a0066}
W/Resources(21377): Converting to string: TypedValue{t=0x5/d=0x1001 a=2 r=0x7f0a0067}
W/Resources(21377): Converting to string: TypedValue{t=0x5/d=0x1401 a=2 r=0x7f0a0066}
W/Resources(21377): Converting to string: TypedValue{t=0x5/d=0xf01 a=2 r=0x7f0a0065}
W/Resources(21377): Converting to string: TypedValue{t=0x12/d=0x0 a=2 r=0x7f0f018c}
W/Resources(21377): Converting to string: TypedValue{t=0x12/d=0x0 a=2 r=0x7f0f018d}
W/Resources(21377): Converting to string: TypedValue{t=0x12/d=0x0 a=2 r=0x7f0f018e}
W/Resources(21377): Converting to string: TypedValue{t=0x1d/d=0xfff9f9f9 a=2 r=0x7f090084}
W/Resources(21377): Converting to string: TypedValue{t=0x5/d=0x1401 a=2 r=0x7f0a0066}
W/Resources(21377): Converting to string: TypedValue{t=0x5/d=0x1001 a=2 r=0x7f0a0067}
W/Resources(21377): Converting to string: TypedValue{t=0x5/d=0x1401 a=2 r=0x7f0a0066}
W/Resources(21377): Converting to string: TypedValue{t=0x5/d=0xf01 a=2 r=0x7f0a0065}
W/Resources(21377): Converting to string: TypedValue{t=0x12/d=0x0 a=2 r=0x7f0f018c}
W/Resources(21377): Converting to string: TypedValue{t=0x12/d=0x0 a=2 r=0x7f0f018d}
W/Resources(21377): Converting to string: TypedValue{t=0x12/d=0x0 a=2 r=0x7f0f018e}
W/Resources(21377): Converting to string: TypedValue{t=0x1d/d=0xfff9f9f9 a=2 r=0x7f090084}
W/Resources(21377): Converting to string: TypedValue{t=0x5/d=0x1401 a=2 r=0x7f0a0066}
W/Resources(21377): Converting to string: TypedValue{t=0x5/d=0x1001 a=2 r=0x7f0a0067}
W/Resources(21377): Converting to string: TypedValue{t=0x5/d=0x1401 a=2 r=0x7f0a0066}
W/Resources(21377): Converting to string: TypedValue{t=0x5/d=0xf01 a=2 r=0x7f0a0065}
W/Resources(21377): Converting to string: TypedValue{t=0x12/d=0x0 a=2 r=0x7f0f018c}
W/Resources(21377): Converting to string: TypedValue{t=0x12/d=0x0 a=2 r=0x7f0f018d}
W/Resources(21377): Converting to string: TypedValue{t=0x12/d=0x0 a=2 r=0x7f0f018e}
W/Resources(21377): Converting to string: TypedValue{t=0x1d/d=0xfff9f9f9 a=2 r=0x7f090084}
W/Resources(21377): 