W/OpenGLRenderer( 4701): Incorrectly called buildLayer on View: ShortcutAndWidgetContainer, destroying layer...
I/dex2oat (30662): Decided to run without swap.
W/dex2oat (30662): Before Android 4.1, method int android.support.v7.internal.widget.ListViewCompat.lookForSelectablePosition(int, boolean) would have incorrectly overridden the package-private method in android.widget.ListView
E/WifiStateMachine(  562): WifiStateMachine CMD_START_SCAN source -2 txSuccessRate=44.34 rxSuccessRate=334.56 targetRoamBSSID=any RSSI=-45
I/dex2oat (30662): dex2oat took 9.350s (threads: 4) arena alloc=370KB java alloc=11MB native alloc=18MB free=9MB
I/ActivityManager(  562): Force stopping com.usatoday.android.news appid=10187 user=-1: update pkg
W/PackageManager(  562): Code path for pkg : com.usatoday.android.news changing from /data/app/com.usatoday.android.news-1 to /data/app/com.usatoday.android.news-2
W/PackageManager(  562): Resource path for pkg : com.usatoday.android.news changing from /data/app/com.usatoday.android.news-1 to /data/app/com.usatoday.android.news-2
D/PackageManager(  562): Renaming /data/app/vmdl1730909812.tmp to /data/app/com.usatoday.android.news-3
I/ActivityManager(  562): Force stopping com.usatoday.android.news appid=10187 user=-1: uninstall pkg
I/art     (  562): Background partial concurrent mark sweep GC freed 109654(4MB) AllocSpace objects, 16(1432KB) LOS objects, 33% free, 30MB/45MB, paused 1.892ms total 103.729ms
I/PackageManager(  562): Package com.usatoday.android.news codePath changed from /data/app/com.usatoday.android.news-2 to /data/app/com.usatoday.android.news-3; Retaining data and using new
I/PackageManager(  562): Running dexopt on: /data/app/com.usatoday.android.news-3/base.apk pkg=com.usatoday.android.news isa=arm vmSafeMode=false
I/dex2oat (30763): /system/bin/dex2oat --zip-fd=6 --zip-location=/data/app/com.usatoday.android.news-3/base.apk --oat-fd=7 --oat-location=/data/dalvik-cache/arm/data@app@com.usatoday.android.news-3@base.apk@classes.dex --instruction-set=arm --instruction-set-features=div --runtime-arg -Xms64m --runtime-arg -Xmx512m --swap-fd=8
I/dex2oat (30763): Decided to run without swap.
W/dex2oat (30763): Before Android 4.1, method int android.support.v7.internal.widget.ListViewCompat.lookForSelectablePosition(int, boolean) would have incorrectly overridden the package-private method in android.widget.ListView
W/IntentService[S(29890): type=1400 audit(0.0:59): avc: denied { getattr } for path="/persist" dev="mmcblk0p4" ino=2 scontext=u:r:untrusted_app:s0 tcontext=u:object_r:persist_file:s0 tclass=dir
I/ActivityManager(  562): Killing 1431:com.twitter.android/u0a45 (adj 15): empty #17
I/dex2oat (30763): dex2oat took 8.924s (threads: 4) arena alloc=431KB java alloc=11MB native alloc=18MB free=9MB
W/PackageManager(  562): Code path for pkg : com.usatoday.android.news changing from /data/app/com.usatoday.android.news-2 to /data/app/com.usatoday.android.news-3
W/PackageManager(  562): Resource path for pkg : com.usatoday.android.news changing from /data/app/com.usatoday.android.news-2 to /data/app/com.usatoday.android.news-3
I/ActivityManager(  562): Force stopping com.usatoday.android.news appid=10187 user=-1: update pkg
I/ActivityManager(  562): Force stopping com.usatoday.android.news appid=10187 user=0: pkg removed
I/art     ( 4701): Explicit concurrent mark sweep GC freed 14615(1199KB) AllocSpace objects, 27(767KB) LOS objects, 39% free, 13MB/22MB, paused 1.403ms total 23.132ms
I/art     ( 1527): Explicit concurrent mark sweep GC freed 376(14KB) AllocSpace objects, 0(0B) LOS objects, 24% free, 8MB/11MB, paused 488us total 49.163ms
I/art     ( 1317): Explicit concurrent mark sweep GC freed 10961(656KB) AllocSpace objects, 4(110KB) LOS objects, 25% free, 11MB/15MB, paused 549us total 33.996ms
I/art     ( 4386): Explicit concurrent mark sweep GC freed 30297(1318KB) AllocSpace objects, 1(2025KB) LOS objects, 36% free, 27MB/43MB, paused 1.770ms total 45.379ms
I/InputReader(  562): Reconfiguring input devices.  changes=0x00000010
I/InputReader(  562): Reconfiguring input devices.  changes=0x00000010
W/Settings(  562): Setting install_non_market_apps has moved from android.provider.Settings.Global to android.provider.Settings.Secure, returning read-only value.
I/InputReader(  562): Reconfiguring input devices.  changes=0x00000010
W/ContextImpl(26333): Calling a method in the system process without a qualified user: android.app.ContextImpl.startService:1692 android.content.ContextWrapper.startService:516 android.content.ContextWrapper.startService:516 com.android.keychain.KeyChainBroadcastReceiver.onReceive:12 android.app.ActivityThread.handleReceiver:2609 
I/art     (  562): Explicit concurrent mark sweep GC freed 54180(3MB) AllocSpace objects, 8(474KB) LOS objects, 33% free, 27MB/41MB, paused 2.105ms total 119.598ms
D/JobSchedulerService(  562): Receieved: android.intent.action.PACKAGE_REMOVED
D/BackupManagerService(  562): Received broadcast Intent { act=android.intent.action.PACKAGE_REMOVED dat=package:com.usatoday.android.news flg=0x4000010 (has extras) }
I/art     (  562): WaitForGcToComplete blocked for 41.076ms for cause Explicit
E/NetworkScheduler.SchedulerReceiver(14012): Invalid parameter app
E/NetworkScheduler.SchedulerReceiver(14012): Invalid package name : Perhaps you didn't include a PendingIntent in the extras?
D/PackageBroadcastService( 6165): Received broadcast action=android.intent.action.PACKAGE_REMOVED and uri=com.usatoday.android.news
D/ChimeraRcvrProxy( 6165): Creating receiver proxy ComponentInfo{com.google.android.gms/com.google.android.gms.games.chimera.GamesSystemBroadcastReceiverProxy}
D/ChimeraRcvrProxy( 6165): Proxying container receiver ComponentInfo{com.google.android.gms/com.google.android.gms.games.chimera.GamesSystemBroadcastReceiverProxy} to Chimera receiver impl com.google.android.gms.games.receiver.PlaySystemBroadcastReceiver
D/ChimeraCfgMgr( 6165): Loading module com.google.android.gms.games from APK com.google.android.play.games
D/ChimeraModuleLdr( 6165): Module APK com.google.android.play.games already loaded
I/ConfigService(14012): onCreate
I/ConfigService(14012): onBind for Intent { act=com.google.android.gms.config.UPDATE pkg=com.google.android.gms } action com.google.android.gms.config.UPDATE
I/ConfigService(14012): onBind returning update interface
I/ConfigService(14012): onBind for Intent { act=com.google.android.gms.config.START pkg=com.google.android.gms } action com.google.android.gms.config.START
I/ConfigFetchService( 6165): onStartCommand Intent { act=android.intent.action.PACKAGE_REMOVED dat=package:com.usatoday.android.news cmp=com.google.android.gms/.config.ConfigFetchService (has extras) }
I/ConfigService(14012): onBind returning service broker
D/ChimeraSrvcProxy( 6165): Creating service proxy ComponentInfo{com.google.android.gms/com.google.android.gms.games.chimera.GamesAsyncServiceProxy}
D/ChimeraSrvcProxy( 6165): Proxying container service ComponentInfo{com.google.android.gms/com.google.android.gms.games.chimera.GamesAsyncServiceProxy} to Chimera service impl com.google.android.gms.games.service.PlayGamesAsyncService
D/ChimeraCfgMgr( 6165): Loading module com.google.android.gms.games from APK com.google.android.play.games
D/ChimeraModuleLdr( 6165): Module APK com.google.android.play.games already loaded
I/ConfigFetchService( 6165): service connected
D/GCM     (14012): GcmService start Intent { act=com.google.android.gms.gcm.PACKAGE_REPLACED cmp=com.google.android.gms/.gcm.GcmService (has extras) } com.google.android.gms.gcm.PACKAGE_REPLACED
D/PackageBroadcastService( 6165): Received broadcast action=android.intent.action.PACKAGE_ADDED and uri=com.usatoday.android.news
D/ChimeraRcvrProxy( 6165): Creating receiver proxy ComponentInfo{com.google.android.gms/com.google.android.gms.games.chimera.GamesSystemBroadcastReceiverProxy}
D/ChimeraRcvrProxy( 6165): Proxying container receiver ComponentInfo{com.google.android.gms/com.google.android.gms.games.chimera.GamesSystemBroadcastReceiverProxy} to Chimera receiver impl com.google.android.gms.games.receiver.PlaySystemBroadcastReceiver
D/ChimeraCfgMgr( 6165): Loading module com.google.android.gms.games from APK com.google.android.play.games
D/ChimeraModuleLdr( 6165): Module APK com.google.android.play.games already loaded
I/UpdateIcingCorporaServi( 1317): Updating corpora: APPS=com.usatoday.android.news, CONTACTS=MAYBE
I/ConfigFetchService( 6165): onStartCommand Intent { act=android.intent.action.PACKAGE_ADDED dat=package:com.usatoday.android.news cmp=com.google.android.gms/.config.ConfigFetchService (has extras) }
I/ConfigFetchService( 6165): launchTask
I/ConfigFetchService( 6165): service connected
I/PeopleContactsSync( 6165): CP2 sync disabled
D/ConfigFetchService( 6165): ConfigApi connection successful.
V/ConfigFetchTask( 6165): ConfigFetchTask getDeviceDataVersionInfo(): ABFEt1UuVH1OjMFQQT0fjs-m5t4WcSYId4I9LEMyH39hxWZLcgces8x04k-2IPW36sQDYsX0vMy5snScDySgqJ1hSbLsD9dfag1pFmdIlMy-YlaAGeEnQU7SbAWYCkd4Q631wfaQZdNV5CDES93Hnmqb9WbAThmyp6kMJcbAZ4Nz-qrTIXqo7PiHerf5qj3j9KVRr6LImRDRh7oAXxWYhEG6Rwx0Ln93a7oT-ULu3bYsjhcpfoLeNfftNOb2hq_nwyehbz40G-7zEHHNhruy3tyeLt3BVzCd16su8OL8k0Jv46khr_QQTjE
I/GoogleURLConnFactory( 6165): Using platform SSLCertificateSocketFactory
I/art     (  562): Explicit concurrent mark sweep GC freed 5498(266KB) AllocSpace objects, 0(0B) LOS objects, 33% free, 27MB/41MB, paused 2.777ms total 223.052ms
E/NetworkScheduler.SchedulerReceiver(14012): Invalid parameter app
E/NetworkScheduler.SchedulerReceiver(14012): Invalid package name : Perhaps you didn't include a PendingIntent in the extras?
D/PackageBroadcastService( 6165): Received broadcast action=android.intent.action.PACKAGE_REPLACED and uri=com.usatoday.android.news
I/PeopleContactsSync( 6165): CP2 sync disabled
W/AccountNameManager(26566): Original name not found for mikepopegannett@gmail.com
I/ApplicationLogger( 1317): canRun() : Opted Out
I/UpdateIcingCorporaServi( 1317): UpdateCorporaTask done [took 152 ms] updated apps [took 152 ms] 
I/ActivityManager(  562): Force stopping com.usatoday.android.news appid=10187 user=0: pkg removed
I/art     (30572): System.exit called, status: 0
I/AndroidRuntime(30572): VM exiting with result code 0.
I/InputReader(  562): Reconfiguring input devices.  changes=0x00000010
I/InputReader(  562): Reconfiguring input devices.  changes=0x00000010
I/InputReader(  562): Reconfiguring input devices.  changes=0x00000010
W/ContextImpl(26333): Calling a method in the system process without a qualified user: android.app.ContextImpl.startService:1692 android.content.ContextWrapper.startService:516 android.content.ContextWrapper.startService:516 com.android.keychain.KeyChainBroadcastReceiver.onReceive:12 android.app.ActivityThread.handleReceiver:2609 
W/Settings(  562): Setting install_non_market_apps has moved from android.provider.Settings.Global to android.provider.Settings.Secure, returning read-only value.
I/ConfigFetchService( 6165): fetch service done; releasing wakelock
I/ConfigFetchService( 6165): stopping self
E/NetworkScheduler.SchedulerReceiver(14012): Invalid parameter app
E/NetworkScheduler.SchedulerReceiver(14012): Invalid package name : Perhaps you didn't include a PendingIntent in the extras?
D/ChimeraRcvrProxy( 6165): Creating receiver proxy ComponentInfo{com.google.android.gms/com.google.android.gms.games.chimera.GamesSystemBroadcastReceiverProxy}
D/ChimeraRcvrProxy( 6165): Proxying container receiver ComponentInfo{com.google.android.gms/com.google.android.gms.games.chimera.GamesSystemBroadcastReceiverProxy} to Chimera receiver impl com.google.android.gms.games.receiver.PlaySystemBroadcastReceiver
D/ChimeraCfgMgr( 6165): Loading module com.google.android.gms.games from APK com.google.android.play.games
D/ChimeraModuleLdr( 6165): Module APK com.google.android.play.games already loaded
D/PackageBroadcastService( 6165): Received broadcast action=android.intent.action.PACKAGE_REMOVED and uri=com.usatoday.android.news
I/ConfigFetchService( 6165): onStartCommand Intent { act=android.intent.action.PACKAGE_REMOVED dat=package:com.usatoday.android.news cmp=com.google.android.gms/.config.ConfigFetchService (has extras) }
W/ResourcesManager(  562): Asset path '/system/framework/android.test.runner.jar' does not exist or contains no resources.
D/BackupManagerService(  562): Received broadcast Intent { act=android.intent.action.PACKAGE_ADDED dat=package:com.usatoday.android.news flg=0x4000010 (has extras) }
W/BackupManagerService(  562): Removing schedule queue dupe of com.usatoday.android.news
I/ConfigFetchService( 6165): service connected
D/JobSchedulerService(  562): Receieved: android.intent.action.PACKAGE_REMOVED
D/BackupManagerService(  562): Received broadcast Intent { act=android.intent.action.PACKAGE_REMOVED dat=package:com.usatoday.android.news flg=0x4000010 (has extras) }
D/GCM     (14012): GcmService start Intent { act=com.google.android.gms.gcm.PACKAGE_REPLACED cmp=com.google.android.gms/.gcm.GcmService (has extras) } com.google.android.gms.gcm.PACKAGE_REPLACED
D/PackageBroadcastService( 6165): Received broadcast action=android.intent.action.PACKAGE_ADDED and uri=com.usatoday.android.news
D/ChimeraRcvrProxy( 6165): Creating receiver proxy ComponentInfo{com.google.android.gms/com.google.android.gms.games.chimera.GamesSystemBroadcastReceiverProxy}
D/ChimeraRcvrProxy( 6165): Proxying container receiver ComponentInfo{com.google.android.gms/com.google.android.gms.games.chimera.GamesSystemBroadcastReceiverProxy} to Chimera receiver impl com.google.android.gms.games.receiver.PlaySystemBroadcastReceiver
D/ChimeraCfgMgr( 6165): Loading module com.google.android.gms.games from APK com.google.android.play.games
D/ChimeraModuleLdr( 6165): Module APK com.google.android.play.games already loaded
D/BackupManagerService(  562): Received broadcast Intent { act=android.intent.action.PACKAGE_ADDED dat=package:com.usatoday.android.news flg=0x4000010 (has extras) }
W/BackupManagerService(  562): Removing schedule queue dupe of com.usatoday.android.news
I/UpdateIcingCorporaServi( 1317): Updating corpora: APPS=com.usatoday.android.news, CONTACTS=MAYBE
I/ConfigFetchService( 6165): onStartCommand Intent { act=android.intent.action.PACKAGE_ADDED dat=package:com.usatoday.android.news cmp=com.google.android.gms/.config.ConfigFetchService (has extras) }
I/ConfigFetchService( 6165): launchTask
I/art     (  562): Explicit concurrent mark sweep GC freed 10647(579KB) AllocSpace objects, 1(16KB) LOS objects, 33% free, 28MB/42MB, paused 5.218ms total 205.291ms
I/ConfigFetchService( 6165): service connected
I/PeopleContactsSync( 6165): CP2 sync disabled
D/ConfigFetchService( 6165): ConfigApi connection successful.
I/ApplicationLogger( 1317): canRun() : Opted Out
I/UpdateIcingCorporaServi( 1317): UpdateCorporaTask done [took 68 ms] updated apps [took 68 ms] 
E/NetworkScheduler.SchedulerReceiver(14012): Invalid parameter app
E/NetworkScheduler.SchedulerReceiver(14012): Invalid package name : Perhaps you didn't include a PendingIntent in the extras?
E/WifiStateMachine(  562): WifiStateMachine CMD_START_SCAN source -2 txSuccessRate=0.69 rxSuccessRate=299.13 targetRoamBSSID=any RSSI=-46
D/PackageBroadcastService( 6165): Received broadcast action=android.intent.action.PACKAGE_REPLACED and uri=com.usatoday.android.news
I/art     (30571): System.exit called, status: 0
I/AndroidRuntime(30571): VM exiting with result code 0.
W/AccountNameManager(26566): Original name not found for mikepopegannett@gmail.com
I/PeopleContactsSync( 6165): CP2 sync disabled
W/Resources( 4701): Converting to string: TypedValue{t=0x12/d=0x0 a=2 r=0x7f0e0005}
W/Resources( 4701): Converting to string: TypedValue{t=0x12/d=0x0 a=2 r=0x7f0e0005}
W/Resources( 4701): Converting to string: TypedValue{t=0x12/d=0x0 a=2 r=0x7f0e0005}
W/Resources( 4701): Converting to string: TypedValue{t=0x12/d=0x0 a=2 r=0x7f0e0005}
W/Resources( 4701): Converting to string: TypedValue{t=0x12/d=0x0 a=2 r=0x7f0e0005}
W/Resources( 4701): Converting to string: TypedValue{t=0x12/d=0x0 a=2 r=0x7f0e0005}
W/Resources( 4701): Converting to string: TypedValue{t=0x12/d=0x0 a=2 r=0x7f0e0005}
W/Resources( 4701): Converting to string: TypedValue{t=0x12/d=0x0 a=2 r=0x7f0e0005}
W/Resources( 4701): Converting to string: TypedValue{t=0x12/d=0x0 a=2 r=0x7f0e0005}
W/Resources( 4701): Converting to string: TypedValue{t=0x12/d=0x0 a=2 r=0x7f0e0005}
W/Resources( 4701): Converting to string: TypedValue{t=0x12/d=0x0 a=2 r=0x7f0e0005}
W/Resources( 4701): Converting to string: TypedValue{t=0x12/d=0x0 a=2 r=0x7f0e0005}
W/Resources( 4701): Converting to string: TypedValue{t=0x12/d=0x0 a=2 r=0x7f0e0005}
W/Resources( 4701): Converting to string: TypedValue{t=0x12/d=0x0 a=2 r=0x7f0e0005}
W/Resources( 4701): Converting to string: TypedValue{t=0x12/d=0x0 a=2 r=0x7f0e0005}
W/Resources( 4701): Converting to string: TypedValue{t=0x12/d=0x0 a=2 r=0x7f0e0005}
W/Resources( 4701): Converting to string: TypedValue{t=0x12/d=0x0 a=2 r=0x7f0e0005}
W/Resources( 4701): Converting to string: TypedValue{t=0x12/d=0x0 a=2 r=0x7f0e0005}
W/Resources( 4701): Converting to string: TypedValue{t=0x12/d=0x0 a=2 r=0x7f0e0005}
W/Resources( 4701): Converting to string: TypedValue{t=0x12/d=0x0 a=2 r=0x7f0e0005}
W/Resources( 4701): Converting to string: TypedValue{t=0x12/d=0x0 a=2 r=0x7f0e0005}
W/Resources( 4701): Converting to string: TypedValue{t=0x12/d=0x0 a=2 r=0x7f0e0005}
W/Resources( 4701): Converting to string: TypedValue{t=0x12/d=0x0 a=2 r=0x7f0e0005}
W/Resources( 4701): Converting to string: TypedValue{t=0x12/d=0x0 a=2 r=0x7f0e0005}
W/Resources( 4701): Converting to string: TypedValue{t=0x12/d=0x0 a=2 r=0x7f0e0005}
W/Resources( 4701): Converting to string: TypedValue{t=0x12/d=0x0 a=2 r=0x7f0e0005}
W/Resources( 4701): Converting to string: TypedValue{t=0x12/d=0x0 a=2 r=0x7f0e0005}
W/Resources( 4701): Converting to string: TypedValue{t=0x12/d=0x0 a=2 r=0x7f0e0005}
W/Resources( 4701): Converting to string: TypedValue{t=0x12/d=0x0 a=2 r=0x7f0e0005}
W/Resources( 4701): Converting to string: TypedValue{t=0x12/d=0x0 a=2 r=0x7f0e0005}
W/Resources( 4701): Converting to string: TypedValue{t=0x12/d=0x0 a=2 r=0x7f0e0005}
W/Resources( 4701): Converting to string: TypedValue{t=0x12/d=0x0 a=2 r=0x7f0e0005}
W/Resources( 4701): Converting to string: TypedValue{t=0x12/d=0x0 a=2 r=0x7f0e0005}
W/Resources( 4701): Converting to string: TypedValue{t=0x12/d=0x0 a=2 r=0x7f0e0005}
W/ResourcesManager( 4701): Asset path '/system/framework/com.google.android.media.effects.jar' does not exist or contains no resources.
W/Resources( 4701): Converting to string: TypedValue{t=0x12/d=0x0 a=2 r=0x7f0e0005}
W/Resources( 4701): Converting to string: TypedValue{t=0x12/d=0x0 a=2 r=0x7f0e0005}
W/Resources( 4701): Converting to string: TypedValue{t=0x12/d=0x0 a=2 r=0x7f0e0005}
W/Resources( 4701): Converting to string: TypedValue{t=0x12/d=0x0 a=2 r=0x7f0e0005}
W/Resources( 4701): Converting to string: TypedValue{t=0x12/d=0x0 a=2 r=0x7f0e0005}
W/Resources( 4701): Converting to string: TypedValue{t=0x12/d=0x0 a=2 r=0x7f0e0005}
W/Resources( 4701): Converting to string: TypedValue{t=0x12/d=0x0 a=2 r=0x7f0e0005}
W/Resources( 4701): Converting to string: TypedValue{t=0x12/d=0x0 a=2 r=0x7f0e0005}
W/Resources( 4701): Converting to string: TypedValue{t=0x12/d=0x0 a=2 r=0x7f0e0005}
W/Resources( 4701): Converting to string: TypedValue{t=0x12/d=0x0 a=2 r=0x7f0e0005}
W/ResourcesManager( 4701): Asset path '/system/framework/com.google.android.maps.jar' does not exist or contains no resources.
W/Resources( 4701): Converting to string: TypedValue{t=0x12/d=0x0 a=2 r=0x7f0e0005}
W/Resources( 4701): Converting to string: TypedValue{t=0x12/d=0x0 a=2 r=0x7f0e0005}
W/Resources( 4701): Converting to string: TypedValue{t=0x12/d=0x0 a=2 r=0x7f0e0005}
W/Resources( 4701): Converting to string: TypedValue{t=0x12/d=0x0 a=2 r=0x7f0e0005}
W/Resources( 4701): Converting to string: TypedValue{t=0x12/d=0x0 a=2 r=0x7f0e0005}
W/Resources( 4701): Converting to string: TypedValue{t=0x12/d=0x0 a=2 r=0x7f0e0005}
W/Resources( 4701): Converting to string: TypedValue{t=0x12/d=0x0 a=2 r=0x7f0e0005}
W/Resources( 4701): Converting to string: TypedValue{t=0x12/d=0x0 a=2 r=0x7f0e0005}
W/Resources( 4701): Converting to string: TypedValue{t=0x12/d=0x0 a=2 r=0x7f0e000e}
W/Resources( 4701): Converting to string: TypedValue{t=0x5/d=0x2001 a=2 r=0x7f0a0037}
W/Resources( 4701): Converting to string: TypedValue{t=0x5/d=0x1001 a=2 r=0x7f0a0035}
W/Resources( 4701): Converting to string: TypedValue{t=0x5/d=0x1001 a=2 r=0x7f0a0036}
W/Resources( 4701): Converting to string: TypedValue{t=0x12/d=0x0 a=2 r=0x7f0e000f}
W/Resources( 4701): Converting to string: TypedValue{t=0x12/d=0x0 a=2 r=0x7f0e0010}
D/AndroidRuntime(30915): >>>>>> START com.android.internal.os.RuntimeInit uid 2000 <<<<<<
W/Resources( 4701): Converting to string: TypedValue{t=0x12/d=0x0 a=2 r=0x7f0e000e}
W/Resources( 4701): Converting to string: TypedValue{t=0x5/d=0x2001 a=2 r=0x7f0a0037}
W/Resources( 4701): Converting to string: TypedValue{t=0x5/d=0x1001 a=2 r=0x7f0a0035}
W/ResourcesManager( 4701): Asset path '/system/framework/android.test.runner.jar' does not exist or contains no resources.
W/Resources( 4701): Converting to string: TypedValue{t=0x5/d=0x1001 a=2 r=0x7f0a0036}
D/AndroidRuntime(30915): CheckJNI is OFF
W/Resources( 4701): Converting to string: TypedValue{t=0x12/d=0x0 a=2 r=0x7f0e000f}
W/Resources( 4701): Converting to string: TypedValue{t=0x12/d=0x0 a=2 r=0x7f0e0010}
W/Resources( 4701): Converting to string: TypedValue{t=0x12/d=0x0 a=2 r=0x7f0e000e}
W/Resources( 4701): Converting to string: TypedValue{t=0x5/d=0x2001 a=2 r=0x7f0a0037}
W/Resources( 4701): Converting to string: TypedValue{t=0x5/d=0x1001 a=2 r=0x7f0a0035}
W/Resources( 4701): Converting to string: TypedValue{t=0x5/d=0x1001 a=2 r=0x7f0a0036}
W/ResourcesManager( 4701): Asset path '/system/framework/android.test.runner.jar' does not exist or contains no resources.
W/Resources( 4701): Converting to string: TypedValue{t=0x12/d=0x0 a=2 r=0x7f0e000f}
W/Resources( 4701): Converting to string: TypedValue{t=0x12/d=0x0 a=2 r=0x7f0e0010}
W/Resources( 4701): Converting to string: TypedValue{t=0x12/d=0x0 a=2 r=0x7f0e000e}
W/Resources( 4701): Converting to string: TypedValue{t=0x5/d=0x2001 a=2 r=0x7f0a0037}
W/Resources( 4701): Converting to string: TypedValue{t=0x5/d=0x1001 a=2 r=0x7f0a0035}
W/Resources( 4701): Converting to string: TypedValue{t=0x5/d=0x1001 a=2 r=0x7f0a0036}
W/Resources( 4701): Converting to string: TypedValue{t=0x12/d=0x0 a=2 r=0x7f0e000f}
W/Resources( 4701): Converting to string: TypedValue{t=0x12/d=0x0 a=2 r=0x7f0e0010}
W/ResourcesManager( 4701): Asset path '/system/framework/android.test.runner.jar' does not exist or contains no resources.
W/Resources( 4701): Converting to string: TypedValue{t=0x12/d=0x0 a=2 r=0x7f0e000e}
W/Resources( 4701): Converting to string: TypedValue{t=0x5/d=0x2001 a=2 r=0x7f0a0037}
W/Resources( 4701): Converting to string: TypedValue{t=0x5/d=0x1001 a=2 r=0x7f0a0035}
W/Resources( 4701): Converting to string: TypedValue{t=0x5/d=0x1001 a=2 r=0x7f0a0036}
W/Resources( 4701): Converting to string: TypedValue{t=0x12/d=0x0 a=2 r=0x7f0e000f}
W/Resources( 4701): Converting to string: TypedValue{t=0x12/d=0x0 a=2 r=0x7f0e0010}
W/ResourcesManager( 4701): Asset path '/system/framework/android.test.runner.jar' does not exist or contains no resources.
W/Resources( 4701): Converting to string: TypedValue{t=0x12/d=0x0 a=2 r=0x7f0e000e}
W/Resources( 4701): Converting to string: TypedValue{t=0x5/d=0x2001 a=2 r=0x7f0a0037}
W/Resources( 4701): Converting to string: TypedValue{t=0x5/d=0x1001 a=2 r=0x7f0a0035}
W/Resources( 4701): Converting to string: TypedValue{t=0x5/d=0x1001 a=2 r=0x7f0a0036}
W/Resources( 4701): Converting to string: TypedValue{t=0x12/d=0x0 a=2 r=0x7f0e000f}
W/Resources( 4701): Converting to string: TypedValue{t=0x12/d=0x0 a=2 r=0x7f0e0010}
W/ResourcesManager( 4701): Asset path '/system/framework/android.test.runner.jar' does not exist or contains no resources.
W/Resources( 4701): Converting to string: TypedValue{t=0x12/d=0x0 a=2 r=0x7f0e000e}
W/Resources( 4701): Converting to string: TypedValue{t=0x5/d=0x2001 a=2 r=0x7f0a0037}
W/Resources( 4701): Converting to string: TypedValue{t=0x5/d=0x1001 a=2 r=0x7f0a0035}
W/Resources( 4701): Converting to string: TypedValue{t=0x5/d=0x1001 a=2 r=0x7f0a0036}
W/Resources( 4701): Converting to string: TypedValue{t=0x12/d=0x0 a=2 r=0x7f0e000f}
W/Resources( 4701): Converting to string: TypedValue{t=0x12/d=0x0 a=2 r=0x7f0e0010}
W/Resources( 4701): Converting to string: TypedValue{t=0x12/d=0x0 a=2 r=0x7f0e000e}
W/Resources( 4701): Converting to string: TypedValue{t=0x5/d=0x2001 a=2 r=0x7f0a0037}
W/Resources( 4701): Converting to string: TypedValue{t=0x5/d=0x1001 a=2 r=0x7f0a0035}
W/Resources( 4701): Converting to string: TypedValue{t=0x5/d=0x1001 a=2 r=0x7f0a0036}
W/Resources( 4701): Converting to string: TypedValue{t=0x12/d=0x0 a=2 r=0x7f0e000f}
W/Resources( 4701): Converting to string: TypedValue{t=0x12/d=0x0 a=2 r=0x7f0e0010}
W/ResourcesManager( 4701): Asset path '/system/framework/android.test.runner.jar' does not exist or contains no resources.
W/Resources( 4701): Converting to string: TypedValue{t=0x12/d=0x0 a=2 r=0x7f0e000e}
W/Resources( 4701): Converting to string: TypedValue{t=0x5/d=0x2001 a=2 r=0x7f0a0037}
W/Resources( 4701): Converting to string: TypedValue{t=0x5/d=0x1001 a=2 r=0x7f0a0035}
W/Resources( 4701): Converting to string: TypedValue{t=0x5/d=0x1001 a=2 r=0x7f0a0036}
W/Resources( 4701): Converting to string: TypedValue{t=0x12/d=0x0 a=2 r=0x7f0e000f}
W/Resources( 4701): Converting to string: TypedValue{t=0x12/d=0x0 a=2 r=0x7f0e0010}
W/Resources( 4701): Converting to string: TypedValue{t=0x12/d=0x0 a=2 r=0x7f0e000e}
W/Resources( 4701): Converting to string: TypedValue{t=0x5/d=0x2001 a=2 r=0x7f0a0037}
W/Resources( 4701): Converting to string: TypedValue{t=0x5/d=0x1001 a=2 r=0x7f0a0035}
W/Resources( 4701): Converting to string: TypedValue{t=0x5/d=0x1001 a=2 r=0x7f0a0036}
W/Resources( 4701): Converting to string: TypedValue{t=0x12/d=0x0 a=2 r=0x7f0e000f}
W/Resources( 4701): Converting to string: TypedValue{t=0x12/d=0x0 a=2 r=0x7f0e0010}
W/Resources( 4701): Converting to string: TypedValue{t=0x12/d=0x0 a=2 r=0x7f0e000e}
W/Resources( 4701): Converting to string: TypedValue{t=0x5/d=0x2001 a=2 r=0x7f0a0037}
W/Resources( 4701): Converting to string: TypedValue{t=0x5/d=0x1001 a=2 r=0x7f0a0035}
W/Resources( 4701): Converting to string: TypedValue{t=0x5/d=0x1001 a=2 r=0x7f0a0036}
W/Resources( 4701): Converting to string: TypedValue{t=0x12/d=0x0 a=2 r=0x7f0e000f}
W/Resources( 4701): Converting to string: TypedValue{t=0x12/d=0x0 a=2 r=0x7f0e0010}
W/ResourcesManager( 4701): Asset path '/system/framework/android.test.runner.jar' does not exist or contains no resources.
W/Resources( 4701): Converting to string: TypedValue{t=0x12/d=0x0 a=2 r=0x7f0e000e}
W/Resources( 4701): Converting to string: TypedValue{t=0x5/d=0x2001 a=2 r=0x7f0a0037}
W/Resources( 4701): Converting to string: TypedValue{t=0x5/d=0x1001 a=2 r=0x7f0a0035}
W/Resources( 4701): Converting to string: TypedValue{t=0x5/d=0x1001 a=2 r=0x7f0a0036}
W/Resources( 4701): Converting to string: TypedValue{t=0x12/d=0x0 a=2 r=0x7f0e000f}
W/Resources( 4701): Converting to string: TypedValue{t=0x12/d=0x0 a=2 r=0x7f0e0010}
W/ResourcesManager( 4701): Asset path '/system/framework/android.test.runner.jar' does not exist or contains no resources.
W/Resources( 4701): Converting to string: TypedValue{t=0x12/d=0x0 a=2 r=0x7f0e000e}
W/Resources( 4701): Converting to string: TypedValue{t=0x5/d=0x2001 a=2 r=0x7f0a0037}
W/Resources( 4701): Converting to string: TypedValue{t=0x5/d=0x1001 a=2 r=0x7f0a0035}
W/Resources( 4701): Converting to string: TypedValue{t=0x5/d=0x1001 a=2 r=0x7f0a0036}
W/Resources( 4701): Converting to string: TypedValue{t=0x12/d=0x0 a=2 r=0x7f0e000f}
W/Resources( 4701): Converting to string: TypedValue{t=0x12/d=0x0 a=2 r=0x7f0e0010}
W/ResourcesManager( 4701): Asset path '/system/framework/android.test.runner.jar' does not exist or contains no resources.
W/Resources( 4701): Converting to string: TypedValue{t=0x12/d=0x0 a=2 r=0x7f0e000e}
W/Resources( 4701): Converting to string: TypedValue{t=0x5/d=0x2001 a=2 r=0x7f0a0037}
W/Resources( 4701): Converting to string: TypedValue{t=0x5/d=0x1001 a=2 r=0x7f0a0035}
W/Resources( 4701): Converting to string: TypedValue{t=0x5/d=0x1001 a=2 r=0x7f0a0036}
W/Resources( 4701): Converting to string: TypedValue{t=0x12/d=0x0 a=2 r=0x7f0e000f}
W/Resources( 4701): Converting to string: TypedValue{t=0x12/d=0x0 a=2 r=0x7f0e0010}
W/Resources( 4701): Converting to string: TypedValue{t=0x12/d=0x0 a=2 r=0x7f0e000e}
W/Resources( 4701): Converting to string: TypedValue{t=0x5/d=0x2001 a=2 r=0x7f0a0037}
W/Resources( 4701): Converting to string: TypedValue{t=0x5/d=0x1001 a=2 r=0x7f0a0035}
W/Resources( 4701): Converting to string: TypedValue{t=0x5/d=0x1001 a=2 r=0x7f0a0036}
W/Resources( 4701): Converting to string: TypedValue{t=0x12/d=0x0 a=2 r=0x7f0e000f}
W/Resources( 4701): Converting to string: TypedValue{t=0x12/d=0x0 a=2 r=0x7f0e0010}
W/Resources( 4701): Converting to string: TypedValue{t=0x12/d=0x0 a=2 r=0x7f0e000e}
W/Resources( 4701): Converting to string: TypedValue{t=0x5/d=0x2001 a=2 r=0x7f0a0037}
W/Resources( 4701): Converting to string: TypedValue{t=0x5/d=0x1001 a=2 r=0x7f0a0035}
W/Resources( 4701): Converting to string: TypedValue{t=0x5/d=0x1001 a=2 r=0x7f0a0036}
W/Resources( 4701): Converting to string: TypedValue{t=0x12/d=0x0 a=2 r=0x7f0e000f}
W/Resources( 4701): Converting to string: TypedValue{t=0x12/d=0x0 a=2 r=0x7f0e0010}
W/Resources( 4701): Converting to string: TypedValue{t=0x12/d=0x0 a=2 r=0x7f0e000e}
W/Resources( 4701): Converting to string: TypedValue{t=0x5/d=0x2001 a=2 r=0x7f0a0037}
W/Resources( 4701): Converting to string: TypedValue{t=0x5/d=0x1001 a=2 r=0x7f0a0035}
W/Resources( 4701): Converting to string: TypedValue{t=0x5/d=0x1001 a=2 r=0x7f0a0036}
W/Resources( 4701): Converting to string: TypedValue{t=0x12/d=0x0 a=2 r=0x7f0e000f}
W/Resources( 4701): Converting to string: TypedValue{t=0x12/d=0x0 a=2 r=0x7f0e0010}
W/Resources( 4701): Converting to string: TypedValue{t=0x12/d=0x0 a=2 r=0x7f0e000e}
W/Resources( 4701): Converting to string: TypedValue{t=0x5/d=0x2001 a=2 r=0x7f0a0037}
W/Resources( 4701): Converting to string: TypedValue{t=0x5/d=0x1001 a=2 r=0x7f0a0035}
W/Resources( 4701): Converting to string: TypedValue{t=0x5/d=0x1001 a=2 r=0x7f0a0036}
W/Resources( 4701): Converting to string: TypedValue{t=0x12/d=0x0 a=2 r=0x7f0e000f}
W/Resources( 4701): Converting to string: TypedValue{t=0x12/d=0x0 a=2 r=0x7f0e0010}
W/Resources( 4701): Converting to string: TypedValue{t=0x12/d=0x0 a=2 r=0x7f0e0005}
W/Resources( 4701): Converting to string: TypedValue{t=0x12/d=0x0 a=2 r=0x7f0e0005}
W/Resources( 4701): Converting to string: TypedValue{t=0x12/d=0x0 a=2 r=0x7f0e0005}
W/Resources( 4701): Converting to string: TypedValue{t=0x12/d=0x0 a=2 r=0x7f0e0005}
W/Resources( 4701): Converting to string: TypedValue{t=0x12/d=0x0 a=2 r=0x7f0e0005}
W/Resources( 4701): Converting to string: TypedValue{t=0x12/d=0x0 a=2 r=0x7f0e0005}
W/Resources( 4701): Converting to string: TypedValue{t=0x12/d=0x0 a=2 r=0x7f0e0005}
W/Resources( 4701): Converting to string: TypedValue{t=0x12/d=0x0 a=2 r=0x7f0e0005}
W/Resources( 4701): Converting to string: TypedValue{t=0x12/d=0x0 a=2 r=0x7f0e0005}
D/AndroidRuntime(30915): Calling main entry com.android.commands.pm.Pm
W/Resources( 4701): Converting to string: TypedValue{t=0x12/d=0x0 a=2 r=0x7f0e0005}
W/Resources( 4701): Converting to string: TypedValue{t=0x12/d=0x0 a=2 r=0x7f0e0005}
W/Resources( 4701): Converting to string: TypedValue{t=0x12/d=0x0 a=2 r=0x7f0e0005}
W/Resources( 4701): Converting to string: TypedValue{t=0x12/d=0x0 a=2 r=0x7f0e0005}
W/Resources( 4701): Converting to string: TypedValue{t=0x12/d=0x0 a=2 r=0x7f0e0005}
W/Resources( 4701): Converting to string: TypedValue{t=0x12/d=0x0 a=2 r=0x7f0e0005}
W/Resources( 4701): Converting to string: TypedValue{t=0x12/d=0x0 a=2 r=0x7f0e0005}
W/Resources( 4701): Converting to string: TypedValue{t=0x12/d=0x0 a=2 r=0x7f0e0005}
W/Resources( 4701): Converting to string: TypedValue{t=0x12/d=0x0 a=2 r=0x7f0e0005}
W/Resources( 4701): Converting to string: TypedValue{t=0x12/d=0x0 a=2 r=0x7f0e0005}
W/Resources( 4701): Converting to string: TypedValue{t=0x12/d=0x0 a=2 r=0x7f0e0005}
W/Resources( 4701): Converting to string: TypedValue{t=0x12/d=0x0 a=2 r=0x7f0e0005}
W/Resources( 4701): Converting to string: TypedValue{t=0x12/d=0x0 a=2 r=0x7f0e0005}
W/Resources( 4701): Converting to string: TypedValue{t=0x12/d=0x0 a=2 r=0x7f0e0005}
W/Resources( 4701): Converting to string: TypedValue{t=0x12/d=0x0 a=2 r=0x7f0e0005}
W/Resources( 4701): Converting to string: TypedValue{t=0x12/d=0x0 a=2 r=0x7f0e0005}
W/Resources( 4701): Converting to string: TypedValue{t=0x12/d=0x0 a=2 r=0x7f0e0005}
W/Resources( 4701): Converting to string: TypedValue{t=0x12/d=0x0 a=2 r=0x7f0e0005}
W/Resources( 4701): Converting to string: TypedValue{t=0x12/d=0x0 a=2 r=0x7f0e0005}
W/Resources( 4701): Converting to string: TypedValue{t=0x12/d=0x0 a=2 r=0x7f0e0005}
W/Resources( 4701): Converting to string: TypedValue{t=0x12/d=0x0 a=2 r=0x7f0e0005}
W/Resources( 4701): Converting to string: TypedValue{t=0x12/d=0x0 a=2 r=0x7f0e0005}
D/Finsky  ( 1527): [1] PackageVerificationReceiver.onReceive: Verification requested, id = 69
W/Resources( 4701): Converting to string: TypedValue{t=0x12/d=0x0 a=2 r=0x7f0e0005}
W/Resources( 4701): Converting to string: TypedValue{t=0x12/d=0x0 a=2 r=0x7f0e0005}
W/Resources( 4701): Converting to string: TypedValue{t=0x12/d=0x0 a=2 r=0x7f0e0005}
W/Resources( 4701): Converting to string: TypedValue{t=0x12/d=0x0 a=2 r=0x7f0e0005}
D/Finsky  ( 1527): [1] WorkerTask.onPreExecute: Verification Requested for id = 69, data=file:///data/local/tmp/com.usatoday.android.news.test flags=114 fromVerificationActivity=false
W/Resources( 4701): Converting to string: TypedValue{t=0x12/d=0x0 a=2 r=0x7f0e0005}
W/Resources( 4701): Converting to string: TypedValue{t=0x12/d=0x0 a=2 r=0x7f0e0005}
W/Resources( 4701): Converting to string: TypedValue{t=0x12/d=0x0 a=2 r=0x7f0e0005}
W/Resources( 4701): Converting to string: TypedValue{t=0x12/d=0x0 a=2 r=0x7f0e0005}
W/Resources( 4701): Converting to string: TypedValue{t=0x12/d=0x0 a=2 r=0x7f0e0005}
W/Resources( 4701): Converting to string: TypedValue{t=0x12/d=0x0 a=2 r=0x7f0e0005}
W/Resources( 4701): Converting to string: TypedValue{t=0x12/d=0x0 a=2 r=0x7f0e0005}
W/Resources( 4701): Converting to string: TypedValue{t=0x12/d=0x0 a=2 r=0x7f0e0005}
W/Resources( 4701): Converting to string: TypedValue{t=0x12/d=0x0 a=2 r=0x7f0e0005}
W/Resources( 4701): Converting to string: TypedValue{t=0x12/d=0x0 a=2 r=0x7f0e0005}
W/Resources( 4701): Converting to string: TypedValue{t=0x12/d=0x0 a=2 r=0x7f0e0005}
W/Resources( 4701): Converting to string: TypedValue{t=0x12/d=0x0 a=2 r=0x7f0e0005}
W/Resources( 4701): Converting to string: TypedValue{t=0x12/d=0x0 a=2 r=0x7f0e0005}
W/Resources( 4701): Converting to string: TypedValue{t=0x12/d=0x0 a=2 r=0x7f0e0005}
W/Resources( 4701): Converting to string: TypedValue{t=0x12/d=0x0 a=2 r=0x7f0e0005}
W/Resources( 4701): Converting to string: TypedValue{t=0x12/d=0x0 a=2 r=0x7f0e0005}
W/Resources( 4701): Converting to string: TypedValue{t=0x12/d=0x0 a=2 r=0x7f0e0005}
W/Resources( 4701): Converting to string: TypedValue{t=0x12/d=0x0 a=2 r=0x7f0e000e}
W/Resources( 4701): Converting to string: TypedValue{t=0x5/d=0x2001 a=2 r=0x7f0a0037}
W/Resources( 4701): Converting to string: TypedValue{t=0x5/d=0x1001 a=2 r=0x7f0a0035}
W/Resources( 4701): Converting to string: TypedValue{t=0x5/d=0x1001 a=2 r=0x7f0a0036}
W/Resources( 4701): Converting to string: TypedValue{t=0x12/d=0x0 a=2 r=0x7f0e000f}
W/Resources( 4701): Converting to string: TypedValue{t=0x12/d=0x0 a=2 r=0x7f0e0010}
W/Resources( 4701): Converting to string: TypedValue{t=0x12/d=0x0 a=2 r=0x7f0e000e}
W/Resources( 4701): Converting to string: TypedValue{t=0x5/d=0x2001 a=2 r=0x7f0a0037}
W/Resources( 4701): Converting to string: TypedValue{t=0x5/d=0x1001 a=2 r=0x7f0a0035}
W/Resources( 4701): Converting to string: TypedValue{t=0x5/d=0x1001 a=2 r=0x7f0a0036}
W/Resources( 4701): Converting to string: TypedValue{t=0x12/d=0x0 a=2 r=0x7f0e000f}
W/Resources( 4701): Converting to string: TypedValue{t=0x12/d=0x0 a=2 r=0x7f0e0010}
W/Resources( 4701): Converting to string: TypedValue{t=0x12/d=0x0 a=2 r=0x7f0e000e}
W/Resources( 4701): Converting to string: TypedValue{t=0x5/d=0x2001 a=2 r=0x7f0a0037}
W/Resources( 4701): Converting to string: TypedValue{t=0x5/d=0x1001 a=2 r=0x7f0a0035}
W/Resources( 4701): Converting to string: TypedValue{t=0x5/d=0x1001 a=2 r=0x7f0a0036}
W/Resources( 4701): Converting to string: TypedValue{t=0x12/d=0x0 a=2 r=0x7f0e000f}
W/Resources( 4701): Converting to string: TypedValue{t=0x12/d=0x0 a=2 r=0x7f0e0010}
W/Resources( 4701): Converting to string: TypedValue{t=0x12/d=0x0 a=2 r=0x7f0e000e}
W/Resources( 4701): Converting to string: TypedValue{t=0x5/d=0x2001 a=2 r=0x7f0a0037}
W/Resources( 4701): Converting to string: TypedValue{t=0x5/d=0x1001 a=2 r=0x7f0a0035}
W/Resources( 4701): Converting to string: TypedValue{t=0x5/d=0x1001 a=2 r=0x7f0a0036}
W/Resources( 4701): Converting to string: TypedValue{t=0x12/d=0x0 a=2 r=0x7f0e000f}
W/Resources( 4701): Converting to string: TypedValue{t=0x12/d=0x0 a=2 r=0x7f0e0010}
W/Resources( 4701): Converting to string: TypedValue{t=0x12/d=0x0 a=2 r=0x7f0e000e}
W/Resources( 4701): Converting to string: TypedValue{t=0x5/d=0x2001 a=2 r=0x7f0a0037}
W/Resources( 4701): Converting to string: TypedValue{t=0x5/d=0x1001 a=2 r=0x7f0a0035}
W/Resources( 4701): Converting to string: TypedValue{t=0x5/d=0x1001 a=2 r=0x7f0a0036}
W/Resources( 4701): Converting to string: TypedValue{t=0x12/d=0x0 a=2 r=0x7f0e000f}
W/Resources( 4701): Converting to string: TypedValue{t=0x12/d=0x0 a=2 r=0x7f0e0010}
W/Resources( 4701): Converting to string: TypedValue{t=0x12/d=0x0 a=2 r=0x7f0e000e}
W/Resources( 4701): Converting to string: TypedValue{t=0x5/d=0x2001 a=2 r=0x7f0a0037}
W/Resources( 4701): Converting to string: TypedValue{t=0x5/d=0x1001 a=2 r=0x7f0a0035}
W/Resources( 4701): Converting to string: TypedValue{t=0x5/d=0x1001 a=2 r=0x7f0a0036}
W/Resources( 4701): Converting to string: TypedValue{t=0x12/d=0x0 a=2 r=0x7f0e000f}
W/Resources( 4701): Converting to string: TypedValue{t=0x12/d=0x0 a=2 r=0x7f0e0010}
W/Resources( 4701): Converting to string: TypedValue{t=0x12/d=0x0 a=2 r=0x7f0e000e}
W/Resources( 4701): Converting to string: TypedValue{t=0x5/d=0x2001 a=2 r=0x7f0a0037}
W/Resources( 4701): Converting to string: TypedValue{t=0x5/d=0x1001 a=2 r=0x7f0a0035}
W/Resources( 4701): Converting to string: TypedValue{t=0x5/d=0x1001 a=2 r=0x7f0a0036}
W/Resources( 4701): Converting to string: TypedValue{t=0x12/d=0x0 a=2 r=0x7f0e000f}
W/Resources( 4701): Converting to string: TypedValue{t=0x12/d=0x0 a=2 r=0x7f0e0010}
W/Resources( 4701): Converting to string: TypedValue{t=0x12/d=0x0 a=2 r=0x7f0e000e}
W/Resources( 4701): Converting to string: TypedValue{t=0x5/d=0x2001 a=2 r=0x7f0a0037}
W/Resources( 4701): Converting to string: TypedValue{t=0x5/d=0x1001 a=2 r=0x7f0a0035}
W/Resources( 4701): Converting to string: TypedValue{t=0x5/d=0x1001 a=2 r=0x7f0a0036}
W/Resources( 4701): Converting to string: TypedValue{t=0x12/d=0x0 a=2 r=0x7f0e000f}
W/Resources( 4701): Converting to string: TypedValue{t=0x12/d=0x0 a=2 r=0x7f0e0010}
W/Resources( 4701): Converting to string: TypedValue{t=0x12/d=0x0 a=2 r=0x7f0e000e}
W/Resources( 4701): Converting to string: TypedValue{t=0x5/d=0x2001 a=2 r=0x7f0a0037}
W/Resources( 4701): Converting to string: TypedValue{t=0x5/d=0x1001 a=2 r=0x7f0a0035}
W/Resources( 4701): Converting to string: TypedValue{t=0x5/d=0x1001 a=2 r=0x7f0a0036}
W/Resources( 4701): Converting to string: TypedValue{t=0x12/d=0x0 a=2 r=0x7f0e000f}
W/Resources( 4701): Converting to string: TypedValue{t=0x12/d=0x0 a=2 r=0x7f0e0010}
W/Resources( 4701): Converting to string: TypedValue{t=0x12/d=0x0 a=2 r=0x7f0e000e}
W/Resources( 4701): Converting to string: TypedValue{t=0x5/d=0x2001 a=2 r=0x7f0a0037}
W/Resources( 4701): Converting to string: TypedValue{t=0x5/d=0x1001 a=2 r=0x7f0a0035}
W/Resources( 4701): Converting to string: TypedValue{t=0x5/d=0x1001 a=2 r=0x7f0a0036}
W/Resources( 4701): Converting to string: TypedValue{t=0x12/d=0x0 a=2 r=0x7f0e000f}
W/Resources( 4701): Converting to string: TypedValue{t=0x12/d=0x0 a=2 r=0x7f0e0010}
W/Resources( 4701): Converting to string: TypedValue{t=0x12/d=0x0 a=2 r=0x7f0e000e}
W/Resources( 4701): Converting to string: TypedValue{t=0x5/d=0x2001 a=2 r=0x7f0a0037}
W/Resources( 4701): Converting to string: TypedValue{t=0x5/d=0x1001 a=2 r=0x7f0a0035}
W/Resources( 4701): Converting to string: TypedValue{t=0x5/d=0x1001 a=2 r=0x7f0a0036}
W/Resources( 4701): Converting to string: TypedValue{t=0x12/d=0x0 a=2 r=0x7f0e000f}
W/Resources( 4701): Converting to string: TypedValue{t=0x12/d=0x0 a=2 r=0x7f0e0010}
W/Resources( 4701): Converting to string: TypedValue{t=0x12/d=0x0 a=2 r=0x7f0e000e}
W/Resources( 4701): Converting to string: TypedValue{t=0x5/d=0x2001 a=2 r=0x7f0a0037}
W/Resources( 4701): Converting to string: TypedValue{t=0x5/d=0x1001 a=2 r=0x7f0a0035}
W/Resources( 4701): Converting to string: TypedValue{t=0x5/d=0x1001 a=2 r=0x7f0a0036}
W/Resources( 4701): Converting to string: TypedValue{t=0x12/d=0x0 a=2 r=0x7f0e000f}
W/Resources( 4701): Converting to string: TypedValue{t=0x12/d=0x0 a=2 r=0x7f0e0010}
W/Resources( 4701): Converting to string: TypedValue{t=0x12/d=0x0 a=2 r=0x7f0e000e}
W/Resources( 4701): Converting to string: TypedValue{t=0x5/d=0x2001 a=2 r=0x7f0a0037}
W/Resources( 4701): Converting to string: TypedValue{t=0x5/d=0x1001 a=2 r=0x7f0a0035}
W/Resources( 4701): Converting to string: TypedValue{t=0x5/d=0x1001 a=2 r=0x7f0a0036}
W/Resources( 4701): Converting to string: TypedValue{t=0x12/d=0x0 a=2 r=0x7f0e000f}
W/Resources( 4701): Converting to string: TypedValue{t=0x12/d=0x0 a=2 r=0x7f0e0010}
W/Resources( 4701): Converting to string: TypedValue{t=0x12/d=0x0 a=2 r=0x7f0e000e}
W/Resources( 4701): Converting to string: TypedValue{t=0x5/d=0x2001 a=2 r=0x7f0a0037}
W/Resources( 4701): Converting to string: TypedValue{t=0x5/d=0x1001 a=2 r=0x7f0a0035}
W/Resources( 4701): Converting to string: TypedValue{t=0x5/d=0x1001 a=2 r=0x7f0a0036}
W/Resources( 4701): Converting to string: TypedValue{t=0x12/d=0x0 a=2 r=0x7f0e000f}
W/Resources( 4701): Converting to string: TypedValue{t=0x12/d=0x0 a=2 r=0x7f0e0010}
W/Resources( 4701): Converting to string: TypedValue{t=0x12/d=0x0 a=2 r=0x7f0e000e}
W/Resources( 4701): Converting to string: TypedValue{t=0x5/d=0x2001 a=2 r=0x7f0a0037}
W/Resources( 4701): Converting to string: TypedValue{t=0x5/d=0x1001 a=2 r=0x7f0a0035}
W/Resources( 4701): Converting to string: TypedValue{t=0x5/d=0x1001 a=2 r=0x7f0a0036}
W/Resources( 4701): Converting to string: TypedValue{t=0x12/d=0x0 a=2 r=0x7f0e000f}
W/Resources( 4701): Converting to string: TypedValue{t=0x12/d=0x0 a=2 r=0x7f0e0010}
W/Resources( 4701): Converting to string: TypedValue{t=0x12/d=0x0 a=2 r=0x7f0e000e}
W/Resources( 4701): Converting to string: TypedValue{t=0x5/d=0x2001 a=2 r=0x7f0a0037}
W/Resources( 4701): Converting to string: TypedValue{t=0x5/d=0x1001 a=2 r=0x7f0a0035}
W/Resources( 4701): Converting to string: TypedValue{t=0x5/d=0x1001 a=2 r=0x7f0a0036}
W/Resources( 4701): Converting to string: TypedValue{t=0x12/d=0x0 a=2 r=0x7f0e000f}
W/Resources( 4701): Converting to string: TypedValue{t=0x12/d=0x0 a=2 r=0x7f0e0010}
W/Resources( 4701): Converting to string: TypedValue{t=0x12/d=0x0 a=2 r=0x7f0e000e}
W/Resources( 4701): Converting to string: TypedValue{t=0x5/d=0x2001 a=2 r=0x7f0a0037}
W/Resources( 4701): Converting to string: TypedValue{t=0x5/d=0x1001 a=2 r=0x7f0a0035}
W/Resources( 4701): Converting to string: TypedValue{t=0x5/d=0x1001 a=2 r=0x7f0a0036}
W/Resources( 4701): Converting to string: TypedValue{t=0x12/d=0x0 a=2 r=0x7f0e000f}
W/Resources( 4701): Converting to string: TypedValue{t=0x12/d=0x0 a=2 r=0x7f0e0010}
W/Resources( 4701): Converting to string: TypedValue{t=0x12/d=0x0 a=2 r=0x7f0e000e}
W/Resources( 4701): Converting to string: TypedValue{t=0x5/d=0x2001 a=2 r=0x7f0a0037}
W/Resources( 4701): Converting to string: TypedValue{t=0x5/d=0x1001 a=2 r=0x7f0a0035}
W/Resources( 4701): Converting to string: TypedValue{t=0x5/d=0x1001 a=2 r=0x7f0a0036}
W/Resources( 4701): Converting to string: TypedValue{t=0x12/d=0x0 a=2 r=0x7f0e000f}
W/Resources( 4701): Converting to string: TypedValue{t=0x12/d=0x0 a=2 r=0x7f0e0010}
W/Resources( 4701): Converting to string: TypedValue{t=0x12/d=0x0 a=2 r=0x7f0e0005}
W/Resources( 4701): Converting to string: TypedValue{t=0x12/d=0x0 a=2 r=0x7f0e0005}
W/Resources( 4701): Converting to string: TypedValue{t=0x12/d=0x0 a=2 r=0x7f0e0005}
W/Resources( 4701): Converting to string: TypedValue{t=0x12/d=0x0 a=2 r=0x7f0e0005}
W/Resources( 4701): Converting to string: TypedValue{t=0x12/d=0x0 a=2 r=0x7f0e0005}
W/Resources( 4701): Converting to string: TypedValue{t=0x12/d=0x0 a=2 r=0x7f0e0005}
W/Resources( 4701): Converting to string: TypedValue{t=0x12/d=0x0 a=2 r=0x7f0e0005}
W/Resources( 4701): Converting to string: TypedValue{t=0x12/d=0x0 a=2 r=0x7f0e0005}
W/Resources( 4701): Converting to string: TypedValue{t=0x12/d=0x0 a=2 r=0x7f0e0005}
W/Resources( 4701): Converting to string: TypedValue{t=0x12/d=0x0 a=2 r=0x7f0e0005}
W/Resources( 4701): Converting to string: TypedValue{t=0x12/d=0x0 a=2 r=0x7f0e0005}
W/Resources( 4701): Converting to string: TypedValue{t=0x12/d=0x0 a=2 r=0x7f0e0005}
W/Resources( 4701): Converting to string: TypedValue{t=0x12/d=0x0 a=2 r=0x7f0e0005}
W/Resources( 4701): Converting to string: TypedValue{t=0x12/d=0x0 a=2 r=0x7f0e0005}
W/Resources( 4701): Converting to string: TypedValue{t=0x12/d=0x0 a=2 r=0x7f0e0005}
W/Resources( 4701): Converting to string: TypedValue{t=0x12/d=0x0 a=2 r=0x7f0e0005}
W/Resources( 4701): Converting to string: TypedValue{t=0x12/d=0x0 a=2 r=0x7f0e0005}
W/Resources( 4701): Converting to string: TypedValue{t=0x12/d=0x0 a=2 r=0x7f0e0005}
W/Resources( 4701): Converting to string: TypedValue{t=0x12/d=0x0 a=2 r=0x7f0e0005}
W/Resources( 4701): Converting to string: TypedValue{t=0x12/d=0x0 a=2 r=0x7f0e0005}
W/Resources( 4701): Converting to string: TypedValue{t=0x12/d=0x0 a=2 r=0x7f0e0005}
W/Resources( 4701): Converting to string: TypedValue{t=0x12/d=0x0 a=2 r=0x7f0e0005}
W/Resources( 4701): Converting to string: TypedValue{t=0x12/d=0x0 a=2 r=0x7f0e0005}
W/Resources( 4701): Converting to string: TypedValue{t=0x12/d=0x0 a=2 r=0x7f0e0005}
W/Resources( 4701): Converting to string: TypedValue{t=0x12/d=0x0 a=2 r=0x7f0e0005}
W/Resources( 4701): Converting to string: TypedValue{t=0x12/d=0x0 a=2 r=0x7f0e0005}
W/Resources( 4701): Converting to string: TypedValue{t=0x12/d=0x0 a=2 r=0x7f0e0005}
W/Resources( 4701): Converting to string: TypedValue{t=0x12/d=0x0 a=2 r=0x7f0e0005}
W/Resources( 4701): Converting to string: TypedValue{t=0x12/d=0x0 a=2 r=0x7f0e0005}
W/Resources( 4701): Converting to string: TypedValue{t=0x12/d=0x0 a=2 r=0x7f0e0005}
W/Resources( 4701): Converting to string: TypedValue{t=0x12/d=0x0 a=2 r=0x7f0e0005}
W/Resources( 4701): Converting to string: TypedValue{t=0x12/d=0x0 a=2 r=0x7f0e0005}
W/Resources( 4701): Converting to string: TypedValue{t=0x12/d=0x0 a=2 r=0x7f0e0005}
W/Resources( 4701): Converting to string: TypedValue{t=0x12/d=0x0 a=2 r=0x7f0e0005}
W/Resources( 4701): Converting to string: TypedValue{t=0x12/d=0x0 a=2 r=0x7f0e0005}
W/Resources( 4701): Converting to string: TypedValue{t=0x12/d=0x0 a=2 r=0x7f0e0005}
W/Resources( 4701): Converting to string: TypedValue{t=0x12/d=0x0 a=2 r=0x7f0e0005}
W/Resources( 4701): Converting to string: TypedValue{t=0x12/d=0x0 a=2 r=0x7f0e0005}
W/Resources( 4701): Converting to string: TypedValue{t=0x12/d=0x0 a=2 r=0x7f0e0005}
W/Resources( 4701): Converting to string: TypedValue{t=0x12/d=0x0 a=2 r=0x7f0e0005}
D/AndroidRuntime(30929): >>>>>> START com.android.internal.os.RuntimeInit uid 2000 <<<<<<
W/Resources( 4701): Converting to string: TypedValue{t=0x12/d=0x0 a=2 r=0x7f0e0005}
W/Resources( 4701): Converting to string: TypedValue{t=0x12/d=0x0 a=2 r=0x7f0e0005}
W/Resources( 4701): Converting to string: TypedValue{t=0x12/d=0x0 a=2 r=0x7f0e0005}
W/Resources( 4701): Converting to string: TypedValue{t=0x12/d=0x0 a=2 r=0x7f0e0005}
D/AndroidRuntime(30929): CheckJNI is OFF
W/Resources( 4701): Converting to string: TypedValue{t=0x12/d=0x0 a=2 r=0x7f0e0005}
W/Resources( 4701): Converting to string: TypedValue{t=0x12/d=0x0 a=2 r=0x7f0e0005}
W/Resources( 4701): Converting to string: TypedValue{t=0x12/d=0x0 a=2 r=0x7f0e0005}
W/Resources( 4701): Converting to string: TypedValue{t=0x12/d=0x0 a=2 r=0x7f0e0005}
W/Resources( 4701): Converting to string: TypedValue{t=0x12/d=0x0 a=2 r=0x7f0e0005}
W/Resources( 4701): Converting to string: TypedValue{t=0x12/d=0x0 a=2 r=0x7f0e0005}
W/Resources( 4701): Converting to string: TypedValue{t=0x12/d=0x0 a=2 r=0x7f0e0005}
W/Resources( 4701): Converting to string: TypedValue{t=0x12/d=0x0 a=2 r=0x7f0e0005}
W/Resources( 4701): Converting to string: TypedValue{t=0x12/d=0x0 a=2 r=0x7f0e000e}
W/Resources( 4701): Converting to string: TypedValue{t=0x5/d=0x2001 a=2 r=0x7f0a0037}
W/Resources( 4701): Converting to string: TypedValue{t=0x5/d=0x1001 a=2 r=0x7f0a0035}
W/Resources( 4701): Converting to string: TypedValue{t=0x5/d=0x1001 a=2 r=0x7f0a0036}
W/Resources( 4701): Converting to string: TypedValue{t=0x12/d=0x0 a=2 r=0x7f0e000f}
W/Resources( 4701): Converting to string: TypedValue{t=0x12/d=0x0 a=2 r=0x7f0e0010}
W/Resources( 4701): Converting to string: TypedValue{t=0x12/d=0x0 a=2 r=0x7f0e000e}
W/Resources( 4701): Converting to string: TypedValue{t=0x5/d=0x2001 a=2 r=0x7f0a0037}
W/Resources( 4701): Converting to string: TypedValue{t=0x5/d=0x1001 a=2 r=0x7f0a0035}
W/Resources( 4701): Converting to string: TypedValue{t=0x5/d=0x1001 a=2 r=0x7f0a0036}
W/Resources( 4701): Converting to string: TypedValue{t=0x12/d=0x0 a=2 r=0x7f0e000f}
