W/Resources(22255): Converting to string: TypedValue{t=0x5/d=0x1001 a=2 r=0x7f0a0060}
W/Resources(22255): Converting to string: TypedValue{t=0x5/d=0x1001 a=2 r=0x7f0a0060}
V/MinimogrifierUtils(22255): resized image URL: http://www.gannett-cdn.com/-mm-/b8bc674f865505d2e2ed2537484699d7df30407b/c=256-0-2304-1536&r=228x168&q=80/local/-/media/2015/05/19/Brevard/B9317404807Z.1_20150519094335_000_GMSAR5NFB.1-0.jpg
W/Resources(22255): Converting to string: TypedValue{t=0x1c/d=0x0 a=1 r=0x106000d}
W/Resources(22255): Converting to string: TypedValue{t=0x12/d=0x0 a=2 r=0x7f0b013b}
W/Resources(22255): Converting to string: TypedValue{t=0x5/d=0x1001 a=2 r=0x7f0a0060}
W/Resources(22255): Converting to string: TypedValue{t=0x5/d=0x801 a=2 r=0x7f0a005c}
W/Resources(22255): Converting to string: TypedValue{t=0x5/d=0x1001 a=2 r=0x7f0a0060}
W/Resources(22255): Converting to string: TypedValue{t=0x5/d=0x801 a=2 r=0x7f0a005c}
W/Resources(22255): Converting to string: TypedValue{t=0x5/d=0x3001 a=2 r=0x7f0a0066}
W/Resources(22255): Converting to string: TypedValue{t=0x12/d=0x0 a=2 r=0x7f0b0077}
W/Resources(22255): Converting to string: TypedValue{t=0x12/d=0x0 a=2 r=0x7f0b0071}
W/Resources(22255): Converting to string: TypedValue{t=0x1d/d=0xffc8c8c8 a=2 r=0x7f090019}
W/Resources(22255): Converting to string: TypedValue{t=0x5/d=0x5a01 a=2 r=0x7f0a0038}
W/Resources(22255): Converting to string: TypedValue{t=0x12/d=0x0 a=2 r=0x7f0b0116}
W/Resources(22255): Converting to string: TypedValue{t=0x12/d=0x0 a=2 r=0x7f0b013c}
W/Resources(22255): Converting to string: TypedValue{t=0x12/d=0x0 a=2 r=0x7f0b0074}
W/Resources(22255): Converting to string: TypedValue{t=0x12/d=0x0 a=2 r=0x7f0b0117}
W/Resources(22255): Converting to string: TypedValue{t=0x5/d=0x1001 a=2 r=0x7f0a0060}
W/Resources(22255): Converting to string: TypedValue{t=0x5/d=0x1001 a=2 r=0x7f0a0060}
V/MinimogrifierUtils(22255): resized image URL: http://www.gannett-cdn.com/-mm-/5e558d0d90affd78376656bbf1d6ebde65207eca/c=285-0-3001-2037&r=228x168&q=80/local/-/media/2015/05/15/Brevard/B9317361315Z.1_20150515114203_000_GCFAPU6P1.1-0.jpg
W/Resources(22255): Converting to string: TypedValue{t=0x5/d=0x1401 a=2 r=0x7f0a0096}
W/Resources(22255): Converting to string: TypedValue{t=0x5/d=0x1001 a=2 r=0x7f0a0097}
W/Resources(22255): Converting to string: TypedValue{t=0x5/d=0x1401 a=2 r=0x7f0a0096}
W/Resources(22255): Converting to string: TypedValue{t=0x5/d=0xf01 a=2 r=0x7f0a0095}
W/Resources(22255): Converting to string: TypedValue{t=0x12/d=0x0 a=2 r=0x7f0b01c9}
W/Resources(22255): Converting to string: TypedValue{t=0x12/d=0x0 a=2 r=0x7f0b01ca}
W/Resources(22255): Converting to string: TypedValue{t=0x12/d=0x0 a=2 r=0x7f0b01cb}
W/Resources(22255): Converting to string: TypedValue{t=0x1d/d=0xfff9f9f9 a=2 r=0x7f0900a5}
W/Resources(22255): Converting to string: TypedValue{t=0x5/d=0x1401 a=2 r=0x7f0a0096}
W/Resources(22255): Converting to string: TypedValue{t=0x5/d=0x1001 a=2 r=0x7f0a0097}
W/Resources(22255): Converting to string: TypedValue{t=0x5/d=0x1401 a=2 r=0x7f0a0096}
W/Resources(22255): Converting to string: TypedValue{t=0x5/d=0xf01 a=2 r=0x7f0a0095}
W/Resources(22255): Converting to string: TypedValue{t=0x12/d=0x0 a=2 r=0x7f0b01c6}
W/Resources(22255): Converting to string: TypedValue{t=0x12/d=0x0 a=2 r=0x7f0b01c7}
W/Resources(22255): Converting to string: TypedValue{t=0x12/d=0x0 a=2 r=0x7f0b01c8}
W/Resources(22255): Converting to string: TypedValue{t=0x1d/d=0xfff9f9f9 a=2 r=0x7f0900a5}
W/Resources(22255): Converting to string: TypedValue{t=0x5/d=0x1401 a=2 r=0x7f0a0096}
W/Resources(22255): Converting to string: TypedValue{t=0x5/d=0x1001 a=2 r=0x7f0a0097}
W/Resources(22255): Converting to string: TypedValue{t=0x5/d=0x1401 a=2 r=0x7f0a0096}
W/Resources(22255): Converting to string: TypedValue{t=0x5/d=0xf01 a=2 r=0x7f0a0095}
W/Resources(22255): Converting to string: TypedValue{t=0x12/d=0x0 a=2 r=0x7f0b01c6}
W/Resources(22255): Converting to string: TypedValue{t=0x12/d=0x0 a=2 r=0x7f0b01c7}
W/Resources(22255): Converting to string: TypedValue{t=0x12/d=0x0 a=2 r=0x7f0b01c8}
W/Resources(22255): Converting to string: TypedValue{t=0x5/d=0x1401 a=2 r=0x7f0a0096}
W/Resources(22255): Converting to string: TypedValue{t=0x5/d=0x1001 a=2 r=0x7f0a0097}
W/Resources(22255): Converting to string: TypedValue{t=0x5/d=0x1401 a=2 r=0x7f0a0096}
W/Resources(22255): Converting to string: TypedValue{t=0x5/d=0xf01 a=2 r=0x7f0a0095}
W/Resources(22255): Converting to string: TypedValue{t=0x12/d=0x0 a=2 r=0x7f0b01c9}
W/Resources(22255): Converting to string: TypedValue{t=0x12/d=0x0 a=2 r=0x7f0b01ca}
W/Resources(22255): Converting to string: TypedValue{t=0x12/d=0x0 a=2 r=0x7f0b01cb}
W/Resources(22255): Converting to string: TypedValue{t=0x5/d=0x1401 a=2 r=0x7f0a0096}
W/Resources(22255): Converting to string: TypedValue{t=0x5/d=0x1001 a=2 r=0x7f0a0097}
W/Resources(22255): Converting to string: TypedValue{t=0x5/d=0x1401 a=2 r=0x7f0a0096}
W/Resources(22255): Converting to string: TypedValue{t=0x5/d=0xf01 a=2 r=0x7f0a0095}
W/Resources(22255): Converting to string: TypedValue{t=0x12/d=0x0 a=2 r=0x7f0b01c9}
W/Resources(22255): Converting to string: TypedValue{t=0x12/d=0x0 a=2 r=0x7f0b01ca}
W/Resources(22255): Converting to string: TypedValue{t=0x12/d=0x0 a=2 r=0x7f0b01cb}
W/Resources(22255): Converting to string: TypedValue{t=0x5/d=0x1401 a=2 r=0x7f0a0096}
W/Resources(22255): Converting to string: TypedValue{t=0x5/d=0x1001 a=2 r=0x7f0a0097}
W/Resources(22255): Converting to string: TypedValue{t=0x5/d=0x1401 a=2 r=0x7f0a0096}
W/Resources(22255): Converting to string: TypedValue{t=0x5/d=0xf01 a=2 r=0x7f0a0095}
W/Resources(22255): Converting to string: TypedValue{t=0x12/d=0x0 a=2 r=0x7f0b01c9}
W/Resources(22255): Converting to string: TypedValue{t=0x12/d=0x0 a=2 r=0x7f0b01ca}
W/Resources(22255): Converting to string: TypedValue{t=0x12/d=0x0 a=2 r=0x7f0b01cb}
W/Resources(22255): Converting to string: TypedValue{t=0x5/d=0x1401 a=2 r=0x7f0a0096}
W/Resources(22255): Converting to string: TypedValue{t=0x5/d=0x1001 a=2 r=0x7f0a0097}
W/Resources(22255): Converting to string: TypedValue{t=0x5/d=0x1401 a=2 r=0x7f0a0096}
W/Resources(22255): Converting to string: TypedValue{t=0x5/d=0xf01 a=2 r=0x7f0a0095}
W/Resources(22255): Converting to string: TypedValue{t=0x12/d=0x0 a=2 r=0x7f0b01c9}
W/Resources(22255): Converting to string: TypedValue{t=0x12/d=0x0 a=2 r=0x7f0b01ca}
W/Resources(22255): Converting to string: TypedValue{t=0x12/d=0x0 a=2 r=0x7f0b01cb}
W/Resources(22255): Converting to string: TypedValue{t=0x5/d=0x1401 a=2 r=0x7f0a0096}
W/Resources(22255): Converting to string: TypedValue{t=0x5/d=0x1001 a=2 r=0x7f0a0097}
W/Resources(22255): Converting to string: TypedValue{t=0x5/d=0x1401 a=2 r=0x7f0a0096}
W/Resources(22255): Converting to string: TypedValue{t=0x5/d=0xf01 a=2 r=0x7f0a0095}
W/Resources(22255): Converting to string: TypedValue{t=0x12/d=0x0 a=2 r=0x7f0b01c9}
W/Resources(22255): Converting to string: TypedValue{t=0x12/d=0x0 a=2 r=0x7f0b01ca}
W/Resources(22255): Converting to string: TypedValue{t=0x12/d=0x0 a=2 r=0x7f0b01cb}
W/Resources(22255): Converting to string: TypedValue{t=0x5/d=0x1401 a=2 r=0x7f0a0096}
W/Resources(22255): Converting to string: TypedValue{t=0x5/d=0x1001 a=2 r=0x7f0a0097}
W/Resources(22255): Converting to string: TypedValue{t=0x5/d=0x1401 a=2 r=0x7f0a0096}
W/Resources(22255): Converting to string: TypedValue{t=0x5/d=0xf01 a=2 r=0x7f0a0095}
W/Resources(22255): Converting to string: TypedValue{t=0x12/d=0x0 a=2 r=0x7f0b01c9}
W/Resources(22255): Converting to string: TypedValue{t=0x12/d=0x0 a=2 r=0x7f0b01ca}
W/Resources(22255): Converting to string: TypedValue{t=0x12/d=0x0 a=2 r=0x7f0b01cb}
W/Resources(22255): Converting to string: TypedValue{t=0x5/d=0x1401 a=2 r=0x7f0a0096}
W/Resources(22255): Converting to string: TypedValue{t=0x5/d=0x1001 a=2 r=0x7f0a0097}
W/Resources(22255): Converting to string: TypedValue{t=0x5/d=0x1401 a=2 r=0x7f0a0096}
W/Resources(22255): Converting to string: TypedValue{t=0x5/d=0xf01 a=2 r=0x7f0a0095}
W/Resources(22255): Converting to string: TypedValue{t=0x12/d=0x0 a=2 r=0x7f0b01c9}
W/Resources(22255): Converting to string: TypedValue{t=0x12/d=0x0 a=2 r=0x7f0b01ca}
W/Resources(22255): Converting to string: TypedValue{t=0x12/d=0x0 a=2 r=0x7f0b01cb}
W/Resources(22255): Converting to string: TypedValue{t=0x5/d=0x1401 a=2 r=0x7f0a0096}
W/Resources(22255): Converting to string: TypedValue{t=0x5/d=0x1001 a=2 r=0x7f0a0097}
W/Resources(22255): Converting to string: TypedValue{t=0x5/d=0x1401 a=2 r=0x7f0a0096}
W/Resources(22255): Converting to string: TypedValue{t=0x5/d=0xf01 a=2 r=0x7f0a0095}
W/Resources(22255): Converting to string: TypedValue{t=0x12/d=0x0 a=2 r=0x7f0b01c9}
W/Resources(22255): Converting to string: TypedValue{t=0x12/d=0x0 a=2 r=0x7f0b01ca}
W/Resources(22255): Converting to string: TypedValue{t=0x12/d=0x0 a=2 r=0x7f0b01cb}
W/Resources(22255): Converting to string: TypedValue{t=0x5/d=0x1401 a=2 r=0x7f0a0096}
W/Resources(22255): Converting to string: TypedValue{t=0x5/d=0x1001 a=2 r=0x7f0a0097}
W/Resources(22255): Converting to string: TypedValue{t=0x5/d=0x1401 a=2 r=0x7f0a0096}
W/Resources(22255): Converting to string: TypedValue{t=0x5/d=0xf01 a=2 r=0x7f0a0095}
W/Resources(22255): Converting to string: TypedValue{t=0x12/d=0x0 a=2 r=0x7f0b01c9}
W/Resources(22255): Converting to string: TypedValue{t=0x12/d=0x0 a=2 r=0x7f0b01ca}
W/Resources(22255): Converting to string: TypedValue{t=0x12/d=0x0 a=2 r=0x7f0b01cb}
W/Resources(22255): Converting to string: TypedValue{t=0x5/d=0x1401 a=2 r=0x7f0a0096}
W/Resources(22255): Converting to string: TypedValue{t=0x5/d=0x1001 a=2 r=0x7f0a0097}
W/Resources(22255): Converting to string: TypedValue{t=0x5/d=0x1401 a=2 r=0x7f0a0096}
W/Resources(22255): Converting to string: TypedValue{t=0x5/d=0xf01 a=2 r=0x7f0a0095}
W/Resources(22255): Converting to string: TypedValue{t=0x12/d=0x0 a=2 r=0x7f0b01c9}
W/Resources(22255): Converting to string: TypedValue{t=0x12/d=0x0 a=2 r=0x7f0b01ca}
W/Resources(22255): Converting to string: TypedValue{t=0x12/d=0x0 a=2 r=0x7f0b01cb}
W/Resources(22255): Converting to string: TypedValue{t=0x5/d=0x4001 a=1 r=0x1050051}
W/Resources(22255): Converting to string: TypedValue{t=0x5/d=0x3801 a=1 r=0x105003a}
W/SurfaceFlinger(  179): couldn't log to binary event log: overflow.
W/Resources(22255): Converting to string: TypedValue{t=0x5/d=0x4001 a=1 r=0x1050051}
W/Resources(22255): Converting to string: TypedValue{t=0x5/d=0x3801 a=1 r=0x105003a}
W/Resources(22255): Converting to string: TypedValue{t=0x5/d=0x4001 a=1 r=0x1050051}
W/Resources(22255): Converting to string: TypedValue{t=0x5/d=0x3801 a=1 r=0x105003a}
W/Resources(22255): Converting to string: TypedValue{t=0x5/d=0x4001 a=1 r=0x1050051}
W/Resources(22255): Converting to string: TypedValue{t=0x5/d=0x3801 a=1 r=0x105003a}
D/BreakingNewsRetriever(22255): onError() com.gannett.android.exceptions.EmptyFeedException: Unrecoverable transform error deserializing BreakingNewsFeedImpl
I/ActivityManager(  562): Displayed com.gannett.local.library.news.floridatoday/com.gannett.android.news.ui.activity.ActivityNews: +460ms
I/Ads     ( 6165): CsiReporterFactory: CSI is not enabled. No CSI reporter created.
D/BaseActivity(22255): onStop()
D/LifecycleMonitor(22255): Lifecycle status change: com.gannett.android.news.ui.activity.ActivitySam@3c714d74 in: STOPPED
D/LifecycleMonitor(22255): Lifecycle status change: com.gannett.android.news.ui.activity.ActivitySam@3c714d74 in: DESTROYED
D/BaseActivity(22255): onPause()
D/LifecycleMonitor(22255): Lifecycle status change: com.gannett.android.news.ui.activity.ActivityNews@10633b40 in: PAUSED
I/art     (22255): Explicit concurrent mark sweep GC freed 18370(982KB) AllocSpace objects, 2(456KB) LOS objects, 39% free, 22MB/36MB, paused 2.502ms total 70.465ms
I/art     (22255): Explicit concurrent mark sweep GC freed 2891(188KB) AllocSpace objects, 3(460KB) LOS objects, 40% free, 21MB/35MB, paused 2.319ms total 64.727ms
I/TestRunner(22255): finished: testFreeReaderAccess(com.gannett.android.news.features.ArticleTest)
I/Ads     (22255): Ad finished loading.
D/DfpAdRetriever(22255): Ads: ad retrieved: section_front
I/MonitoringInstrumentation(22255): Activities that are still in CREATED to PAUSED: 1
I/TestRunner(22255): started: testPremiumReaderAccess(com.gannett.android.news.features.ArticleTest)
I/MonitoringInstrumentation(22255): Activities that are still in CREATED to PAUSED: 1
D/MonitoringInstrumentation(22255): execStartActivity(context, ibinder, ibinder, activity, intent, int, bundle
I/ActivityManager(  562): START u0 {flg=0x14000000 cmp=com.gannett.local.library.news.floridatoday/com.gannett.android.news.ui.activity.ActivityNews (has extras)} from uid 10200 on display 0
D/BaseActivity(22255): onStop()
D/LifecycleMonitor(22255): Lifecycle status change: com.gannett.android.news.ui.activity.ActivityNews@10633b40 in: STOPPED
D/UserEdManager(22255): hideAndResetUserEd
V/WindowManager(  562): addAppToken: AppWindowToken{3a63684e token=Token{2acd6749 ActivityRecord{2f126950 u0 com.gannett.local.library.news.floridatoday/com.gannett.android.news.ui.activity.ActivityNews t12418}}} to stack=1 task=12418 at 0
D/LifecycleMonitor(22255): Lifecycle status change: com.gannett.android.news.ui.activity.ActivityNews@10633b40 in: DESTROYED
W/SurfaceFlinger(  179): couldn't log to binary event log: overflow.
D/LifecycleMonitor(22255): Lifecycle status change: com.gannett.android.news.ui.activity.ActivityNews@231e6fdf in: PRE_ON_CREATE
D/BaseActivity(22255): onCreate()
D/DEVICE INFO(22255): screenSize: large, dpiBucket: xhdpi
W/Resources(  562): Converting to string: TypedValue{t=0x12/d=0x0 a=1 r=0x1020378}
W/Resources(  562): Converting to string: TypedValue{t=0x12/d=0x0 a=1 r=0x1020379}
W/Resources(  562): Converting to string: TypedValue{t=0x1f/d=0xff222222 a=2 r=0x7f090006}
W/Resources(  562): Converting to string: TypedValue{t=0x12/d=0x0 a=1 r=0x102037a}
W/Resources(  562): Converting to string: TypedValue{t=0x1f/d=0xff222222 a=2 r=0x7f090006}
W/Resources(22255): Converting to string: TypedValue{t=0x12/d=0x0 a=1 r=0x1020378}
W/Resources(22255): Converting to string: TypedValue{t=0x12/d=0x0 a=1 r=0x1020379}
W/Resources(22255): Converting to string: TypedValue{t=0x1f/d=0xff222222 a=2 r=0x7f090006}
W/Resources(22255): Converting to string: TypedValue{t=0x12/d=0x0 a=1 r=0x102037a}
W/Resources(22255): Converting to string: TypedValue{t=0x1f/d=0xff222222 a=2 r=0x7f090006}
W/Resources(  562): Converting to string: TypedValue{t=0x12/d=0x0 a=1 r=0x10202b6}
W/Resources(  562): Converting to string: TypedValue{t=0x12/d=0x0 a=1 r=0x10202b7}
W/Resources(  562): Converting to string: TypedValue{t=0x12/d=0x0 a=1 r=0x102037b}
W/Resources(  562): Converting to string: TypedValue{t=0x12/d=0x0 a=1 r=0x102037c}
W/Resources(  562): Converting to string: TypedValue{t=0x1f/d=0xff222222 a=2 r=0x7f090006}
W/Resources(22255): Converting to string: TypedValue{t=0x12/d=0x0 a=1 r=0x10202b6}
W/Resources(22255): Converting to string: TypedValue{t=0x12/d=0x0 a=1 r=0x10202b7}
V/WindowManager(  562): Adding window Window{9203326 u0 Starting com.gannett.local.library.news.floridatoday} at 7 of 13 (after Window{3126ed48 u0 com.android.settings/com.android.settings.SubSettings})
W/Resources(22255): Converting to string: TypedValue{t=0x12/d=0x0 a=1 r=0x102037b}
W/Resources(22255): Converting to string: TypedValue{t=0x12/d=0x0 a=1 r=0x102037c}
W/Resources(22255): Converting to string: TypedValue{t=0x1f/d=0xff222222 a=2 r=0x7f090006}
W/Resources(22255): Converting to string: TypedValue{t=0x12/d=0x0 a=2 r=0x7f0b01cc}
W/Resources(22255): Converting to string: TypedValue{t=0x12/d=0x0 a=2 r=0x7f0b01cd}
W/Resources(22255): Converting to string: TypedValue{t=0x12/d=0x0 a=2 r=0x7f0b01ce}
W/Resources(22255): Converting to string: TypedValue{t=0x1d/d=0xffffffff a=2 r=0x7f0900f6}
W/Resources(22255): Converting to string: TypedValue{t=0x12/d=0x0 a=2 r=0x7f0b0078}
W/Resources(22255): Converting to string: TypedValue{t=0x1c/d=0xff000000 a=1 r=0x106000c}
W/Resources(22255): Converting to string: TypedValue{t=0x12/d=0x0 a=2 r=0x7f0b009e}
W/Resources(22255): Converting to string: TypedValue{t=0x1c/d=0x0 a=1 r=0x106000d}
W/Resources(22255): Converting to string: TypedValue{t=0x12/d=0x0 a=2 r=0x7f0b0079}
W/Resources(22255): Converting to string: TypedValue{t=0x12/d=0x0 a=2 r=0x7f0b00e6}
W/Resources(22255): Converting to string: TypedValue{t=0x12/d=0x0 a=2 r=0x7f0b00e7}
W/Resources(22255): Converting to string: TypedValue{t=0x5/d=0xd01 a=2 r=0x7f0a0085}
W/Resources(22255): Converting to string: TypedValue{t=0x5/d=0xd01 a=2 r=0x7f0a0085}
W/Resources(22255): Converting to string: TypedValue{t=0x12/d=0x0 a=2 r=0x7f0b00e8}
W/Resources(22255): Converting to string: TypedValue{t=0x5/d=0x501 a=2 r=0x7f0a0043}
W/Resources(22255): Converting to string: TypedValue{t=0x12/d=0x0 a=2 r=0x7f0b009f}
W/Resources(22255): Converting to string: TypedValue{t=0x12/d=0x0 a=2 r=0x7f0b00a0}
W/Resources(22255): Converting to string: TypedValue{t=0x12/d=0x0 a=2 r=0x7f0b00a1}
W/Resources(  562): Converting to string: TypedValue{t=0x5/d=0x4001 a=1 r=0x1050051}
W/Resources(  562): Converting to string: TypedValue{t=0x5/d=0x3801 a=1 r=0x105003a}
D/LifecycleMonitor(22255): Lifecycle status change: com.gannett.android.news.ui.activity.ActivityNews@231e6fdf in: CREATED
W/Resources(22255): Converting to string: TypedValue{t=0x12/d=0x0 a=2 r=0x7f0b0138}
W/Resources(22255): Converting to string: TypedValue{t=0x12/d=0x0 a=2 r=0x7f0b018e}
W/Resources(22255): Converting to string: TypedValue{t=0x12/d=0x0 a=2 r=0x7f0b018f}
W/art     (22255): Attempt to remove local handle scope entry from IRT, ignoring
W/AwContents(22255): onDetachedFromWindow called when already detached. Ignoring
W/Resources(22255): Converting to string: TypedValue{t=0x12/d=0x0 a=2 r=0x7f0b0190}
W/Resources(22255): Converting to string: TypedValue{t=0x12/d=0x0 a=2 r=0x7f0b0191}
W/Resources(22255): Converting to string: TypedValue{t=0x12/d=0x0 a=2 r=0x7f0b0192}
D/BaseActivity(22255): onStart()
D/returnToActivityHeadlinesTest(22255): tryReturnToActivityHeadlines(): this.autoNavToHome == true
D/UrlProducer(22255): Articles URL requested: http://api.gannett-cdn.com/mobilefeeds/fronts/v1/home_tablet/?siteId=123&hls=false&api_key=euc4uvhentf8r3dgt69483ad
W/Resources(22255): Converting to string: TypedValue{t=0x12/d=0x0 a=2 r=0x7f0b0139}
W/Resources(22255): Converting to string: TypedValue{t=0x1d/d=0xffffffff a=2 r=0x7f0900f6}
W/Resources(22255): Converting to string: TypedValue{t=0x12/d=0x0 a=2 r=0x7f0b013a}
W/Resources(22255): Converting to string: TypedValue{t=0x1d/d=0xffc6c9c9 a=2 r=0x7f0900d1}
W/Resources(22255): Converting to string: TypedValue{t=0x12/d=0x0 a=2 r=0x7f0b00cd}
W/Resources(22255): Converting to string: TypedValue{t=0x1d/d=0xffeeeeee a=2 r=0x7f0900cd}
W/Resources(22255): Converting to string: TypedValue{t=0x5/d=0x401 a=2 r=0x7f0a0069}
W/Resources(22255): Converting to string: TypedValue{t=0x5/d=0x401 a=2 r=0x7f0a0069}
D/UrlProducer(22255): Articles URL requested: http://api.gannett-cdn.com/mobilefeeds/fronts/v1/home_tablet/?siteId=123&hls=false&api_key=euc4uvhentf8r3dgt69483ad
D/AdConfigurationImpl(22255): lookingFor: article_banner_top, found: section_front
D/AdConfigurationImpl(22255): lookingFor: article_banner_bottom, found: section_front
D/AdConfigurationImpl(22255): lookingFor: section_front, found: section_front
W/Resources(22255): Converting to string: TypedValue{t=0x12/d=0x0 a=2 r=0x7f0b009a}
W/Resources(22255): Converting to string: TypedValue{t=0x12/d=0x0 a=2 r=0x7f0b00d6}
W/Resources(22255): Converting to string: TypedValue{t=0x1c/d=0x33b0b0b0 a=2 r=0x7f090008}
W/Resources(22255): Converting to string: TypedValue{t=0x12/d=0x0 a=2 r=0x7f0b00d7}
W/Resources(22255): Converting to string: TypedValue{t=0x1c/d=0x33b0b0b0 a=2 r=0x7f090008}
W/art     (22255): Attempt to remove local handle scope entry from IRT, ignoring
W/AwContents(22255): onDetachedFromWindow called when already detached. Ignoring
W/Resources(22255): Converting to string: TypedValue{t=0x12/d=0x0 a=2 r=0x7f0b00d8}
W/Resources(22255): Converting to string: TypedValue{t=0x1c/d=0x33b0b0b0 a=2 r=0x7f090008}
W/art     (22255): Attempt to remove local handle scope entry from IRT, ignoring
W/AwContents(22255): onDetachedFromWindow called when already detached. Ignoring
D/AdConfigurationImpl(22255): lookingFor: article_banner_top, found: section_front
D/AdConfigurationImpl(22255): lookingFor: article_banner_bottom, found: section_front
D/AdConfigurationImpl(22255): lookingFor: section_front, found: section_front
D/Ads     (22255): Ads: Params: latitude=38.92041482;ver=2.7.2.1;longitude=-77.22110591;pageType=front;androidid=b20c3623-9a28-4594-844b-acc8da859575;
I/Ads     (22255): Starting ad request.
I/Ads     (22255): Use AdRequest.Builder.addTestDevice("07C3BD1FC97B8BD363E7086452B8BB2A") to get test ads on this device.
I/Ads     (22255): Please set theme of AdActivity to @android:style/Theme.Translucent to enable transparent background interstitial ad.
D/DfpAdRetriever(22255): AD_REQUEST::SectionFront::/7103/fl-brevard-mobile-C1028/android_tablet_app-section_front/homepage:: Size = 468x60::AWS::homepage
D/UserEdManager(22255): tryDisplayUserEd
D/UserEdManager(22255): hideAndResetUserEd
D/UrlProducer(22255): Breaking News URL requested: http://api.gannett-cdn.com/mobilefeeds/breakingnews/v1/mobile/?siteId=123&api_key=euc4uvhentf8r3dgt69483ad
D/LifecycleMonitor(22255): Lifecycle status change: com.gannett.android.news.ui.activity.ActivityNews@231e6fdf in: STARTED
D/BaseActivity(22255): onResume()
D/LifecycleMonitor(22255): Lifecycle status change: com.gannett.android.news.ui.activity.ActivityNews@231e6fdf in: RESUMED
V/WindowManager(  562): Adding window Window{35c1b4b9 u0 com.gannett.local.library.news.floridatoday/com.gannett.android.news.ui.activity.ActivityNews} at 7 of 14 (before Window{9203326 u0 Starting com.gannett.local.library.news.floridatoday})
D/LocationUtility(22255): Connected
D/Transform(22255): BreakingNewsModule: com.gannett.android.exceptions.InvalidEntityException: no items
D/Transform(22255): BreakingNewsFeedImpl: com.gannett.android.exceptions.InvalidEntityException: no module
D/ADBMobile(22255): ADBMobile Debug : Analytics - Attempting to send request parameters(1356398?AQB=1&ndh=1&ce=UTF-8&c.&a.&DeviceName=Nexus%207&OSVersion=Android%205.1.1&Resolution=1200x1824&AppID=Florida%20Today%202.7.2.1%20%2852%29&.a&gnt.&Orientation=portrait&prefs.&PushSegments=bknews%7Cnews%7Csports%7Centertainment%7Cweather%7Ctraffic%7Cnull&.prefs&MarketName=gpapermobile114&quietTime=10%3A00pm%7C07%3A00am&ProductName=uscpnativenewsandroid%20for%20Android%20Tablet&ssts.&Section=Home&Subsection=Top%20Stories&.ssts&Location=38.9327143%7C-77.2174883&zag.&zip=22102&.zag&ContentType=sectionfront&TimeValue=11%3A30AM&.gnt&.c&t=00%2F00%2F0000%2000%3A00%3A00%200%20240&pageName=Home%7CTop%20Stories%7Cindex&aid=2B5CDEE80D2F4E87-2E535F9A5376B7E5&AQE=1)
D/ADBMobile(22255): ADBMobile Debug : Analytics - Request Sent(http://repdata.floridatoday.com/b/ss/gpapermobile114/0/JAVA-4.1.7-AN/s1356398?AQB=1&ndh=1&ce=UTF-8&c.&a.&DeviceName=Nexus%207&OSVersion=Android%205.1.1&Resolution=1200x1824&AppID=Florida%20Today%202.7.2.1%20%2852%29&.a&gnt.&Orientation=portrait&prefs.&PushSegments=bknews%7Cnews%7Csports%7Centertainment%7Cweather%7Ctraffic%7Cnull&.prefs&MarketName=gpapermobile114&quietTime=10%3A00pm%7C07%3A00am&ProductName=uscpnativenewsandroid%20for%20Android%20Tablet&ssts.&Section=Home&Subsection=Top%20Stories&.ssts&Location=38.9327143%7C-77.2174883&zag.&zip=22102&.zag&ContentType=sectionfront&TimeValue=11%3A30AM&.gnt&.c&t=00%2F00%2F0000%2000%3A00%3A00%200%20240&pageName=Home%7CTop%20Stories%7Cindex&aid=2B5CDEE80D2F4E87-2E535F9A5376B7E5&AQE=1)
W/Resources(22255): Converting to string: TypedValue{t=0x12/d=0x0 a=2 r=0x7f0b0114}
W/Resources(22255): Converting to string: TypedValue{t=0x1d/d=0xffebebeb a=2 r=0x7f090013}
W/Resources(22255): Converting to string: TypedValue{t=0x12/d=0x0 a=2 r=0x7f0b0071}
W/Resources(22255): Converting to string: TypedValue{t=0x12/d=0x0 a=2 r=0x7f0b0115}
W/Resources(22255): Converting to string: TypedValue{t=0x1d/d=0xff000000 a=2 r=0x7f090017}
W/Resources(22255): Converting to string: TypedValue{t=0x12/d=0x0 a=2 r=0x7f0b0150}
W/Resources(22255): Converting to string: TypedValue{t=0x1d/d=0xffa01313 a=2 r=0x7f09001a}
W/Resources(22255): Converting to string: TypedValue{t=0x5/d=0x801 a=2 r=0x7f0a005c}
W/Resources(22255): Converting to string: TypedValue{t=0x5/d=0x401 a=2 r=0x7f0a005e}
W/Resources(22255): Converting to string: TypedValue{t=0x5/d=0x801 a=2 r=0x7f0a005c}
W/Resources(22255): Converting to string: TypedValue{t=0x5/d=0x401 a=2 r=0x7f0a005e}
W/Resources(22255): Converting to string: TypedValue{t=0x5/d=0x1001 a=2 r=0x7f0a0060}
W/Resources(22255): Converting to string: TypedValue{t=0x5/d=0x1001 a=2 r=0x7f0a0060}
W/Resources(22255): Converting to string: TypedValue{t=0x5/d=0x1001 a=2 r=0x7f0a0060}
W/Resources(22255): Converting to string: TypedValue{t=0x12/d=0x0 a=2 r=0x7f0b0151}
W/Resources(22255): Converting to string: TypedValue{t=0x5/d=0x1001 a=2 r=0x7f0a0068}
W/Resources(22255): Converting to string: TypedValue{t=0x5/d=0x401 a=2 r=0x7f0a005e}
W/Resources(22255): Converting to string: TypedValue{t=0x12/d=0x0 a=2 r=0x7f0b013c}
W/Resources(22255): Converting to string: TypedValue{t=0x5/d=0x1001 a=2 r=0x7f0a0068}
W/Resources(22255): Converting to string: TypedValue{t=0x5/d=0x1101 a=2 r=0x7f0a0084}
W/Resources(22255): Converting to string: TypedValue{t=0x12/d=0x0 a=2 r=0x7f0b0074}
V/MinimogrifierUtils(22255): resized image URL: http://www.gannett-cdn.com/-mm-/12c609ff3e2c8a97569c6206d48e27fecbce3aef/c=0-4-2269-1706&r=1200x900&q=80/local/-/media/2015/05/19/Brevard/B9317404990Z.1_20150519110837_000_GQHAR6GL8.1-0.jpg
W/Resources(22255): Converting to string: TypedValue{t=0x12/d=0x0 a=2 r=0x7f0b01d9}
W/Resources(22255): Converting to string: TypedValue{t=0x1d/d=0xffeeeeee a=2 r=0x7f0900cd}
W/Resources(22255): Converting to string: TypedValue{t=0x5/d=0x1001 a=2 r=0x7f0a0060}
W/Resources(22255): Converting to string: TypedValue{t=0x5/d=0xc01 a=2 r=0x7f0a005d}
W/Resources(22255): Converting to string: TypedValue{t=0x5/d=0x801 a=2 r=0x7f0a005c}
W/Resources(22255): Converting to string: TypedValue{t=0x12/d=0x0 a=2 r=0x7f0b01da}
W/Resources(22255): Converting to string: TypedValue{t=0x5/d=0x801 a=2 r=0x7f0a005c}
W/Resources(22255): Converting to string: TypedValue{t=0x5/d=0x1001 a=2 r=0x7f0a0060}
W/Resources(22255): Converting to string: TypedValue{t=0x12/d=0x0 a=2 r=0x7f0b0213}
W/Resources(22255): Converting to string: TypedValue{t=0x12/d=0x0 a=2 r=0x7f0b0214}
W/Resources(22255): Converting to string: TypedValue{t=0x12/d=0x0 a=2 r=0x7f0b017c}
W/Resources(22255): Converting to string: TypedValue{t=0x12/d=0x0 a=2 r=0x7f0b0215}
W/Resources(22255): Converting to string: TypedValue{t=0x12/d=0x0 a=2 r=0x7f0b01db}
D/UrlProducer(22255): Weather URL requested: http://api.gannett-cdn.com/internal/weather/V5/accuweather/data/location/332282?LanguageId=1&Metric=false&format=json&api_key=7zh2888dfxtnttmpkq8wmj78
W/Resources(22255): Converting to string: TypedValue{t=0x1c/d=0x0 a=1 r=0x106000d}
W/Resources(22255): Converting to string: TypedValue{t=0x12/d=0x0 a=2 r=0x7f0b013b}
W/Resources(22255): Converting to string: TypedValue{t=0x5/d=0x1001 a=2 r=0x7f0a0060}
W/Resources(22255): Converting to string: TypedValue{t=0x5/d=0x801 a=2 r=0x7f0a005c}
W/Resources(22255): Converting to string: TypedValue{t=0x5/d=0x1001 a=2 r=0x7f0a0060}
W/Resources(22255): Converting to string: TypedValue{t=0x5/d=0x801 a=2 r=0x7f0a005c}
W/Resources(22255): Converting to string: TypedValue{t=0x5/d=0x3001 a=2 r=0x7f0a0066}
W/Resources(22255): Converting to string: TypedValue{t=0x12/d=0x0 a=2 r=0x7f0b0077}
W/Resources(22255): Converting to string: TypedValue{t=0x12/d=0x0 a=2 r=0x7f0b0071}
W/Resources(22255): Converting to string: TypedValue{t=0x1d/d=0xffc8c8c8 a=2 r=0x7f090019}
W/Resources(22255): Converting to string: TypedValue{t=0x5/d=0x5a01 a=2 r=0x7f0a0038}
W/Resources(22255): Converting to string: TypedValue{t=0x12/d=0x0 a=2 r=0x7f0b0116}
W/Resources(22255): Converting to string: TypedValue{t=0x12/d=0x0 a=2 r=0x7f0b013c}
W/Resources(22255): Converting to string: TypedValue{t=0x12/d=0x0 a=2 r=0x7f0b0074}
W/Resources(22255): Converting to string: TypedValue{t=0x12/d=0x0 a=2 r=0x7f0b0117}
W/Resources(22255): Converting to string: TypedValue{t=0x5/d=0x1001 a=2 r=0x7f0a0060}
W/Resources(22255): Converting to string: TypedValue{t=0x5/d=0x1001 a=2 r=0x7f0a0060}
V/MinimogrifierUtils(22255): resized image URL: http://www.gannett-cdn.com/-mm-/df0d6ef17225c96fa611fb189e2eeba8d52198f7/c=216-0-3672-2592&r=228x168&q=80/local/-/media/2015/05/18/Brevard/B9317397221Z.1_20150518170838_000_GDRAQVJC3.1-0.jpg
W/Resources(22255): Converting to string: TypedValue{t=0x1c/d=0x0 a=1 r=0x106000d}
W/Resources(22255): Converting to string: TypedValue{t=0x12/d=0x0 a=2 r=0x7f0b013b}
W/Resources(22255): Converting to string: TypedValue{t=0x5/d=0x1001 a=2 r=0x7f0a0060}
W/Resources(22255): Converting to string: TypedValue{t=0x5/d=0x801 a=2 r=0x7f0a005c}
W/Resources(22255): Converting to string: TypedValue{t=0x5/d=0x1001 a=2 r=0x7f0a0060}
W/Resources(22255): Converting to string: TypedValue{t=0x5/d=0x801 a=2 r=0x7f0a005c}
W/Resources(22255): Converting to string: TypedValue{t=0x5/d=0x3001 a=2 r=0x7f0a0066}
W/Resources(22255): Converting to string: TypedValue{t=0x12/d=0x0 a=2 r=0x7f0b0077}
W/Resources(22255): Converting to string: TypedValue{t=0x12/d=0x0 a=2 r=0x7f0b0071}
W/Resources(22255): Converting to string: TypedValue{t=0x1d/d=0xffc8c8c8 a=2 r=0x7f090019}
W/Resources(22255): Converting to string: TypedValue{t=0x5/d=0x5a01 a=2 r=0x7f0a0038}
W/Resources(22255): Converting to string: TypedValue{t=0x12/d=0x0 a=2 r=0x7f0b0116}
W/Resources(22255): Converting to string: TypedValue{t=0x12/d=0x0 a=2 r=0x7f0b013c}
W/Resources(22255): Converting to string: TypedValue{t=0x12/d=0x0 a=2 r=0x7f0b0074}
W/Resources(22255): Converting to string: TypedValue{t=0x12/d=0x0 a=2 r=0x7f0b0117}
W/Resources(22255): Converting to string: TypedValue{t=0x5/d=0x1001 a=2 r=0x7f0a0060}
W/Resources(22255): Converting to string: TypedValue{t=0x5/d=0x1001 a=2 r=0x7f0a0060}
V/MinimogrifierUtils(22255): resized image URL: http://www.gannett-cdn.com/-mm-/b8bc674f865505d2e2ed2537484699d7df30407b/c=256-0-2304-1536&r=228x168&q=80/local/-/media/2015/05/19/Brevard/B9317404807Z.1_20150519094335_000_GMSAR5NFB.1-0.jpg
W/Resources(22255): Converting to string: TypedValue{t=0x1c/d=0x0 a=1 r=0x106000d}
W/Resources(22255): Converting to string: TypedValue{t=0x12/d=0x0 a=2 r=0x7f0b013b}
W/Resources(22255): Converting to string: TypedValue{t=0x5/d=0x1001 a=2 r=0x7f0a0060}
W/Resources(22255): Converting to string: TypedValue{t=0x5/d=0x801 a=2 r=0x7f0a005c}
W/Resources(22255): Converting to string: TypedValue{t=0x5/d=0x1001 a=2 r=0x7f0a0060}
W/Resources(22255): Converting to string: TypedValue{t=0x5/d=0x801 a=2 r=0x7f0a005c}
W/Resources(22255): Converting to string: TypedValue{t=0x5/d=0x3001 a=2 r=0x7f0a0066}
W/Resources(22255): Converting to string: TypedValue{t=0x12/d=0x0 a=2 r=0x7f0b0077}
W/Resources(22255): Converting to string: TypedValue{t=0x12/d=0x0 a=2 r=0x7f0b0071}
W/Resources(22255): Converting to string: TypedValue{t=0x1d/d=0xffc8c8c8 a=2 r=0x7f090019}
W/Resources(22255): Converting to string: TypedValue{t=0x5/d=0x5a01 a=2 r=0x7f0a0038}
W/Resources(22255): Converting to string: TypedValue{t=0x12/d=0x0 a=2 r=0x7f0b0116}
W/Resources(22255): Converting to string: TypedValue{t=0x12/d=0x0 a=2 r=0x7f0b013c}
W/Resources(22255): Converting to string: TypedValue{t=0x12/d=0x0 a=2 r=0x7f0b0074}
W/Resources(22255): Converting to string: TypedValue{t=0x12/d=0x0 a=2 r=0x7f0b0117}
W/Resources(22255): Converting to string: TypedValue{t=0x5/d=0x1001 a=2 r=0x7f0a0060}
W/Resources(22255): Converting to string: TypedValue{t=0x5/d=0x1001 a=2 r=0x7f0a0060}
V/MinimogrifierUtils(22255): resized image URL: http://www.gannett-cdn.com/-mm-/5e558d0d90affd78376656bbf1d6ebde65207eca/c=285-0-3001-2037&r=228x168&q=80/local/-/media/2015/05/15/Brevard/B9317361315Z.1_20150515114203_000_GCFAPU6P1.1-0.jpg
W/Resources(22255): Converting to string: TypedValue{t=0x5/d=0x1401 a=2 r=0x7f0a0096}
W/Resources(22255): Converting to string: TypedValue{t=0x5/d=0x1001 a=2 r=0x7f0a0097}
W/Resources(22255): Converting to string: TypedValue{t=0x5/d=0x1401 a=2 r=0x7f0a0096}
W/Resources(22255): Converting to string: TypedValue{t=0x5/d=0xf01 a=2 r=0x7f0a0095}
W/Resources(22255): Converting to string: TypedValue{t=0x12/d=0x0 a=2 r=0x7f0b01c9}
W/Resources(22255): Converting to string: TypedValue{t=0x12/d=0x0 a=2 r=0x7f0b01ca}
W/Resources(22255): Converting to string: TypedValue{t=0x12/d=0x0 a=2 r=0x7f0b01cb}
W/Resources(22255): Converting to string: TypedValue{t=0x1d/d=0xfff9f9f9 a=2 r=0x7f0900a5}
W/Resources(22255): Converting to string: TypedValue{t=0x5/d=0x1401 a=2 r=0x7f0a0096}
W/Resources(22255): Converting to string: TypedValue{t=0x5/d=0x1001 a=2 r=0x7f0a0097}
W/Resources(22255): Converting to string: TypedValue{t=0x5/d=0x1401 a=2 r=0x7f0a0096}
W/Resources(22255): Converting to string: TypedValue{t=0x5/d=0xf01 a=2 r=0x7f0a0095}
W/Resources(22255): Converting to string: TypedValue{t=0x12/d=0x0 a=2 r=0x7f0b01c6}
W/Resources(22255): Converting to string: TypedValue{t=0x12/d=0x0 a=2 r=0x7f0b01c7}
W/Resources(22255): Converting to string: TypedValue{t=0x12/d=0x0 a=2 r=0x7f0b01c8}
W/Resources(22255): Converting to string: TypedValue{t=0x1d/d=0xfff9f9f9 a=2 r=0x7f0900a5}
W/Resources(22255): Converting to string: TypedValue{t=0x5/d=0x1401 a=2 r=0x7f0a0096}
W/Resources(22255): Converting to string: TypedValue{t=0x5/d=0x1001 a=2 r=0x7f0a0097}
W/Resources(22255): Converting to string: TypedValue{t=0x5/d=0x1401 a=2 r=0x7f0a0096}
W/Resources(22255): Converting to string: TypedValue{t=0x5/d=0xf01 a=2 r=0x7f0a0095}
W/Resources(22255): Converting to string: TypedValue{t=0x12/d=0x0 a=2 r=0x7f0b01c6}
W/Resources(22255): Converting to string: TypedValue{t=0x12/d=0x0 a=2 r=0x7f0b01c7}
W/Resources(22255): Converting to string: TypedValue{t=0x12/d=0x0 a=2 r=0x7f0b01c8}
W/Resources(22255): Converting to string: TypedValue{t=0x5/d=0x1401 a=2 r=0x7f0a0096}
W/Resources(22255): Converting to string: TypedValue{t=0x5/d=0x1001 a=2 r=0x7f0a0097}
W/Resources(22255): Converting to string: TypedValue{t=0x5/d=0x1401 a=2 r=0x7f0a0096}
W/Resources(22255): Converting to string: TypedValue{t=0x5/d=0xf01 a=2 r=0x7f0a0095}
W/Resources(22255): Converting to string: TypedValue{t=0x12/d=0x0 a=2 r=0x7f0b01c9}
W/Resources(22255): Converting to string: TypedValue{t=0x12/d=0x0 a=2 r=0x7f0b01ca}
W/Resources(22255): Converting to string: TypedValue{t=0x12/d=0x0 a=2 r=0x7f0b01cb}
W/Resources(22255): Converting to string: TypedValue{t=0x5/d=0x1401 a=2 r=0x7f0a0096}
W/Resources(22255): Converting to string: TypedValue{t=0x5/d=0x1001 a=2 r=0x7f0a0097}
W/Resources(22255): Converting to string: TypedValue{t=0x5/d=0x1401 a=2 r=0x7f0a0096}
W/Resources(22255): Converting to string: TypedValue{t=0x5/d=0xf01 a=2 r=0x7f0a0095}
W/Resources(22255): Converting to string: TypedValue{t=0x12/d=0x0 a=2 r=0x7f0b01c9}
W/Resources(22255): Converting to string: TypedValue{t=0x12/d=0x0 a=2 r=0x7f0b01ca}
W/Resources(22255): Converting to string: TypedValue{t=0x12/d=0x0 a=2 r=0x7f0b01cb}
W/Resources(22255): Converting to string: TypedValue{t=0x5/d=0x1401 a=2 r=0x7f0a0096}
W/Resources(22255): Converting to string: TypedValue{t=0x5/d=0x1001 a=2 r=0x7f0a0097}
W/Resources(22255): Converting to string: TypedValue{t=0x5/d=0x1401 a=2 r=0x7f0a0096}
W/Resources(22255): Converting to string: TypedValue{t=0x5/d=0xf01 a=2 r=0x7f0a0095}
W/Resources(22255): Converting to string: TypedValue{t=0x12/d=0x0 a=2 r=0x7f0b01c9}
W/Resources(22255): Converting to string: TypedValue{t=0x12/d=0x0 a=2 r=0x7f0b01ca}
W/Resources(22255): Converting to string: TypedValue{t=0x12/d=0x0 a=2 r=0x7f0b01cb}
W/Resources(22255): Converting to string: TypedValue{t=0x5/d=0x1401 a=2 r=0x7f0a0096}
W/Resources(22255): Converting to string: TypedValue{t=0x5/d=0x1001 a=2 r=0x7f0a0097}
W/Resources(22255): Converting to string: TypedValue{t=0x5/d=0x1401 a=2 r=0x7f0a0096}
W/Resources(22255): Converting to string: TypedValue{t=0x5/d=0xf01 a=2 r=0x7f0a0095}
W/Resources(22255): Converting to string: TypedValue{t=0x12/d=0x0 a=2 r=0x7f0b01c9}
W/Resources(22255): Converting to string: TypedValue{t=0x12/d=0x0 a=2 r=0x7f0b01ca}
W/Resources(22255): Converting to string: TypedValue{t=0x12/d=0x0 a=2 r=0x7f0b01cb}
W/Resources(22255): Converting to string: TypedValue{t=0x5/d=0x1401 a=2 r=0x7f0a0096}
W/Resources(22255): Converting to string: TypedValue{t=0x5/d=0x1001 a=2 r=0x7f0a0097}
W/Resources(22255): Converting to string: TypedValue{t=0x5/d=0x1401 a=2 r=0x7f0a0096}
W/Resources(22255): Converting to string: TypedValue{t=0x5/d=0xf01 a=2 r=0x7f0a0095}
W/Resources(22255): Converting to string: TypedValue{t=0x12/d=0x0 a=2 r=0x7f0b01c9}
W/Resources(22255): Converting to string: TypedValue{t=0x12/d=0x0 a=2 r=0x7f0b01ca}
W/Resources(22255): Converting to string: TypedValue{t=0x12/d=0x0 a=2 r=0x7f0b01cb}
W/Resources(22255): Converting to string: TypedValue{t=0x5/d=0x1401 a=2 r=0x7f0a0096}
W/Resources(22255): Converting to string: TypedValue{t=0x5/d=0x1001 a=2 r=0x7f0a0097}
W/Resources(22255): Converting to string: TypedValue{t=0x5/d=0x1401 a=2 r=0x7f0a0096}
W/Resources(22255): Converting to string: TypedValue{t=0x5/d=0xf01 a=2 r=0x7f0a0095}
W/Resources(22255): Converting to string: TypedValue{t=0x12/d=0x0 a=2 r=0x7f0b01c9}
W/Resources(22255): Converting to string: TypedValue{t=0x12/d=0x0 a=2 r=0x7f0b01ca}
W/Resources(22255): Converting to string: TypedValue{t=0x12/d=0x0 a=2 r=0x7f0b01cb}
W/Resources(22255): Converting to string: TypedValue{t=0x5/d=0x1401 a=2 r=0x7f0a0096}
W/Resources(22255): Converting to string: TypedValue{t=0x5/d=0x1001 a=2 r=0x7f0a0097}
W/Resources(22255): Converting to string: TypedValue{t=0x5/d=0x1401 a=2 r=0x7f0a0096}
W/Resources(22255): Converting to string: TypedValue{t=0x5/d=0xf01 a=2 r=0x7f0a0095}
W/Resources(22255): Converting to string: TypedValue{t=0x12/d=0x0 a=2 r=0x7f0b01c9}
W/Resources(22255): Converting to string: TypedValue{t=0x12/d=0x0 a=2 r=0x7f0b01ca}
W/Resources(22255): Converting to string: TypedValue{t=0x12/d=0x0 a=2 r=0x7f0b01cb}
W/Resources(22255): Converting to string: TypedValue{t=0x5/d=0x1401 a=2 r=0x7f0a0096}
W/Resources(22255): Converting to string: TypedValue{t=0x5/d=0x1001 a=2 r=0x7f0a0097}
W/Resources(22255): Converting to string: TypedValue{t=0x5/d=0x1401 a=2 r=0x7f0a0096}
W/Resources(22255): Converting to string: TypedValue{t=0x5/d=0xf01 a=2 r=0x7f0a0095}
W/Resources(22255): Converting to string: TypedValue{t=0x12/d=0x0 a=2 r=0x7f0b01c9}
W/Resources(22255): Converting to string: TypedValue{t=0x12/d=0x0 a=2 r=0x7f0b01ca}
W/Resources(22255): Converting to string: TypedValue{t=0x12/d=0x0 a=2 r=0x7f0b01cb}
W/Resources(22255): Converting to string: TypedValue{t=0x5/d=0x1401 a=2 r=0x7f0a0096}
W/Resources(22255): Converting to string: TypedValue{t=0x5/d=0x1001 a=2 r=0x7f0a0097}
W/Resources(22255): Converting to string: TypedValue{t=0x5/d=0x1401 a=2 r=0x7f0a0096}
W/Resources(22255): Converting to string: TypedValue{t=0x5/d=0xf01 a=2 r=0x7f0a0095}
W/Resources(22255): Converting to string: TypedValue{t=0x12/d=0x0 a=2 r=0x7f0b01c9}
W/Resources(22255): Converting to string: TypedValue{t=0x12/d=0x0 a=2 r=0x7f0b01ca}
W/Resources(22255): Converting to string: TypedValue{t=0x12/d=0x0 a=2 r=0x7f0b01cb}
W/Resources(22255): Converting to string: TypedValue{t=0x5/d=0x1401 a=2 r=0x7f0a0096}
W/Resources(22255): Converting to string: TypedValue{t=0x5/d=0x1001 a=2 r=0x7f0a0097}
W/Resources(22255): Converting to string: TypedValue{t=0x5/d=0x1401 a=2 r=0x7f0a0096}
W/Resources(22255): Converting to string: TypedValue{t=0x5/d=0xf01 a=2 r=0x7f0a0095}
W/Resources(22255): Converting to string: TypedValue{t=0x12/d=0x0 a=2 r=0x7f0b01c9}
W/Resources(22255): Converting to string: TypedValue{t=0x12/d=0x0 a=2 r=0x7f0b01ca}
W/Resources(22255): Converting to string: TypedValue{t=0x12/d=0x0 a=2 r=0x7f0b01cb}
D/BreakingNewsRetriever(22255): onError() com.gannett.android.exceptions.EmptyFeedException: Unrecoverable transform error deserializing BreakingNewsFeedImpl
I/ActivityManager(  562): Displayed com.gannett.local.library.news.floridatoday/com.gannett.android.news.ui.activity.ActivityNews: +418ms
W/Resources(22255): Converting to string: TypedValue{t=0x5/d=0x4001 a=1 r=0x1050051}
W/Resources(22255): Converting to string: TypedValue{t=0x5/d=0x3801 a=1 r=0x105003a}
W/Resources(22255): Converting to string: TypedValue{t=0x5/d=0x4001 a=1 r=0x1050051}
W/Resources(22255): Converting to string: TypedValue{t=0x5/d=0x3801 a=1 r=0x105003a}
W/Resources(22255): Converting to string: TypedValue{t=0x5/d=0x4001 a=1 r=0x1050051}
W/Resources(22255): Converting to string: TypedValue{t=0x5/d=0x3801 a=1 r=0x105003a}
W/Resources(22255): Converting to string: TypedValue{t=0x5/d=0x4001 a=1 r=0x1050051}
W/Resources(22255): Converting to string: TypedValue{t=0x5/d=0x3801 a=1 r=0x105003a}
W/art     (22255): Attempt to remove local handle scope entry from IRT, ignoring
W/AwContents(22255): onDetachedFromWindow called when already detached. Ignoring
W/art     (22255): Attempt to remove local handle scope entry from IRT, ignoring
W/art     (22255): Attempt to remove local handle scope entry from IRT, ignoring
I/Ads     ( 6165): CsiReporterFactory: CSI is not enabled. No CSI reporter created.
W/BindingManager(22255): Cannot call determinedVisibility() - never saw a connection for the pid: 22255
I/ViewInteraction(22255): Performing 'single click' action on view with id: android:id/home
I/Ads     (22255): Ad finished loading.
D/DfpAdRetriever(22255): Ads: ad retrieved: section_front
W/art     (22255): Attempt to remove local handle scope entry from IRT, ignoring
W/AwContents(22255): onDetachedFromWindow called when already detached. Ignoring
W/art     (22255): Attempt to remove local handle scope entry from IRT, ignoring
W/art     (22255): Attempt to remove local handle scope entry from IRT, ignoring
W/BindingManager(22255): Cannot call determinedVisibility() - never saw a connection for the pid: 22255
W/UiControllerImpl(22255): Waiting for: DELAY_HAS_PAST for 100 iterations.
I/Ads     (22255): Ad finished loading.
D/DfpAdRetriever(22255): Ads: ad retrieved: section_front
I/ViewInteraction(22255): Performing 'single click' action on view (with id: com.gannett.local.library.news.floridatoday:id/nav_section_name and with text: is "Sports")
W/Resources(22255): Converting to string: TypedValue{t=0x1d/d=0xfff9f9f9 a=2 r=0x7f0900a5}
W/Resources(22255): Converting to string: TypedValue{t=0x5/d=0x1401 a=2 r=0x7f0a0096}
W/Resources(22255): Converting to string: TypedValue{t=0x5/d=0x1001 a=2 r=0x7f0a0097}
W/Resources(22255): Converting to string: TypedValue{t=0x5/d=0x1401 a=2 r=0x7f0a0096}
W/Resources(22255): Converting to string: TypedValue{t=0x5/d=0xf01 a=2 r=0x7f0a0095}
W/Resources(22255): Converting to string: TypedValue{t=0x12/d=0x0 a=2 r=0x7f0b01c6}
W/Resources(22255): Converting to string: TypedValue{t=0x12/d=0x0 a=2 r=0x7f0b01c7}
W/Resources(22255): Converting to string: TypedValue{t=0x12/d=0x0 a=2 r=0x7f0b01c8}
W/Resources(22255): Converting to string: TypedValue{t=0x1d/d=0xfff9f9f9 a=2 r=0x7f0900a5}
W/Resources(22255): Converting to string: TypedValue{t=0x5/d=0x1401 a=2 r=0x7f0a0096}
W/Resources(22255): Converting to string: TypedValue{t=0x5/d=0x1001 a=2 r=0x7f0a0097}
W/Resources(22255): Converting to string: TypedValue{t=0x5/d=0x1401 a=2 r=0x7f0a0096}
W/Resources(22255): Converting to string: TypedValue{t=0x5/d=0xf01 a=2 r=0x7f0a0095}
W/Resources(22255): Converting to string: TypedValue{t=0x12/d=0x0 a=2 r=0x7f0b01c6}
W/Resources(22255): Converting to string: TypedValue{t=0x12/d=0x0 a=2 r=0x7f0b01c7}
W/Resources(22255): Converting to string: TypedValue{t=0x12/d=0x0 a=2 r=0x7f0b01c8}
W/Resources(22255): Converting to string: TypedValue{t=0x1d/d=0xfff9f9f9 a=2 r=0x7f0900a5}
W/Resources(22255): Converting to string: TypedValue{t=0x5/d=0x1401 a=2 r=0x7f0a0096}
W/Resources(22255): Converting to string: TypedValue{t=0x5/d=0x1001 a=2 r=0x7f0a0097}
W/Resources(22255): Converting to string: TypedValue{t=0x5/d=0x1401 a=2 r=0x7f0a0096}
W/Resources(22255): Converting to string: TypedValue{t=0x5/d=0xf01 a=2 r=0x7f0a0095}
W/Resources(22255): Converting to string: TypedValue{t=0x12/d=0x0 a=2 r=0x7f0b01c6}
W/Resources(22255): Converting to string: TypedValue{t=0x12/d=0x0 a=2 r=0x7f0b01c7}
W/Resources(22255): Converting to string: TypedValue{t=0x12/d=0x0 a=2 r=0x7f0b01c8}
W/Resources(22255): Converting to string: TypedValue{t=0x1d/d=0xfff9f9f9 a=2 r=0x7f0900a5}
W/Resources(22255): Converting to string: TypedValue{t=0x5/d=0x1401 a=2 r=0x7f0a0096}
W/Resources(22255): Converting to string: TypedValue{t=0x5/d=0x1001 a=2 r=0x7f0a0097}
W/Resources(22255): Converting to string: TypedValue{t=0x5/d=0x1401 a=2 r=0x7f0a0096}
W/Resources(22255): Converting to string: TypedValue{t=0x5/d=0xf01 a=2 r=0x7f0a0095}
W/Resources(22255): Converting to string: TypedValue{t=0x12/d=0x0 a=2 r=0x7f0b01c6}
W/Resources(22255): Converting to string: TypedValue{t=0x12/d=0x0 a=2 r=0x7f0b01c7}
W/Resources(22255): Converting to string: TypedValue{t=0x12/d=0x0 a=2 r=0x7f0b01c8}
W/Resources(22255): Converting to string: TypedValue{t=0x1d/d=0xfff9f9f9 a=2 r=0x7f0900a5}
W/Resources(22255): Converting to string: TypedValue{t=0x5/d=0x1401 a=2 r=0x7f0a0096}
W/Resources(22255): Converting to string: TypedValue{t=0x5/d=0x1001 a=2 r=0x7f0a0097}
W/Resources(22255): Converting to string: TypedValue{t=0x5/d=0x1401 a=2 r=0x7f0a0096}
W/Resources(22255): Converting to string: TypedValue{t=0x5/d=0xf01 a=2 r=0x7f0a0095}
W/Resources(22255): Converting to string: TypedValue{t=0x12/d=0x0 a=2 r=0x7f0b01c6}
W/Resources(22255): Converting to string: TypedValue{t=0x12/d=0x0 a=2 r=0x7f0b01c7}
W/Resources(22255): Converting to string: TypedValue{t=0x12/d=0x0 a=2 r=0x7f0b01c8}
W/Resources(22255): Converting to string: TypedValue{t=0x1d/d=0xfff9f9f9 a=2 r=0x7f0900a5}
W/Resources(22255): Converting to string: TypedValue{t=0x5/d=0x1401 a=2 r=0x7f0a0096}
W/Resources(22255): Converting to string: TypedValue{t=0x5/d=0x1001 a=2 r=0x7f0a0097}
W/Resources(22255): Converting to string: TypedValue{t=0x5/d=0x1401 a=2 r=0x7f0a0096}
W/Resources(22255): Converting to string: TypedValue{t=0x5/d=0xf01 a=2 r=0x7f0a0095}
W/Resources(22255): Converting to string: TypedValue{t=0x12/d=0x0 a=2 r=0x7f0b01c6}
W/Resources(22255): Converting to string: TypedValue{t=0x12/d=0x0 a=2 r=0x7f0b01c7}
W/Resources(22255): Converting to string: TypedValue{t=0x12/d=0x0 a=2 r=0x7f0b01c8}
W/Resources(22255): Converting to string: TypedValue{t=0x1d/d=0xfff9f9f9 a=2 r=0x7f0900a5}
W/Resources(22255): Converting to string: TypedValue{t=0x5/d=0x1401 a=2 r=0x7f0a0096}
W/Resources(22255): Converting to string: TypedValue{t=0x5/d=0x1001 a=2 r=0x7f0a0097}
W/Resources(22255): Converting to string: TypedValue{t=0x5/d=0x1401 a=2 r=0x7f0a0096}
W/Resources(22255): Converting to string: TypedValue{t=0x5/d=0xf01 a=2 r=0x7f0a0095}
W/Resources(22255): Converting to string: TypedValue{t=0x12/d=0x0 a=2 r=0x7f0b01c6}
W/Resources(22255): Converting to string: TypedValue{t=0x12/d=0x0 a=2 r=0x7f0b01c7}
W/Resources(22255): Converting to string: TypedValue{t=0x12/d=0x0 a=2 r=0x7f0b01c8}
W/Resources(22255): Converting to string: TypedValue{t=0x1d/d=0xfff9f9f9 a=2 r=0x7f0900a5}
W/Resources(22255): Converting to string: TypedValue{t=0x5/d=0x1401 a=2 r=0x7f0a0096}
W/Resources(22255): Converting to string: TypedValue{t=0x5/d=0x1001 a=2 r=0x7f0a0097}
W/Resources(22255): Converting to string: TypedValue{t=0x5/d=0x1401 a=2 r=0x7f0a0096}
W/Resources(22255): Converting to string: TypedValue{t=0x5/d=0xf01 a=2 r=0x7f0a0095}
W/Resources(22255): Converting to string: TypedValue{t=0x12/d=0x0 a=2 r=0x7f0b01c6}
W/Resources(22255): Converting to string: TypedValue{t=0x12/d=0x0 a=2 r=0x7f0b01c7}
W/Resources(22255): Converting to string: TypedValue{t=0x12/d=0x0 a=2 r=0x7f0b01c8}
W/Resources(22255): Converting to string: TypedValue{t=0x1d/d=0xfff9f9f9 a=2 r=0x7f0900a5}
W/Resources(22255): Converting to string: TypedValue{t=0x5/d=0x1401 a=2 r=0x7f0a0096}
W/Resources(22255): Converting to string: TypedValue{t=0x5/d=0x1001 a=2 r=0x7f0a0097}
W/Resources(22255): Converting to string: TypedValue{t=0x5/d=0x1401 a=2 r=0x7f0a0096}
W/Resources(22255): Converting to string: TypedValue{t=0x5/d=0xf01 a=2 r=0x7f0a0095}
W/Resources(22255): Converting to string: TypedValue{t=0x12/d=0x0 a=2 r=0x7f0b01c6}
W/Resources(22255): Converting to string: TypedValue{t=0x12/d=0x0 a=2 r=0x7f0b01c7}
W/Resources(22255): Converting to string: TypedValue{t=0x12/d=0x0 a=2 r=0x7f0b01c8}
W/Resources(22255): Converting to string: TypedValue{t=0x1d/d=0xfff9f9f9 a=2 r=0x7f0900a5}
W/Resources(22255): Converting to string: TypedValue{t=0x5/d=0x1401 a=2 r=0x7f0a0096}
W/Resources(22255): Converting to string: TypedValue{t=0x5/d=0x1001 a=2 r=0x7f0a0097}
W/Resources(22255): Converting to string: TypedValue{t=0x5/d=0x1401 a=2 r=0x7f0a0096}
W/Resources(22255): Converting to string: TypedValue{t=0x5/d=0xf01 a=2 r=0x7f0a0095}
W/Resources(22255): Converting to string: TypedValue{t=0x12/d=0x0 a=2 r=0x7f0b01c6}
W/Resources(22255): Converting to string: TypedValue{t=0x12/d=0x0 a=2 r=0x7f0b01c7}
W/Resources(22255): Converting to string: TypedValue{t=0x12/d=0x0 a=2 r=0x7f0b01c8}
W/Resources(22255): Converting to string: TypedValue{t=0x1d/d=0xfff9f9f9 a=2 r=0x7f0900a5}
W/Resources(22255): Converting to string: TypedValue{t=0x5/d=0x1401 a=2 r=0x7f0a0096}
W/Resources(22255): Converting to string: TypedValue{t=0x5/d=0x1001 a=2 r=0x7f0a0097}
W/Resources(22255): Converting to string: TypedValue{t=0x5/d=0x1401 a=2 r=0x7f0a0096}
W/Resources(22255): Converting to string: TypedValue{t=0x5/d=0xf01 a=2 r=0x7f0a0095}
W/Resources(22255): Converting to string: TypedValue{t=0x12/d=0x0 a=2 r=0x7f0b01c6}
W/Resources(22255): Converting to string: TypedValue{t=0x12/d=0x0 a=2 r=0x7f0b01c7}
W/Resources(22255): Converting to string: TypedValue{t=0x12/d=0x0 a=2 r=0x7f0b01c8}
