W/Resources(31900): Converting to string: TypedValue{t=0x1c/d=0x33b0b0b0 a=2 r=0x7f090008}
W/art     (31900): Attempt to remove local handle scope entry from IRT, ignoring
W/AwContents(31900): onDetachedFromWindow called when already detached. Ignoring
W/Resources(31900): Converting to string: TypedValue{t=0x12/d=0x0 a=2 r=0x7f0b00d8}
W/Resources(31900): Converting to string: TypedValue{t=0x1c/d=0x33b0b0b0 a=2 r=0x7f090008}
W/art     (31900): Attempt to remove local handle scope entry from IRT, ignoring
W/AwContents(31900): onDetachedFromWindow called when already detached. Ignoring
D/AdConfigurationImpl(31900): lookingFor: article_banner_top, found: section_front
D/AdConfigurationImpl(31900): lookingFor: article_banner_bottom, found: section_front
D/AdConfigurationImpl(31900): lookingFor: high_impact, found: section_front
D/AdConfigurationImpl(31900): lookingFor: section_front, found: section_front
D/Ads     (31900): Ads: Params: latitude=38.8870267;ver=2.7.2.1;longitude=-77.21944422;pageType=front;androidid=b20c3623-9a28-4594-844b-acc8da859575;
I/Ads     (31900): Starting ad request.
I/Ads     (31900): Use AdRequest.Builder.addTestDevice("07C3BD1FC97B8BD363E7086452B8BB2A") to get test ads on this device.
I/Ads     (31900): Please set theme of AdActivity to @android:style/Theme.Translucent to enable transparent background interstitial ad.
D/DfpAdRetriever(31900): AD_REQUEST::SectionFront::/7103/usatoday_tablet/android_tablet_app-section_front/news/main:: Size = 468x60::AWS::news/main
D/ADBMobile(31900): ADBMobile Debug : Audience Manager - request (http://gannett.demdex.net/event?c_gnt_prefs_PushSegments=bknews%7Cnull%7Cnull%7Cnull%7Cnull%7Cnull&c_gnt_Orientation=portrait&c_gnt_TimeValue=3%3A00PM&c_gnt_Location=38.932339%7C-77.2181978&c_gnt_zag_zip=22102&c_gnt_ssts_Subsection=News%20Top%20Stories&c_gnt_ContentType=sectionfront&c_gnt_ProductName=USATODAY%20for%20Android%20Tablet&c_gnt_ssts_Section=News&c_gnt_MarketName=gpapermobileapp&c_gnt_quietTime=10%3A00pm%7C07%3A00am&d_dpid=3054&d_dpuuid=b20c3623-9a28-4594-844b-acc8da859575&d_ptfm=android&d_dst=1&d_rtbd=json)
D/UserEdManager(31900): tryDisplayUserEd
D/UserEdManager(31900): hideAndResetUserEd
D/UrlProducer(31900): Breaking News URL requested: http://api.gannett-cdn.com/mobilefeeds/breakingnews/v1/mobile/?siteId=1&api_key=euc4uvhentf8r3dgt69483ad
W/Resources(31900): Converting to string: TypedValue{t=0x5/d=0x4001 a=1 r=0x1050051}
W/Resources(31900): Converting to string: TypedValue{t=0x5/d=0x3801 a=1 r=0x105003a}
W/Resources(31900): Converting to string: TypedValue{t=0x12/d=0x0 a=2 r=0x7f0b0114}
W/Resources(31900): Converting to string: TypedValue{t=0x1d/d=0xffebebeb a=2 r=0x7f090013}
W/Resources(31900): Converting to string: TypedValue{t=0x12/d=0x0 a=2 r=0x7f0b0071}
W/Resources(31900): Converting to string: TypedValue{t=0x12/d=0x0 a=2 r=0x7f0b0115}
W/Resources(31900): Converting to string: TypedValue{t=0x1d/d=0xff000000 a=2 r=0x7f090017}
W/Resources(31900): Converting to string: TypedValue{t=0x12/d=0x0 a=2 r=0x7f0b0150}
W/Resources(31900): Converting to string: TypedValue{t=0x1d/d=0xffa01313 a=2 r=0x7f09001a}
W/Resources(31900): Converting to string: TypedValue{t=0x5/d=0x801 a=2 r=0x7f0a005c}
W/Resources(31900): Converting to string: TypedValue{t=0x5/d=0x401 a=2 r=0x7f0a005e}
W/Resources(31900): Converting to string: TypedValue{t=0x5/d=0x801 a=2 r=0x7f0a005c}
W/Resources(31900): Converting to string: TypedValue{t=0x5/d=0x401 a=2 r=0x7f0a005e}
W/Resources(31900): Converting to string: TypedValue{t=0x5/d=0x1001 a=2 r=0x7f0a0060}
W/Resources(31900): Converting to string: TypedValue{t=0x5/d=0x1001 a=2 r=0x7f0a0060}
W/Resources(31900): Converting to string: TypedValue{t=0x5/d=0x1001 a=2 r=0x7f0a0060}
W/Resources(31900): Converting to string: TypedValue{t=0x12/d=0x0 a=2 r=0x7f0b0151}
W/Resources(31900): Converting to string: TypedValue{t=0x5/d=0x1001 a=2 r=0x7f0a0068}
W/Resources(31900): Converting to string: TypedValue{t=0x5/d=0x401 a=2 r=0x7f0a005e}
W/Resources(31900): Converting to string: TypedValue{t=0x12/d=0x0 a=2 r=0x7f0b013c}
W/Resources(31900): Converting to string: TypedValue{t=0x5/d=0x1001 a=2 r=0x7f0a0068}
W/Resources(31900): Converting to string: TypedValue{t=0x5/d=0x1101 a=2 r=0x7f0a0084}
W/Resources(31900): Converting to string: TypedValue{t=0x12/d=0x0 a=2 r=0x7f0b0074}
V/MinimogrifierUtils(31900): resized image URL: http://www.gannett-cdn.com/-mm-/4e8bf00075770bc3e5230ff353b9d1cffabcd76f/c=253-0-3347-2326&r=1200x900&q=80/local/-/media/2015/05/20/USATODAY/USATODAY/635677176860156566-AFP-540886634-73179258.JPG
W/Resources(31900): Converting to string: TypedValue{t=0x12/d=0x0 a=2 r=0x7f0b01d9}
W/Resources(31900): Converting to string: TypedValue{t=0x1d/d=0xffeeeeee a=2 r=0x7f0900cd}
W/Resources(31900): Converting to string: TypedValue{t=0x5/d=0x1001 a=2 r=0x7f0a0060}
W/Resources(31900): Converting to string: TypedValue{t=0x5/d=0xc01 a=2 r=0x7f0a005d}
W/Resources(31900): Converting to string: TypedValue{t=0x5/d=0x801 a=2 r=0x7f0a005c}
W/Resources(31900): Converting to string: TypedValue{t=0x12/d=0x0 a=2 r=0x7f0b01da}
W/Resources(31900): Converting to string: TypedValue{t=0x5/d=0x801 a=2 r=0x7f0a005c}
W/Resources(31900): Converting to string: TypedValue{t=0x5/d=0x1001 a=2 r=0x7f0a0060}
W/Resources(31900): Converting to string: TypedValue{t=0x12/d=0x0 a=2 r=0x7f0b0213}
W/Resources(31900): Converting to string: TypedValue{t=0x12/d=0x0 a=2 r=0x7f0b0214}
W/Resources(31900): Converting to string: TypedValue{t=0x12/d=0x0 a=2 r=0x7f0b017c}
W/Resources(31900): Converting to string: TypedValue{t=0x12/d=0x0 a=2 r=0x7f0b0215}
W/Resources(31900): Converting to string: TypedValue{t=0x12/d=0x0 a=2 r=0x7f0b01db}
D/UrlProducer(31900): Weather URL requested: http://api.gannett-cdn.com/internal/weather/V5/accuweather/data/location/349727?LanguageId=1&Metric=false&format=json&api_key=7zh2888dfxtnttmpkq8wmj78
W/Resources(31900): Converting to string: TypedValue{t=0x1c/d=0x0 a=1 r=0x106000d}
W/Resources(31900): Converting to string: TypedValue{t=0x12/d=0x0 a=2 r=0x7f0b013b}
W/Resources(31900): Converting to string: TypedValue{t=0x5/d=0x1001 a=2 r=0x7f0a0060}
W/Resources(31900): Converting to string: TypedValue{t=0x5/d=0x801 a=2 r=0x7f0a005c}
W/Resources(31900): Converting to string: TypedValue{t=0x5/d=0x1001 a=2 r=0x7f0a0060}
W/Resources(31900): Converting to string: TypedValue{t=0x5/d=0x801 a=2 r=0x7f0a005c}
W/Resources(31900): Converting to string: TypedValue{t=0x5/d=0x3001 a=2 r=0x7f0a0066}
W/Resources(31900): Converting to string: TypedValue{t=0x12/d=0x0 a=2 r=0x7f0b0077}
W/Resources(31900): Converting to string: TypedValue{t=0x12/d=0x0 a=2 r=0x7f0b0071}
W/Resources(31900): Converting to string: TypedValue{t=0x1d/d=0xffc8c8c8 a=2 r=0x7f090019}
W/ADBMobile(31900): ADBMobile Debug : Audience Manager - Unable to parse JSON data (No value for dests)
D/Transform(31900): BreakingNewsModule: com.gannett.android.exceptions.InvalidEntityException: no items
W/Resources(31900): Converting to string: TypedValue{t=0x5/d=0x5a01 a=2 r=0x7f0a0038}
D/Transform(31900): BreakingNewsFeedImpl: com.gannett.android.exceptions.InvalidEntityException: no module
W/Resources(31900): Converting to string: TypedValue{t=0x12/d=0x0 a=2 r=0x7f0b0116}
W/Resources(31900): Converting to string: TypedValue{t=0x12/d=0x0 a=2 r=0x7f0b013c}
W/Resources(31900): Converting to string: TypedValue{t=0x12/d=0x0 a=2 r=0x7f0b0074}
D/ADBMobile(31900): ADBMobile Debug : Analytics - Attempting to send request parameters(4425609?AQB=1&ndh=1&ce=UTF-8&c.&a.&DeviceName=Nexus%207&OSVersion=Android%205.1.1&Resolution=1200x1824&AppID=USA%20Today%202.7.2.1%20%2852%29&.a&gnt.&Orientation=portrait&prefs.&PushSegments=bknews%7Cnull%7Cnull%7Cnull%7Cnull%7Cnull&.prefs&MarketName=gpapermobileapp&quietTime=10%3A00pm%7C07%3A00am&ProductName=USATODAY%20for%20Android%20Tablet&ssts.&Section=News&Subsection=News%20Top%20Stories&.ssts&Location=38.932339%7C-77.2181978&zag.&zip=22102&.zag&ContentType=sectionfront&TimeValue=3%3A00PM&.gnt&.c&t=00%2F00%2F0000%2000%3A00%3A00%200%20240&pageName=News%7CNews%20Top%20Stories%7Cindex&aid=2AACFBD3851921B3-40000610A00022D1&AQE=1)
W/Resources(31900): Converting to string: TypedValue{t=0x12/d=0x0 a=2 r=0x7f0b0117}
W/Resources(31900): Converting to string: TypedValue{t=0x5/d=0x1001 a=2 r=0x7f0a0060}
W/Resources(31900): Converting to string: TypedValue{t=0x5/d=0x1001 a=2 r=0x7f0a0060}
V/MinimogrifierUtils(31900): resized image URL: http://www.gannett-cdn.com/-mm-/806f5c1b686d17e76d03e8a3549bb38910680139/c=68-0-1641-1183&r=228x168&q=80/local/-/media/2015/05/20/USATODAY/USATODAY/635677204355604134-AP-Secret-Space-Plane.jpg
W/Resources(31900): Converting to string: TypedValue{t=0x1c/d=0x0 a=1 r=0x106000d}
W/Resources(31900): Converting to string: TypedValue{t=0x12/d=0x0 a=2 r=0x7f0b013b}
W/Resources(31900): Converting to string: TypedValue{t=0x5/d=0x1001 a=2 r=0x7f0a0060}
W/Resources(31900): Converting to string: TypedValue{t=0x5/d=0x801 a=2 r=0x7f0a005c}
W/Resources(31900): Converting to string: TypedValue{t=0x5/d=0x1001 a=2 r=0x7f0a0060}
W/Resources(31900): Converting to string: TypedValue{t=0x5/d=0x801 a=2 r=0x7f0a005c}
W/Resources(31900): Converting to string: TypedValue{t=0x5/d=0x3001 a=2 r=0x7f0a0066}
W/Resources(31900): Converting to string: TypedValue{t=0x12/d=0x0 a=2 r=0x7f0b0077}
W/Resources(31900): Converting to string: TypedValue{t=0x12/d=0x0 a=2 r=0x7f0b0071}
W/Resources(31900): Converting to string: TypedValue{t=0x1d/d=0xffc8c8c8 a=2 r=0x7f090019}
W/Resources(31900): Converting to string: TypedValue{t=0x5/d=0x5a01 a=2 r=0x7f0a0038}
W/Resources(31900): Converting to string: TypedValue{t=0x12/d=0x0 a=2 r=0x7f0b0116}
W/Resources(31900): Converting to string: TypedValue{t=0x12/d=0x0 a=2 r=0x7f0b013c}
W/Resources(31900): Converting to string: TypedValue{t=0x12/d=0x0 a=2 r=0x7f0b0074}
W/Resources(31900): Converting to string: TypedValue{t=0x12/d=0x0 a=2 r=0x7f0b0117}
W/Resources(31900): Converting to string: TypedValue{t=0x5/d=0x1001 a=2 r=0x7f0a0060}
W/Resources(31900): Converting to string: TypedValue{t=0x5/d=0x1001 a=2 r=0x7f0a0060}
V/MinimogrifierUtils(31900): resized image URL: http://www.gannett-cdn.com/-mm-/043d89c706c5fa34ed1e1f20bdb462f0e66394b3/c=0-122-2000-1626&r=228x168&q=80/local/-/media/2015/05/18/USATODAY/USATODAY/635675459485750892-XXX-HARRYLETTERMAN-LETTERMAN-DCB-72685702.JPG
W/Resources(31900): Converting to string: TypedValue{t=0x1c/d=0x0 a=1 r=0x106000d}
W/Resources(31900): Converting to string: TypedValue{t=0x12/d=0x0 a=2 r=0x7f0b013b}
W/Resources(31900): Converting to string: TypedValue{t=0x5/d=0x1001 a=2 r=0x7f0a0060}
W/Resources(31900): Converting to string: TypedValue{t=0x5/d=0x801 a=2 r=0x7f0a005c}
W/Resources(31900): Converting to string: TypedValue{t=0x5/d=0x1001 a=2 r=0x7f0a0060}
W/Resources(31900): Converting to string: TypedValue{t=0x5/d=0x801 a=2 r=0x7f0a005c}
W/Resources(31900): Converting to string: TypedValue{t=0x5/d=0x3001 a=2 r=0x7f0a0066}
W/Resources(31900): Converting to string: TypedValue{t=0x12/d=0x0 a=2 r=0x7f0b0077}
W/Resources(31900): Converting to string: TypedValue{t=0x12/d=0x0 a=2 r=0x7f0b0071}
W/Resources(31900): Converting to string: TypedValue{t=0x1d/d=0xffc8c8c8 a=2 r=0x7f090019}
W/Resources(31900): Converting to string: TypedValue{t=0x5/d=0x5a01 a=2 r=0x7f0a0038}
W/Resources(31900): Converting to string: TypedValue{t=0x12/d=0x0 a=2 r=0x7f0b0116}
W/Resources(31900): Converting to string: TypedValue{t=0x12/d=0x0 a=2 r=0x7f0b013c}
W/Resources(31900): Converting to string: TypedValue{t=0x12/d=0x0 a=2 r=0x7f0b0074}
W/Resources(31900): Converting to string: TypedValue{t=0x12/d=0x0 a=2 r=0x7f0b0117}
W/Resources(31900): Converting to string: TypedValue{t=0x5/d=0x1001 a=2 r=0x7f0a0060}
W/Resources(31900): Converting to string: TypedValue{t=0x5/d=0x1001 a=2 r=0x7f0a0060}
V/MinimogrifierUtils(31900): resized image URL: http://www.gannett-cdn.com/-mm-/c866c84a52d04f0d2ec0f53ed59c656f3fe29a3a/c=368-0-3407-2285&r=228x168&q=80/local/-/media/2015/05/20/USATODAY/USATODAY/635677224486957349-AFP-532070162.jpg
D/DfpAdRetriever(31900): recording impression for section_front
D/ADBMobile(31900): ADBMobile Debug : Analytics - Request Sent(http://gannett.112.2o7.net/b/ss/gpapermobileapp/0/JAVA-4.1.7-AN/s4425609?AQB=1&ndh=1&ce=UTF-8&c.&a.&DeviceName=Nexus%207&OSVersion=Android%205.1.1&Resolution=1200x1824&AppID=USA%20Today%202.7.2.1%20%2852%29&.a&gnt.&Orientation=portrait&prefs.&PushSegments=bknews%7Cnull%7Cnull%7Cnull%7Cnull%7Cnull&.prefs&MarketName=gpapermobileapp&quietTime=10%3A00pm%7C07%3A00am&ProductName=USATODAY%20for%20Android%20Tablet&ssts.&Section=News&Subsection=News%20Top%20Stories&.ssts&Location=38.932339%7C-77.2181978&zag.&zip=22102&.zag&ContentType=sectionfront&TimeValue=3%3A00PM&.gnt&.c&t=00%2F00%2F0000%2000%3A00%3A00%200%20240&pageName=News%7CNews%20Top%20Stories%7Cindex&aid=2AACFBD3851921B3-40000610A00022D1&AQE=1)
D/BreakingNewsRetriever(31900): onError() com.gannett.android.exceptions.EmptyFeedException: Unrecoverable transform error deserializing BreakingNewsFeedImpl
D/GravityWell(31900): Checking gravity config for ad ID: usatoday_tablet/android_tablet_app-high_impact
I/Ads     ( 6165): CsiReporterFactory: CSI is not enabled. No CSI reporter created.
D/DfpAdRetriever(31900): recording impression for section_front
I/ViewInteraction(31900): Performing 'check drawer' action on view with id: com.usatoday.android.news:id/nav_drawer
I/ViewInteraction(31900): Performing 'register idling drawer listener' action on view with id: com.usatoday.android.news:id/nav_drawer
I/ViewInteraction(31900): Performing 'open drawer' action on view with id: com.usatoday.android.news:id/nav_drawer
D/DfpAdRetriever(31900): recording impression for section_front
W/UiControllerImpl(31900): Waiting for: DYNAMIC_TASKS_HAVE_IDLED for 100 iterations.
W/UiControllerImpl(31900): Waiting for: DYNAMIC_TASKS_HAVE_IDLED for 200 iterations.
W/UiControllerImpl(31900): Waiting for: DYNAMIC_TASKS_HAVE_IDLED for 300 iterations.
W/UiControllerImpl(31900): Waiting for: DYNAMIC_TASKS_HAVE_IDLED for 400 iterations.
W/UiControllerImpl(31900): Waiting for: DYNAMIC_TASKS_HAVE_IDLED for 500 iterations.
W/art     (31900): Attempt to remove local handle scope entry from IRT, ignoring
W/AwContents(31900): onDetachedFromWindow called when already detached. Ignoring
W/art     (31900): Attempt to remove local handle scope entry from IRT, ignoring
W/art     (31900): Attempt to remove local handle scope entry from IRT, ignoring
D/DfpAdRetriever(31900): recording impression for section_front
I/art     (31900): Background partial concurrent mark sweep GC freed 18128(1020KB) AllocSpace objects, 17(7MB) LOS objects, 31% free, 35MB/51MB, paused 1.953ms total 110.534ms
D/DfpAdRetriever(31900): recording impression for section_front
W/UiControllerImpl(31900): Waiting for: DYNAMIC_TASKS_HAVE_IDLED for 600 iterations.
W/BindingManager(31900): Cannot call determinedVisibility() - never saw a connection for the pid: 31900
I/ViewInteraction(31900): Performing 'unregister idling drawer listener' action on view with id: com.usatoday.android.news:id/nav_drawer
I/ViewInteraction(31900): Performing 'single click' action on view (with id: com.usatoday.android.news:id/nav_child_text and with text: is "Day in Pictures")
D/DfpAdRetriever(31900): recording impression for section_front
D/NavigationActivity(31900): navigateTo():Day in Pictures
D/NavigationActivity(31900): executeNavigationIntent, this class: class com.gannett.android.news.ui.activity.ActivityNews, intent.getClass(): com.gannett.android.news.ui.activity.ActivityGallery
D/MonitoringInstrumentation(31900): execStartActivity(context, ibinder, ibinder, activity, intent, int, bundle
I/ActivityManager(  562): START u0 {flg=0x20000 cmp=com.usatoday.android.news/com.gannett.android.news.ui.activity.ActivityGallery (has extras)} from uid 10187 on display 0
V/WindowManager(  562): addAppToken: AppWindowToken{336db66d token=Token{27fbae84 ActivityRecord{215aac97 u0 com.usatoday.android.news/com.gannett.android.news.ui.activity.ActivityGallery t12673}}} to stack=1 task=12673 at 1
D/DfpAdRetriever(31900): recording impression for section_front
D/BaseActivity(31900): onPause()
D/LifecycleMonitor(31900): Lifecycle status change: com.gannett.android.news.ui.activity.ActivityNews@196798d4 in: PAUSED
D/DfpAdRetriever(31900): recording impression for section_front
D/ADBMobile(31900): ADBMobile Debug : Analytics - Attempting to send request parameters(92349626?AQB=1&ndh=1&ce=UTF-8&pev2=AMACTION%3Anavmenu%7Cday_in_pictures&c.&a.&DeviceName=Nexus%207&OSVersion=Android%205.1.1&Resolution=1200x1824&action=navmenu%7Cday_in_pictures&AppID=USA%20Today%202.7.2.1%20%2852%29&.a&gnt.&MarketName=gpapermobileapp&ProductName=USATODAY%20for%20Android%20Tablet&Orientation=portrait&TimeValue=3%3A00PM&.gnt&.c&t=00%2F00%2F0000%2000%3A00%3A00%200%20240&pageName=USA%20Today%202.7.2.1%20%2852%29&aid=2AACFBD3851921B3-40000610A00022D1&pe=lnk_o&AQE=1)
D/LifecycleMonitor(31900): Lifecycle status change: com.gannett.android.news.ui.activity.ActivityGallery@41f0fbc in: PRE_ON_CREATE
D/BaseActivity(31900): onCreate()
D/DEVICE INFO(31900): screenSize: large, dpiBucket: xhdpi
W/Resources(31900): Converting to string: TypedValue{t=0x12/d=0x0 a=1 r=0x1020378}
W/Resources(31900): Converting to string: TypedValue{t=0x12/d=0x0 a=1 r=0x1020379}
W/Resources(31900): Converting to string: TypedValue{t=0x1f/d=0xff222222 a=2 r=0x7f090006}
W/Resources(31900): Converting to string: TypedValue{t=0x12/d=0x0 a=1 r=0x102037a}
W/Resources(31900): Converting to string: TypedValue{t=0x1f/d=0xff222222 a=2 r=0x7f090006}
D/ADBMobile(31900): ADBMobile Debug : Analytics - Request Sent(http://gannett.112.2o7.net/b/ss/gpapermobileapp/0/JAVA-4.1.7-AN/s92349626?AQB=1&ndh=1&ce=UTF-8&pev2=AMACTION%3Anavmenu%7Cday_in_pictures&c.&a.&DeviceName=Nexus%207&OSVersion=Android%205.1.1&Resolution=1200x1824&action=navmenu%7Cday_in_pictures&AppID=USA%20Today%202.7.2.1%20%2852%29&.a&gnt.&MarketName=gpapermobileapp&ProductName=USATODAY%20for%20Android%20Tablet&Orientation=portrait&TimeValue=3%3A00PM&.gnt&.c&t=00%2F00%2F0000%2000%3A00%3A00%200%20240&pageName=USA%20Today%202.7.2.1%20%2852%29&aid=2AACFBD3851921B3-40000610A00022D1&pe=lnk_o&AQE=1)
W/Resources(31900): Converting to string: TypedValue{t=0x12/d=0x0 a=1 r=0x10202b6}
W/Resources(31900): Converting to string: TypedValue{t=0x12/d=0x0 a=1 r=0x10202b7}
W/Resources(31900): Converting to string: TypedValue{t=0x12/d=0x0 a=1 r=0x102037b}
W/Resources(31900): Converting to string: TypedValue{t=0x12/d=0x0 a=1 r=0x102037c}
W/Resources(31900): Converting to string: TypedValue{t=0x1f/d=0xff222222 a=2 r=0x7f090006}
W/Resources(31900): Converting to string: TypedValue{t=0x12/d=0x0 a=2 r=0x7f0b01cc}
W/Resources(31900): Converting to string: TypedValue{t=0x12/d=0x0 a=2 r=0x7f0b01cd}
W/Resources(31900): Converting to string: TypedValue{t=0x12/d=0x0 a=2 r=0x7f0b01ce}
W/Resources(31900): Converting to string: TypedValue{t=0x1d/d=0xffffffff a=2 r=0x7f0900f6}
W/Resources(31900): Converting to string: TypedValue{t=0x12/d=0x0 a=2 r=0x7f0b0078}
W/Resources(31900): Converting to string: TypedValue{t=0x12/d=0x0 a=2 r=0x7f0b0079}
W/Resources(31900): Converting to string: TypedValue{t=0x12/d=0x0 a=2 r=0x7f0b0086}
D/UserEdManager(31900): tryDisplayUserEd
D/UserEdManager(31900): hideAndResetUserEd
D/LifecycleMonitor(31900): Lifecycle status change: com.gannett.android.news.ui.activity.ActivityGallery@41f0fbc in: CREATED
D/BaseActivity(31900): onStart()
E/        (10590): invalid crash request of size 4 (from pid=31339 uid=0)
D/AdConfigurationImpl(31900): lookingFor: article_banner_top, found: high_impact
D/AdConfigurationImpl(31900): lookingFor: article_banner_bottom, found: high_impact
D/AdConfigurationImpl(31900): lookingFor: high_impact, found: high_impact
D/GravityWell(31900): Ready CacheIds: 
D/Ads     (31900): Ads: Additional Param: cacheid=
D/AdConfigurationImpl(31900): lookingFor: article_banner_top, found: high_impact
D/AdConfigurationImpl(31900): lookingFor: article_banner_bottom, found: high_impact
D/AdConfigurationImpl(31900): lookingFor: high_impact, found: high_impact
D/Ads     (31900): Ads: Params: latitude=38.8870267;ver=2.7.2.1;longitude=-77.21944422;pageType=front;androidid=b20c3623-9a28-4594-844b-acc8da859575;
I/Ads     (31900): Starting ad request.
I/Ads     (31900): Use AdRequest.Builder.addTestDevice("07C3BD1FC97B8BD363E7086452B8BB2A") to get test ads on this device.
I/Ads     (31900): Please set theme of AdActivity to @android:style/Theme.Translucent to enable transparent background interstitial ad.
D/DfpAdRetriever(31900): AD_REQUEST::Gravity::/7103/usatoday_tablet/android_tablet_app-high_impact:: Size = 1280x1280::AWS::no_cst
D/returnToActivityHeadlinesTest(31900): tryReturnToActivityHeadlines(): this.autoNavToHome == true
D/LifecycleMonitor(31900): Lifecycle status change: com.gannett.android.news.ui.activity.ActivityGallery@41f0fbc in: STARTED
D/BaseActivity(31900): onResume()
W/Resources(31900): Converting to string: TypedValue{t=0x12/d=0x0 a=2 r=0x7f0b012f}
W/Resources(31900): Converting to string: TypedValue{t=0x12/d=0x0 a=2 r=0x7f0b0130}
W/Resources(31900): Converting to string: TypedValue{t=0x12/d=0x0 a=2 r=0x7f0b0131}
W/Resources(31900): Converting to string: TypedValue{t=0x5/d=0x1001 a=2 r=0x7f0a0060}
W/Resources(31900): Converting to string: TypedValue{t=0x5/d=0x801 a=2 r=0x7f0a005c}
W/Resources(31900): Converting to string: TypedValue{t=0x5/d=0x1001 a=2 r=0x7f0a0060}
W/Resources(31900): Converting to string: TypedValue{t=0x5/d=0x801 a=2 r=0x7f0a005c}
W/Resources(31900): Converting to string: TypedValue{t=0x12/d=0x0 a=2 r=0x7f0b0132}
W/Resources(31900): Converting to string: TypedValue{t=0x12/d=0x0 a=2 r=0x7f0b0133}
W/Resources(31900): Converting to string: TypedValue{t=0x5/d=0x801 a=2 r=0x7f0a005c}
W/Resources(31900): Converting to string: TypedValue{t=0x12/d=0x0 a=2 r=0x7f0b0134}
W/Resources(31900): Converting to string: TypedValue{t=0x12/d=0x0 a=2 r=0x7f0b0135}
W/Resources(31900): Converting to string: TypedValue{t=0x12/d=0x0 a=2 r=0x7f0b0136}
W/Resources(31900): Converting to string: TypedValue{t=0x12/d=0x0 a=2 r=0x7f0b00b9}
D/UrlProducer(31900): Gallery Url requested: http://api.gannett-cdn.com/mobilefeeds/galleries/v1/1410095/?api_key=euc4uvhentf8r3dgt69483ad
D/LifecycleMonitor(31900): Lifecycle status change: com.gannett.android.news.ui.activity.ActivityGallery@41f0fbc in: RESUMED
V/WindowManager(  562): Adding window Window{abc4c69 u0 com.usatoday.android.news/com.gannett.android.news.ui.activity.ActivityGallery} at 4 of 10 (after Window{3b72d5c0 u0 com.usatoday.android.news/com.gannett.android.news.ui.activity.ActivityNews})
I/Ads     (31900): Ad finished loading.
D/DfpAdRetriever(31900): Ads: ad retrieved: section_front
W/Resources(31900): Converting to string: TypedValue{t=0x5/d=0x1401 a=2 r=0x7f0a0096}
W/Resources(31900): Converting to string: TypedValue{t=0x5/d=0x1001 a=2 r=0x7f0a0097}
W/Resources(31900): Converting to string: TypedValue{t=0x5/d=0x1401 a=2 r=0x7f0a0096}
W/Resources(31900): Converting to string: TypedValue{t=0x5/d=0xf01 a=2 r=0x7f0a0095}
W/Resources(31900): Converting to string: TypedValue{t=0x12/d=0x0 a=2 r=0x7f0b01c9}
W/Resources(31900): Converting to string: TypedValue{t=0x12/d=0x0 a=2 r=0x7f0b01ca}
W/Resources(31900): Converting to string: TypedValue{t=0x12/d=0x0 a=2 r=0x7f0b01cb}
W/Resources(31900): Converting to string: TypedValue{t=0x1d/d=0xfff9f9f9 a=2 r=0x7f0900a5}
W/Resources(31900): Converting to string: TypedValue{t=0x5/d=0x1401 a=2 r=0x7f0a0096}
W/Resources(31900): Converting to string: TypedValue{t=0x5/d=0x1001 a=2 r=0x7f0a0097}
W/Resources(31900): Converting to string: TypedValue{t=0x5/d=0x1401 a=2 r=0x7f0a0096}
W/Resources(31900): Converting to string: TypedValue{t=0x5/d=0xf01 a=2 r=0x7f0a0095}
W/Resources(31900): Converting to string: TypedValue{t=0x12/d=0x0 a=2 r=0x7f0b01c6}
W/Resources(31900): Converting to string: TypedValue{t=0x12/d=0x0 a=2 r=0x7f0b01c7}
W/Resources(31900): Converting to string: TypedValue{t=0x12/d=0x0 a=2 r=0x7f0b01c8}
W/Resources(31900): Converting to string: TypedValue{t=0x1d/d=0xfff9f9f9 a=2 r=0x7f0900a5}
W/Resources(31900): Converting to string: TypedValue{t=0x5/d=0x1401 a=2 r=0x7f0a0096}
W/Resources(31900): Converting to string: TypedValue{t=0x5/d=0x1001 a=2 r=0x7f0a0097}
W/Resources(31900): Converting to string: TypedValue{t=0x5/d=0x1401 a=2 r=0x7f0a0096}
W/Resources(31900): Converting to string: TypedValue{t=0x5/d=0xf01 a=2 r=0x7f0a0095}
W/Resources(31900): Converting to string: TypedValue{t=0x12/d=0x0 a=2 r=0x7f0b01c6}
W/Resources(31900): Converting to string: TypedValue{t=0x12/d=0x0 a=2 r=0x7f0b01c7}
W/Resources(31900): Converting to string: TypedValue{t=0x12/d=0x0 a=2 r=0x7f0b01c8}
W/Resources(31900): Converting to string: TypedValue{t=0x1d/d=0xfff9f9f9 a=2 r=0x7f0900a5}
W/Resources(31900): Converting to string: TypedValue{t=0x5/d=0x1401 a=2 r=0x7f0a0096}
W/Resources(31900): Converting to string: TypedValue{t=0x5/d=0x1001 a=2 r=0x7f0a0097}
W/Resources(31900): Converting to string: TypedValue{t=0x5/d=0x1401 a=2 r=0x7f0a0096}
W/Resources(31900): Converting to string: TypedValue{t=0x5/d=0xf01 a=2 r=0x7f0a0095}
W/Resources(31900): Converting to string: TypedValue{t=0x12/d=0x0 a=2 r=0x7f0b01c6}
W/Resources(31900): Converting to string: TypedValue{t=0x12/d=0x0 a=2 r=0x7f0b01c7}
W/Resources(31900): Converting to string: TypedValue{t=0x12/d=0x0 a=2 r=0x7f0b01c8}
W/Resources(31900): Converting to string: TypedValue{t=0x1d/d=0xfff9f9f9 a=2 r=0x7f0900a5}
W/Resources(31900): Converting to string: TypedValue{t=0x5/d=0x1401 a=2 r=0x7f0a0096}
W/Resources(31900): Converting to string: TypedValue{t=0x5/d=0x1001 a=2 r=0x7f0a0097}
W/Resources(31900): Converting to string: TypedValue{t=0x5/d=0x1401 a=2 r=0x7f0a0096}
W/Resources(31900): Converting to string: TypedValue{t=0x5/d=0xf01 a=2 r=0x7f0a0095}
W/Resources(31900): Converting to string: TypedValue{t=0x12/d=0x0 a=2 r=0x7f0b01c6}
W/Resources(31900): Converting to string: TypedValue{t=0x12/d=0x0 a=2 r=0x7f0b01c7}
W/Resources(31900): Converting to string: TypedValue{t=0x12/d=0x0 a=2 r=0x7f0b01c8}
W/Resources(31900): Converting to string: TypedValue{t=0x1d/d=0xfff9f9f9 a=2 r=0x7f0900a5}
W/Resources(31900): Converting to string: TypedValue{t=0x5/d=0x1401 a=2 r=0x7f0a0096}
W/Resources(31900): Converting to string: TypedValue{t=0x5/d=0x1001 a=2 r=0x7f0a0097}
W/Resources(31900): Converting to string: TypedValue{t=0x5/d=0x1401 a=2 r=0x7f0a0096}
W/Resources(31900): Converting to string: TypedValue{t=0x5/d=0xf01 a=2 r=0x7f0a0095}
W/Resources(31900): Converting to string: TypedValue{t=0x12/d=0x0 a=2 r=0x7f0b01c6}
W/Resources(31900): Converting to string: TypedValue{t=0x12/d=0x0 a=2 r=0x7f0b01c7}
W/Resources(31900): Converting to string: TypedValue{t=0x12/d=0x0 a=2 r=0x7f0b01c8}
W/Resources(31900): Converting to string: TypedValue{t=0x1d/d=0xfff9f9f9 a=2 r=0x7f0900a5}
W/Resources(31900): Converting to string: TypedValue{t=0x5/d=0x1401 a=2 r=0x7f0a0096}
W/Resources(31900): Converting to string: TypedValue{t=0x5/d=0x1001 a=2 r=0x7f0a0097}
W/Resources(31900): Converting to string: TypedValue{t=0x5/d=0x1401 a=2 r=0x7f0a0096}
W/Resources(31900): Converting to string: TypedValue{t=0x5/d=0xf01 a=2 r=0x7f0a0095}
W/Resources(31900): Converting to string: TypedValue{t=0x12/d=0x0 a=2 r=0x7f0b01c6}
W/Resources(31900): Converting to string: TypedValue{t=0x12/d=0x0 a=2 r=0x7f0b01c7}
W/Resources(31900): Converting to string: TypedValue{t=0x12/d=0x0 a=2 r=0x7f0b01c8}
W/Resources(31900): Converting to string: TypedValue{t=0x1d/d=0xfff9f9f9 a=2 r=0x7f0900a5}
W/Resources(31900): Converting to string: TypedValue{t=0x5/d=0x1401 a=2 r=0x7f0a0096}
W/Resources(31900): Converting to string: TypedValue{t=0x5/d=0x1001 a=2 r=0x7f0a0097}
W/Resources(31900): Converting to string: TypedValue{t=0x5/d=0x1401 a=2 r=0x7f0a0096}
W/Resources(31900): Converting to string: TypedValue{t=0x5/d=0xf01 a=2 r=0x7f0a0095}
W/Resources(31900): Converting to string: TypedValue{t=0x12/d=0x0 a=2 r=0x7f0b01c6}
W/Resources(31900): Converting to string: TypedValue{t=0x12/d=0x0 a=2 r=0x7f0b01c7}
W/Resources(31900): Converting to string: TypedValue{t=0x12/d=0x0 a=2 r=0x7f0b01c8}
W/Resources(31900): Converting to string: TypedValue{t=0x1d/d=0xfff9f9f9 a=2 r=0x7f0900a5}
W/Resources(31900): Converting to string: TypedValue{t=0x5/d=0x1401 a=2 r=0x7f0a0096}
W/Resources(31900): Converting to string: TypedValue{t=0x5/d=0x1001 a=2 r=0x7f0a0097}
W/Resources(31900): Converting to string: TypedValue{t=0x5/d=0x1401 a=2 r=0x7f0a0096}
W/Resources(31900): Converting to string: TypedValue{t=0x5/d=0xf01 a=2 r=0x7f0a0095}
W/Resources(31900): Converting to string: TypedValue{t=0x12/d=0x0 a=2 r=0x7f0b01c6}
W/Resources(31900): Converting to string: TypedValue{t=0x12/d=0x0 a=2 r=0x7f0b01c7}
W/Resources(31900): Converting to string: TypedValue{t=0x12/d=0x0 a=2 r=0x7f0b01c8}
W/Resources(31900): Converting to string: TypedValue{t=0x1d/d=0xfff9f9f9 a=2 r=0x7f0900a5}
W/Resources(31900): Converting to string: TypedValue{t=0x5/d=0x1401 a=2 r=0x7f0a0096}
W/Resources(31900): Converting to string: TypedValue{t=0x5/d=0x1001 a=2 r=0x7f0a0097}
W/Resources(31900): Converting to string: TypedValue{t=0x5/d=0x1401 a=2 r=0x7f0a0096}
W/Resources(31900): Converting to string: TypedValue{t=0x5/d=0xf01 a=2 r=0x7f0a0095}
W/Resources(31900): Converting to string: TypedValue{t=0x12/d=0x0 a=2 r=0x7f0b01c6}
V/MinimogrifierUtils(31900): resized image URL: http://www.gannett-cdn.com/-mm-/08318a3924aac330f742c46cc5c2f12145986232/c=36-0-1381-1345&r=100x100&q=80/local/-/media/2015/05/20/USATODAY/USATODAY/635677219911966389-day052015x001.jpg
W/Resources(31900): Converting to string: TypedValue{t=0x12/d=0x0 a=2 r=0x7f0b01c7}
W/Resources(31900): Converting to string: TypedValue{t=0x12/d=0x0 a=2 r=0x7f0b01c8}
V/MinimogrifierUtils(31900): resized image URL: http://www.gannett-cdn.com/-mm-/4c542c17e223534e206162bf4145e04f96745a0e/c=183-0-1550-1367&r=100x100&q=80/local/-/media/2015/05/20/USATODAY/USATODAY/635677219913526419-day052015x002.jpg
W/Resources(31900): Converting to string: TypedValue{t=0x5/d=0x1401 a=2 r=0x7f0a0096}
W/Resources(31900): Converting to string: TypedValue{t=0x5/d=0x1001 a=2 r=0x7f0a0097}
W/Resources(31900): Converting to string: TypedValue{t=0x5/d=0x1401 a=2 r=0x7f0a0096}
W/Resources(31900): Converting to string: TypedValue{t=0x5/d=0xf01 a=2 r=0x7f0a0095}
V/MinimogrifierUtils(31900): resized image URL: http://www.gannett-cdn.com/-mm-/39cc33ffcad24da7bbdc5dc29f2acb1326782e13/c=315-0-1632-1317&r=100x100&q=80/local/-/media/2015/05/20/USATODAY/USATODAY/635677219911498380-day052015x003.jpg
W/Resources(31900): Converting to string: TypedValue{t=0x12/d=0x0 a=2 r=0x7f0b01c9}
V/MinimogrifierUtils(31900): resized image URL: http://www.gannett-cdn.com/-mm-/2c112821a4e737cd0dbca2f1459ea5970ad0b989/c=795-433-1729-1367&r=100x100&q=80/local/-/media/2015/05/20/USATODAY/USATODAY/635677219913838425-day052015x004.jpg
W/Resources(31900): Converting to string: TypedValue{t=0x12/d=0x0 a=2 r=0x7f0b01ca}
W/Resources(31900): Converting to string: TypedValue{t=0x12/d=0x0 a=2 r=0x7f0b01cb}
V/MinimogrifierUtils(31900): resized image URL: http://www.gannett-cdn.com/-mm-/b17007d488b545d0d73618906231847db38d36c9/c=304-0-1671-1367&r=100x100&q=80/local/-/media/2015/05/20/USATODAY/USATODAY/635677219912434398-day052015x005.jpg
V/MinimogrifierUtils(31900): resized image URL: http://www.gannett-cdn.com/-mm-/26658ea1ee7f5be2dcf4f3f5fded4c63ab4c3101/c=152-0-1553-1401&r=100x100&q=80/local/-/media/2015/05/20/USATODAY/USATODAY/635677219914150431-day052015x006.jpg
W/Resources(31900): Converting to string: TypedValue{t=0x5/d=0x1401 a=2 r=0x7f0a0096}
W/Resources(31900): Converting to string: TypedValue{t=0x5/d=0x1001 a=2 r=0x7f0a0097}
W/Resources(31900): Converting to string: TypedValue{t=0x5/d=0x1401 a=2 r=0x7f0a0096}
W/Resources(31900): Converting to string: TypedValue{t=0x5/d=0xf01 a=2 r=0x7f0a0095}
V/MinimogrifierUtils(31900): resized image URL: http://www.gannett-cdn.com/-mm-/4f94b724d8787076d66530a598acf66a810fc36b/c=505-37-1724-1256&r=100x100&q=80/local/-/media/2015/05/20/USATODAY/USATODAY/635677219921950581-day052015x007.jpg
W/Resources(31900): Converting to string: TypedValue{t=0x12/d=0x0 a=2 r=0x7f0b01c9}
V/MinimogrifierUtils(31900): resized image URL: http://www.gannett-cdn.com/-mm-/f6a0240a990959abf7be1580600be90a1dc98c8a/c=897-0-3200-2303&r=100x100&q=80/local/-/media/2015/05/20/USATODAY/USATODAY/635677227404478473-EPA-AUSTRIA-EUROVISION-SONG-CONTEST-2015.jpg
W/Resources(31900): Converting to string: TypedValue{t=0x12/d=0x0 a=2 r=0x7f0b01ca}
W/Resources(31900): Converting to string: TypedValue{t=0x12/d=0x0 a=2 r=0x7f0b01cb}
V/MinimogrifierUtils(31900): resized image URL: http://www.gannett-cdn.com/-mm-/754cc1c02bb166d9ce6c6f267ae41c1a017d0f7f/c=322-0-1729-1407&r=100x100&q=80/local/-/media/2015/05/20/USATODAY/USATODAY/635677219922106584-day052015x008.jpg
W/Resources(31900): Converting to string: TypedValue{t=0x5/d=0x1401 a=2 r=0x7f0a0096}
W/Resources(31900): Converting to string: TypedValue{t=0x5/d=0x1001 a=2 r=0x7f0a0097}
W/Resources(31900): Converting to string: TypedValue{t=0x5/d=0x1401 a=2 r=0x7f0a0096}
W/Resources(31900): Converting to string: TypedValue{t=0x5/d=0xf01 a=2 r=0x7f0a0095}
V/MinimogrifierUtils(31900): resized image URL: http://www.gannett-cdn.com/-mm-/9a32526bbdabd84770060ae97731d590a3606147/c=815-0-1979-1164&r=100x100&q=80/local/-/media/2015/05/20/USATODAY/USATODAY/635677219921950581-day052015x009.jpg
W/Resources(31900): Converting to string: TypedValue{t=0x12/d=0x0 a=2 r=0x7f0b01c9}
V/MinimogrifierUtils(31900): resized image URL: http://www.gannett-cdn.com/-mm-/9209f0a7d01c5cbf1a5dc0d616880282f44d7bbc/c=368-0-1683-1315&r=100x100&q=80/local/-/media/2015/05/20/USATODAY/USATODAY/635677219921794578-day052015x011.jpg
W/Resources(31900): Converting to string: TypedValue{t=0x12/d=0x0 a=2 r=0x7f0b01ca}
W/Resources(31900): Converting to string: TypedValue{t=0x12/d=0x0 a=2 r=0x7f0b01cb}
V/MinimogrifierUtils(31900): resized image URL: http://www.gannett-cdn.com/-mm-/f888fd9fc96d5cf62c57a8fd99a500f2576b8c4b/c=379-0-2831-2452&r=100x100&q=80/local/-/media/2015/05/20/USATODAY/USATODAY/635677224882689978-day052015x012.jpg
W/Resources(31900): Converting to string: TypedValue{t=0x5/d=0x1401 a=2 r=0x7f0a0096}
W/Resources(31900): Converting to string: TypedValue{t=0x5/d=0x1001 a=2 r=0x7f0a0097}
W/Resources(31900): Converting to string: TypedValue{t=0x5/d=0x1401 a=2 r=0x7f0a0096}
W/Resources(31900): Converting to string: TypedValue{t=0x5/d=0xf01 a=2 r=0x7f0a0095}
W/Resources(31900): Converting to string: TypedValue{t=0x12/d=0x0 a=2 r=0x7f0b01c9}
W/Resources(31900): Converting to string: TypedValue{t=0x12/d=0x0 a=2 r=0x7f0b01ca}
W/Resources(31900): Converting to string: TypedValue{t=0x12/d=0x0 a=2 r=0x7f0b01cb}
W/Resources(31900): Converting to string: TypedValue{t=0x5/d=0x1401 a=2 r=0x7f0a0096}
W/Resources(31900): Converting to string: TypedValue{t=0x5/d=0x1001 a=2 r=0x7f0a0097}
W/Resources(31900): Converting to string: TypedValue{t=0x5/d=0x1401 a=2 r=0x7f0a0096}
W/Resources(31900): Converting to string: TypedValue{t=0x5/d=0xf01 a=2 r=0x7f0a0095}
W/Resources(31900): Converting to string: TypedValue{t=0x12/d=0x0 a=2 r=0x7f0b01c9}
W/Resources(31900): Converting to string: TypedValue{t=0x12/d=0x0 a=2 r=0x7f0b01ca}
W/Resources(31900): Converting to string: TypedValue{t=0x12/d=0x0 a=2 r=0x7f0b01cb}
D/LocationUtility(31900): Connected
W/UiControllerImpl(31900): Waiting for: DELAY_HAS_PAST for 100 iterations.
W/Resources(31900): Converting to string: TypedValue{t=0x5/d=0x4001 a=1 r=0x1050051}
W/Resources(31900): Converting to string: TypedValue{t=0x5/d=0x3801 a=1 r=0x105003a}
W/Resources(31900): Converting to string: TypedValue{t=0x5/d=0x4001 a=1 r=0x1050051}
W/Resources(31900): Converting to string: TypedValue{t=0x5/d=0x3801 a=1 r=0x105003a}
W/Resources(31900): Converting to string: TypedValue{t=0x5/d=0x4001 a=1 r=0x1050051}
W/Resources(31900): Converting to string: TypedValue{t=0x5/d=0x3801 a=1 r=0x105003a}
W/qcom_sensors_hal(  562): hal_sensor1_data_cb: SENSOR1_MSG_TYPE_BROKEN_PIPE
I/ActivityManager(  562): Displayed com.usatoday.android.news/com.gannett.android.news.ui.activity.ActivityGallery: +359ms
V/MinimogrifierUtils(31900): resized image URL: http://www.gannett-cdn.com/-mm-/220775598645bff696bf1f47bb8878ebe6b53d96/c=36-0-1381-1345&r=100x100&q=80&r=100x100&q=80/local/-/media/2015/05/20/USATODAY/USATODAY/635677219911966389-day052015x001.jpg
E/Diag_Lib(32387):  Diag_LSM_Init: Failed to open handle to diag driver, error = 2
E/Sensors (32387): sns_fsa_la.c(386):fsa: fflush failed, 9
E/Sensors (32387): sns_fsa_la.c(386):fsa: fflush failed, 9
I/Ads     ( 6165): CsiReporterFactory: CSI is not enabled. No CSI reporter created.
D/ADBMobile(31900): ADBMobile Debug : Audience Manager - request (http://gannett.demdex.net/event?c_gnt_Orientation=portrait&c_gnt_Location=38.932339%7C-77.2181978&c_gnt_ssts_Section=news&c_gnt_quietTime=10%3A00pm%7C07%3A00am&c_gnt_Title=The%20day%20in%20pictures%7Cindex&c_gnt_prefs_PushSegments=bknews%7Cnull%7Cnull%7Cnull%7Cnull%7Cnull&c_gnt_TimeValue=3%3A00PM&c_gnt_zag_zip=22102&c_gnt_ContentType=galleries&c_gnt_ProductName=USATODAY%20for%20Android%20Tablet&c_gnt_MarketName=gpapermobileapp&d_dpid=3054&d_dpuuid=b20c3623-9a28-4594-844b-acc8da859575&d_ptfm=android&d_dst=1&d_rtbd=json)
W/Resources(31900): Converting to string: TypedValue{t=0x12/d=0x0 a=2 r=0x7f0b0137}
W/Resources(31900): Converting to string: TypedValue{t=0x12/d=0x0 a=2 r=0x7f0b0137}
W/Sensors (32387): sns_smr_la.c(446):smr_la: smr_apps_la_thread_main is starting, fd=11, sns_smr.en_rx_msg_ptr=b6fa19d0
V/MinimogrifierUtils(31900): resized image URL: http://www.gannett-cdn.com/-mm-/395d7e511e3d8dd2ae7dc4a4fa267dc7e2fe4a82/c=12-0-1801-1345&r=1200x1824&q=80/local/-/media/2015/05/20/USATODAY/USATODAY/635677219911966389-day052015x001.jpg
D/skia    (31900): --- SkImageDecoder::Factory returned null
D/skia    (31900): --- SkImageDecoder::Factory returned null
V/MinimogrifierUtils(31900): resized image URL: http://www.gannett-cdn.com/-mm-/a4aaf93238640ed5cccf5cc0e918efba31e7479b/c=137-0-1955-1367&r=1200x1824&q=80/local/-/media/2015/05/20/USATODAY/USATODAY/635677219913526419-day052015x002.jpg
D/skia    (31900): --- SkImageDecoder::Factory returned null
D/skia    (31900): --- SkImageDecoder::Factory returned null
V/MinimogrifierUtils(31900): resized image URL: http://www.gannett-cdn.com/-mm-/220775598645bff696bf1f47bb8878ebe6b53d96/c=36-0-1381-1345&r=100x100&q=80&r=100x100&q=80/local/-/media/2015/05/20/USATODAY/USATODAY/635677219911966389-day052015x001.jpg
V/MinimogrifierUtils(31900): resized image URL: http://www.gannett-cdn.com/-mm-/3a4aec616fa2e5cb69de03224fb2340893829c43/c=183-0-1550-1367&r=100x100&q=80&r=100x100&q=80/local/-/media/2015/05/20/USATODAY/USATODAY/635677219913526419-day052015x002.jpg
V/MinimogrifierUtils(31900): resized image URL: http://www.gannett-cdn.com/-mm-/1c2735df334347d2c3eba7d4eebfc1d88596f5f3/c=315-0-1632-1317&r=100x100&q=80&r=100x100&q=80/local/-/media/2015/05/20/USATODAY/USATODAY/635677219911498380-day052015x003.jpg
V/MinimogrifierUtils(31900): resized image URL: http://www.gannett-cdn.com/-mm-/d56b8e0961917243a11f4d0e4f6b15b674f540a9/c=795-433-1729-1367&r=100x100&q=80&r=100x100&q=80/local/-/media/2015/05/20/USATODAY/USATODAY/635677219913838425-day052015x004.jpg
W/ADBMobile(31900): ADBMobile Debug : Audience Manager - Unable to parse JSON data (No value for dests)
V/MinimogrifierUtils(31900): resized image URL: http://www.gannett-cdn.com/-mm-/9e60be5992310e457f257accbb01a1cf86aca3b2/c=304-0-1671-1367&r=100x100&q=80&r=100x100&q=80/local/-/media/2015/05/20/USATODAY/USATODAY/635677219912434398-day052015x005.jpg
W/Sensors (32387): sns_sam_app.c(6827):sns_sam_reg_algo: Registering algo service 16, err 0
V/MinimogrifierUtils(31900): resized image URL: http://www.gannett-cdn.com/-mm-/a17ff870339940153dd687815f95b125f1521f4a/c=152-0-1553-1401&r=100x100&q=80&r=100x100&q=80/local/-/media/2015/05/20/USATODAY/USATODAY/635677219914150431-day052015x006.jpg
V/MinimogrifierUtils(31900): resized image URL: http://www.gannett-cdn.com/-mm-/661849e47c25bcd14cf442e532bbbc5d34ca6eed/c=505-37-1724-1256&r=100x100&q=80&r=100x100&q=80/local/-/media/2015/05/20/USATODAY/USATODAY/635677219921950581-day052015x007.jpg
E/Sensors (32387): sns_debug_main.c(565):Debug Config File missing in EFS!
D/ADBMobile(31900): ADBMobile Debug : Analytics - Attempting to send request parameters(60136672?AQB=1&ndh=1&ce=UTF-8&c.&a.&DeviceName=Nexus%207&OSVersion=Android%205.1.1&Resolution=1200x1824&AppID=USA%20Today%202.7.2.1%20%2852%29&.a&gnt.&Orientation=portrait&Title=The%20day%20in%20pictures%7Cindex&prefs.&PushSegments=bknews%7Cnull%7Cnull%7Cnull%7Cnull%7Cnull&.prefs&MarketName=gpapermobileapp&quietTime=10%3A00pm%7C07%3A00am&ContentId=1410095&ProductName=USATODAY%20for%20Android%20Tablet&ssts.&Section=news&.ssts&Location=38.932339%7C-77.2181978&zag.&zip=22102&.zag&ItemNumber=1&ContentType=galleries&TimeValue=3%3A00PM&.gnt&.c&t=00%2F00%2F0000%2000%3A00%3A00%200%20240&pageName=The%20day%20in%20pictures%7Cindex&aid=2AACFBD3851921B3-40000610A00022D1&AQE=1)
D/ADBMobile(31900): ADBMobile Debug : Analytics - Request Sent(http://gannett.112.2o7.net/b/ss/gpapermobileapp/0/JAVA-4.1.7-AN/s60136672?AQB=1&ndh=1&ce=UTF-8&c.&a.&DeviceName=Nexus%207&OSVersion=Android%205.1.1&Resolution=1200x1824&AppID=USA%20Today%202.7.2.1%20%2852%29&.a&gnt.&Orientation=portrait&Title=The%20day%20in%20pictures%7Cindex&prefs.&PushSegments=bknews%7Cnull%7Cnull%7Cnull%7Cnull%7Cnull&.prefs&MarketName=gpapermobileapp&quietTime=10%3A00pm%7C07%3A00am&ContentId=1410095&ProductName=USATODAY%20for%20Android%20Tablet&ssts.&Section=news&.ssts&Location=38.932339%7C-77.2181978&zag.&zip=22102&.zag&ItemNumber=1&ContentType=galleries&TimeValue=3%3A00PM&.gnt&.c&t=00%2F00%2F0000%2000%3A00%3A00%200%20240&pageName=The%20day%20in%20pictures%7Cindex&aid=2AACFBD3851921B3-40000610A00022D1&AQE=1)
W/Resources(31900): Converting to string: TypedValue{t=0x5/d=0x4001 a=1 r=0x1050051}
W/Resources(31900): Converting to string: TypedValue{t=0x5/d=0x3801 a=1 r=0x105003a}
I/Ads     (31900): No fill from ad server.
D/DfpAdRetriever(31900): recording impression for section_front
D/DfpAdRetriever(31900): recording impression for section_front
W/art     (31900): Attempt to remove local handle scope entry from IRT, ignoring
W/AwContents(31900): onDetachedFromWindow called when already detached. Ignoring
W/art     (31900): Attempt to remove local handle scope entry from IRT, ignoring
W/art     (31900): Attempt to remove local handle scope entry from IRT, ignoring
W/Ads     (31900): Failed to load ad: 3
D/DfpAdRetriever(31900): Ads: ad not retrieved: high_impact
D/DfpAdRetriever(31900): recording impression for section_front
D/DfpAdUtility(31900): Calling flex JS command: javascript:pause()
D/BaseActivity(31900): onStop()
D/LifecycleMonitor(31900): Lifecycle status change: com.gannett.android.news.ui.activity.ActivityNews@196798d4 in: STOPPED
W/UiControllerImpl(31900): Waiting for: DELAY_HAS_PAST for 100 iterations.
I/ViewInteraction(31900): Performing 'check drawer' action on view with id: com.usatoday.android.news:id/nav_drawer
I/ViewInteraction(31900): Performing 'register idling drawer listener' action on view with id: com.usatoday.android.news:id/nav_drawer
I/ViewInteraction(31900): Performing 'open drawer' action on view with id: com.usatoday.android.news:id/nav_drawer
W/UiControllerImpl(31900): Waiting for: DYNAMIC_TASKS_HAVE_IDLED for 100 iterations.
W/UiControllerImpl(31900): Waiting for: DYNAMIC_TASKS_HAVE_IDLED for 200 iterations.
W/UiControllerImpl(31900): Waiting for: DYNAMIC_TASKS_HAVE_IDLED for 300 iterations.
W/UiControllerImpl(31900): Waiting for: DYNAMIC_TASKS_HAVE_IDLED for 400 iterations.
W/UiControllerImpl(31900): Waiting for: DYNAMIC_TASKS_HAVE_IDLED for 500 iterations.
I/ViewInteraction(31900): Performing 'unregister idling drawer listener' action on view with id: com.usatoday.android.news:id/nav_drawer
I/ViewInteraction(31900): Performing 'single click' action on view (with id: com.usatoday.android.news:id/nav_child_text and with text: is "Weather")
D/NavigationActivity(31900): navigateTo():Weather
D/NavigationActivity(31900): executeNavigationIntent, this class: class com.gannett.android.news.ui.activity.ActivityGallery, intent.getClass(): com.gannett.android.news.ui.activity.ActivityWeather
D/MonitoringInstrumentation(31900): execStartActivity(context, ibinder, ibinder, activity, intent, int, bundle
I/ActivityManager(  562): START u0 {flg=0x20000 cmp=com.usatoday.android.news/com.gannett.android.news.ui.activity.ActivityWeather (has extras)} from uid 10187 on display 0
V/WindowManager(  562): addAppToken: AppWindowToken{2a69c0b4 token=Token{2629e987 ActivityRecord{8eeb5c6 u0 com.usatoday.android.news/com.gannett.android.news.ui.activity.ActivityWeather t12673}}} to stack=1 task=12673 at 2
D/ADBMobile(31900): ADBMobile Debug : Analytics - Attempting to send request parameters(25515312?AQB=1&ndh=1&ce=UTF-8&pev2=AMACTION%3Anavmenu%7Cweather&c.&a.&DeviceName=Nexus%207&OSVersion=Android%205.1.1&Resolution=1200x1824&action=navmenu%7Cweather&AppID=USA%20Today%202.7.2.1%20%2852%29&.a&gnt.&MarketName=gpapermobileapp&ProductName=USATODAY%20for%20Android%20Tablet&Orientation=portrait&TimeValue=3%3A00PM&.gnt&.c&t=00%2F00%2F0000%2000%3A00%3A00%200%20240&pageName=USA%20Today%202.7.2.1%20%2852%29&aid=2AACFBD3851921B3-40000610A00022D1&pe=lnk_o&AQE=1)
D/BaseActivity(31900): onPause()
D/LifecycleMonitor(31900): Lifecycle status change: com.gannett.android.news.ui.activity.ActivityGallery@41f0fbc in: PAUSED
W/UiControllerImpl(31900): Waiting for: DELAY_HAS_PAST for 100 iterations.
D/LifecycleMonitor(31900): Lifecycle status change: com.gannett.android.news.ui.activity.ActivityWeather@66c676b in: PRE_ON_CREATE
D/BaseActivity(31900): onCreate()
D/DEVICE INFO(31900): screenSize: large, dpiBucket: xhdpi
D/ADBMobile(31900): ADBMobile Debug : Analytics - Request Sent(http://gannett.112.2o7.net/b/ss/gpapermobileapp/0/JAVA-4.1.7-AN/s25515312?AQB=1&ndh=1&ce=UTF-8&pev2=AMACTION%3Anavmenu%7Cweather&c.&a.&DeviceName=Nexus%207&OSVersion=Android%205.1.1&Resolution=1200x1824&action=navmenu%7Cweather&AppID=USA%20Today%202.7.2.1%20%2852%29&.a&gnt.&MarketName=gpapermobileapp&ProductName=USATODAY%20for%20Android%20Tablet&Orientation=portrait&TimeValue=3%3A00PM&.gnt&.c&t=00%2F00%2F0000%2000%3A00%3A00%200%20240&pageName=USA%20Today%202.7.2.1%20%2852%29&aid=2AACFBD3851921B3-40000610A00022D1&pe=lnk_o&AQE=1)
W/Resources(31900): Converting to string: TypedValue{t=0x12/d=0x0 a=1 r=0x1020378}
W/Resources(31900): Converting to string: TypedValue{t=0x12/d=0x0 a=1 r=0x1020379}
W/Resources(31900): Converting to string: TypedValue{t=0x1f/d=0xff222222 a=2 r=0x7f090006}
W/Resources(31900): Converting to string: TypedValue{t=0x12/d=0x0 a=1 r=0x102037a}
W/Resources(31900): Converting to string: TypedValue{t=0x1f/d=0xff222222 a=2 r=0x7f090006}
W/Resources(31900): Converting to string: TypedValue{t=0x12/d=0x0 a=1 r=0x10202b6}
W/Resources(31900): Converting to string: TypedValue{t=0x12/d=0x0 a=1 r=0x10202b7}
W/Resources(31900): Converting to string: TypedValue{t=0x12/d=0x0 a=1 r=0x102037b}
W/Resources(31900): Converting to string: TypedValue{t=0x12/d=0x0 a=1 r=0x102037c}
W/Resources(31900): Converting to string: TypedValue{t=0x1f/d=0xff222222 a=2 r=0x7f090006}
W/Resources(31900): Converting to string: TypedValue{t=0x12/d=0x0 a=2 r=0x7f0b01cc}
W/Resources(31900): Converting to string: TypedValue{t=0x12/d=0x0 a=2 r=0x7f0b01cd}
W/Resources(31900): Converting to string: TypedValue{t=0x12/d=0x0 a=2 r=0x7f0b01ce}
W/Resources(31900): Converting to string: TypedValue{t=0x1d/d=0xffffffff a=2 r=0x7f0900f6}
W/Resources(31900): Converting to string: TypedValue{t=0x12/d=0x0 a=2 r=0x7f0b0078}
W/Resources(31900): Converting to string: TypedValue{t=0x1d/d=0xff2f2f2f a=2 r=0x7f090080}
W/Resources(31900): Converting to string: TypedValue{t=0x12/d=0x0 a=2 r=0x7f0b0079}
W/Resources(31900): Converting to string: TypedValue{t=0x12/d=0x0 a=2 r=0x7f0b00c3}
W/Resources(31900): Converting to string: TypedValue{t=0x12/d=0x0 a=2 r=0x7f0b00c4}
W/Resources(31900): Converting to string: TypedValue{t=0x12/d=0x0 a=2 r=0x7f0b00c5}
W/Resources(31900): Converting to string: TypedValue{t=0x12/d=0x0 a=2 r=0x7f0b00c6}
W/Resources(31900): Converting to string: TypedValue{t=0x12/d=0x0 a=2 r=0x7f0b00c7}
W/Resources(31900): Converting to string: TypedValue{t=0x12/d=0x0 a=2 r=0x7f0b00c8}
W/Resources(31900): Converting to string: TypedValue{t=0x12/d=0x0 a=2 r=0x7f0b00bf}
D/ViewPagerIndexDisplay(31900): itemWidth,itemHeight: 24,24
W/Resources(31900): Converting to string: TypedValue{t=0x1d/d=0xff2b2b2b a=2 r=0x7f0900cc}
W/Resources(31900): Converting to string: TypedValue{t=0x12/d=0x0 a=2 r=0x7f0b01de}
W/Resources(31900): Converting to string: TypedValue{t=0x12/d=0x0 a=2 r=0x7f0b01df}
W/Resources(31900): Converting to string: TypedValue{t=0x5/d=0x801 a=2 r=0x7f0a0062}
W/Resources(31900): Converting to string: TypedValue{t=0x5/d=0x801 a=2 r=0x7f0a0062}
W/Resources(31900): Converting to string: TypedValue{t=0x5/d=0x4001 a=1 r=0x1050051}
W/Resources(31900): Converting to string: TypedValue{t=0x1f/d=0xff222222 a=2 r=0x7f0900d0}
W/Resources(31900): Converting to string: TypedValue{t=0x12/d=0x0 a=2 r=0x7f0b00c9}
W/Resources(31900): Converting to string: TypedValue{t=0x1d/d=0xff2f2f2f a=2 r=0x7f090080}
W/Resources(31900): Converting to string: TypedValue{t=0x12/d=0x0 a=2 r=0x7f0b00ca}
W/Resources(31900): Converting to string: TypedValue{t=0x1d/d=0xff252525 a=2 r=0x7f090011}
W/Resources(31900): Converting to string: TypedValue{t=0x12/d=0x0 a=2 r=0x7f0b0083}
W/Resources(31900): Converting to string: TypedValue{t=0x12/d=0x0 a=2 r=0x7f0b0199}
W/Resources(31900): Converting to string: TypedValue{t=0x12/d=0x0 a=2 r=0x7f0b019a}
W/Resources(31900): Converting to string: TypedValue{t=0x12/d=0x0 a=2 r=0x7f0b019b}
W/Resources(31900): Converting to string: TypedValue{t=0x5/d=0x3001 a=2 r=0x7f0a0066}
W/Resources(31900): Converting to string: TypedValue{t=0x5/d=0x3001 a=2 r=0x7f0a0066}
