D/ViewPagerIndexDisplay(31457): itemWidth,itemHeight: 24,24
W/Resources(31457): Converting to string: TypedValue{t=0x1d/d=0xff2b2b2b a=2 r=0x7f0900cc}
W/Resources(31457): Converting to string: TypedValue{t=0x12/d=0x0 a=2 r=0x7f0b01de}
W/Resources(31457): Converting to string: TypedValue{t=0x12/d=0x0 a=2 r=0x7f0b01df}
W/Resources(31457): Converting to string: TypedValue{t=0x5/d=0x801 a=2 r=0x7f0a0062}
W/Resources(31457): Converting to string: TypedValue{t=0x5/d=0x801 a=2 r=0x7f0a0062}
W/Resources(31457): Converting to string: TypedValue{t=0x5/d=0x4001 a=1 r=0x1050051}
W/Resources(31457): Converting to string: TypedValue{t=0x1f/d=0xff222222 a=2 r=0x7f0900d0}
W/Resources(31457): Converting to string: TypedValue{t=0x12/d=0x0 a=2 r=0x7f0b00c9}
W/Resources(31457): Converting to string: TypedValue{t=0x1d/d=0xff2f2f2f a=2 r=0x7f090080}
W/Resources(31457): Converting to string: TypedValue{t=0x12/d=0x0 a=2 r=0x7f0b00ca}
W/Resources(31457): Converting to string: TypedValue{t=0x1d/d=0xff252525 a=2 r=0x7f090011}
W/Resources(31457): Converting to string: TypedValue{t=0x12/d=0x0 a=2 r=0x7f0b0083}
W/Resources(31457): Converting to string: TypedValue{t=0x12/d=0x0 a=2 r=0x7f0b0199}
W/Resources(31457): Converting to string: TypedValue{t=0x12/d=0x0 a=2 r=0x7f0b019a}
W/Resources(31457): Converting to string: TypedValue{t=0x12/d=0x0 a=2 r=0x7f0b019b}
W/Resources(31457): Converting to string: TypedValue{t=0x5/d=0x3001 a=2 r=0x7f0a0066}
W/Resources(31457): Converting to string: TypedValue{t=0x5/d=0x3001 a=2 r=0x7f0a0066}
W/Resources(31457): Converting to string: TypedValue{t=0x12/d=0x0 a=2 r=0x7f0b019c}
W/Resources(31457): Converting to string: TypedValue{t=0x5/d=0x3001 a=2 r=0x7f0a0066}
W/Resources(31457): Converting to string: TypedValue{t=0x5/d=0x3001 a=2 r=0x7f0a0066}
W/Resources(31457): Converting to string: TypedValue{t=0x12/d=0x0 a=2 r=0x7f0b019d}
W/Resources(31457): Converting to string: TypedValue{t=0x5/d=0x3001 a=2 r=0x7f0a0066}
W/Resources(31457): Converting to string: TypedValue{t=0x5/d=0x3001 a=2 r=0x7f0a0066}
W/Resources(31457): Converting to string: TypedValue{t=0x1f/d=0xff222222 a=2 r=0x7f0900d0}
W/Resources(31457): Converting to string: TypedValue{t=0x12/d=0x0 a=2 r=0x7f0b00cd}
W/Resources(31457): Converting to string: TypedValue{t=0x1d/d=0xff2b2b2b a=2 r=0x7f0900cc}
W/Resources(31457): Converting to string: TypedValue{t=0x5/d=0x401 a=2 r=0x7f0a0069}
W/Resources(31457): Converting to string: TypedValue{t=0x5/d=0x401 a=2 r=0x7f0a0069}
D/UserEdManager(31457): tryDisplayUserEd
D/UserEdManager(31457): hideAndResetUserEd
D/LifecycleMonitor(31457): Lifecycle status change: com.gannett.android.news.ui.activity.ActivityWeather@13be3b6 in: CREATED
D/BaseActivity(31457): onStart()
D/AdConfigurationImpl(31457): lookingFor: article_banner_top, found: section_front
D/AdConfigurationImpl(31457): lookingFor: article_banner_bottom, found: section_front
D/AdConfigurationImpl(31457): lookingFor: section_front, found: section_front
W/Resources(31457): Converting to string: TypedValue{t=0x12/d=0x0 a=2 r=0x7f0b009a}
W/Resources(31457): Converting to string: TypedValue{t=0x12/d=0x0 a=2 r=0x7f0b00d6}
W/Resources(31457): Converting to string: TypedValue{t=0x1c/d=0x33b0b0b0 a=2 r=0x7f090008}
W/Resources(31457): Converting to string: TypedValue{t=0x12/d=0x0 a=2 r=0x7f0b00d7}
W/Resources(31457): Converting to string: TypedValue{t=0x1c/d=0x33b0b0b0 a=2 r=0x7f090008}
W/art     (31457): Attempt to remove local handle scope entry from IRT, ignoring
W/AwContents(31457): onDetachedFromWindow called when already detached. Ignoring
W/Resources(31457): Converting to string: TypedValue{t=0x12/d=0x0 a=2 r=0x7f0b00d8}
W/Resources(31457): Converting to string: TypedValue{t=0x1c/d=0x33b0b0b0 a=2 r=0x7f090008}
W/art     (31457): Attempt to remove local handle scope entry from IRT, ignoring
W/AwContents(31457): onDetachedFromWindow called when already detached. Ignoring
D/AdConfigurationImpl(31457): lookingFor: article_banner_top, found: section_front
D/AdConfigurationImpl(31457): lookingFor: article_banner_bottom, found: section_front
D/AdConfigurationImpl(31457): lookingFor: section_front, found: section_front
D/Ads     (31457): Ads: Params: latitude=38.87831402;ver=2.7.2.1;longitude=-77.22084547;pageType=front;androidid=b20c3623-9a28-4594-844b-acc8da859575;
I/Ads     (31457): Starting ad request.
I/Ads     (31457): Use AdRequest.Builder.addTestDevice("07C3BD1FC97B8BD363E7086452B8BB2A") to get test ads on this device.
I/Ads     (31457): Please set theme of AdActivity to @android:style/Theme.Translucent to enable transparent background interstitial ad.
D/DfpAdRetriever(31457): AD_REQUEST::Weather::/7103/fl-brevard-mobile-C1028/android_tablet_app-section_front/weather:: Size = 468x60::AWS::weather
D/ActivityWeather(31457): weatherPagerAdapter being created
D/LifecycleMonitor(31457): Lifecycle status change: com.gannett.android.news.ui.activity.ActivityWeather@13be3b6 in: STARTED
D/BaseActivity(31457): onResume()
D/LifecycleMonitor(31457): Lifecycle status change: com.gannett.android.news.ui.activity.ActivityWeather@13be3b6 in: RESUMED
V/WindowManager(  562): Adding window Window{2a284c37 u0 com.gannett.local.library.news.floridatoday/com.gannett.android.news.ui.activity.ActivityWeather} at 4 of 10 (after Window{1226785e u0 com.gannett.local.library.news.floridatoday/com.gannett.android.news.ui.activity.ActivityNews})
D/PagerAdapterWeatherLocationForecasts(31457): getItem(), index: 0
D/FragmentWeatherSingleLocation(31457): onCreate(), getRetainInstance(): false
W/Resources(31457): Converting to string: TypedValue{t=0x12/d=0x0 a=2 r=0x7f0b00b9}
W/Resources(31457): Converting to string: TypedValue{t=0x12/d=0x0 a=2 r=0x7f0b017b}
W/Resources(31457): Converting to string: TypedValue{t=0x12/d=0x0 a=2 r=0x7f0b0173}
W/Resources(31457): Converting to string: TypedValue{t=0x12/d=0x0 a=2 r=0x7f0b017c}
W/Resources(31457): Converting to string: TypedValue{t=0x12/d=0x0 a=2 r=0x7f0b017d}
W/Resources(31457): Converting to string: TypedValue{t=0x12/d=0x0 a=2 r=0x7f0b0180}
W/Resources(31457): Converting to string: TypedValue{t=0x12/d=0x0 a=2 r=0x7f0b0181}
W/Resources(31457): Converting to string: TypedValue{t=0x12/d=0x0 a=2 r=0x7f0b0182}
W/Resources(31457): Converting to string: TypedValue{t=0x12/d=0x0 a=2 r=0x7f0b0183}
W/Resources(31457): Converting to string: TypedValue{t=0x12/d=0x0 a=2 r=0x7f0b0184}
W/Resources(31457): Converting to string: TypedValue{t=0x12/d=0x0 a=2 r=0x7f0b0185}
W/Resources(31457): Converting to string: TypedValue{t=0x12/d=0x0 a=2 r=0x7f0b0186}
W/Resources(31457): Converting to string: TypedValue{t=0x12/d=0x0 a=2 r=0x7f0b0187}
D/ADBMobile(31457): ADBMobile Debug : Analytics - Attempting to send request parameters(55471533?AQB=1&ndh=1&ce=UTF-8&c.&a.&DeviceName=Nexus%207&OSVersion=Android%205.1.1&Resolution=1200x1824&AppID=Florida%20Today%202.7.2.1%20%2852%29&.a&gnt.&Orientation=portrait&prefs.&PushSegments=bknews%7Cnews%7Csports%7Centertainment%7Cweather%7Ctraffic%7Cnull&.prefs&MarketName=gpapermobile114&quietTime=10%3A00pm%7C07%3A00am&ProductName=uscpnativenewsandroid%20for%20Android%20Tablet&Location=38.9322895%7C-77.2183141&zag.&zip=22102&.zag&ContentType=weather&TimeValue=11%3A30AM&.gnt&.c&t=00%2F00%2F0000%2000%3A00%3A00%200%20240&pageName=weather%7Cconditions&aid=2B5CDEE80D2F4E87-2E535F9A5376B7E5&AQE=1)
W/Resources(31457): Converting to string: TypedValue{t=0x12/d=0x0 a=2 r=0x7f0b0188}
D/CompatabilityUtility(31457): Nexus 7
D/UrlProducer(31457): Weather URL requested: http://api.gannett-cdn.com/internal/weather/V5/accuweather/data/location/332282?LanguageId=1&Metric=false&format=json&api_key=7zh2888dfxtnttmpkq8wmj78
D/FragmentWeatherSingleLocation(31457): updateActivityAndFragmentUI(), isSelected: true
D/ADBMobile(31457): ADBMobile Debug : Analytics - Request Sent(http://repdata.floridatoday.com/b/ss/gpapermobile114/0/JAVA-4.1.7-AN/s55471533?AQB=1&ndh=1&ce=UTF-8&c.&a.&DeviceName=Nexus%207&OSVersion=Android%205.1.1&Resolution=1200x1824&AppID=Florida%20Today%202.7.2.1%20%2852%29&.a&gnt.&Orientation=portrait&prefs.&PushSegments=bknews%7Cnews%7Csports%7Centertainment%7Cweather%7Ctraffic%7Cnull&.prefs&MarketName=gpapermobile114&quietTime=10%3A00pm%7C07%3A00am&ProductName=uscpnativenewsandroid%20for%20Android%20Tablet&Location=38.9322895%7C-77.2183141&zag.&zip=22102&.zag&ContentType=weather&TimeValue=11%3A30AM&.gnt&.c&t=00%2F00%2F0000%2000%3A00%3A00%200%20240&pageName=weather%7Cconditions&aid=2B5CDEE80D2F4E87-2E535F9A5376B7E5&AQE=1)
W/Resources(31457): Converting to string: TypedValue{t=0x5/d=0x1001 a=2 r=0x7f0a0060}
W/Resources(31457): Converting to string: TypedValue{t=0x5/d=0x1001 a=2 r=0x7f0a0102}
W/Resources(31457): Converting to string: TypedValue{t=0x5/d=0x1001 a=2 r=0x7f0a0060}
W/Resources(31457): Converting to string: TypedValue{t=0x12/d=0x0 a=2 r=0x7f0b0176}
W/Resources(31457): Converting to string: TypedValue{t=0x12/d=0x0 a=2 r=0x7f0b0177}
W/Resources(31457): Converting to string: TypedValue{t=0x12/d=0x0 a=2 r=0x7f0b0173}
W/Resources(31457): Converting to string: TypedValue{t=0x12/d=0x0 a=2 r=0x7f0b0174}
W/Resources(31457): Converting to string: TypedValue{t=0x12/d=0x0 a=2 r=0x7f0b0175}
W/Resources(31457): Converting to string: TypedValue{t=0x12/d=0x0 a=2 r=0x7f0b0173}
W/Resources(31457): Converting to string: TypedValue{t=0x12/d=0x0 a=2 r=0x7f0b0174}
W/Resources(31457): Converting to string: TypedValue{t=0x12/d=0x0 a=2 r=0x7f0b0175}
W/Resources(31457): Converting to string: TypedValue{t=0x12/d=0x0 a=2 r=0x7f0b0172}
W/Resources(31457): Converting to string: TypedValue{t=0x5/d=0x1001 a=2 r=0x7f0a0060}
W/Resources(31457): Converting to string: TypedValue{t=0x5/d=0x1001 a=2 r=0x7f0a0102}
W/Resources(31457): Converting to string: TypedValue{t=0x5/d=0x1001 a=2 r=0x7f0a0060}
W/Resources(31457): Converting to string: TypedValue{t=0x12/d=0x0 a=2 r=0x7f0b0176}
W/Resources(31457): Converting to string: TypedValue{t=0x12/d=0x0 a=2 r=0x7f0b0177}
W/Resources(31457): Converting to string: TypedValue{t=0x12/d=0x0 a=2 r=0x7f0b0173}
W/Resources(31457): Converting to string: TypedValue{t=0x12/d=0x0 a=2 r=0x7f0b0174}
W/Resources(31457): Converting to string: TypedValue{t=0x12/d=0x0 a=2 r=0x7f0b0175}
W/Resources(31457): Converting to string: TypedValue{t=0x12/d=0x0 a=2 r=0x7f0b0173}
W/Resources(31457): Converting to string: TypedValue{t=0x12/d=0x0 a=2 r=0x7f0b0174}
W/Resources(31457): Converting to string: TypedValue{t=0x12/d=0x0 a=2 r=0x7f0b0175}
W/Resources(31457): Converting to string: TypedValue{t=0x12/d=0x0 a=2 r=0x7f0b0172}
W/Resources(31457): Converting to string: TypedValue{t=0x5/d=0x1001 a=2 r=0x7f0a0060}
W/Resources(31457): Converting to string: TypedValue{t=0x5/d=0x1001 a=2 r=0x7f0a0102}
W/Resources(31457): Converting to string: TypedValue{t=0x5/d=0x1001 a=2 r=0x7f0a0060}
W/Resources(31457): Converting to string: TypedValue{t=0x12/d=0x0 a=2 r=0x7f0b0176}
W/Resources(31457): Converting to string: TypedValue{t=0x12/d=0x0 a=2 r=0x7f0b0177}
W/Resources(31457): Converting to string: TypedValue{t=0x12/d=0x0 a=2 r=0x7f0b0173}
W/Resources(31457): Converting to string: TypedValue{t=0x12/d=0x0 a=2 r=0x7f0b0174}
W/Resources(31457): Converting to string: TypedValue{t=0x12/d=0x0 a=2 r=0x7f0b0175}
W/Resources(31457): Converting to string: TypedValue{t=0x12/d=0x0 a=2 r=0x7f0b0173}
W/Resources(31457): Converting to string: TypedValue{t=0x12/d=0x0 a=2 r=0x7f0b0174}
W/Resources(31457): Converting to string: TypedValue{t=0x12/d=0x0 a=2 r=0x7f0b0175}
W/Resources(31457): Converting to string: TypedValue{t=0x12/d=0x0 a=2 r=0x7f0b0172}
W/Resources(31457): Converting to string: TypedValue{t=0x5/d=0x1401 a=2 r=0x7f0a0096}
W/Resources(31457): Converting to string: TypedValue{t=0x5/d=0x1001 a=2 r=0x7f0a0097}
W/Resources(31457): Converting to string: TypedValue{t=0x5/d=0x1401 a=2 r=0x7f0a0096}
W/Resources(31457): Converting to string: TypedValue{t=0x5/d=0xf01 a=2 r=0x7f0a0095}
W/Resources(31457): Converting to string: TypedValue{t=0x12/d=0x0 a=2 r=0x7f0b01c9}
W/Resources(31457): Converting to string: TypedValue{t=0x12/d=0x0 a=2 r=0x7f0b01ca}
W/Resources(31457): Converting to string: TypedValue{t=0x12/d=0x0 a=2 r=0x7f0b01cb}
W/Resources(31457): Converting to string: TypedValue{t=0x1d/d=0xfff9f9f9 a=2 r=0x7f0900a5}
W/Resources(31457): Converting to string: TypedValue{t=0x5/d=0x1401 a=2 r=0x7f0a0096}
W/Resources(31457): Converting to string: TypedValue{t=0x5/d=0x1001 a=2 r=0x7f0a0097}
W/Resources(31457): Converting to string: TypedValue{t=0x5/d=0x1401 a=2 r=0x7f0a0096}
W/Resources(31457): Converting to string: TypedValue{t=0x5/d=0xf01 a=2 r=0x7f0a0095}
W/Resources(31457): Converting to string: TypedValue{t=0x12/d=0x0 a=2 r=0x7f0b01c6}
W/Resources(31457): Converting to string: TypedValue{t=0x12/d=0x0 a=2 r=0x7f0b01c7}
W/Resources(31457): Converting to string: TypedValue{t=0x12/d=0x0 a=2 r=0x7f0b01c8}
W/Resources(31457): Converting to string: TypedValue{t=0x1d/d=0xfff9f9f9 a=2 r=0x7f0900a5}
W/Resources(31457): Converting to string: TypedValue{t=0x5/d=0x1401 a=2 r=0x7f0a0096}
W/Resources(31457): Converting to string: TypedValue{t=0x5/d=0x1001 a=2 r=0x7f0a0097}
W/Resources(31457): Converting to string: TypedValue{t=0x5/d=0x1401 a=2 r=0x7f0a0096}
W/Resources(31457): Converting to string: TypedValue{t=0x5/d=0xf01 a=2 r=0x7f0a0095}
W/Resources(31457): Converting to string: TypedValue{t=0x12/d=0x0 a=2 r=0x7f0b01c6}
W/Resources(31457): Converting to string: TypedValue{t=0x12/d=0x0 a=2 r=0x7f0b01c7}
W/Resources(31457): Converting to string: TypedValue{t=0x12/d=0x0 a=2 r=0x7f0b01c8}
W/Resources(31457): Converting to string: TypedValue{t=0x5/d=0x1401 a=2 r=0x7f0a0096}
W/Resources(31457): Converting to string: TypedValue{t=0x5/d=0x1001 a=2 r=0x7f0a0097}
W/Resources(31457): Converting to string: TypedValue{t=0x5/d=0x1401 a=2 r=0x7f0a0096}
W/Resources(31457): Converting to string: TypedValue{t=0x5/d=0xf01 a=2 r=0x7f0a0095}
W/Resources(31457): Converting to string: TypedValue{t=0x12/d=0x0 a=2 r=0x7f0b01c9}
W/Resources(31457): Converting to string: TypedValue{t=0x12/d=0x0 a=2 r=0x7f0b01ca}
W/Resources(31457): Converting to string: TypedValue{t=0x12/d=0x0 a=2 r=0x7f0b01cb}
W/Resources(31457): Converting to string: TypedValue{t=0x5/d=0x1401 a=2 r=0x7f0a0096}
W/Resources(31457): Converting to string: TypedValue{t=0x5/d=0x1001 a=2 r=0x7f0a0097}
W/Resources(31457): Converting to string: TypedValue{t=0x5/d=0x1401 a=2 r=0x7f0a0096}
W/Resources(31457): Converting to string: TypedValue{t=0x5/d=0xf01 a=2 r=0x7f0a0095}
W/Resources(31457): Converting to string: TypedValue{t=0x12/d=0x0 a=2 r=0x7f0b01c9}
W/Resources(31457): Converting to string: TypedValue{t=0x12/d=0x0 a=2 r=0x7f0b01ca}
W/Resources(31457): Converting to string: TypedValue{t=0x12/d=0x0 a=2 r=0x7f0b01cb}
W/Resources(31457): Converting to string: TypedValue{t=0x5/d=0x1401 a=2 r=0x7f0a0096}
W/Resources(31457): Converting to string: TypedValue{t=0x5/d=0x1001 a=2 r=0x7f0a0097}
W/Resources(31457): Converting to string: TypedValue{t=0x5/d=0x1401 a=2 r=0x7f0a0096}
W/Resources(31457): Converting to string: TypedValue{t=0x5/d=0xf01 a=2 r=0x7f0a0095}
W/Resources(31457): Converting to string: TypedValue{t=0x12/d=0x0 a=2 r=0x7f0b01c9}
W/Resources(31457): Converting to string: TypedValue{t=0x12/d=0x0 a=2 r=0x7f0b01ca}
W/Resources(31457): Converting to string: TypedValue{t=0x12/d=0x0 a=2 r=0x7f0b01cb}
W/Resources(31457): Converting to string: TypedValue{t=0x5/d=0x1401 a=2 r=0x7f0a0096}
W/Resources(31457): Converting to string: TypedValue{t=0x5/d=0x1001 a=2 r=0x7f0a0097}
W/Resources(31457): Converting to string: TypedValue{t=0x5/d=0x1401 a=2 r=0x7f0a0096}
W/Resources(31457): Converting to string: TypedValue{t=0x5/d=0xf01 a=2 r=0x7f0a0095}
W/Resources(31457): Converting to string: TypedValue{t=0x12/d=0x0 a=2 r=0x7f0b01c9}
W/Resources(31457): Converting to string: TypedValue{t=0x12/d=0x0 a=2 r=0x7f0b01ca}
W/Resources(31457): Converting to string: TypedValue{t=0x12/d=0x0 a=2 r=0x7f0b01cb}
W/Resources(31457): Converting to string: TypedValue{t=0x5/d=0x1401 a=2 r=0x7f0a0096}
W/Resources(31457): Converting to string: TypedValue{t=0x5/d=0x1001 a=2 r=0x7f0a0097}
W/Resources(31457): Converting to string: TypedValue{t=0x5/d=0x1401 a=2 r=0x7f0a0096}
W/Resources(31457): Converting to string: TypedValue{t=0x5/d=0xf01 a=2 r=0x7f0a0095}
W/Resources(31457): Converting to string: TypedValue{t=0x12/d=0x0 a=2 r=0x7f0b01c9}
W/Resources(31457): Converting to string: TypedValue{t=0x12/d=0x0 a=2 r=0x7f0b01ca}
W/Resources(31457): Converting to string: TypedValue{t=0x12/d=0x0 a=2 r=0x7f0b01cb}
W/Resources(31457): Converting to string: TypedValue{t=0x5/d=0x1401 a=2 r=0x7f0a0096}
W/Resources(31457): Converting to string: TypedValue{t=0x5/d=0x1001 a=2 r=0x7f0a0097}
W/Resources(31457): Converting to string: TypedValue{t=0x5/d=0x1401 a=2 r=0x7f0a0096}
W/Resources(31457): Converting to string: TypedValue{t=0x5/d=0xf01 a=2 r=0x7f0a0095}
W/Resources(31457): Converting to string: TypedValue{t=0x12/d=0x0 a=2 r=0x7f0b01c9}
W/Resources(31457): Converting to string: TypedValue{t=0x12/d=0x0 a=2 r=0x7f0b01ca}
W/Resources(31457): Converting to string: TypedValue{t=0x12/d=0x0 a=2 r=0x7f0b01cb}
W/Resources(31457): Converting to string: TypedValue{t=0x5/d=0x1401 a=2 r=0x7f0a0096}
W/Resources(31457): Converting to string: TypedValue{t=0x5/d=0x1001 a=2 r=0x7f0a0097}
W/Resources(31457): Converting to string: TypedValue{t=0x5/d=0x1401 a=2 r=0x7f0a0096}
W/Resources(31457): Converting to string: TypedValue{t=0x5/d=0xf01 a=2 r=0x7f0a0095}
W/Resources(31457): Converting to string: TypedValue{t=0x12/d=0x0 a=2 r=0x7f0b01c9}
W/Resources(31457): Converting to string: TypedValue{t=0x12/d=0x0 a=2 r=0x7f0b01ca}
W/Resources(31457): Converting to string: TypedValue{t=0x12/d=0x0 a=2 r=0x7f0b01cb}
W/Resources(31457): Converting to string: TypedValue{t=0x5/d=0x1401 a=2 r=0x7f0a0096}
W/Resources(31457): Converting to string: TypedValue{t=0x5/d=0x1001 a=2 r=0x7f0a0097}
W/Resources(31457): Converting to string: TypedValue{t=0x5/d=0x1401 a=2 r=0x7f0a0096}
W/Resources(31457): Converting to string: TypedValue{t=0x5/d=0xf01 a=2 r=0x7f0a0095}
W/Resources(31457): Converting to string: TypedValue{t=0x12/d=0x0 a=2 r=0x7f0b01c9}
W/Resources(31457): Converting to string: TypedValue{t=0x12/d=0x0 a=2 r=0x7f0b01ca}
W/Resources(31457): Converting to string: TypedValue{t=0x12/d=0x0 a=2 r=0x7f0b01cb}
W/Resources(31457): Converting to string: TypedValue{t=0x5/d=0x1401 a=2 r=0x7f0a0096}
W/Resources(31457): Converting to string: TypedValue{t=0x5/d=0x1001 a=2 r=0x7f0a0097}
W/Resources(31457): Converting to string: TypedValue{t=0x5/d=0x1401 a=2 r=0x7f0a0096}
W/Resources(31457): Converting to string: TypedValue{t=0x5/d=0xf01 a=2 r=0x7f0a0095}
W/Resources(31457): Converting to string: TypedValue{t=0x12/d=0x0 a=2 r=0x7f0b01c9}
W/Resources(31457): Converting to string: TypedValue{t=0x12/d=0x0 a=2 r=0x7f0b01ca}
W/Resources(31457): Converting to string: TypedValue{t=0x12/d=0x0 a=2 r=0x7f0b01cb}
W/Resources(31457): Converting to string: TypedValue{t=0x5/d=0x1401 a=2 r=0x7f0a0096}
W/Resources(31457): Converting to string: TypedValue{t=0x5/d=0x1001 a=2 r=0x7f0a0097}
W/Resources(31457): Converting to string: TypedValue{t=0x5/d=0x1401 a=2 r=0x7f0a0096}
W/Resources(31457): Converting to string: TypedValue{t=0x5/d=0xf01 a=2 r=0x7f0a0095}
W/Resources(31457): Converting to string: TypedValue{t=0x12/d=0x0 a=2 r=0x7f0b01c9}
W/Resources(31457): Converting to string: TypedValue{t=0x12/d=0x0 a=2 r=0x7f0b01ca}
W/Resources(31457): Converting to string: TypedValue{t=0x12/d=0x0 a=2 r=0x7f0b01cb}
D/LocationUtility(31457): Connected
W/Resources(31457): Converting to string: TypedValue{t=0x5/d=0x4001 a=1 r=0x1050051}
W/Resources(31457): Converting to string: TypedValue{t=0x5/d=0x3801 a=1 r=0x105003a}
W/Resources(31457): Converting to string: TypedValue{t=0x5/d=0x4001 a=1 r=0x1050051}
W/Resources(31457): Converting to string: TypedValue{t=0x5/d=0x3801 a=1 r=0x105003a}
W/Resources(31457): Converting to string: TypedValue{t=0x5/d=0x4001 a=1 r=0x1050051}
W/Resources(31457): Converting to string: TypedValue{t=0x5/d=0x3801 a=1 r=0x105003a}
W/Resources(31457): Converting to string: TypedValue{t=0x5/d=0x4001 a=1 r=0x1050051}
W/Resources(31457): Converting to string: TypedValue{t=0x5/d=0x3801 a=1 r=0x105003a}
W/Resources(31457): Converting to string: TypedValue{t=0x5/d=0x4001 a=1 r=0x1050051}
W/Resources(31457): Converting to string: TypedValue{t=0x5/d=0x3801 a=1 r=0x105003a}
I/ActivityManager(  562): Displayed com.gannett.local.library.news.floridatoday/com.gannett.android.news.ui.activity.ActivityWeather: +556ms
W/Resources(31457): Converting to string: TypedValue{t=0x5/d=0x4001 a=1 r=0x1050051}
W/Resources(31457): Converting to string: TypedValue{t=0x5/d=0x3801 a=1 r=0x105003a}
I/Ads     ( 6165): CsiReporterFactory: CSI is not enabled. No CSI reporter created.
W/SurfaceFlinger(  179): couldn't log to binary event log: overflow.
D/DfpAdUtility(31457): Calling flex JS command: javascript:pause()
D/BaseActivity(31457): onStop()
D/LifecycleMonitor(31457): Lifecycle status change: com.gannett.android.news.ui.activity.ActivityNews@106fc000 in: STOPPED
I/ViewInteraction(31457): Performing 'check drawer' action on view with id: com.gannett.local.library.news.floridatoday:id/nav_drawer
I/ViewInteraction(31457): Performing 'register idling drawer listener' action on view with id: com.gannett.local.library.news.floridatoday:id/nav_drawer
W/art     (31457): Attempt to remove local handle scope entry from IRT, ignoring
W/AwContents(31457): onDetachedFromWindow called when already detached. Ignoring
W/art     (31457): Attempt to remove local handle scope entry from IRT, ignoring
W/art     (31457): Attempt to remove local handle scope entry from IRT, ignoring
I/ViewInteraction(31457): Performing 'open drawer' action on view with id: com.gannett.local.library.news.floridatoday:id/nav_drawer
W/BindingManager(31457): Cannot call determinedVisibility() - never saw a connection for the pid: 31457
I/art     (31457): Background partial concurrent mark sweep GC freed 33620(2023KB) AllocSpace objects, 24(4MB) LOS objects, 33% free, 32MB/48MB, paused 2.410ms total 113.983ms
W/UiControllerImpl(31457): Waiting for: DYNAMIC_TASKS_HAVE_IDLED for 100 iterations.
I/Ads     (31457): Ad finished loading.
D/DfpAdRetriever(31457): Ads: ad retrieved: section_front
D/DfpAdRetriever(31457): recording impression for section_front
W/UiControllerImpl(31457): Waiting for: DYNAMIC_TASKS_HAVE_IDLED for 200 iterations.
I/ViewInteraction(31457): Performing 'unregister idling drawer listener' action on view with id: com.gannett.local.library.news.floridatoday:id/nav_drawer
I/ViewInteraction(31457): Performing 'single click' action on view (with id: com.gannett.local.library.news.floridatoday:id/nav_section_name and with text: is "News")
W/Resources(31457): Converting to string: TypedValue{t=0x1d/d=0xfff9f9f9 a=2 r=0x7f0900a5}
W/Resources(31457): Converting to string: TypedValue{t=0x5/d=0x1401 a=2 r=0x7f0a0096}
W/Resources(31457): Converting to string: TypedValue{t=0x5/d=0x1001 a=2 r=0x7f0a0097}
W/Resources(31457): Converting to string: TypedValue{t=0x5/d=0x1401 a=2 r=0x7f0a0096}
W/Resources(31457): Converting to string: TypedValue{t=0x5/d=0xf01 a=2 r=0x7f0a0095}
W/Resources(31457): Converting to string: TypedValue{t=0x12/d=0x0 a=2 r=0x7f0b01c6}
W/Resources(31457): Converting to string: TypedValue{t=0x12/d=0x0 a=2 r=0x7f0b01c7}
W/Resources(31457): Converting to string: TypedValue{t=0x12/d=0x0 a=2 r=0x7f0b01c8}
W/Resources(31457): Converting to string: TypedValue{t=0x1d/d=0xfff9f9f9 a=2 r=0x7f0900a5}
W/Resources(31457): Converting to string: TypedValue{t=0x5/d=0x1401 a=2 r=0x7f0a0096}
W/Resources(31457): Converting to string: TypedValue{t=0x5/d=0x1001 a=2 r=0x7f0a0097}
W/Resources(31457): Converting to string: TypedValue{t=0x5/d=0x1401 a=2 r=0x7f0a0096}
W/Resources(31457): Converting to string: TypedValue{t=0x5/d=0xf01 a=2 r=0x7f0a0095}
W/Resources(31457): Converting to string: TypedValue{t=0x12/d=0x0 a=2 r=0x7f0b01c6}
W/Resources(31457): Converting to string: TypedValue{t=0x12/d=0x0 a=2 r=0x7f0b01c7}
W/Resources(31457): Converting to string: TypedValue{t=0x12/d=0x0 a=2 r=0x7f0b01c8}
W/Resources(31457): Converting to string: TypedValue{t=0x1d/d=0xfff9f9f9 a=2 r=0x7f0900a5}
W/Resources(31457): Converting to string: TypedValue{t=0x5/d=0x1401 a=2 r=0x7f0a0096}
W/Resources(31457): Converting to string: TypedValue{t=0x5/d=0x1001 a=2 r=0x7f0a0097}
W/Resources(31457): Converting to string: TypedValue{t=0x5/d=0x1401 a=2 r=0x7f0a0096}
W/Resources(31457): Converting to string: TypedValue{t=0x5/d=0xf01 a=2 r=0x7f0a0095}
W/Resources(31457): Converting to string: TypedValue{t=0x12/d=0x0 a=2 r=0x7f0b01c6}
W/Resources(31457): Converting to string: TypedValue{t=0x12/d=0x0 a=2 r=0x7f0b01c7}
W/Resources(31457): Converting to string: TypedValue{t=0x12/d=0x0 a=2 r=0x7f0b01c8}
W/Resources(31457): Converting to string: TypedValue{t=0x1d/d=0xfff9f9f9 a=2 r=0x7f0900a5}
W/Resources(31457): Converting to string: TypedValue{t=0x5/d=0x1401 a=2 r=0x7f0a0096}
W/Resources(31457): Converting to string: TypedValue{t=0x5/d=0x1001 a=2 r=0x7f0a0097}
W/Resources(31457): Converting to string: TypedValue{t=0x5/d=0x1401 a=2 r=0x7f0a0096}
W/Resources(31457): Converting to string: TypedValue{t=0x5/d=0xf01 a=2 r=0x7f0a0095}
W/Resources(31457): Converting to string: TypedValue{t=0x12/d=0x0 a=2 r=0x7f0b01c6}
W/Resources(31457): Converting to string: TypedValue{t=0x12/d=0x0 a=2 r=0x7f0b01c7}
W/Resources(31457): Converting to string: TypedValue{t=0x12/d=0x0 a=2 r=0x7f0b01c8}
W/Resources(31457): Converting to string: TypedValue{t=0x1d/d=0xfff9f9f9 a=2 r=0x7f0900a5}
W/Resources(31457): Converting to string: TypedValue{t=0x5/d=0x1401 a=2 r=0x7f0a0096}
W/Resources(31457): Converting to string: TypedValue{t=0x5/d=0x1001 a=2 r=0x7f0a0097}
W/Resources(31457): Converting to string: TypedValue{t=0x5/d=0x1401 a=2 r=0x7f0a0096}
W/Resources(31457): Converting to string: TypedValue{t=0x5/d=0xf01 a=2 r=0x7f0a0095}
W/Resources(31457): Converting to string: TypedValue{t=0x12/d=0x0 a=2 r=0x7f0b01c6}
W/Resources(31457): Converting to string: TypedValue{t=0x12/d=0x0 a=2 r=0x7f0b01c7}
W/Resources(31457): Converting to string: TypedValue{t=0x12/d=0x0 a=2 r=0x7f0b01c8}
W/Resources(31457): Converting to string: TypedValue{t=0x1d/d=0xfff9f9f9 a=2 r=0x7f0900a5}
W/Resources(31457): Converting to string: TypedValue{t=0x5/d=0x1401 a=2 r=0x7f0a0096}
W/Resources(31457): Converting to string: TypedValue{t=0x5/d=0x1001 a=2 r=0x7f0a0097}
W/Resources(31457): Converting to string: TypedValue{t=0x5/d=0x1401 a=2 r=0x7f0a0096}
W/Resources(31457): Converting to string: TypedValue{t=0x5/d=0xf01 a=2 r=0x7f0a0095}
W/Resources(31457): Converting to string: TypedValue{t=0x12/d=0x0 a=2 r=0x7f0b01c6}
W/Resources(31457): Converting to string: TypedValue{t=0x12/d=0x0 a=2 r=0x7f0b01c7}
W/Resources(31457): Converting to string: TypedValue{t=0x12/d=0x0 a=2 r=0x7f0b01c8}
W/Resources(31457): Converting to string: TypedValue{t=0x1d/d=0xfff9f9f9 a=2 r=0x7f0900a5}
W/Resources(31457): Converting to string: TypedValue{t=0x5/d=0x1401 a=2 r=0x7f0a0096}
W/Resources(31457): Converting to string: TypedValue{t=0x5/d=0x1001 a=2 r=0x7f0a0097}
W/Resources(31457): Converting to string: TypedValue{t=0x5/d=0x1401 a=2 r=0x7f0a0096}
W/Resources(31457): Converting to string: TypedValue{t=0x5/d=0xf01 a=2 r=0x7f0a0095}
W/Resources(31457): Converting to string: TypedValue{t=0x12/d=0x0 a=2 r=0x7f0b01c6}
W/Resources(31457): Converting to string: TypedValue{t=0x12/d=0x0 a=2 r=0x7f0b01c7}
W/Resources(31457): Converting to string: TypedValue{t=0x12/d=0x0 a=2 r=0x7f0b01c8}
W/Resources(31457): Converting to string: TypedValue{t=0x1d/d=0xfff9f9f9 a=2 r=0x7f0900a5}
W/Resources(31457): Converting to string: TypedValue{t=0x5/d=0x1401 a=2 r=0x7f0a0096}
W/Resources(31457): Converting to string: TypedValue{t=0x5/d=0x1001 a=2 r=0x7f0a0097}
W/Resources(31457): Converting to string: TypedValue{t=0x5/d=0x1401 a=2 r=0x7f0a0096}
W/Resources(31457): Converting to string: TypedValue{t=0x5/d=0xf01 a=2 r=0x7f0a0095}
W/Resources(31457): Converting to string: TypedValue{t=0x12/d=0x0 a=2 r=0x7f0b01c6}
W/Resources(31457): Converting to string: TypedValue{t=0x12/d=0x0 a=2 r=0x7f0b01c7}
W/Resources(31457): Converting to string: TypedValue{t=0x12/d=0x0 a=2 r=0x7f0b01c8}
W/Resources(31457): Converting to string: TypedValue{t=0x1d/d=0xfff9f9f9 a=2 r=0x7f0900a5}
W/Resources(31457): Converting to string: TypedValue{t=0x5/d=0x1401 a=2 r=0x7f0a0096}
W/Resources(31457): Converting to string: TypedValue{t=0x5/d=0x1001 a=2 r=0x7f0a0097}
W/Resources(31457): Converting to string: TypedValue{t=0x5/d=0x1401 a=2 r=0x7f0a0096}
W/Resources(31457): Converting to string: TypedValue{t=0x5/d=0xf01 a=2 r=0x7f0a0095}
W/Resources(31457): Converting to string: TypedValue{t=0x12/d=0x0 a=2 r=0x7f0b01c6}
W/Resources(31457): Converting to string: TypedValue{t=0x12/d=0x0 a=2 r=0x7f0b01c7}
W/Resources(31457): Converting to string: TypedValue{t=0x12/d=0x0 a=2 r=0x7f0b01c8}
W/Resources(31457): Converting to string: TypedValue{t=0x1d/d=0xfff9f9f9 a=2 r=0x7f0900a5}
W/Resources(31457): Converting to string: TypedValue{t=0x5/d=0x1401 a=2 r=0x7f0a0096}
W/Resources(31457): Converting to string: TypedValue{t=0x5/d=0x1001 a=2 r=0x7f0a0097}
W/Resources(31457): Converting to string: TypedValue{t=0x5/d=0x1401 a=2 r=0x7f0a0096}
W/Resources(31457): Converting to string: TypedValue{t=0x5/d=0xf01 a=2 r=0x7f0a0095}
W/Resources(31457): Converting to string: TypedValue{t=0x12/d=0x0 a=2 r=0x7f0b01c6}
W/Resources(31457): Converting to string: TypedValue{t=0x12/d=0x0 a=2 r=0x7f0b01c7}
W/Resources(31457): Converting to string: TypedValue{t=0x12/d=0x0 a=2 r=0x7f0b01c8}
W/Resources(31457): Converting to string: TypedValue{t=0x1d/d=0xfff9f9f9 a=2 r=0x7f0900a5}
W/Resources(31457): Converting to string: TypedValue{t=0x5/d=0x1401 a=2 r=0x7f0a0096}
W/Resources(31457): Converting to string: TypedValue{t=0x5/d=0x1001 a=2 r=0x7f0a0097}
W/Resources(31457): Converting to string: TypedValue{t=0x5/d=0x1401 a=2 r=0x7f0a0096}
W/Resources(31457): Converting to string: TypedValue{t=0x5/d=0xf01 a=2 r=0x7f0a0095}
W/Resources(31457): Converting to string: TypedValue{t=0x12/d=0x0 a=2 r=0x7f0b01c6}
W/Resources(31457): Converting to string: TypedValue{t=0x12/d=0x0 a=2 r=0x7f0b01c7}
W/Resources(31457): Converting to string: TypedValue{t=0x12/d=0x0 a=2 r=0x7f0b01c8}
W/Resources(31457): Converting to string: TypedValue{t=0x1d/d=0xfff9f9f9 a=2 r=0x7f0900a5}
W/Resources(31457): Converting to string: TypedValue{t=0x5/d=0x1401 a=2 r=0x7f0a0096}
W/Resources(31457): Converting to string: TypedValue{t=0x5/d=0x1001 a=2 r=0x7f0a0097}
W/Resources(31457): Converting to string: TypedValue{t=0x5/d=0x1401 a=2 r=0x7f0a0096}
W/Resources(31457): Converting to string: TypedValue{t=0x5/d=0xf01 a=2 r=0x7f0a0095}
W/Resources(31457): Converting to string: TypedValue{t=0x12/d=0x0 a=2 r=0x7f0b01c6}
W/Resources(31457): Converting to string: TypedValue{t=0x12/d=0x0 a=2 r=0x7f0b01c7}
W/Resources(31457): Converting to string: TypedValue{t=0x12/d=0x0 a=2 r=0x7f0b01c8}
I/ViewInteraction(31457): Performing 'single click' action on view (with id: com.gannett.local.library.news.floridatoday:id/nav_child_text and with text: is "Top Stories")
D/audio_hw_primary(  184): disable_audio_route: reset and update mixer path: low-latency-playback
D/audio_hw_primary(  184): disable_snd_device: snd_device(2: speaker)
D/NavigationActivity(31457): navigateTo():Top Stories
D/NavigationActivity(31457): executeNavigationIntent, this class: class com.gannett.android.news.ui.activity.ActivityWeather, intent.getClass(): com.gannett.android.news.ui.activity.ActivityNews
D/MonitoringInstrumentation(31457): execStartActivity(context, ibinder, ibinder, activity, intent, int, bundle
I/ActivityManager(  562): START u0 {flg=0x4020000 cmp=com.gannett.local.library.news.floridatoday/com.gannett.android.news.ui.activity.ActivityNews (has extras)} from uid 10200 on display 0
D/audio_hw_primary(  184): select_devices: out_snd_device(2: speaker) in_snd_device(0: none)
D/ACDB-LOADER(  184): ACDB -> send_afe_cal
D/audio_hw_primary(  184): enable_snd_device: snd_device(2: speaker)
D/audio_hw_primary(  184): enable_audio_route: apply and update mixer path: low-latency-playback
V/WindowManager(  562): addAppToken: AppWindowToken{1693c53c token=Token{1b2e8b2f ActivityRecord{368fb50e u0 com.gannett.local.library.news.floridatoday/com.gannett.android.news.ui.activity.ActivityNews t12809}}} to stack=1 task=12809 at 2
D/ADBMobile(31457): ADBMobile Debug : Analytics - Attempting to send request parameters(10871470?AQB=1&ndh=1&ce=UTF-8&pev2=AMACTION%3Anavmenu%7Cnews_topstories&c.&a.&DeviceName=Nexus%207&OSVersion=Android%205.1.1&Resolution=1200x1824&action=navmenu%7Cnews_topstories&AppID=Florida%20Today%202.7.2.1%20%2852%29&.a&gnt.&MarketName=gpapermobile114&ProductName=uscpnativenewsandroid%20for%20Android%20Tablet&Orientation=portrait&TimeValue=11%3A30AM&.gnt&.c&t=00%2F00%2F0000%2000%3A00%3A00%200%20240&pageName=Florida%20Today%202.7.2.1%20%2852%29&aid=2B5CDEE80D2F4E87-2E535F9A5376B7E5&pe=lnk_o&AQE=1)
D/ADBMobile(31457): ADBMobile Debug : Analytics - Request Sent(http://repdata.floridatoday.com/b/ss/gpapermobile114/0/JAVA-4.1.7-AN/s10871470?AQB=1&ndh=1&ce=UTF-8&pev2=AMACTION%3Anavmenu%7Cnews_topstories&c.&a.&DeviceName=Nexus%207&OSVersion=Android%205.1.1&Resolution=1200x1824&action=navmenu%7Cnews_topstories&AppID=Florida%20Today%202.7.2.1%20%2852%29&.a&gnt.&MarketName=gpapermobile114&ProductName=uscpnativenewsandroid%20for%20Android%20Tablet&Orientation=portrait&TimeValue=11%3A30AM&.gnt&.c&t=00%2F00%2F0000%2000%3A00%3A00%200%20240&pageName=Florida%20Today%202.7.2.1%20%2852%29&aid=2B5CDEE80D2F4E87-2E535F9A5376B7E5&pe=lnk_o&AQE=1)
D/BaseActivity(31457): onPause()
D/LifecycleMonitor(31457): Lifecycle status change: com.gannett.android.news.ui.activity.ActivityWeather@13be3b6 in: PAUSED
D/UserEdManager(31457): hideAndResetUserEd
D/LifecycleMonitor(31457): Lifecycle status change: com.gannett.android.news.ui.activity.ActivityNews@106fc000 in: DESTROYED
D/LifecycleMonitor(31457): Lifecycle status change: com.gannett.android.news.ui.activity.ActivityNews@2d105ef0 in: PRE_ON_CREATE
D/BaseActivity(31457): onCreate()
D/DEVICE INFO(31457): screenSize: large, dpiBucket: xhdpi
W/Resources(31457): Converting to string: TypedValue{t=0x12/d=0x0 a=1 r=0x1020378}
W/Resources(31457): Converting to string: TypedValue{t=0x12/d=0x0 a=1 r=0x1020379}
W/Resources(31457): Converting to string: TypedValue{t=0x1f/d=0xff222222 a=2 r=0x7f090006}
W/Resources(31457): Converting to string: TypedValue{t=0x12/d=0x0 a=1 r=0x102037a}
W/Resources(31457): Converting to string: TypedValue{t=0x1f/d=0xff222222 a=2 r=0x7f090006}
W/Resources(31457): Converting to string: TypedValue{t=0x12/d=0x0 a=1 r=0x10202b6}
W/Resources(31457): Converting to string: TypedValue{t=0x12/d=0x0 a=1 r=0x10202b7}
W/Resources(31457): Converting to string: TypedValue{t=0x12/d=0x0 a=1 r=0x102037b}
W/Resources(31457): Converting to string: TypedValue{t=0x12/d=0x0 a=1 r=0x102037c}
W/Resources(31457): Converting to string: TypedValue{t=0x1f/d=0xff222222 a=2 r=0x7f090006}
W/Resources(31457): Converting to string: TypedValue{t=0x12/d=0x0 a=2 r=0x7f0b01cc}
W/Resources(31457): Converting to string: TypedValue{t=0x12/d=0x0 a=2 r=0x7f0b01cd}
W/Resources(31457): Converting to string: TypedValue{t=0x12/d=0x0 a=2 r=0x7f0b01ce}
W/Resources(31457): Converting to string: TypedValue{t=0x1d/d=0xffffffff a=2 r=0x7f0900f6}
W/Resources(31457): Converting to string: TypedValue{t=0x12/d=0x0 a=2 r=0x7f0b0078}
W/Resources(31457): Converting to string: TypedValue{t=0x1c/d=0xff000000 a=1 r=0x106000c}
W/Resources(31457): Converting to string: TypedValue{t=0x12/d=0x0 a=2 r=0x7f0b009e}
W/Resources(31457): Converting to string: TypedValue{t=0x1c/d=0x0 a=1 r=0x106000d}
W/Resources(31457): Converting to string: TypedValue{t=0x12/d=0x0 a=2 r=0x7f0b0079}
W/Resources(31457): Converting to string: TypedValue{t=0x12/d=0x0 a=2 r=0x7f0b00e6}
W/Resources(31457): Converting to string: TypedValue{t=0x12/d=0x0 a=2 r=0x7f0b00e7}
W/Resources(31457): Converting to string: TypedValue{t=0x5/d=0xd01 a=2 r=0x7f0a0085}
W/Resources(31457): Converting to string: TypedValue{t=0x5/d=0xd01 a=2 r=0x7f0a0085}
W/Resources(31457): Converting to string: TypedValue{t=0x12/d=0x0 a=2 r=0x7f0b00e8}
W/Resources(31457): Converting to string: TypedValue{t=0x5/d=0x501 a=2 r=0x7f0a0043}
W/Resources(31457): Converting to string: TypedValue{t=0x12/d=0x0 a=2 r=0x7f0b009f}
W/Resources(31457): Converting to string: TypedValue{t=0x12/d=0x0 a=2 r=0x7f0b00a0}
W/Resources(31457): Converting to string: TypedValue{t=0x12/d=0x0 a=2 r=0x7f0b00a1}
D/LifecycleMonitor(31457): Lifecycle status change: com.gannett.android.news.ui.activity.ActivityNews@2d105ef0 in: CREATED
W/Resources(31457): Converting to string: TypedValue{t=0x12/d=0x0 a=2 r=0x7f0b0138}
W/Resources(31457): Converting to string: TypedValue{t=0x12/d=0x0 a=2 r=0x7f0b018e}
W/Resources(31457): Converting to string: TypedValue{t=0x12/d=0x0 a=2 r=0x7f0b018f}
W/art     (31457): Attempt to remove local handle scope entry from IRT, ignoring
W/AwContents(31457): onDetachedFromWindow called when already detached. Ignoring
W/Resources(31457): Converting to string: TypedValue{t=0x12/d=0x0 a=2 r=0x7f0b0190}
W/Resources(31457): Converting to string: TypedValue{t=0x12/d=0x0 a=2 r=0x7f0b0191}
W/Resources(31457): Converting to string: TypedValue{t=0x12/d=0x0 a=2 r=0x7f0b0192}
D/BaseActivity(31457): onStart()
D/returnToActivityHeadlinesTest(31457): tryReturnToActivityHeadlines(): this.autoNavToHome == true
D/UrlProducer(31457): Articles URL requested: http://api.gannett-cdn.com/mobilefeeds/fronts/v1/news_tablet/?siteId=123&hls=false&api_key=euc4uvhentf8r3dgt69483ad
D/LifecycleMonitor(31457): Lifecycle status change: com.gannett.android.news.ui.activity.ActivityNews@2d105ef0 in: STARTED
D/BaseActivity(31457): onResume()
D/LifecycleMonitor(31457): Lifecycle status change: com.gannett.android.news.ui.activity.ActivityNews@2d105ef0 in: RESUMED
V/WindowManager(  562): Adding window Window{316141a u0 com.gannett.local.library.news.floridatoday/com.gannett.android.news.ui.activity.ActivityNews} at 2 of 10 (before Window{cf7095 u0 com.android.systemui/com.android.systemui.recents.RecentsActivity})
V/MinimogrifierUtils(31457): resized image URL: http://www.gannett-cdn.com/-mm-/e97de961072ab45c76352d4795e32df099df902e/c=278-0-2363-2085&r=100x100&q=80/local/-/media/2015/05/18/Brevard/Brevard/635675291670223487-Francis.jpg
V/MinimogrifierUtils(31457): resized image URL: http://www.gannett-cdn.com/-mm-/4c8e2ab73826d914d190d882e9c73f75d7d35b6c/c=0-647-2445-3092&r=100x100&q=80/local/-/media/2015/05/18/Brevard/Brevard/635675302921520447-Beach.jpg
V/MinimogrifierUtils(31457): resized image URL: http://www.gannett-cdn.com/-mm-/e53395333fb1d1ff0b13bc06f29dbe8bdaee4635/c=0-408-2448-2856&r=100x100&q=80/local/-/media/2015/05/18/Brevard/Brevard/635675300042392807-Launch1.jpg
V/MinimogrifierUtils(31457): resized image URL: http://www.gannett-cdn.com/-mm-/0b0d13c50636f4fe45dd29ee4ddb78e6f4501c19/c=988-0-3110-2122&r=100x100&q=80/local/-/media/2015/05/21/Brevard/B9317406188Z.1_20150521103250_000_GLMARR00H.1-0.jpg
V/MinimogrifierUtils(31457): resized image URL: http://www.gannett-cdn.com/-mm-/3ee1d82f03b4e2c4d98443f5473f321b0979caee/c=0-26-719-745&r=100x100&q=80/local/-/media/2015/05/21/Brevard/Brevard/635678053407945266-MRSA-photo.jpg
V/MinimogrifierUtils(31457): resized image URL: http://www.gannett-cdn.com/-mm-/9d6ef2f0b831a47754d187434bb21b4dea7f38f2/c=524-0-2484-1960&r=100x100&q=80/local/-/media/2015/05/21/Brevard/B9317425210Z.1_20150521113742_000_GMFARREST.1-0.jpg
V/MinimogrifierUtils(31457): resized image URL: http://www.gannett-cdn.com/-mm-/29ff9e7bdf8b10c1af853b2a039a97b52cfd029a/c=450-0-3150-2700&r=100x100&q=80/local/-/media/2015/05/21/Brevard/B9317323916Z.1_20150521110051_000_G74AP2A1H.1-0.jpg
V/MinimogrifierUtils(31457): resized image URL: http://www.gannett-cdn.com/-mm-/f2d48849b409d5ea236a3e66f7ebd11787d45720/c=1714-0-4280-2566&r=100x100&q=80/local/-/media/2015/05/21/Brevard/Brevard/635677982916930011-Space-Coast-Stadium.jpg
V/MinimogrifierUtils(31457): resized image URL: http://www.gannett-cdn.com/-mm-/84d377c82a80ef4ec485dadc9de94815a1da8b29/c=0-37-816-853&r=100x100&q=80/local/-/media/2015/05/21/Brevard/Brevard/635677985949667211-Screen-Shot-2015-05-21-at-9.41.56-AM.png
V/MinimogrifierUtils(31457): resized image URL: http://www.gannett-cdn.com/-mm-/6d8b257b31e54ea038b3cb5a1871948a1edc0e96/c=66-0-467-401&r=100x100&q=80/local/-/media/2015/05/15/Brevard/B9317367938Z.1_20150515163555_000_GV7AQ45FN.1-0.jpg
V/MinimogrifierUtils(31457): resized image URL: http://www.gannett-cdn.com/-mm-/6d8b257b31e54ea038b3cb5a1871948a1edc0e96/c=66-0-467-401&r=100x100&q=80/local/-/media/2015/05/19/Brevard/B9317406000Z.1_20150519143408_000_GQAAR6LRC.1-0.jpg
V/MinimogrifierUtils(31457): resized image URL: http://www.gannett-cdn.com/-mm-/4f192115f85b76fea45c14783b4ca18d74d9a4a3/c=0-29-2717-2746&r=100x100&q=80/local/-/media/2015/05/20/Brevard/Brevard/635677446305291409-kemps.jpg
V/MinimogrifierUtils(31457): resized image URL: http://www.gannett-cdn.com/-mm-/425418424398dcd8d55b09a32723cdfffd3504a9/c=408-0-2856-2448&r=100x100&q=80/local/-/media/2015/05/20/Brevard/B9317406277Z.1_20150520173621_000_G1TAR6VBM.1-0.jpg
V/MinimogrifierUtils(31457): resized image URL: http://www.gannett-cdn.com/-mm-/cfe4d974f131aafdd7051f13f58bdd6335b14289/c=0-0-763-763&r=100x100&q=80/local/-/media/2015/05/20/Brevard/B9317425416Z.1_20150520173521_000_GRGARKQA1.1-0.jpg
V/MinimogrifierUtils(31457): resized image URL: http://www.gannett-cdn.com/-mm-/425418424398dcd8d55b09a32723cdfffd3504a9/c=408-0-2856-2448&r=100x100&q=80/local/-/media/2015/05/20/Brevard/B9317423466Z.1_20150520173123_001_GE1ARKP8C.1-0.jpg
V/MinimogrifierUtils(31457): resized image URL: http://www.gannett-cdn.com/-mm-/1df5660ee251524ff1497d79aa1f0af86b9a09e0/c=720-0-3568-2848&r=100x100&q=80/local/-/media/2015/05/20/Brevard/B9317423466Z.1_20150520173123_001_G5TARJN1D.1-0.jpg
V/MinimogrifierUtils(31457): resized image URL: http://www.gannett-cdn.com/-mm-/b426b3948e1957f822f9728d220deca055bba4dd/c=0-307-607-914&r=100x100&q=80/local/-/media/2015/05/20/Brevard/B9317423466Z.1_20150520173123_001_G1BARJO6S.1-0.jpg
W/Resources(31457): Converting to string: TypedValue{t=0x5/d=0x1401 a=2 r=0x7f0a0096}
W/Resources(31457): Converting to string: TypedValue{t=0x5/d=0x1001 a=2 r=0x7f0a0097}
W/Resources(31457): Converting to string: TypedValue{t=0x5/d=0x1401 a=2 r=0x7f0a0096}
W/Resources(31457): Converting to string: TypedValue{t=0x5/d=0xf01 a=2 r=0x7f0a0095}
W/Resources(31457): Converting to string: TypedValue{t=0x12/d=0x0 a=2 r=0x7f0b01c9}
V/MinimogrifierUtils(31457): resized image URL: http://www.gannett-cdn.com/-mm-/b4e33d9313da4b68e1c1d19e5b180cad69a1e245/c=201-0-1096-895&r=100x100&q=80/local/-/media/2015/05/05/Brevard/B9317233088Z.1_20150505150304_000_GEPAMSMI4.1-0.png
W/Resources(31457): Converting to string: TypedValue{t=0x12/d=0x0 a=2 r=0x7f0b01ca}
W/Resources(31457): Converting to string: TypedValue{t=0x12/d=0x0 a=2 r=0x7f0b01cb}
W/Resources(31457): Converting to string: TypedValue{t=0x5/d=0x1401 a=2 r=0x7f0a0096}
W/Resources(31457): Converting to string: TypedValue{t=0x5/d=0x1001 a=2 r=0x7f0a0097}
W/Resources(31457): Converting to string: TypedValue{t=0x5/d=0x1401 a=2 r=0x7f0a0096}
W/Resources(31457): Converting to string: TypedValue{t=0x5/d=0xf01 a=2 r=0x7f0a0095}
W/Resources(31457): Converting to string: TypedValue{t=0x12/d=0x0 a=2 r=0x7f0b01c9}
W/Resources(31457): Converting to string: TypedValue{t=0x12/d=0x0 a=2 r=0x7f0b01ca}
W/Resources(31457): Converting to string: TypedValue{t=0x12/d=0x0 a=2 r=0x7f0b01cb}
V/MinimogrifierUtils(31457): resized image URL: http://www.gannett-cdn.com/-mm-/913389a8955bf58ccaabd453f349e7cbdde5cc5a/c=354-0-1769-1415&r=100x100&q=80/local/-/media/2015/04/23/Brevard/Brevard/635653878268176229-ThinkstockPhotos-85447632.jpg
W/Resources(31457): Converting to string: TypedValue{t=0x1d/d=0xfff9f9f9 a=2 r=0x7f0900a5}
W/Resources(31457): Converting to string: TypedValue{t=0x5/d=0x1401 a=2 r=0x7f0a0096}
W/Resources(31457): Converting to string: TypedValue{t=0x5/d=0x1001 a=2 r=0x7f0a0097}
W/Resources(31457): Converting to string: TypedValue{t=0x5/d=0x1401 a=2 r=0x7f0a0096}
W/Resources(31457): Converting to string: TypedValue{t=0x5/d=0xf01 a=2 r=0x7f0a0095}
W/Resources(31457): Converting to string: TypedValue{t=0x12/d=0x0 a=2 r=0x7f0b01c6}
W/Resources(31457): Converting to string: TypedValue{t=0x12/d=0x0 a=2 r=0x7f0b01c7}
W/Resources(31457): Converting to string: TypedValue{t=0x12/d=0x0 a=2 r=0x7f0b01c8}
W/Resources(31457): Converting to string: TypedValue{t=0x1d/d=0xfff9f9f9 a=2 r=0x7f0900a5}
W/Resources(31457): Converting to string: TypedValue{t=0x5/d=0x1401 a=2 r=0x7f0a0096}
W/Resources(31457): Converting to string: TypedValue{t=0x5/d=0x1001 a=2 r=0x7f0a0097}
W/Resources(31457): Converting to string: TypedValue{t=0x5/d=0x1401 a=2 r=0x7f0a0096}
W/Resources(31457): Converting to string: TypedValue{t=0x5/d=0xf01 a=2 r=0x7f0a0095}
W/Resources(31457): Converting to string: TypedValue{t=0x12/d=0x0 a=2 r=0x7f0b01c6}
V/MinimogrifierUtils(31457): resized image URL: http://www.gannett-cdn.com/-mm-/7aca60eb883319c3eb97aa5afbdf519921485773/c=0-294-2468-2762&r=100x100&q=80/local/-/media/2015/05/20/Brevard/B9317421715Z.1_20150520152300_000_GB8ARIBR1.1-0.jpg
W/Resources(31457): Converting to string: TypedValue{t=0x12/d=0x0 a=2 r=0x7f0b01c7}
V/MinimogrifierUtils(31457): resized image URL: http://www.gannett-cdn.com/-mm-/b6127e26f2e413af227d17e4385e4e0495620495/c=461-0-3269-2808&r=100x100&q=80/local/-/media/2015/05/20/Brevard/B9317421715Z.1_20150520152300_000_GB8ARIBOB.1-0.jpg
W/Resources(31457): Converting to string: TypedValue{t=0x12/d=0x0 a=2 r=0x7f0b01c8}
W/Resources(31457): Converting to string: TypedValue{t=0x1d/d=0xfff9f9f9 a=2 r=0x7f0900a5}
W/Resources(31457): Converting to string: TypedValue{t=0x5/d=0x1401 a=2 r=0x7f0a0096}
W/Resources(31457): Converting to string: TypedValue{t=0x5/d=0x1001 a=2 r=0x7f0a0097}
W/Resources(31457): Converting to string: TypedValue{t=0x5/d=0x1401 a=2 r=0x7f0a0096}
W/Resources(31457): Converting to string: TypedValue{t=0x5/d=0xf01 a=2 r=0x7f0a0095}
V/MinimogrifierUtils(31457): resized image URL: http://www.gannett-cdn.com/-mm-/f6ae9a9a589ec37a8a189db4870e8a066976191c/c=16-0-615-599&r=100x100&q=80/local/-/media/2015/05/20/Brevard/B9317423645Z.1_20150520145438_000_GMHARJ5IR.1-0.jpg
W/Resources(31457): Converting to string: TypedValue{t=0x12/d=0x0 a=2 r=0x7f0b01c6}
W/Resources(31457): Converting to string: TypedValue{t=0x12/d=0x0 a=2 r=0x7f0b01c7}
W/Resources(31457): Converting to string: TypedValue{t=0x12/d=0x0 a=2 r=0x7f0b01c8}
W/Resources(31457): Converting to string: TypedValue{t=0x1d/d=0xfff9f9f9 a=2 r=0x7f0900a5}
W/Resources(31457): Converting to string: TypedValue{t=0x5/d=0x1401 a=2 r=0x7f0a0096}
W/Resources(31457): Converting to string: TypedValue{t=0x5/d=0x1001 a=2 r=0x7f0a0097}
W/Resources(31457): Converting to string: TypedValue{t=0x5/d=0x1401 a=2 r=0x7f0a0096}
W/Resources(31457): Converting to string: TypedValue{t=0x5/d=0xf01 a=2 r=0x7f0a0095}
V/MinimogrifierUtils(31457): resized image URL: http://www.gannett-cdn.com/-mm-/dc123101deb3920642d5e102371daeac651f40ff/c=86-0-576-490&r=100x100&q=80/local/-/media/2015/05/20/Brevard/B9317422847Z.1_20150520142635_000_GL7ARICKV.1-0.jpg
W/Resources(31457): Converting to string: TypedValue{t=0x12/d=0x0 a=2 r=0x7f0b01c6}
W/Resources(31457): Converting to string: TypedValue{t=0x12/d=0x0 a=2 r=0x7f0b01c7}
W/Resources(31457): Converting to string: TypedValue{t=0x12/d=0x0 a=2 r=0x7f0b01c8}
W/Resources(31457): Converting to string: TypedValue{t=0x1d/d=0xfff9f9f9 a=2 r=0x7f0900a5}
W/Resources(31457): Converting to string: TypedValue{t=0x5/d=0x1401 a=2 r=0x7f0a0096}
W/Resources(31457): Converting to string: TypedValue{t=0x5/d=0x1001 a=2 r=0x7f0a0097}
W/Resources(31457): Converting to string: TypedValue{t=0x5/d=0x1401 a=2 r=0x7f0a0096}
W/Resources(31457): Converting to string: TypedValue{t=0x5/d=0xf01 a=2 r=0x7f0a0095}
W/Resources(31457): Converting to string: TypedValue{t=0x12/d=0x0 a=2 r=0x7f0b01c6}
W/Resources(31457): Converting to string: TypedValue{t=0x12/d=0x0 a=2 r=0x7f0b01c7}
V/MinimogrifierUtils(31457): resized image URL: http://www.gannett-cdn.com/-mm-/9ab6ab8a3f7af4cc19ca147ec078169bfa444f2e/c=0-80-480-560&r=100x100&q=80/local/-/media/2015/05/20/Brevard/B9317006365Z.1_20150520140838_000_GKRARIO04.1-0.jpg
W/Resources(31457): Converting to string: TypedValue{t=0x12/d=0x0 a=2 r=0x7f0b01c8}
W/Resources(31457): Converting to string: TypedValue{t=0x1d/d=0xfff9f9f9 a=2 r=0x7f0900a5}
W/Resources(31457): Converting to string: TypedValue{t=0x5/d=0x1401 a=2 r=0x7f0a0096}
W/Resources(31457): Converting to string: TypedValue{t=0x5/d=0x1001 a=2 r=0x7f0a0097}
W/Resources(31457): Converting to string: TypedValue{t=0x5/d=0x1401 a=2 r=0x7f0a0096}
W/Resources(31457): Converting to string: TypedValue{t=0x5/d=0xf01 a=2 r=0x7f0a0095}
W/Resources(31457): Converting to string: TypedValue{t=0x12/d=0x0 a=2 r=0x7f0b01c6}
W/Resources(31457): Converting to string: TypedValue{t=0x12/d=0x0 a=2 r=0x7f0b01c7}
W/Resources(31457): Converting to string: TypedValue{t=0x12/d=0x0 a=2 r=0x7f0b01c8}
V/MinimogrifierUtils(31457): resized image URL: http://www.gannett-cdn.com/-mm-/1df5660ee251524ff1497d79aa1f0af86b9a09e0/c=720-0-3568-2848&r=100x100&q=80/local/-/media/2015/05/20/Brevard/B9317421847Z.1_20150520135324_000_GOKARI936.1-0.jpg
W/Resources(31457): Converting to string: TypedValue{t=0x5/d=0x1401 a=2 r=0x7f0a0096}
W/Resources(31457): Converting to string: TypedValue{t=0x5/d=0x1001 a=2 r=0x7f0a0097}
W/Resources(31457): Converting to string: TypedValue{t=0x5/d=0x1401 a=2 r=0x7f0a0096}
W/Resources(31457): Converting to string: TypedValue{t=0x5/d=0xf01 a=2 r=0x7f0a0095}
W/Resources(31457): Converting to string: TypedValue{t=0x12/d=0x0 a=2 r=0x7f0b01c9}
W/Resources(31457): Converting to string: TypedValue{t=0x12/d=0x0 a=2 r=0x7f0b01ca}
W/Resources(31457): Converting to string: TypedValue{t=0x12/d=0x0 a=2 r=0x7f0b01cb}
