I/LibraryLoader(31734): Time to load native libraries: 1 ms (timestamps 2319-2320)
I/LibraryLoader(31734): Expected native library version number "",actual native library version number ""
V/WebViewChromiumFactoryProvider(31734): Binding Chromium to main looper Looper (main, tid 1) {3790b6ec}
I/LibraryLoader(31734): Expected native library version number "",actual native library version number ""
I/chromium(31734): [INFO:library_loader_hooks.cc(112)] Chromium logging enabled: level = 0, default verbosity = 0
I/BrowserStartupController(31734): Initializing chromium process, singleProcess=true
W/art     (31734): Attempt to remove local handle scope entry from IRT, ignoring
E/SysUtils(31734): ApplicationContext is null in ApplicationStatus
W/chromium(31734): [WARNING:resource_bundle.cc(286)] locale_file_path.empty()
I/chromium(31734): [INFO:aw_browser_main_parts.cc(63)] Load from apk succesful, fd=23 off=50376 len=3345
I/chromium(31734): [INFO:aw_browser_main_parts.cc(76)] Loading webviewchromium.pak from, fd:37 off:7953032 len:1161174
I/Adreno-EGL(31734): <qeglDrvAPI_eglInitialize:379>: QUALCOMM Build: 01/15/15, ab0075f, Id3510ff6dc
W/AudioManagerAndroid(31734): Requires BLUETOOTH permission
I/NSApplication(31734): Starting up...
W/AccountNameManager(31734): Original name not found for mikepopegannett@gmail.com
W/AccountNameManager(31734): Original name not found for mikepopegannett@gmail.com
W/AccountNameManager(31734): Original name not found for mikepopegannett@gmail.com
D/Finsky  (30568): [1] PackageVerificationReceiver.onReceive: Verification requested, id = 134
W/AccountNameManager(31734): Original name not found for mikepopegannett@gmail.com
I/ActivityManager(  562): Killing 30591:com.google.android.talk/u0a53 (adj 15): empty #17
W/AccountNameManager(31734): Original name not found for mikepopegannett@gmail.com
W/AccountNameManager(31734): Original name not found for mikepopegannett@gmail.com
W/AccountNameManager(31734): Original name not found for mikepopegannett@gmail.com
W/AccountNameManager(31734): Original name not found for mikepopegannett@gmail.com
W/AccountNameManager(31734): Original name not found for mikepopegannett@gmail.com
W/AccountNameManager(31734): Original name not found for mikepopegannett@gmail.com
W/AccountNameManager(31734): Original name not found for mikepopegannett@gmail.com
W/AccountNameManager(31734): Original name not found for mikepopegannett@gmail.com
W/AccountNameManager(31734): Original name not found for mikepopegannett@gmail.com
W/BroadcastQueue(  562): Permission Denial: broadcasting Intent { act=android.net.conn.CONNECTIVITY_CHANGE flg=0x4000010 (has extras) } from null (pid=-1, uid=-1) requires com.facebook.permission.prod.FB_APP_COMMUNICATION due to registered receiver BroadcastFilter{11d9ef88 u0 ReceiverList{1f9cff2b 31626 com.facebook.katana:dash/10042/u0 remote:33b7cb7a}}
I/art     (  562): Explicit concurrent mark sweep GC freed 25227(1566KB) AllocSpace objects, 13(362KB) LOS objects, 33% free, 28MB/42MB, paused 1.678ms total 86.242ms
I/Icing   ( 6165): Indexing 6419582CB896A7C2A9C61C3D4B874B6FAE2D0CAC from com.google.android.googlequicksearchbox
I/Icing   ( 6165): Indexing done 6419582CB896A7C2A9C61C3D4B874B6FAE2D0CAC
I/art     (31626): Explicit concurrent mark sweep GC freed 20873(1859KB) AllocSpace objects, 3(71KB) LOS objects, 24% free, 17MB/23MB, paused 854us total 442.871ms
I/dex2oat (31658): dex2oat took 3.746s (threads: 4) arena alloc=53KB java alloc=3MB native alloc=6MB free=9MB
I/ActivityManager(  562): Force stopping com.usatoday.android.news.test appid=10174 user=-1: update pkg
W/PackageManager(  562): Code path for pkg : com.usatoday.android.news.test changing from /data/app/com.usatoday.android.news.test-1 to /data/app/com.usatoday.android.news.test-2
W/PackageManager(  562): Resource path for pkg : com.usatoday.android.news.test changing from /data/app/com.usatoday.android.news.test-1 to /data/app/com.usatoday.android.news.test-2
I/ActivityManager(  562): Force stopping com.usatoday.android.news.test appid=10174 user=0: pkg removed
D/JobSchedulerService(  562): Receieved: android.intent.action.PACKAGE_REMOVED
D/BackupManagerService(  562): Received broadcast Intent { act=android.intent.action.PACKAGE_REMOVED dat=package:com.usatoday.android.news.test flg=0x4000010 (has extras) }
I/InputReader(  562): Reconfiguring input devices.  changes=0x00000010
I/ActivityManager(  562): Killing 30654:com.google.android.apps.gcs/u0a41 (adj 15): empty #17
I/InputReader(  562): Reconfiguring input devices.  changes=0x00000010
W/Settings(  562): Setting install_non_market_apps has moved from android.provider.Settings.Global to android.provider.Settings.Secure, returning read-only value.
W/ContextImpl(31546): Calling a method in the system process without a qualified user: android.app.ContextImpl.startService:1692 android.content.ContextWrapper.startService:516 android.content.ContextWrapper.startService:516 com.android.keychain.KeyChainBroadcastReceiver.onReceive:12 android.app.ActivityThread.handleReceiver:2609 
I/InputReader(  562): Reconfiguring input devices.  changes=0x00000010
E/NetworkScheduler.SchedulerReceiver(14012): Invalid parameter app
E/NetworkScheduler.SchedulerReceiver(14012): Invalid package name : Perhaps you didn't include a PendingIntent in the extras?
D/ChimeraRcvrProxy( 6165): Creating receiver proxy ComponentInfo{com.google.android.gms/com.google.android.gms.games.chimera.GamesSystemBroadcastReceiverProxy}
D/ChimeraRcvrProxy( 6165): Proxying container receiver ComponentInfo{com.google.android.gms/com.google.android.gms.games.chimera.GamesSystemBroadcastReceiverProxy} to Chimera receiver impl com.google.android.gms.games.receiver.PlaySystemBroadcastReceiver
D/ChimeraCfgMgr( 6165): Loading module com.google.android.gms.games from APK com.google.android.play.games
D/ChimeraModuleLdr( 6165): Module APK com.google.android.play.games already loaded
D/ChimeraSrvcProxy( 6165): Creating service proxy ComponentInfo{com.google.android.gms/com.google.android.gms.games.chimera.GamesAsyncServiceProxy}
D/ChimeraSrvcProxy( 6165): Proxying container service ComponentInfo{com.google.android.gms/com.google.android.gms.games.chimera.GamesAsyncServiceProxy} to Chimera service impl com.google.android.gms.games.service.PlayGamesAsyncService
D/ChimeraCfgMgr( 6165): Loading module com.google.android.gms.games from APK com.google.android.play.games
D/ChimeraModuleLdr( 6165): Module APK com.google.android.play.games already loaded
D/PackageBroadcastService( 6165): Received broadcast action=android.intent.action.PACKAGE_REMOVED and uri=com.usatoday.android.news.test
I/ConfigFetchService( 6165): onStartCommand Intent { act=android.intent.action.PACKAGE_REMOVED dat=package:com.usatoday.android.news.test cmp=com.google.android.gms/.config.ConfigFetchService (has extras) }
I/ConfigFetchService( 6165): service connected
D/PackageBroadcastService( 6165): Received broadcast action=android.intent.action.PACKAGE_ADDED and uri=com.usatoday.android.news.test
D/ChimeraRcvrProxy( 6165): Creating receiver proxy ComponentInfo{com.google.android.gms/com.google.android.gms.games.chimera.GamesSystemBroadcastReceiverProxy}
D/ChimeraRcvrProxy( 6165): Proxying container receiver ComponentInfo{com.google.android.gms/com.google.android.gms.games.chimera.GamesSystemBroadcastReceiverProxy} to Chimera receiver impl com.google.android.gms.games.receiver.PlaySystemBroadcastReceiver
D/ChimeraCfgMgr( 6165): Loading module com.google.android.gms.games from APK com.google.android.play.games
D/ChimeraModuleLdr( 6165): Module APK com.google.android.play.games already loaded
I/ConfigFetchService( 6165): onStartCommand Intent { act=android.intent.action.PACKAGE_ADDED dat=package:com.usatoday.android.news.test cmp=com.google.android.gms/.config.ConfigFetchService (has extras) }
I/ConfigFetchService( 6165): launchTask
D/BackupManagerService(  562): Received broadcast Intent { act=android.intent.action.PACKAGE_ADDED dat=package:com.usatoday.android.news.test flg=0x4000010 (has extras) }
I/UpdateIcingCorporaServi( 1317): Updating corpora: APPS=com.usatoday.android.news.test, CONTACTS=MAYBE
I/ConfigFetchService( 6165): service connected
W/BackupManagerService(  562): Removing schedule queue dupe of com.usatoday.android.news.test
V/ConfigFetchTask( 6165): ConfigFetchTask getDeviceDataVersionInfo(): ABFEt1X-TjHn7yCJaW1s-QNhW6x4wfrofFR44oRvOMmn6FGMfdbGPvD94xF5V4uRC6fHrThgM4fTXPKsOL96ZzCs0noDgOHK7Po8YRtHybIQSNfMda5wbW-l3COPVlSUDu8Dv7nw1GetdH_OKgJ-ksH0YkJH_FFtYSvoF0C26s0pkxdVSMiZSILHIfxL9Ws6GofJWVflnWC_uzYTh8wm0KDJLkceVpqjiRZ0XSE9vD6ajlEiMW7lHBMYhTn5D5bEx2EtHegNOnf-71hcl-awQs6HO5tpoLly4TdFL9qy8Uv_zF9A8VtnmeE
I/PeopleContactsSync( 6165): CP2 sync disabled
I/GoogleURLConnFactory( 6165): Using platform SSLCertificateSocketFactory
D/ConfigFetchService( 6165): ConfigApi connection successful.
I/ApplicationLogger( 1317): canRun() : Opted Out
I/UpdateIcingCorporaServi( 1317): UpdateCorporaTask done [took 58 ms] updated apps [took 58 ms] 
E/NetworkScheduler.SchedulerReceiver(14012): Invalid parameter app
E/NetworkScheduler.SchedulerReceiver(14012): Invalid package name : Perhaps you didn't include a PendingIntent in the extras?
I/art     (  562): Explicit concurrent mark sweep GC freed 20433(1398KB) AllocSpace objects, 4(64KB) LOS objects, 33% free, 28MB/42MB, paused 3.570ms total 322.265ms
D/PackageBroadcastService( 6165): Received broadcast action=android.intent.action.PACKAGE_REPLACED and uri=com.usatoday.android.news.test
W/AccountNameManager(31734): Original name not found for mikepopegannett@gmail.com
I/PeopleContactsSync( 6165): CP2 sync disabled
I/ConfigFetchService( 6165): fetch service done; releasing wakelock
I/ConfigFetchService( 6165): stopping self
I/art     (31597): System.exit called, status: 0
I/AndroidRuntime(31597): VM exiting with result code 0.
W/Resources( 4701): Converting to string: TypedValue{t=0x12/d=0x0 a=2 r=0x7f0e0005}
W/Resources( 4701): Converting to string: TypedValue{t=0x12/d=0x0 a=2 r=0x7f0e0005}
W/Resources( 4701): Converting to string: TypedValue{t=0x12/d=0x0 a=2 r=0x7f0e0005}
W/Resources( 4701): Converting to string: TypedValue{t=0x12/d=0x0 a=2 r=0x7f0e0005}
W/Resources( 4701): Converting to string: TypedValue{t=0x12/d=0x0 a=2 r=0x7f0e0005}
W/Resources( 4701): Converting to string: TypedValue{t=0x12/d=0x0 a=2 r=0x7f0e0005}
W/Resources( 4701): Converting to string: TypedValue{t=0x12/d=0x0 a=2 r=0x7f0e0005}
W/Resources( 4701): Converting to string: TypedValue{t=0x12/d=0x0 a=2 r=0x7f0e0005}
W/Resources( 4701): Converting to string: TypedValue{t=0x12/d=0x0 a=2 r=0x7f0e0005}
W/Resources( 4701): Converting to string: TypedValue{t=0x12/d=0x0 a=2 r=0x7f0e0005}
W/Resources( 4701): Converting to string: TypedValue{t=0x12/d=0x0 a=2 r=0x7f0e0005}
W/Resources( 4701): Converting to string: TypedValue{t=0x12/d=0x0 a=2 r=0x7f0e0005}
W/Resources( 4701): Converting to string: TypedValue{t=0x12/d=0x0 a=2 r=0x7f0e0005}
W/Resources( 4701): Converting to string: TypedValue{t=0x12/d=0x0 a=2 r=0x7f0e0005}
W/Resources( 4701): Converting to string: TypedValue{t=0x12/d=0x0 a=2 r=0x7f0e0005}
W/Resources( 4701): Converting to string: TypedValue{t=0x12/d=0x0 a=2 r=0x7f0e0005}
W/Resources( 4701): Converting to string: TypedValue{t=0x12/d=0x0 a=2 r=0x7f0e0005}
W/Resources( 4701): Converting to string: TypedValue{t=0x12/d=0x0 a=2 r=0x7f0e0005}
W/Resources( 4701): Converting to string: TypedValue{t=0x12/d=0x0 a=2 r=0x7f0e0005}
W/Resources( 4701): Converting to string: TypedValue{t=0x12/d=0x0 a=2 r=0x7f0e0005}
W/Resources( 4701): Converting to string: TypedValue{t=0x12/d=0x0 a=2 r=0x7f0e0005}
W/Resources( 4701): Converting to string: TypedValue{t=0x12/d=0x0 a=2 r=0x7f0e0005}
W/Resources( 4701): Converting to string: TypedValue{t=0x12/d=0x0 a=2 r=0x7f0e0005}
W/Resources( 4701): Converting to string: TypedValue{t=0x12/d=0x0 a=2 r=0x7f0e0005}
W/Resources( 4701): Converting to string: TypedValue{t=0x12/d=0x0 a=2 r=0x7f0e0005}
W/Resources( 4701): Converting to string: TypedValue{t=0x12/d=0x0 a=2 r=0x7f0e0005}
W/Resources( 4701): Converting to string: TypedValue{t=0x12/d=0x0 a=2 r=0x7f0e0005}
W/Resources( 4701): Converting to string: TypedValue{t=0x12/d=0x0 a=2 r=0x7f0e0005}
W/Resources( 4701): Converting to string: TypedValue{t=0x12/d=0x0 a=2 r=0x7f0e0005}
W/Resources( 4701): Converting to string: TypedValue{t=0x12/d=0x0 a=2 r=0x7f0e0005}
W/Resources( 4701): Converting to string: TypedValue{t=0x12/d=0x0 a=2 r=0x7f0e0005}
W/Resources( 4701): Converting to string: TypedValue{t=0x12/d=0x0 a=2 r=0x7f0e0005}
W/Resources( 4701): Converting to string: TypedValue{t=0x12/d=0x0 a=2 r=0x7f0e0005}
W/Resources( 4701): Converting to string: TypedValue{t=0x12/d=0x0 a=2 r=0x7f0e0005}
W/Resources( 4701): Converting to string: TypedValue{t=0x12/d=0x0 a=2 r=0x7f0e0005}
W/Resources( 4701): Converting to string: TypedValue{t=0x12/d=0x0 a=2 r=0x7f0e0005}
W/Resources( 4701): Converting to string: TypedValue{t=0x12/d=0x0 a=2 r=0x7f0e0005}
W/Resources( 4701): Converting to string: TypedValue{t=0x12/d=0x0 a=2 r=0x7f0e0005}
W/Resources( 4701): Converting to string: TypedValue{t=0x12/d=0x0 a=2 r=0x7f0e0005}
W/Resources( 4701): Converting to string: TypedValue{t=0x12/d=0x0 a=2 r=0x7f0e0005}
W/Resources( 4701): Converting to string: TypedValue{t=0x12/d=0x0 a=2 r=0x7f0e0005}
W/Resources( 4701): Converting to string: TypedValue{t=0x12/d=0x0 a=2 r=0x7f0e0005}
W/Resources( 4701): Converting to string: TypedValue{t=0x12/d=0x0 a=2 r=0x7f0e0005}
W/Resources( 4701): Converting to string: TypedValue{t=0x12/d=0x0 a=2 r=0x7f0e0005}
W/Resources( 4701): Converting to string: TypedValue{t=0x12/d=0x0 a=2 r=0x7f0e0005}
W/Resources( 4701): Converting to string: TypedValue{t=0x12/d=0x0 a=2 r=0x7f0e0005}
W/Resources( 4701): Converting to string: TypedValue{t=0x12/d=0x0 a=2 r=0x7f0e0005}
W/Resources( 4701): Converting to string: TypedValue{t=0x12/d=0x0 a=2 r=0x7f0e0005}
W/Resources( 4701): Converting to string: TypedValue{t=0x12/d=0x0 a=2 r=0x7f0e0005}
W/Resources( 4701): Converting to string: TypedValue{t=0x12/d=0x0 a=2 r=0x7f0e0005}
W/Resources( 4701): Converting to string: TypedValue{t=0x12/d=0x0 a=2 r=0x7f0e0005}
W/Resources( 4701): Converting to string: TypedValue{t=0x12/d=0x0 a=2 r=0x7f0e0005}
W/Resources( 4701): Converting to string: TypedValue{t=0x12/d=0x0 a=2 r=0x7f0e000e}
W/Resources( 4701): Converting to string: TypedValue{t=0x5/d=0x2001 a=2 r=0x7f0a0037}
W/Resources( 4701): Converting to string: TypedValue{t=0x5/d=0x1001 a=2 r=0x7f0a0035}
W/Resources( 4701): Converting to string: TypedValue{t=0x5/d=0x1001 a=2 r=0x7f0a0036}
W/Resources( 4701): Converting to string: TypedValue{t=0x12/d=0x0 a=2 r=0x7f0e000f}
W/Resources( 4701): Converting to string: TypedValue{t=0x12/d=0x0 a=2 r=0x7f0e0010}
W/Resources( 4701): Converting to string: TypedValue{t=0x12/d=0x0 a=2 r=0x7f0e000e}
W/Resources( 4701): Converting to string: TypedValue{t=0x5/d=0x2001 a=2 r=0x7f0a0037}
W/Resources( 4701): Converting to string: TypedValue{t=0x5/d=0x1001 a=2 r=0x7f0a0035}
W/Resources( 4701): Converting to string: TypedValue{t=0x5/d=0x1001 a=2 r=0x7f0a0036}
W/Resources( 4701): Converting to string: TypedValue{t=0x12/d=0x0 a=2 r=0x7f0e000f}
W/Resources( 4701): Converting to string: TypedValue{t=0x12/d=0x0 a=2 r=0x7f0e0010}
W/Resources( 4701): Converting to string: TypedValue{t=0x12/d=0x0 a=2 r=0x7f0e000e}
W/Resources( 4701): Converting to string: TypedValue{t=0x5/d=0x2001 a=2 r=0x7f0a0037}
W/Resources( 4701): Converting to string: TypedValue{t=0x5/d=0x1001 a=2 r=0x7f0a0035}
W/Resources( 4701): Converting to string: TypedValue{t=0x5/d=0x1001 a=2 r=0x7f0a0036}
W/Resources( 4701): Converting to string: TypedValue{t=0x12/d=0x0 a=2 r=0x7f0e000f}
W/Resources( 4701): Converting to string: TypedValue{t=0x12/d=0x0 a=2 r=0x7f0e0010}
W/Resources( 4701): Converting to string: TypedValue{t=0x12/d=0x0 a=2 r=0x7f0e000e}
W/Resources( 4701): Converting to string: TypedValue{t=0x5/d=0x2001 a=2 r=0x7f0a0037}
W/Resources( 4701): Converting to string: TypedValue{t=0x5/d=0x1001 a=2 r=0x7f0a0035}
W/Resources( 4701): Converting to string: TypedValue{t=0x5/d=0x1001 a=2 r=0x7f0a0036}
W/Resources( 4701): Converting to string: TypedValue{t=0x12/d=0x0 a=2 r=0x7f0e000f}
W/Resources( 4701): Converting to string: TypedValue{t=0x12/d=0x0 a=2 r=0x7f0e0010}
W/Resources( 4701): Converting to string: TypedValue{t=0x12/d=0x0 a=2 r=0x7f0e000e}
W/Resources( 4701): Converting to string: TypedValue{t=0x5/d=0x2001 a=2 r=0x7f0a0037}
W/Resources( 4701): Converting to string: TypedValue{t=0x5/d=0x1001 a=2 r=0x7f0a0035}
W/Resources( 4701): Converting to string: TypedValue{t=0x5/d=0x1001 a=2 r=0x7f0a0036}
W/Resources( 4701): Converting to string: TypedValue{t=0x12/d=0x0 a=2 r=0x7f0e000f}
W/Resources( 4701): Converting to string: TypedValue{t=0x12/d=0x0 a=2 r=0x7f0e0010}
W/Resources( 4701): Converting to string: TypedValue{t=0x12/d=0x0 a=2 r=0x7f0e000e}
W/Resources( 4701): Converting to string: TypedValue{t=0x5/d=0x2001 a=2 r=0x7f0a0037}
W/Resources( 4701): Converting to string: TypedValue{t=0x5/d=0x1001 a=2 r=0x7f0a0035}
W/Resources( 4701): Converting to string: TypedValue{t=0x5/d=0x1001 a=2 r=0x7f0a0036}
W/Resources( 4701): Converting to string: TypedValue{t=0x12/d=0x0 a=2 r=0x7f0e000f}
W/Resources( 4701): Converting to string: TypedValue{t=0x12/d=0x0 a=2 r=0x7f0e0010}
W/Resources( 4701): Converting to string: TypedValue{t=0x12/d=0x0 a=2 r=0x7f0e000e}
W/Resources( 4701): Converting to string: TypedValue{t=0x5/d=0x2001 a=2 r=0x7f0a0037}
W/Resources( 4701): Converting to string: TypedValue{t=0x5/d=0x1001 a=2 r=0x7f0a0035}
W/Resources( 4701): Converting to string: TypedValue{t=0x5/d=0x1001 a=2 r=0x7f0a0036}
W/Resources( 4701): Converting to string: TypedValue{t=0x12/d=0x0 a=2 r=0x7f0e000f}
W/Resources( 4701): Converting to string: TypedValue{t=0x12/d=0x0 a=2 r=0x7f0e0010}
W/Resources( 4701): Converting to string: TypedValue{t=0x12/d=0x0 a=2 r=0x7f0e000e}
W/Resources( 4701): Converting to string: TypedValue{t=0x5/d=0x2001 a=2 r=0x7f0a0037}
W/Resources( 4701): Converting to string: TypedValue{t=0x5/d=0x1001 a=2 r=0x7f0a0035}
W/Resources( 4701): Converting to string: TypedValue{t=0x5/d=0x1001 a=2 r=0x7f0a0036}
W/Resources( 4701): Converting to string: TypedValue{t=0x12/d=0x0 a=2 r=0x7f0e000f}
W/Resources( 4701): Converting to string: TypedValue{t=0x12/d=0x0 a=2 r=0x7f0e0010}
W/Resources( 4701): Converting to string: TypedValue{t=0x12/d=0x0 a=2 r=0x7f0e000e}
W/Resources( 4701): Converting to string: TypedValue{t=0x5/d=0x2001 a=2 r=0x7f0a0037}
W/Resources( 4701): Converting to string: TypedValue{t=0x5/d=0x1001 a=2 r=0x7f0a0035}
W/Resources( 4701): Converting to string: TypedValue{t=0x5/d=0x1001 a=2 r=0x7f0a0036}
W/Resources( 4701): Converting to string: TypedValue{t=0x12/d=0x0 a=2 r=0x7f0e000f}
W/Resources( 4701): Converting to string: TypedValue{t=0x12/d=0x0 a=2 r=0x7f0e0010}
W/Resources( 4701): Converting to string: TypedValue{t=0x12/d=0x0 a=2 r=0x7f0e000e}
W/Resources( 4701): Converting to string: TypedValue{t=0x5/d=0x2001 a=2 r=0x7f0a0037}
W/Resources( 4701): Converting to string: TypedValue{t=0x5/d=0x1001 a=2 r=0x7f0a0035}
W/Resources( 4701): Converting to string: TypedValue{t=0x5/d=0x1001 a=2 r=0x7f0a0036}
W/Resources( 4701): Converting to string: TypedValue{t=0x12/d=0x0 a=2 r=0x7f0e000f}
W/Resources( 4701): Converting to string: TypedValue{t=0x12/d=0x0 a=2 r=0x7f0e0010}
W/Resources( 4701): Converting to string: TypedValue{t=0x12/d=0x0 a=2 r=0x7f0e000e}
W/Resources( 4701): Converting to string: TypedValue{t=0x5/d=0x2001 a=2 r=0x7f0a0037}
W/Resources( 4701): Converting to string: TypedValue{t=0x5/d=0x1001 a=2 r=0x7f0a0035}
W/Resources( 4701): Converting to string: TypedValue{t=0x5/d=0x1001 a=2 r=0x7f0a0036}
W/Resources( 4701): Converting to string: TypedValue{t=0x12/d=0x0 a=2 r=0x7f0e000f}
W/Resources( 4701): Converting to string: TypedValue{t=0x12/d=0x0 a=2 r=0x7f0e0010}
W/Resources( 4701): Converting to string: TypedValue{t=0x12/d=0x0 a=2 r=0x7f0e000e}
W/Resources( 4701): Converting to string: TypedValue{t=0x5/d=0x2001 a=2 r=0x7f0a0037}
W/Resources( 4701): Converting to string: TypedValue{t=0x5/d=0x1001 a=2 r=0x7f0a0035}
W/Resources( 4701): Converting to string: TypedValue{t=0x5/d=0x1001 a=2 r=0x7f0a0036}
W/Resources( 4701): Converting to string: TypedValue{t=0x12/d=0x0 a=2 r=0x7f0e000f}
W/Resources( 4701): Converting to string: TypedValue{t=0x12/d=0x0 a=2 r=0x7f0e0010}
W/Resources( 4701): Converting to string: TypedValue{t=0x12/d=0x0 a=2 r=0x7f0e000e}
W/Resources( 4701): Converting to string: TypedValue{t=0x5/d=0x2001 a=2 r=0x7f0a0037}
W/Resources( 4701): Converting to string: TypedValue{t=0x5/d=0x1001 a=2 r=0x7f0a0035}
W/Resources( 4701): Converting to string: TypedValue{t=0x5/d=0x1001 a=2 r=0x7f0a0036}
W/Resources( 4701): Converting to string: TypedValue{t=0x12/d=0x0 a=2 r=0x7f0e000f}
W/Resources( 4701): Converting to string: TypedValue{t=0x12/d=0x0 a=2 r=0x7f0e0010}
W/Resources( 4701): Converting to string: TypedValue{t=0x12/d=0x0 a=2 r=0x7f0e000e}
W/Resources( 4701): Converting to string: TypedValue{t=0x5/d=0x2001 a=2 r=0x7f0a0037}
W/Resources( 4701): Converting to string: TypedValue{t=0x5/d=0x1001 a=2 r=0x7f0a0035}
W/Resources( 4701): Converting to string: TypedValue{t=0x5/d=0x1001 a=2 r=0x7f0a0036}
W/Resources( 4701): Converting to string: TypedValue{t=0x12/d=0x0 a=2 r=0x7f0e000f}
W/Resources( 4701): Converting to string: TypedValue{t=0x12/d=0x0 a=2 r=0x7f0e0010}
W/Resources( 4701): Converting to string: TypedValue{t=0x12/d=0x0 a=2 r=0x7f0e000e}
W/Resources( 4701): Converting to string: TypedValue{t=0x5/d=0x2001 a=2 r=0x7f0a0037}
W/Resources( 4701): Converting to string: TypedValue{t=0x5/d=0x1001 a=2 r=0x7f0a0035}
W/Resources( 4701): Converting to string: TypedValue{t=0x5/d=0x1001 a=2 r=0x7f0a0036}
W/Resources( 4701): Converting to string: TypedValue{t=0x12/d=0x0 a=2 r=0x7f0e000f}
W/Resources( 4701): Converting to string: TypedValue{t=0x12/d=0x0 a=2 r=0x7f0e0010}
W/Resources( 4701): Converting to string: TypedValue{t=0x12/d=0x0 a=2 r=0x7f0e000e}
W/Resources( 4701): Converting to string: TypedValue{t=0x5/d=0x2001 a=2 r=0x7f0a0037}
W/Resources( 4701): Converting to string: TypedValue{t=0x5/d=0x1001 a=2 r=0x7f0a0035}
W/Resources( 4701): Converting to string: TypedValue{t=0x5/d=0x1001 a=2 r=0x7f0a0036}
W/Resources( 4701): Converting to string: TypedValue{t=0x12/d=0x0 a=2 r=0x7f0e000f}
W/Resources( 4701): Converting to string: TypedValue{t=0x12/d=0x0 a=2 r=0x7f0e0010}
W/Resources( 4701): Converting to string: TypedValue{t=0x12/d=0x0 a=2 r=0x7f0e000e}
W/Resources( 4701): Converting to string: TypedValue{t=0x5/d=0x2001 a=2 r=0x7f0a0037}
W/Resources( 4701): Converting to string: TypedValue{t=0x5/d=0x1001 a=2 r=0x7f0a0035}
W/Resources( 4701): Converting to string: TypedValue{t=0x5/d=0x1001 a=2 r=0x7f0a0036}
W/Resources( 4701): Converting to string: TypedValue{t=0x12/d=0x0 a=2 r=0x7f0e000f}
W/Resources( 4701): Converting to string: TypedValue{t=0x12/d=0x0 a=2 r=0x7f0e0010}
W/Resources( 4701): Converting to string: TypedValue{t=0x12/d=0x0 a=2 r=0x7f0e000e}
W/Resources( 4701): Converting to string: TypedValue{t=0x5/d=0x2001 a=2 r=0x7f0a0037}
W/Resources( 4701): Converting to string: TypedValue{t=0x5/d=0x1001 a=2 r=0x7f0a0035}
W/Resources( 4701): Converting to string: TypedValue{t=0x5/d=0x1001 a=2 r=0x7f0a0036}
W/Resources( 4701): Converting to string: TypedValue{t=0x12/d=0x0 a=2 r=0x7f0e000f}
W/Resources( 4701): Converting to string: TypedValue{t=0x12/d=0x0 a=2 r=0x7f0e0010}
D/AndroidRuntime(31886): >>>>>> START com.android.internal.os.RuntimeInit uid 2000 <<<<<<
D/AndroidRuntime(31886): CheckJNI is OFF
D/AndroidRuntime(31886): Calling main entry com.android.commands.am.Am
I/ActivityManager(  562): Force stopping com.usatoday.android.news appid=10187 user=0: start instr
I/art     (31900): Late-enabling -Xcheck:jni
I/ActivityManager(  562): Start proc 31900:com.usatoday.android.news/u0a187 for added application com.usatoday.android.news
I/art     (31900): Debugger is no longer active
W/ResourcesManager(31900): Asset path '/system/framework/android.test.runner.jar' does not exist or contains no resources.
I/MonitoringInstrumentation(31900): Instrumentation Started!
I/MonitoringInstrumentation(31900): Setting context classloader to 'dalvik.system.PathClassLoader[DexPathList[[zip file "/system/framework/android.test.runner.jar", zip file "/data/app/com.usatoday.android.news.test-2/base.apk", zip file "/data/app/com.usatoday.android.news-2/base.apk"],nativeLibraryDirectories=[/vendor/lib, /system/lib]]]', Original: 'dalvik.system.PathClassLoader[DexPathList[[zip file "/system/framework/android.test.runner.jar", zip file "/data/app/com.usatoday.android.news.test-2/base.apk", zip file "/data/app/com.usatoday.android.news-2/base.apk"],nativeLibraryDirectories=[/vendor/lib, /system/lib]]]'
D/Volley  (31900): [1] DiskBasedCache.clear: Cache cleared.
D/USA Today - UALib(31900): Airship log level: 3
D/USA Today Channel ID(31900): 7c09be96-45e0-480f-9de2-cdcfa2ba45b3
D/USA Today - UALib(31900): RichPushManager startUpdateService
W/ActivityManager(  562): Unable to start service Intent { act=com.urbanairship.richpush.USER_UPDATE cmp=com.usatoday.android.news/com.urbanairship.richpush.RichPushUpdateService (has extras) } U=0: not found
E/USA Today - UALib(31900): AndroidManifest.xml missing required activity: com.urbanairship.CoreActivity
E/USA Today - UALib(31900): AndroidManifest.xml missing required service: com.urbanairship.richpush.RichPushUpdateService
E/USA Today - UALib(31900): AndroidManifest.xml missing required service: com.urbanairship.actions.ActionService
W/USA Today - UALib(31900): AndroidManifest.xml missing ActionActivity.  Action.startActivityForResult will not work.
W/USA Today - UALib(31900): AndroidManifest.xml missing activity with an intent filter for action com.urbanairship.actions.SHOW_LANDING_PAGE_INTENT_ACTION, category android.intent.category.DEFAULT, and data with scheme http.  Landing page action may not function properly.
E/USA Today - UALib(31900): AndroidManifest.xml missing activity with an intent filter for action com.urbanairship.actions.SHOW_LANDING_PAGE_INTENT_ACTION, category android.intent.category.DEFAULT, and data with scheme https Landing page action may not function properly.
D/USA Today - UALib(31900): RichPushManager startUpdateService
W/ActivityManager(  562): Unable to start service Intent { act=com.urbanairship.richpush.MESSAGES_UPDATE cmp=com.usatoday.android.news/com.urbanairship.richpush.RichPushUpdateService (has extras) } U=0: not found
I/TestRequestBuilder(31900): Scanning classpath to find tests in apks [/data/app/com.usatoday.android.news.test-2/base.apk]
D/KeepAlive(31900): cancel()
D/KeepAlive(31900): reset:86400000
I/GAV4    (31734): Thread[GAThread,5,main]: No campaign data found.
D/TestExecutor(31900): Adding listener android.support.test.internal.runner.listener.LogRunListener
D/TestExecutor(31900): Adding listener android.support.test.internal.runner.listener.InstrumentationResultPrinter
D/TestExecutor(31900): Adding listener android.support.test.internal.runner.listener.ActivityFinisherRunListener
I/TestRunner(31900): run started: 10 tests
I/TestRunner(31900): started: testArticleSwipe(com.gannett.android.news.features.ArticleTest)
I/MonitoringInstrumentation(31900): Activities that are still in CREATED to PAUSED: 0
D/MonitoringInstrumentation(31900): execStartActivity(context, ibinder, ibinder, activity, intent, int, bundle
I/ActivityManager(  562): START u0 {flg=0x14000000 cmp=com.usatoday.android.news/com.gannett.android.news.ui.activity.ActivityNews (has extras)} from uid 10187 on display 0
V/WindowManager(  562): addAppToken: AppWindowToken{cec1d5f token=Token{203c71fe ActivityRecord{3582c9b9 u0 com.usatoday.android.news/com.gannett.android.news.ui.activity.ActivityNews t12669}}} to stack=1 task=12669 at 0
W/Resources(  562): Converting to string: TypedValue{t=0x12/d=0x0 a=1 r=0x1020378}
W/Resources(  562): Converting to string: TypedValue{t=0x12/d=0x0 a=1 r=0x1020379}
W/Resources(  562): Converting to string: TypedValue{t=0x1f/d=0xff222222 a=2 r=0x7f090006}
W/Resources(  562): Converting to string: TypedValue{t=0x12/d=0x0 a=1 r=0x102037a}
W/Resources(  562): Converting to string: TypedValue{t=0x1f/d=0xff222222 a=2 r=0x7f090006}
W/Resources(  562): Converting to string: TypedValue{t=0x12/d=0x0 a=1 r=0x10202b6}
W/Resources(  562): Converting to string: TypedValue{t=0x12/d=0x0 a=1 r=0x10202b7}
W/Resources(  562): Converting to string: TypedValue{t=0x12/d=0x0 a=1 r=0x102037b}
W/Resources(  562): Converting to string: TypedValue{t=0x12/d=0x0 a=1 r=0x102037c}
W/Resources(  562): Converting to string: TypedValue{t=0x1f/d=0xff222222 a=2 r=0x7f090006}
D/LifecycleMonitor(31900): Lifecycle status change: com.gannett.android.news.ui.activity.ActivityNews@3c082bbf in: PRE_ON_CREATE
D/BaseActivity(31900): onCreate()
D/DEVICE INFO(31900): screenSize: large, dpiBucket: xhdpi
V/WindowManager(  562): Adding window Window{3a4d33f3 u0 Starting com.usatoday.android.news} at 3 of 9 (after Window{3fee9463 u0 com.android.launcher/com.android.launcher2.Launcher})
W/Resources(  562): Converting to string: TypedValue{t=0x5/d=0x4001 a=1 r=0x1050051}
W/Resources(  562): Converting to string: TypedValue{t=0x5/d=0x3801 a=1 r=0x105003a}
W/Resources(31900): Converting to string: TypedValue{t=0x12/d=0x0 a=1 r=0x1020378}
W/Resources(31900): Converting to string: TypedValue{t=0x12/d=0x0 a=1 r=0x1020379}
W/Resources(31900): Converting to string: TypedValue{t=0x1f/d=0xff222222 a=2 r=0x7f090006}
W/Resources(31900): Converting to string: TypedValue{t=0x12/d=0x0 a=1 r=0x102037a}
W/Resources(31900): Converting to string: TypedValue{t=0x1f/d=0xff222222 a=2 r=0x7f090006}
W/Resources(31900): Converting to string: TypedValue{t=0x12/d=0x0 a=1 r=0x10202b6}
W/Resources(31900): Converting to string: TypedValue{t=0x12/d=0x0 a=1 r=0x10202b7}
W/Resources(31900): Converting to string: TypedValue{t=0x12/d=0x0 a=1 r=0x102037b}
W/Resources(31900): Converting to string: TypedValue{t=0x12/d=0x0 a=1 r=0x102037c}
W/Resources(31900): Converting to string: TypedValue{t=0x1f/d=0xff222222 a=2 r=0x7f090006}
D/ApplicationConfiguration(31900): appConfig is null, reloading
W/Resources(31900): Converting to string: TypedValue{t=0x12/d=0x0 a=2 r=0x7f0b01cc}
W/Resources(31900): Converting to string: TypedValue{t=0x12/d=0x0 a=2 r=0x7f0b01cd}
W/Resources(31900): Converting to string: TypedValue{t=0x12/d=0x0 a=2 r=0x7f0b01ce}
W/Resources(31900): Converting to string: TypedValue{t=0x1d/d=0xffffffff a=2 r=0x7f0900f6}
W/Resources(31900): Converting to string: TypedValue{t=0x12/d=0x0 a=2 r=0x7f0b0078}
W/Resources(31900): Converting to string: TypedValue{t=0x1c/d=0xff000000 a=1 r=0x106000c}
W/Resources(31900): Converting to string: TypedValue{t=0x12/d=0x0 a=2 r=0x7f0b009e}
W/Resources(31900): Converting to string: TypedValue{t=0x1c/d=0x0 a=1 r=0x106000d}
W/Resources(31900): Converting to string: TypedValue{t=0x12/d=0x0 a=2 r=0x7f0b0079}
W/Resources(31900): Converting to string: TypedValue{t=0x12/d=0x0 a=2 r=0x7f0b00e6}
W/Resources(31900): Converting to string: TypedValue{t=0x12/d=0x0 a=2 r=0x7f0b00e7}
W/Resources(31900): Converting to string: TypedValue{t=0x5/d=0xd01 a=2 r=0x7f0a0085}
W/Resources(31900): Converting to string: TypedValue{t=0x5/d=0xd01 a=2 r=0x7f0a0085}
W/Resources(31900): Converting to string: TypedValue{t=0x12/d=0x0 a=2 r=0x7f0b00e8}
W/Resources(31900): Converting to string: TypedValue{t=0x5/d=0x501 a=2 r=0x7f0a0043}
W/Resources(31900): Converting to string: TypedValue{t=0x12/d=0x0 a=2 r=0x7f0b009f}
W/Resources(31900): Converting to string: TypedValue{t=0x12/d=0x0 a=2 r=0x7f0b00a0}
W/Resources(31900): Converting to string: TypedValue{t=0x12/d=0x0 a=2 r=0x7f0b00a1}
D/LifecycleMonitor(31900): Lifecycle status change: com.gannett.android.news.ui.activity.ActivityNews@3c082bbf in: CREATED
W/Resources(31900): Converting to string: TypedValue{t=0x12/d=0x0 a=2 r=0x7f0b0138}
W/Resources(31900): Converting to string: TypedValue{t=0x12/d=0x0 a=2 r=0x7f0b018e}
I/WebViewFactory(31900): Loading com.google.android.webview version 42.0.2311.138 (code 2311138)
I/LibraryLoader(31900): Time to load native libraries: 1 ms (timestamps 7702-7703)
I/LibraryLoader(31900): Expected native library version number "",actual native library version number ""
W/Resources(31900): Converting to string: TypedValue{t=0x12/d=0x0 a=2 r=0x7f0b018f}
V/WebViewChromiumFactoryProvider(31900): Binding Chromium to main looper Looper (main, tid 1) {b0ef7c}
I/LibraryLoader(31900): Expected native library version number "",actual native library version number ""
I/chromium(31900): [INFO:library_loader_hooks.cc(112)] Chromium logging enabled: level = 0, default verbosity = 0
I/BrowserStartupController(31900): Initializing chromium process, singleProcess=true
W/art     (31900): Attempt to remove local handle scope entry from IRT, ignoring
E/SysUtils(31900): ApplicationContext is null in ApplicationStatus
W/AudioManagerAndroid(31900): Requires BLUETOOTH permission
W/chromium(31900): [WARNING:resource_bundle.cc(286)] locale_file_path.empty()
I/chromium(31900): [INFO:aw_browser_main_parts.cc(63)] Load from apk succesful, fd=37 off=50376 len=3345
I/chromium(31900): [INFO:aw_browser_main_parts.cc(76)] Loading webviewchromium.pak from, fd:38 off:7953032 len:1161174
I/Adreno-EGL(31900): <qeglDrvAPI_eglInitialize:379>: QUALCOMM Build: 01/15/15, ab0075f, Id3510ff6dc
W/chromium(31900): [WARNING:data_reduction_proxy_config.cc(150)] SPDY proxy OFF at startup
W/art     (31900): Attempt to remove local handle scope entry from IRT, ignoring
W/AwContents(31900): onDetachedFromWindow called when already detached. Ignoring
W/Resources(31900): Converting to string: TypedValue{t=0x12/d=0x0 a=2 r=0x7f0b0190}
W/Resources(31900): Converting to string: TypedValue{t=0x12/d=0x0 a=2 r=0x7f0b0191}
W/Resources(31900): Converting to string: TypedValue{t=0x12/d=0x0 a=2 r=0x7f0b0192}
D/GravityWell(31900): No active creative
D/BaseActivity(31900): onStart()
D/returnToActivityHeadlinesTest(31900): tryReturnToActivityHeadlines(): this.autoNavToHome == true
D/returnToActivityHeadlinesTest(31900): tryReturnToActivityHeadlines(): AutoNavUserHomeTracker.isAutoNavUserHomeConfigurationSet() == false
D/LifecycleMonitor(31900): Lifecycle status change: com.gannett.android.news.ui.activity.ActivityNews@3c082bbf in: STARTED
D/BaseActivity(31900): onResume()
D/LifecycleMonitor(31900): Lifecycle status change: com.gannett.android.news.ui.activity.ActivityNews@3c082bbf in: RESUMED
D/OpenGLRenderer(31900): Use EGL_SWAP_BEHAVIOR_PRESERVED: true
D/Atlas   (31900): Validating map...
V/WindowManager(  562): Adding window Window{13b46436 u0 com.usatoday.android.news/com.gannett.android.news.ui.activity.ActivityNews} at 3 of 10 (before Window{3a4d33f3 u0 Starting com.usatoday.android.news})
W/ActivityManager(  562): Unable to start service Intent { act=com.urbanairship.location.ACTION_STOP_UPDATES cmp=com.usatoday.android.news/com.urbanairship.location.LocationService } U=0: not found
D/USA Today - UALib(31900): Added app_foreground: {"type":"app_foreground","event_id":"05772ac3-5c4b-4e4f-b8a7-18de7b5ca43e","time":"1432149081.519","data":{"connection_type":"wifi","carrier":"","time_zone":-14400,"daylight_savings":true,"notification_types":["sound","vibrate"],"os_version":"5.1.1","lib_version":"5.1.0","package_version":"2.7.2.1","push_enabled":true,"last_send_id":"08427980-fefe-11e4-befd-0010189575b4","session_id":"fd3d2978-6844-43e3-97dd-3f09071741a7"}}
I/OpenGLRenderer(31900): Initialized EGL, version 1.4
D/OpenGLRenderer(31900): Enabling debug mode 0
W/Resources(31900): Converting to string: TypedValue{t=0x5/d=0x1401 a=2 r=0x7f0a0096}
W/Resources(31900): Converting to string: TypedValue{t=0x5/d=0x1001 a=2 r=0x7f0a0097}
W/Resources(31900): Converting to string: TypedValue{t=0x5/d=0x1401 a=2 r=0x7f0a0096}
W/Resources(31900): Converting to string: TypedValue{t=0x5/d=0xf01 a=2 r=0x7f0a0095}
W/Resources(31900): Converting to string: TypedValue{t=0x12/d=0x0 a=2 r=0x7f0b01c9}
W/Resources(31900): Converting to string: TypedValue{t=0x12/d=0x0 a=2 r=0x7f0b01ca}
W/Resources(31900): Converting to string: TypedValue{t=0x12/d=0x0 a=2 r=0x7f0b01cb}
W/Resources(31900): Converting to string: TypedValue{t=0x5/d=0x1401 a=2 r=0x7f0a0096}
W/Resources(31900): Converting to string: TypedValue{t=0x5/d=0x1001 a=2 r=0x7f0a0097}
W/Resources(31900): Converting to string: TypedValue{t=0x5/d=0x1401 a=2 r=0x7f0a0096}
W/Resources(31900): Converting to string: TypedValue{t=0x5/d=0xf01 a=2 r=0x7f0a0095}
W/Resources(31900): Converting to string: TypedValue{t=0x12/d=0x0 a=2 r=0x7f0b01c9}
W/Resources(31900): Converting to string: TypedValue{t=0x12/d=0x0 a=2 r=0x7f0b01ca}
W/Resources(31900): Converting to string: TypedValue{t=0x12/d=0x0 a=2 r=0x7f0b01cb}
W/Resources(31900): Converting to string: TypedValue{t=0x5/d=0x1401 a=2 r=0x7f0a0096}
W/Resources(31900): Converting to string: TypedValue{t=0x5/d=0x1001 a=2 r=0x7f0a0097}
W/Resources(31900): Converting to string: TypedValue{t=0x5/d=0x1401 a=2 r=0x7f0a0096}
W/Resources(31900): Converting to string: TypedValue{t=0x5/d=0xf01 a=2 r=0x7f0a0095}
W/Resources(31900): Converting to string: TypedValue{t=0x12/d=0x0 a=2 r=0x7f0b01c9}
W/Resources(31900): Converting to string: TypedValue{t=0x12/d=0x0 a=2 r=0x7f0b01ca}
W/Resources(31900): Converting to string: TypedValue{t=0x12/d=0x0 a=2 r=0x7f0b01cb}
W/Resources(31900): Converting to string: TypedValue{t=0x5/d=0x1401 a=2 r=0x7f0a0096}
W/Resources(31900): Converting to string: TypedValue{t=0x5/d=0x1001 a=2 r=0x7f0a0097}
W/Resources(31900): Converting to string: TypedValue{t=0x5/d=0x1401 a=2 r=0x7f0a0096}
W/Resources(31900): Converting to string: TypedValue{t=0x5/d=0xf01 a=2 r=0x7f0a0095}
W/Resources(31900): Converting to string: TypedValue{t=0x12/d=0x0 a=2 r=0x7f0b01c9}
W/Resources(31900): Converting to string: TypedValue{t=0x12/d=0x0 a=2 r=0x7f0b01ca}
W/Resources(31900): Converting to string: TypedValue{t=0x12/d=0x0 a=2 r=0x7f0b01cb}
W/Resources(31900): Converting to string: TypedValue{t=0x5/d=0x1401 a=2 r=0x7f0a0096}
W/Resources(31900): Converting to string: TypedValue{t=0x5/d=0x1001 a=2 r=0x7f0a0097}
W/Resources(31900): Converting to string: TypedValue{t=0x5/d=0x1401 a=2 r=0x7f0a0096}
W/Resources(31900): Converting to string: TypedValue{t=0x5/d=0xf01 a=2 r=0x7f0a0095}
W/Resources(31900): Converting to string: TypedValue{t=0x12/d=0x0 a=2 r=0x7f0b01c9}
W/Resources(31900): Converting to string: TypedValue{t=0x12/d=0x0 a=2 r=0x7f0b01ca}
W/Resources(31900): Converting to string: TypedValue{t=0x12/d=0x0 a=2 r=0x7f0b01cb}
W/Resources(31900): Converting to string: TypedValue{t=0x5/d=0x1401 a=2 r=0x7f0a0096}
W/Resources(31900): Converting to string: TypedValue{t=0x5/d=0x1001 a=2 r=0x7f0a0097}
W/Resources(31900): Converting to string: TypedValue{t=0x5/d=0x1401 a=2 r=0x7f0a0096}
W/Resources(31900): Converting to string: TypedValue{t=0x5/d=0xf01 a=2 r=0x7f0a0095}
W/Resources(31900): Converting to string: TypedValue{t=0x12/d=0x0 a=2 r=0x7f0b01c9}
W/Resources(31900): Converting to string: TypedValue{t=0x12/d=0x0 a=2 r=0x7f0b01ca}
W/Resources(31900): Converting to string: TypedValue{t=0x12/d=0x0 a=2 r=0x7f0b01cb}
W/Resources(31900): Converting to string: TypedValue{t=0x5/d=0x1401 a=2 r=0x7f0a0096}
W/Resources(31900): Converting to string: TypedValue{t=0x5/d=0x1001 a=2 r=0x7f0a0097}
W/Resources(31900): Converting to string: TypedValue{t=0x5/d=0x1401 a=2 r=0x7f0a0096}
W/Resources(31900): Converting to string: TypedValue{t=0x5/d=0xf01 a=2 r=0x7f0a0095}
W/Resources(31900): Converting to string: TypedValue{t=0x12/d=0x0 a=2 r=0x7f0b01c9}
W/Resources(31900): Converting to string: TypedValue{t=0x12/d=0x0 a=2 r=0x7f0b01ca}
W/Resources(31900): Converting to string: TypedValue{t=0x12/d=0x0 a=2 r=0x7f0b01cb}
I/USA Today - UALib(31900): App state changed
W/ActivityManager(  562): Unable to start service Intent { act=com.urbanairship.location.ACTION_STOP_UPDATES cmp=com.usatoday.android.news/com.urbanairship.location.LocationService } U=0: not found
I/USA Today - UALib(31900): App state changed
W/ActivityManager(  562): Unable to start service Intent { act=com.urbanairship.location.ACTION_STOP_UPDATES cmp=com.usatoday.android.news/com.urbanairship.location.LocationService } U=0: not found
D/UrlProducer(31900): Articles URL requested: http://api.gannett-cdn.com/mobilefeeds/fronts/v1/home_mobile/?siteId=1&hls=false&api_key=euc4uvhentf8r3dgt69483ad
I/USA Today - UALib(31900): Skipping refreshing messages, already refreshing.
I/USA Today - UALib(31900): App state changed
W/ActivityManager(  562): Unable to start service Intent { act=com.urbanairship.location.ACTION_STOP_UPDATES cmp=com.usatoday.android.news/com.urbanairship.location.LocationService } U=0: not found
D/LocationUtility(31900): Connected
I/ActivityManager(  562): Killing 30832:com.twitter.android/u0a45 (adj 15): empty #17
W/Resources(31900): Converting to string: TypedValue{t=0x5/d=0x4001 a=1 r=0x1050051}
W/Resources(31900): Converting to string: TypedValue{t=0x5/d=0x3801 a=1 r=0x105003a}
D/USA Today - UALib(31900): Sending analytic events. Request:  com.urbanairship.http.Request@1773e812 Events: [{"type":"app_foreground","event_id":"05772ac3-5c4b-4e4f-b8a7-18de7b5ca43e","time":"1432149081.519","data":{"connection_type":"wifi","carrier":"","time_zone":-14400,"daylight_savings":true,"notification_types":["sound","vibrate"],"os_version":"5.1.1","lib_version":"5.1.0","package_version":"2.7.2.1","push_enabled":true,"last_send_id":"08427980-fefe-11e4-befd-0010189575b4","session_id":"fd3d2978-6844-43e3-97dd-3f09071741a7"}}]
I/ActivityManager(  562): Displayed com.usatoday.android.news/com.gannett.android.news.ui.activity.ActivityNews: +1s19ms
D/InputManagerEventInjectionStrategy(31900): Creating injection strategy with input manager.
I/USA Today - UALib(31900): Warp 9 response: 200
V/MinimogrifierUtils(31900): resized image URL: http://www.gannett-cdn.com/-mm-/1e84e594a1b05ef1af2e7747d56bcc57c1e634c4/c=332-0-2658-2326&r=100x100&q=80/local/-/media/2015/05/20/USATODAY/USATODAY/635677176860156566-AFP-540886634-73179258.JPG
V/MinimogrifierUtils(31900): resized image URL: http://www.gannett-cdn.com/-mm-/0e21e38a5d6010ee3b175d6377350af4e68fabe0/c=277-0-1460-1183&r=100x100&q=80/local/-/media/2015/05/20/USATODAY/USATODAY/635677204355604134-AP-Secret-Space-Plane.jpg
V/MinimogrifierUtils(31900): resized image URL: http://www.gannett-cdn.com/-mm-/5e03108f4a2316fc7f97cc2215b6a2ada1f20c77/c=127-0-1874-1747&r=100x100&q=80/local/-/media/2015/05/18/USATODAY/USATODAY/635675459485750892-XXX-HARRYLETTERMAN-LETTERMAN-DCB-72685702.JPG
V/MinimogrifierUtils(31900): resized image URL: http://www.gannett-cdn.com/-mm-/13ee3905f46b4d35e3e88014430793e917e668c1/c=200-0-1400-1200&r=100x100&q=80/local/-/media/2015/05/18/USATODAY/USATODAY/635675461615049488-AXX-LETTERMAN-FORUM-27750201.JPG
V/MinimogrifierUtils(31900): resized image URL: http://www.gannett-cdn.com/-mm-/7fd7c757030aec625e297cdcda51e61b3792d7ac/c=746-0-3031-2285&r=100x100&q=80/local/-/media/2015/05/20/USATODAY/USATODAY/635677224486957349-AFP-532070162.jpg
V/MinimogrifierUtils(31900): resized image URL: http://www.gannett-cdn.com/-mm-/e8e292e56f8a2cf3b770f6415ab0109c0f370931/c=203-0-820-617&r=100x100&q=80/local/-/media/2015/05/19/USATODAY/USATODAY/635676755249961551-GTY-473890006-73140512.JPG
V/MinimogrifierUtils(31900): resized image URL: http://www.gannett-cdn.com/-mm-/e24d87fd38e98fda6acc25e0bf28ed45806a190f/c=136-0-350-214&r=100x100&q=80/local/-/media/2015/05/20/USATODAY/USATODAY/635676773869828367-waco-facebook.jpg
V/MinimogrifierUtils(31900): resized image URL: http://www.gannett-cdn.com/-mm-/4ff890760be7c024a382ffabeffe4e02461c015b/c=0-142-740-882&r=100x100&q=80/local/-/media/2015/05/19/USATODAY/USATODAY/635676753777246031-GTY-473889518-73140326.JPG
V/MinimogrifierUtils(31900): resized image URL: http://www.gannett-cdn.com/-mm-/20a8b540fbe6821669b22b4640350de5f3d8e048/c=450-0-1553-1103&r=100x100&q=80/local/-/media/2015/05/18/WFAA/WFAA/635675681309654873-0518-twinpeaks01.jpg
V/MinimogrifierUtils(31900): resized image URL: http://www.gannett-cdn.com/-mm-/767bf1ae75afee367121b81ec16afaadd65a3e39/c=811-0-4267-3456&r=100x100&q=80/local/-/media/2015/05/20/USATODAY/USATODAY/635677198642342155-tool-in-situ-being-unearthed-at-excavation-3.jpg
V/MinimogrifierUtils(31900): resized image URL: http://www.gannett-cdn.com/-mm-/a0e9ded469f0f9265a2194cf27b3c75cdbc1e08a/c=857-500-1572-1215&r=100x100&q=80/local/-/media/2015/05/20/USATODAY/USATODAY/635677225365359343-kenya-map2.jpg
V/MinimogrifierUtils(31900): resized image URL: http://www.gannett-cdn.com/-mm-/e867c02e55ca3d9bdd3d60dd0a5048f6e892cc49/c=0-438-1638-2076&r=100x100&q=80/local/-/media/2015/05/20/USATODAY/USATODAY/635677218493539147-Lomekwi-artefacts-Fig-5.jpg
V/MinimogrifierUtils(31900): resized image URL: http://www.gannett-cdn.com/-mm-/dc3256b131dbddbc752c37cfa3e35f7eac175e8e/c=290-0-4290-4000&r=100x100&q=80/local/-/media/2015/05/20/USATODAY/USATODAY/635677206257833419-Harmand-unearthing-tool.jpg
V/MinimogrifierUtils(31900): resized image URL: http://www.gannett-cdn.com/-mm-/05908c438e894257ab7c04c679d5999c0d463926/c=319-0-1819-1500&r=100x100&q=80/local/-/media/2015/05/20/USATODAY/USATODAY/635677152813109397-black-rhino.jpg
V/MinimogrifierUtils(31900): resized image URL: http://www.gannett-cdn.com/-mm-/66dae45a9f712802f6a6aab5fb4a2fb1f4b38099/c=500-0-2500-2000&r=100x100&q=80/local/-/media/2015/05/20/USATODAY/USATODAY/635677244977592411-GTY-474091202.jpg
V/MinimogrifierUtils(31900): resized image URL: http://www.gannett-cdn.com/-mm-/1150913b620086ae284cf6536b3cee3db55dc533/c=519-155-4211-3847&r=100x100&q=80/local/-/media/2015/05/20/USATODAY/USATODAY/635677266585021938-XXX-los-angeles-video-files111.JPG
V/MinimogrifierUtils(31900): resized image URL: http://www.gannett-cdn.com/-mm-/0ab56db6ed8497f67028a86cb1ce400f5a1227e4/c=101-0-1669-1568&r=100x100&q=80/local/-/media/2015/05/20/USATODAY/USATODAY/635677224445871767-Gray-whale-monterey.jpg
D/Transform(31900): UnknownAsset: com.gannett.android.exceptions.InvalidEntityException: text
D/Transform(31900): Dropped element 3
V/MinimogrifierUtils(31900): resized image URL: http://www.gannett-cdn.com/-mm-/8691f3f84cf00e292a67503cf4a97f0a74cb03b4/c=325-0-2321-1996&r=100x100&q=80/local/-/media/2015/05/20/USATODAY/USATODAY/635677200882876770-168484040.jpg
V/MinimogrifierUtils(31900): resized image URL: http://www.gannett-cdn.com/-mm-/f60ec644af07bcdb4f2a6ad3ad08e12fae14ef0a/c=515-0-2515-2000&r=100x100&q=80/local/-/media/2015/05/20/USATODAY/USATODAY/635677200873048266-161620503.jpg
V/MinimogrifierUtils(31900): resized image URL: http://www.gannett-cdn.com/-mm-/5a13fcbad6e0fe0032a5d07d1ad6eda4351f39e0/c=743-0-2637-1894&r=100x100&q=80/local/-/media/2015/05/20/USATODAY/USATODAY/635677200873516290-115279589.jpg
V/MinimogrifierUtils(31900): resized image URL: http://www.gannett-cdn.com/-mm-/6bdde223552389b958ccf402b07f67f395c8faf8/c=438-0-2438-2000&r=100x100&q=80/local/-/media/2015/05/20/USATODAY/USATODAY/635677151658242928-DISPATCHES-GroundZero-1.jpg
V/MinimogrifierUtils(31900): resized image URL: http://www.gannett-cdn.com/-mm-/d450819e0a5b25dfa607f1486a29276bff4a1a2e/c=960-0-4800-3840&r=100x100&q=80/local/-/media/2015/05/20/USATODAY/USATODAY/635677286869456724-AP-APTOPIX-One-World-Trade-Observatory-001.jpg
V/MinimogrifierUtils(31900): resized image URL: http://www.gannett-cdn.com/-mm-/ae1f2e633ecd45197f68197e402fed0eea41489d/c=1793-0-5393-3600&r=100x100&q=80/local/-/media/2015/05/20/USATODAY/USATODAY/635677286882873154-AP-APTOPIX-One-World-Trade-Observatory.jpg
V/MinimogrifierUtils(31900): resized image URL: http://www.gannett-cdn.com/-mm-/3ad2716a8f1c8e4338a1458f31d9944ecd8c4775/c=542-0-3077-2535&r=100x100&q=80/local/-/media/2015/05/20/USATODAY/USATODAY/635677243285427870-AP-Death-Penalty-Nebraska.jpg
V/MinimogrifierUtils(31900): resized image URL: http://www.gannett-cdn.com/-mm-/7dec13683162d7415966a6718990e00764831943/c=667-0-3431-2764&r=100x100&q=80/local/-/media/2015/05/20/USATODAY/USATODAY/635677251638296499-AP-Death-Penalty-Nebraska-001.jpg
V/MinimogrifierUtils(31900): resized image URL: http://www.gannett-cdn.com/-mm-/0535754a2333b2203914ed25df0dd77c14b30de7/c=390-361-1373-1344&r=100x100&q=80/local/-/media/2015/05/20/USATODAY/USATODAY/635677127638777098-USP-NCAA-FOOTBALL-WASHINGTON-AT-NOTRE-DAME-27712079.JPG
V/MinimogrifierUtils(31900): resized image URL: http://www.gannett-cdn.com/-mm-/3baec186bcff60ccf24b5eb99d8b1574426a34d0/c=642-420-2429-2207&r=100x100&q=80/local/-/media/2015/05/20/USATODAY/USATODAY/635677127638465088-USATSI-8205726.jpg
V/MinimogrifierUtils(31900): resized image URL: http://www.gannett-cdn.com/-mm-/b926228b50825ead144b581ec67b6ad502f9c94d/c=890-0-3741-2851&r=100x100&q=80/local/-/media/2015/05/20/USATODAY/usatsports/notre-dame-football.jpg
V/MinimogrifierUtils(31900): resized image URL: http://www.gannett-cdn.com/-mm-/9b214fe5a3562e38ab507054a0b6a3a9a91d4e32/c=824-0-4104-3280&r=100x100&q=80/local/-/media/2015/05/20/USATODAY/usatsports/touchdown-jesus.jpg
V/MinimogrifierUtils(31900): resized image URL: http://www.gannett-cdn.com/-mm-/fb62ce1c2ad1b4ef4d24ca4c572d823b910c5e27/c=676-0-3323-2647&r=100x100&q=80/local/-/media/2015/05/20/USATODAY/usatsports/notre-dame-players.jpg
V/MinimogrifierUtils(31900): resized image URL: http://www.gannett-cdn.com/-mm-/ce3cfa038e8659397880fbbce09d3cef9487f829/c=286-0-1753-1467&r=100x100&q=80/local/-/media/2015/05/20/USATODAY/usatsports/usatsi_8084808.jpg
V/MinimogrifierUtils(31900): resized image URL: http://www.gannett-cdn.com/-mm-/4782677657600c401cb22786c2891c2d4401cf19/c=681-0-2265-1584&r=100x100&q=80/local/-/media/2015/05/20/USATODAY/USATODAY/635676951919780761-XXX-PX33520.jpg
V/MinimogrifierUtils(31900): resized image URL: http://www.gannett-cdn.com/-mm-/fb2ca20680e83b1faa716c6fea59e87a3d634f2b/c=0-157-337-494&r=100x100&q=80/local/-/media/2015/05/20/USATODAY/USATODAY/635677161582344998-ThinkstockPhotos-99363378.jpg
