D/ADBMobile(31900): ADBMobile Debug : Analytics - Attempting to send request parameters(42964655?AQB=1&ndh=1&ce=UTF-8&c.&a.&DeviceName=Nexus%207&OSVersion=Android%205.1.1&Resolution=1200x1824&AppID=USA%20Today%202.7.2.1%20%2852%29&.a&gnt.&Orientation=portrait&prefs.&PushSegments=bknews%7Cnull%7Cnull%7Cnull%7Cnull%7Cnull&.prefs&MarketName=gpapermobileapp&quietTime=10%3A00pm%7C07%3A00am&ProductName=USATODAY%20for%20Android%20Tablet&ssts.&Section=News&Subsection=News%20Top%20Stories&.ssts&Location=38.932339%7C-77.2181978&zag.&zip=22102&.zag&ContentType=sectionfront&TimeValue=3%3A00PM&.gnt&.c&t=00%2F00%2F0000%2000%3A00%3A00%200%20240&pageName=News%7CNews%20Top%20Stories%7Cindex&aid=2AACFBD3851921B3-40000610A00022D1&AQE=1)
D/UserEdManager(31900): tryDisplayUserEd
D/UserEdManager(31900): hideAndResetUserEd
D/UrlProducer(31900): Breaking News URL requested: http://api.gannett-cdn.com/mobilefeeds/breakingnews/v1/mobile/?siteId=1&api_key=euc4uvhentf8r3dgt69483ad
D/LifecycleMonitor(31900): Lifecycle status change: com.gannett.android.news.ui.activity.ActivityNews@196798d4 in: STARTED
D/BaseActivity(31900): onResume()
D/LifecycleMonitor(31900): Lifecycle status change: com.gannett.android.news.ui.activity.ActivityNews@196798d4 in: RESUMED
V/WindowManager(  562): Adding window Window{3b72d5c0 u0 com.usatoday.android.news/com.gannett.android.news.ui.activity.ActivityNews} at 3 of 10 (before Window{1510ddcb u0 Starting com.usatoday.android.news})
W/ADBMobile(31900): ADBMobile Debug : Audience Manager - Unable to parse JSON data (No value for dests)
D/LocationUtility(31900): Connected
D/ADBMobile(31900): ADBMobile Debug : Analytics - Request Sent(http://gannett.112.2o7.net/b/ss/gpapermobileapp/0/JAVA-4.1.7-AN/s42964655?AQB=1&ndh=1&ce=UTF-8&c.&a.&DeviceName=Nexus%207&OSVersion=Android%205.1.1&Resolution=1200x1824&AppID=USA%20Today%202.7.2.1%20%2852%29&.a&gnt.&Orientation=portrait&prefs.&PushSegments=bknews%7Cnull%7Cnull%7Cnull%7Cnull%7Cnull&.prefs&MarketName=gpapermobileapp&quietTime=10%3A00pm%7C07%3A00am&ProductName=USATODAY%20for%20Android%20Tablet&ssts.&Section=News&Subsection=News%20Top%20Stories&.ssts&Location=38.932339%7C-77.2181978&zag.&zip=22102&.zag&ContentType=sectionfront&TimeValue=3%3A00PM&.gnt&.c&t=00%2F00%2F0000%2000%3A00%3A00%200%20240&pageName=News%7CNews%20Top%20Stories%7Cindex&aid=2AACFBD3851921B3-40000610A00022D1&AQE=1)
D/Transform(31900): BreakingNewsModule: com.gannett.android.exceptions.InvalidEntityException: no items
D/Transform(31900): BreakingNewsFeedImpl: com.gannett.android.exceptions.InvalidEntityException: no module
W/Resources(31900): Converting to string: TypedValue{t=0x12/d=0x0 a=2 r=0x7f0b0114}
W/Resources(31900): Converting to string: TypedValue{t=0x1d/d=0xffebebeb a=2 r=0x7f090013}
W/Resources(31900): Converting to string: TypedValue{t=0x12/d=0x0 a=2 r=0x7f0b0071}
W/Resources(31900): Converting to string: TypedValue{t=0x12/d=0x0 a=2 r=0x7f0b0115}
W/Resources(31900): Converting to string: TypedValue{t=0x1d/d=0xff000000 a=2 r=0x7f090017}
W/Resources(31900): Converting to string: TypedValue{t=0x12/d=0x0 a=2 r=0x7f0b0150}
W/Resources(31900): Converting to string: TypedValue{t=0x1d/d=0xffa01313 a=2 r=0x7f09001a}
W/Resources(31900): Converting to string: TypedValue{t=0x5/d=0x801 a=2 r=0x7f0a005c}
W/Resources(31900): Converting to string: TypedValue{t=0x5/d=0x401 a=2 r=0x7f0a005e}
W/Resources(31900): Converting to string: TypedValue{t=0x5/d=0x801 a=2 r=0x7f0a005c}
W/Resources(31900): Converting to string: TypedValue{t=0x5/d=0x401 a=2 r=0x7f0a005e}
W/Resources(31900): Converting to string: TypedValue{t=0x5/d=0x1001 a=2 r=0x7f0a0060}
W/Resources(31900): Converting to string: TypedValue{t=0x5/d=0x1001 a=2 r=0x7f0a0060}
W/Resources(31900): Converting to string: TypedValue{t=0x5/d=0x1001 a=2 r=0x7f0a0060}
W/Resources(31900): Converting to string: TypedValue{t=0x12/d=0x0 a=2 r=0x7f0b0151}
W/Resources(31900): Converting to string: TypedValue{t=0x5/d=0x1001 a=2 r=0x7f0a0068}
W/Resources(31900): Converting to string: TypedValue{t=0x5/d=0x401 a=2 r=0x7f0a005e}
W/Resources(31900): Converting to string: TypedValue{t=0x12/d=0x0 a=2 r=0x7f0b013c}
W/Resources(31900): Converting to string: TypedValue{t=0x5/d=0x1001 a=2 r=0x7f0a0068}
W/Resources(31900): Converting to string: TypedValue{t=0x5/d=0x1101 a=2 r=0x7f0a0084}
W/Resources(31900): Converting to string: TypedValue{t=0x12/d=0x0 a=2 r=0x7f0b0074}
V/MinimogrifierUtils(31900): resized image URL: http://www.gannett-cdn.com/-mm-/4e8bf00075770bc3e5230ff353b9d1cffabcd76f/c=253-0-3347-2326&r=1200x900&q=80/local/-/media/2015/05/20/USATODAY/USATODAY/635677176860156566-AFP-540886634-73179258.JPG
W/Resources(31900): Converting to string: TypedValue{t=0x12/d=0x0 a=2 r=0x7f0b01d9}
W/Resources(31900): Converting to string: TypedValue{t=0x1d/d=0xffeeeeee a=2 r=0x7f0900cd}
W/Resources(31900): Converting to string: TypedValue{t=0x5/d=0x1001 a=2 r=0x7f0a0060}
W/Resources(31900): Converting to string: TypedValue{t=0x5/d=0xc01 a=2 r=0x7f0a005d}
W/Resources(31900): Converting to string: TypedValue{t=0x5/d=0x801 a=2 r=0x7f0a005c}
W/Resources(31900): Converting to string: TypedValue{t=0x12/d=0x0 a=2 r=0x7f0b01da}
W/Resources(31900): Converting to string: TypedValue{t=0x5/d=0x801 a=2 r=0x7f0a005c}
W/Resources(31900): Converting to string: TypedValue{t=0x5/d=0x1001 a=2 r=0x7f0a0060}
W/Resources(31900): Converting to string: TypedValue{t=0x12/d=0x0 a=2 r=0x7f0b0213}
W/Resources(31900): Converting to string: TypedValue{t=0x12/d=0x0 a=2 r=0x7f0b0214}
W/Resources(31900): Converting to string: TypedValue{t=0x12/d=0x0 a=2 r=0x7f0b017c}
W/Resources(31900): Converting to string: TypedValue{t=0x12/d=0x0 a=2 r=0x7f0b0215}
W/Resources(31900): Converting to string: TypedValue{t=0x12/d=0x0 a=2 r=0x7f0b01db}
D/UrlProducer(31900): Weather URL requested: http://api.gannett-cdn.com/internal/weather/V5/accuweather/data/location/349727?LanguageId=1&Metric=false&format=json&api_key=7zh2888dfxtnttmpkq8wmj78
W/Resources(31900): Converting to string: TypedValue{t=0x1c/d=0x0 a=1 r=0x106000d}
W/Resources(31900): Converting to string: TypedValue{t=0x12/d=0x0 a=2 r=0x7f0b013b}
W/Resources(31900): Converting to string: TypedValue{t=0x5/d=0x1001 a=2 r=0x7f0a0060}
W/Resources(31900): Converting to string: TypedValue{t=0x5/d=0x801 a=2 r=0x7f0a005c}
W/Resources(31900): Converting to string: TypedValue{t=0x5/d=0x1001 a=2 r=0x7f0a0060}
W/Resources(31900): Converting to string: TypedValue{t=0x5/d=0x801 a=2 r=0x7f0a005c}
W/Resources(31900): Converting to string: TypedValue{t=0x5/d=0x3001 a=2 r=0x7f0a0066}
W/Resources(31900): Converting to string: TypedValue{t=0x12/d=0x0 a=2 r=0x7f0b0077}
W/Resources(31900): Converting to string: TypedValue{t=0x12/d=0x0 a=2 r=0x7f0b0071}
W/Resources(31900): Converting to string: TypedValue{t=0x1d/d=0xffc8c8c8 a=2 r=0x7f090019}
W/Resources(31900): Converting to string: TypedValue{t=0x5/d=0x5a01 a=2 r=0x7f0a0038}
W/Resources(31900): Converting to string: TypedValue{t=0x12/d=0x0 a=2 r=0x7f0b0116}
W/Resources(31900): Converting to string: TypedValue{t=0x12/d=0x0 a=2 r=0x7f0b013c}
W/Resources(31900): Converting to string: TypedValue{t=0x12/d=0x0 a=2 r=0x7f0b0074}
W/Resources(31900): Converting to string: TypedValue{t=0x12/d=0x0 a=2 r=0x7f0b0117}
W/Resources(31900): Converting to string: TypedValue{t=0x5/d=0x1001 a=2 r=0x7f0a0060}
W/Resources(31900): Converting to string: TypedValue{t=0x5/d=0x1001 a=2 r=0x7f0a0060}
V/MinimogrifierUtils(31900): resized image URL: http://www.gannett-cdn.com/-mm-/806f5c1b686d17e76d03e8a3549bb38910680139/c=68-0-1641-1183&r=228x168&q=80/local/-/media/2015/05/20/USATODAY/USATODAY/635677204355604134-AP-Secret-Space-Plane.jpg
W/Resources(31900): Converting to string: TypedValue{t=0x1c/d=0x0 a=1 r=0x106000d}
W/Resources(31900): Converting to string: TypedValue{t=0x12/d=0x0 a=2 r=0x7f0b013b}
W/Resources(31900): Converting to string: TypedValue{t=0x5/d=0x1001 a=2 r=0x7f0a0060}
W/Resources(31900): Converting to string: TypedValue{t=0x5/d=0x801 a=2 r=0x7f0a005c}
W/Resources(31900): Converting to string: TypedValue{t=0x5/d=0x1001 a=2 r=0x7f0a0060}
W/Resources(31900): Converting to string: TypedValue{t=0x5/d=0x801 a=2 r=0x7f0a005c}
W/Resources(31900): Converting to string: TypedValue{t=0x5/d=0x3001 a=2 r=0x7f0a0066}
W/Resources(31900): Converting to string: TypedValue{t=0x12/d=0x0 a=2 r=0x7f0b0077}
W/Resources(31900): Converting to string: TypedValue{t=0x12/d=0x0 a=2 r=0x7f0b0071}
W/Resources(31900): Converting to string: TypedValue{t=0x1d/d=0xffc8c8c8 a=2 r=0x7f090019}
W/Resources(31900): Converting to string: TypedValue{t=0x5/d=0x5a01 a=2 r=0x7f0a0038}
W/Resources(31900): Converting to string: TypedValue{t=0x12/d=0x0 a=2 r=0x7f0b0116}
W/Resources(31900): Converting to string: TypedValue{t=0x12/d=0x0 a=2 r=0x7f0b013c}
W/Resources(31900): Converting to string: TypedValue{t=0x12/d=0x0 a=2 r=0x7f0b0074}
W/Resources(31900): Converting to string: TypedValue{t=0x12/d=0x0 a=2 r=0x7f0b0117}
W/Resources(31900): Converting to string: TypedValue{t=0x5/d=0x1001 a=2 r=0x7f0a0060}
W/Resources(31900): Converting to string: TypedValue{t=0x5/d=0x1001 a=2 r=0x7f0a0060}
V/MinimogrifierUtils(31900): resized image URL: http://www.gannett-cdn.com/-mm-/043d89c706c5fa34ed1e1f20bdb462f0e66394b3/c=0-122-2000-1626&r=228x168&q=80/local/-/media/2015/05/18/USATODAY/USATODAY/635675459485750892-XXX-HARRYLETTERMAN-LETTERMAN-DCB-72685702.JPG
W/Resources(31900): Converting to string: TypedValue{t=0x1c/d=0x0 a=1 r=0x106000d}
W/Resources(31900): Converting to string: TypedValue{t=0x12/d=0x0 a=2 r=0x7f0b013b}
W/Resources(31900): Converting to string: TypedValue{t=0x5/d=0x1001 a=2 r=0x7f0a0060}
W/Resources(31900): Converting to string: TypedValue{t=0x5/d=0x801 a=2 r=0x7f0a005c}
W/Resources(31900): Converting to string: TypedValue{t=0x5/d=0x1001 a=2 r=0x7f0a0060}
W/Resources(31900): Converting to string: TypedValue{t=0x5/d=0x801 a=2 r=0x7f0a005c}
W/Resources(31900): Converting to string: TypedValue{t=0x5/d=0x3001 a=2 r=0x7f0a0066}
W/Resources(31900): Converting to string: TypedValue{t=0x12/d=0x0 a=2 r=0x7f0b0077}
W/Resources(31900): Converting to string: TypedValue{t=0x12/d=0x0 a=2 r=0x7f0b0071}
W/Resources(31900): Converting to string: TypedValue{t=0x1d/d=0xffc8c8c8 a=2 r=0x7f090019}
W/Resources(31900): Converting to string: TypedValue{t=0x5/d=0x5a01 a=2 r=0x7f0a0038}
W/Resources(31900): Converting to string: TypedValue{t=0x12/d=0x0 a=2 r=0x7f0b0116}
W/Resources(31900): Converting to string: TypedValue{t=0x12/d=0x0 a=2 r=0x7f0b013c}
W/Resources(31900): Converting to string: TypedValue{t=0x12/d=0x0 a=2 r=0x7f0b0074}
W/Resources(31900): Converting to string: TypedValue{t=0x12/d=0x0 a=2 r=0x7f0b0117}
W/Resources(31900): Converting to string: TypedValue{t=0x5/d=0x1001 a=2 r=0x7f0a0060}
W/Resources(31900): Converting to string: TypedValue{t=0x5/d=0x1001 a=2 r=0x7f0a0060}
V/MinimogrifierUtils(31900): resized image URL: http://www.gannett-cdn.com/-mm-/c866c84a52d04f0d2ec0f53ed59c656f3fe29a3a/c=368-0-3407-2285&r=228x168&q=80/local/-/media/2015/05/20/USATODAY/USATODAY/635677224486957349-AFP-532070162.jpg
W/Resources(31900): Converting to string: TypedValue{t=0x5/d=0x1401 a=2 r=0x7f0a0096}
W/Resources(31900): Converting to string: TypedValue{t=0x5/d=0x1001 a=2 r=0x7f0a0097}
W/Resources(31900): Converting to string: TypedValue{t=0x5/d=0x1401 a=2 r=0x7f0a0096}
W/Resources(31900): Converting to string: TypedValue{t=0x5/d=0xf01 a=2 r=0x7f0a0095}
W/Resources(31900): Converting to string: TypedValue{t=0x12/d=0x0 a=2 r=0x7f0b01c9}
W/Resources(31900): Converting to string: TypedValue{t=0x12/d=0x0 a=2 r=0x7f0b01ca}
W/Resources(31900): Converting to string: TypedValue{t=0x12/d=0x0 a=2 r=0x7f0b01cb}
W/Resources(31900): Converting to string: TypedValue{t=0x1d/d=0xfff9f9f9 a=2 r=0x7f0900a5}
W/Resources(31900): Converting to string: TypedValue{t=0x5/d=0x1401 a=2 r=0x7f0a0096}
W/Resources(31900): Converting to string: TypedValue{t=0x5/d=0x1001 a=2 r=0x7f0a0097}
W/Resources(31900): Converting to string: TypedValue{t=0x5/d=0x1401 a=2 r=0x7f0a0096}
W/Resources(31900): Converting to string: TypedValue{t=0x5/d=0xf01 a=2 r=0x7f0a0095}
W/Resources(31900): Converting to string: TypedValue{t=0x12/d=0x0 a=2 r=0x7f0b01c6}
W/Resources(31900): Converting to string: TypedValue{t=0x12/d=0x0 a=2 r=0x7f0b01c7}
W/Resources(31900): Converting to string: TypedValue{t=0x12/d=0x0 a=2 r=0x7f0b01c8}
W/Resources(31900): Converting to string: TypedValue{t=0x1d/d=0xfff9f9f9 a=2 r=0x7f0900a5}
W/Resources(31900): Converting to string: TypedValue{t=0x5/d=0x1401 a=2 r=0x7f0a0096}
W/Resources(31900): Converting to string: TypedValue{t=0x5/d=0x1001 a=2 r=0x7f0a0097}
W/Resources(31900): Converting to string: TypedValue{t=0x5/d=0x1401 a=2 r=0x7f0a0096}
W/Resources(31900): Converting to string: TypedValue{t=0x5/d=0xf01 a=2 r=0x7f0a0095}
W/Resources(31900): Converting to string: TypedValue{t=0x12/d=0x0 a=2 r=0x7f0b01c6}
W/Resources(31900): Converting to string: TypedValue{t=0x12/d=0x0 a=2 r=0x7f0b01c7}
W/Resources(31900): Converting to string: TypedValue{t=0x12/d=0x0 a=2 r=0x7f0b01c8}
W/Resources(31900): Converting to string: TypedValue{t=0x1d/d=0xfff9f9f9 a=2 r=0x7f0900a5}
W/Resources(31900): Converting to string: TypedValue{t=0x5/d=0x1401 a=2 r=0x7f0a0096}
W/Resources(31900): Converting to string: TypedValue{t=0x5/d=0x1001 a=2 r=0x7f0a0097}
W/Resources(31900): Converting to string: TypedValue{t=0x5/d=0x1401 a=2 r=0x7f0a0096}
W/Resources(31900): Converting to string: TypedValue{t=0x5/d=0xf01 a=2 r=0x7f0a0095}
W/Resources(31900): Converting to string: TypedValue{t=0x12/d=0x0 a=2 r=0x7f0b01c6}
W/Resources(31900): Converting to string: TypedValue{t=0x12/d=0x0 a=2 r=0x7f0b01c7}
W/Resources(31900): Converting to string: TypedValue{t=0x12/d=0x0 a=2 r=0x7f0b01c8}
W/Resources(31900): Converting to string: TypedValue{t=0x1d/d=0xfff9f9f9 a=2 r=0x7f0900a5}
W/Resources(31900): Converting to string: TypedValue{t=0x5/d=0x1401 a=2 r=0x7f0a0096}
W/Resources(31900): Converting to string: TypedValue{t=0x5/d=0x1001 a=2 r=0x7f0a0097}
W/Resources(31900): Converting to string: TypedValue{t=0x5/d=0x1401 a=2 r=0x7f0a0096}
W/Resources(31900): Converting to string: TypedValue{t=0x5/d=0xf01 a=2 r=0x7f0a0095}
W/Resources(31900): Converting to string: TypedValue{t=0x12/d=0x0 a=2 r=0x7f0b01c6}
W/Resources(31900): Converting to string: TypedValue{t=0x12/d=0x0 a=2 r=0x7f0b01c7}
W/Resources(31900): Converting to string: TypedValue{t=0x12/d=0x0 a=2 r=0x7f0b01c8}
W/Resources(31900): Converting to string: TypedValue{t=0x1d/d=0xfff9f9f9 a=2 r=0x7f0900a5}
W/Resources(31900): Converting to string: TypedValue{t=0x5/d=0x1401 a=2 r=0x7f0a0096}
W/Resources(31900): Converting to string: TypedValue{t=0x5/d=0x1001 a=2 r=0x7f0a0097}
W/Resources(31900): Converting to string: TypedValue{t=0x5/d=0x1401 a=2 r=0x7f0a0096}
W/Resources(31900): Converting to string: TypedValue{t=0x5/d=0xf01 a=2 r=0x7f0a0095}
W/Resources(31900): Converting to string: TypedValue{t=0x12/d=0x0 a=2 r=0x7f0b01c6}
W/Resources(31900): Converting to string: TypedValue{t=0x12/d=0x0 a=2 r=0x7f0b01c7}
W/Resources(31900): Converting to string: TypedValue{t=0x12/d=0x0 a=2 r=0x7f0b01c8}
W/Resources(31900): Converting to string: TypedValue{t=0x1d/d=0xfff9f9f9 a=2 r=0x7f0900a5}
W/Resources(31900): Converting to string: TypedValue{t=0x5/d=0x1401 a=2 r=0x7f0a0096}
W/Resources(31900): Converting to string: TypedValue{t=0x5/d=0x1001 a=2 r=0x7f0a0097}
W/Resources(31900): Converting to string: TypedValue{t=0x5/d=0x1401 a=2 r=0x7f0a0096}
W/Resources(31900): Converting to string: TypedValue{t=0x5/d=0xf01 a=2 r=0x7f0a0095}
W/Resources(31900): Converting to string: TypedValue{t=0x12/d=0x0 a=2 r=0x7f0b01c6}
W/Resources(31900): Converting to string: TypedValue{t=0x12/d=0x0 a=2 r=0x7f0b01c7}
W/Resources(31900): Converting to string: TypedValue{t=0x12/d=0x0 a=2 r=0x7f0b01c8}
W/Resources(31900): Converting to string: TypedValue{t=0x1d/d=0xfff9f9f9 a=2 r=0x7f0900a5}
W/Resources(31900): Converting to string: TypedValue{t=0x5/d=0x1401 a=2 r=0x7f0a0096}
W/Resources(31900): Converting to string: TypedValue{t=0x5/d=0x1001 a=2 r=0x7f0a0097}
W/Resources(31900): Converting to string: TypedValue{t=0x5/d=0x1401 a=2 r=0x7f0a0096}
W/Resources(31900): Converting to string: TypedValue{t=0x5/d=0xf01 a=2 r=0x7f0a0095}
W/Resources(31900): Converting to string: TypedValue{t=0x12/d=0x0 a=2 r=0x7f0b01c6}
W/Resources(31900): Converting to string: TypedValue{t=0x12/d=0x0 a=2 r=0x7f0b01c7}
W/Resources(31900): Converting to string: TypedValue{t=0x12/d=0x0 a=2 r=0x7f0b01c8}
W/Resources(31900): Converting to string: TypedValue{t=0x1d/d=0xfff9f9f9 a=2 r=0x7f0900a5}
W/Resources(31900): Converting to string: TypedValue{t=0x5/d=0x1401 a=2 r=0x7f0a0096}
W/Resources(31900): Converting to string: TypedValue{t=0x5/d=0x1001 a=2 r=0x7f0a0097}
W/Resources(31900): Converting to string: TypedValue{t=0x5/d=0x1401 a=2 r=0x7f0a0096}
W/Resources(31900): Converting to string: TypedValue{t=0x5/d=0xf01 a=2 r=0x7f0a0095}
W/Resources(31900): Converting to string: TypedValue{t=0x12/d=0x0 a=2 r=0x7f0b01c6}
W/Resources(31900): Converting to string: TypedValue{t=0x12/d=0x0 a=2 r=0x7f0b01c7}
W/Resources(31900): Converting to string: TypedValue{t=0x12/d=0x0 a=2 r=0x7f0b01c8}
W/Resources(31900): Converting to string: TypedValue{t=0x1d/d=0xfff9f9f9 a=2 r=0x7f0900a5}
W/Resources(31900): Converting to string: TypedValue{t=0x5/d=0x1401 a=2 r=0x7f0a0096}
W/Resources(31900): Converting to string: TypedValue{t=0x5/d=0x1001 a=2 r=0x7f0a0097}
W/Resources(31900): Converting to string: TypedValue{t=0x5/d=0x1401 a=2 r=0x7f0a0096}
W/Resources(31900): Converting to string: TypedValue{t=0x5/d=0xf01 a=2 r=0x7f0a0095}
W/Resources(31900): Converting to string: TypedValue{t=0x12/d=0x0 a=2 r=0x7f0b01c6}
W/Resources(31900): Converting to string: TypedValue{t=0x12/d=0x0 a=2 r=0x7f0b01c7}
W/Resources(31900): Converting to string: TypedValue{t=0x12/d=0x0 a=2 r=0x7f0b01c8}
W/Resources(31900): Converting to string: TypedValue{t=0x5/d=0x1401 a=2 r=0x7f0a0096}
W/Resources(31900): Converting to string: TypedValue{t=0x5/d=0x1001 a=2 r=0x7f0a0097}
W/Resources(31900): Converting to string: TypedValue{t=0x5/d=0x1401 a=2 r=0x7f0a0096}
W/Resources(31900): Converting to string: TypedValue{t=0x5/d=0xf01 a=2 r=0x7f0a0095}
W/Resources(31900): Converting to string: TypedValue{t=0x12/d=0x0 a=2 r=0x7f0b01c9}
W/Resources(31900): Converting to string: TypedValue{t=0x12/d=0x0 a=2 r=0x7f0b01ca}
W/Resources(31900): Converting to string: TypedValue{t=0x12/d=0x0 a=2 r=0x7f0b01cb}
W/Resources(31900): Converting to string: TypedValue{t=0x5/d=0x1401 a=2 r=0x7f0a0096}
W/Resources(31900): Converting to string: TypedValue{t=0x5/d=0x1001 a=2 r=0x7f0a0097}
W/Resources(31900): Converting to string: TypedValue{t=0x5/d=0x1401 a=2 r=0x7f0a0096}
W/Resources(31900): Converting to string: TypedValue{t=0x5/d=0xf01 a=2 r=0x7f0a0095}
W/Resources(31900): Converting to string: TypedValue{t=0x12/d=0x0 a=2 r=0x7f0b01c9}
W/Resources(31900): Converting to string: TypedValue{t=0x12/d=0x0 a=2 r=0x7f0b01ca}
W/Resources(31900): Converting to string: TypedValue{t=0x12/d=0x0 a=2 r=0x7f0b01cb}
W/Resources(31900): Converting to string: TypedValue{t=0x5/d=0x1401 a=2 r=0x7f0a0096}
W/Resources(31900): Converting to string: TypedValue{t=0x5/d=0x1001 a=2 r=0x7f0a0097}
W/Resources(31900): Converting to string: TypedValue{t=0x5/d=0x1401 a=2 r=0x7f0a0096}
W/Resources(31900): Converting to string: TypedValue{t=0x5/d=0xf01 a=2 r=0x7f0a0095}
W/Resources(31900): Converting to string: TypedValue{t=0x12/d=0x0 a=2 r=0x7f0b01c9}
W/Resources(31900): Converting to string: TypedValue{t=0x12/d=0x0 a=2 r=0x7f0b01ca}
W/Resources(31900): Converting to string: TypedValue{t=0x12/d=0x0 a=2 r=0x7f0b01cb}
W/Resources(31900): Converting to string: TypedValue{t=0x5/d=0x1401 a=2 r=0x7f0a0096}
W/Resources(31900): Converting to string: TypedValue{t=0x5/d=0x1001 a=2 r=0x7f0a0097}
W/Resources(31900): Converting to string: TypedValue{t=0x5/d=0x1401 a=2 r=0x7f0a0096}
W/Resources(31900): Converting to string: TypedValue{t=0x5/d=0xf01 a=2 r=0x7f0a0095}
W/Resources(31900): Converting to string: TypedValue{t=0x12/d=0x0 a=2 r=0x7f0b01c9}
W/Resources(31900): Converting to string: TypedValue{t=0x12/d=0x0 a=2 r=0x7f0b01ca}
W/Resources(31900): Converting to string: TypedValue{t=0x12/d=0x0 a=2 r=0x7f0b01cb}
W/Resources(31900): Converting to string: TypedValue{t=0x5/d=0x1401 a=2 r=0x7f0a0096}
W/Resources(31900): Converting to string: TypedValue{t=0x5/d=0x1001 a=2 r=0x7f0a0097}
W/Resources(31900): Converting to string: TypedValue{t=0x5/d=0x1401 a=2 r=0x7f0a0096}
W/Resources(31900): Converting to string: TypedValue{t=0x5/d=0xf01 a=2 r=0x7f0a0095}
W/Resources(31900): Converting to string: TypedValue{t=0x12/d=0x0 a=2 r=0x7f0b01c9}
W/Resources(31900): Converting to string: TypedValue{t=0x12/d=0x0 a=2 r=0x7f0b01ca}
W/Resources(31900): Converting to string: TypedValue{t=0x12/d=0x0 a=2 r=0x7f0b01cb}
I/Ads     (31900): Ad finished loading.
D/DfpAdRetriever(31900): Ads: ad retrieved: section_front
W/Resources(31900): Converting to string: TypedValue{t=0x5/d=0x4001 a=1 r=0x1050051}
W/Resources(31900): Converting to string: TypedValue{t=0x5/d=0x3801 a=1 r=0x105003a}
W/Resources(31900): Converting to string: TypedValue{t=0x5/d=0x4001 a=1 r=0x1050051}
W/Resources(31900): Converting to string: TypedValue{t=0x5/d=0x3801 a=1 r=0x105003a}
W/Resources(31900): Converting to string: TypedValue{t=0x5/d=0x4001 a=1 r=0x1050051}
W/Resources(31900): Converting to string: TypedValue{t=0x5/d=0x3801 a=1 r=0x105003a}
D/BreakingNewsRetriever(31900): onError() com.gannett.android.exceptions.EmptyFeedException: Unrecoverable transform error deserializing BreakingNewsFeedImpl
I/ActivityManager(  562): Displayed com.usatoday.android.news/com.gannett.android.news.ui.activity.ActivityNews: +483ms
D/GravityWell(31900): Checking gravity config for ad ID: usatoday_tablet/android_tablet_app-high_impact
I/Ads     (31900): Ad finished loading.
D/DfpAdRetriever(31900): Ads: ad retrieved: section_front
I/Ads     ( 6165): CsiReporterFactory: CSI is not enabled. No CSI reporter created.
I/Ads     ( 6165): CsiReporterFactory: CSI is not enabled. No CSI reporter created.
I/ViewInteraction(31900): Performing 'check drawer' action on view with id: com.usatoday.android.news:id/nav_drawer
I/Ads     (31900): Ad finished loading.
D/DfpAdRetriever(31900): Ads: ad retrieved: section_front
I/Ads     ( 6165): CsiReporterFactory: CSI is not enabled. No CSI reporter created.
I/ViewInteraction(31900): Performing 'register idling drawer listener' action on view with id: com.usatoday.android.news:id/nav_drawer
I/ViewInteraction(31900): Performing 'open drawer' action on view with id: com.usatoday.android.news:id/nav_drawer
W/art     (31900): Attempt to remove local handle scope entry from IRT, ignoring
W/AwContents(31900): onDetachedFromWindow called when already detached. Ignoring
W/art     (31900): Attempt to remove local handle scope entry from IRT, ignoring
W/art     (31900): Attempt to remove local handle scope entry from IRT, ignoring
W/art     (31900): Attempt to remove local handle scope entry from IRT, ignoring
W/AwContents(31900): onDetachedFromWindow called when already detached. Ignoring
W/art     (31900): Attempt to remove local handle scope entry from IRT, ignoring
W/art     (31900): Attempt to remove local handle scope entry from IRT, ignoring
W/UiControllerImpl(31900): Waiting for: DYNAMIC_TASKS_HAVE_IDLED for 100 iterations.
D/TaskPersister(  562): removeObsoleteFile: deleting file=12669_task.xml
D/TaskPersister(  562): removeObsoleteFile: deleting file=12669_task_thumbnail.png
W/art     (31900): Attempt to remove local handle scope entry from IRT, ignoring
W/AwContents(31900): onDetachedFromWindow called when already detached. Ignoring
W/art     (31900): Attempt to remove local handle scope entry from IRT, ignoring
W/art     (31900): Attempt to remove local handle scope entry from IRT, ignoring
W/UiControllerImpl(31900): Waiting for: DYNAMIC_TASKS_HAVE_IDLED for 200 iterations.
D/audio_hw_primary(  184): disable_audio_route: reset and update mixer path: low-latency-playback
D/audio_hw_primary(  184): disable_snd_device: snd_device(2: speaker)
I/ViewInteraction(31900): Performing 'unregister idling drawer listener' action on view with id: com.usatoday.android.news:id/nav_drawer
I/ViewInteraction(31900): Performing 'single click' action on view (with id: com.usatoday.android.news:id/nav_section_name and with text: is "News")
W/BindingManager(31900): Cannot call determinedVisibility() - never saw a connection for the pid: 31900
W/BindingManager(31900): Cannot call determinedVisibility() - never saw a connection for the pid: 31900
W/BindingManager(31900): Cannot call determinedVisibility() - never saw a connection for the pid: 31900
W/Resources(31900): Converting to string: TypedValue{t=0x1d/d=0xfff9f9f9 a=2 r=0x7f0900a5}
W/Resources(31900): Converting to string: TypedValue{t=0x5/d=0x1401 a=2 r=0x7f0a0096}
W/Resources(31900): Converting to string: TypedValue{t=0x5/d=0x1001 a=2 r=0x7f0a0097}
W/Resources(31900): Converting to string: TypedValue{t=0x5/d=0x1401 a=2 r=0x7f0a0096}
W/Resources(31900): Converting to string: TypedValue{t=0x5/d=0xf01 a=2 r=0x7f0a0095}
W/Resources(31900): Converting to string: TypedValue{t=0x12/d=0x0 a=2 r=0x7f0b01c6}
W/Resources(31900): Converting to string: TypedValue{t=0x12/d=0x0 a=2 r=0x7f0b01c7}
W/Resources(31900): Converting to string: TypedValue{t=0x12/d=0x0 a=2 r=0x7f0b01c8}
W/Resources(31900): Converting to string: TypedValue{t=0x1d/d=0xfff9f9f9 a=2 r=0x7f0900a5}
W/Resources(31900): Converting to string: TypedValue{t=0x5/d=0x1401 a=2 r=0x7f0a0096}
W/Resources(31900): Converting to string: TypedValue{t=0x5/d=0x1001 a=2 r=0x7f0a0097}
W/Resources(31900): Converting to string: TypedValue{t=0x5/d=0x1401 a=2 r=0x7f0a0096}
W/Resources(31900): Converting to string: TypedValue{t=0x5/d=0xf01 a=2 r=0x7f0a0095}
W/Resources(31900): Converting to string: TypedValue{t=0x12/d=0x0 a=2 r=0x7f0b01c6}
W/Resources(31900): Converting to string: TypedValue{t=0x12/d=0x0 a=2 r=0x7f0b01c7}
W/Resources(31900): Converting to string: TypedValue{t=0x12/d=0x0 a=2 r=0x7f0b01c8}
W/Resources(31900): Converting to string: TypedValue{t=0x1d/d=0xfff9f9f9 a=2 r=0x7f0900a5}
W/Resources(31900): Converting to string: TypedValue{t=0x5/d=0x1401 a=2 r=0x7f0a0096}
W/Resources(31900): Converting to string: TypedValue{t=0x5/d=0x1001 a=2 r=0x7f0a0097}
W/Resources(31900): Converting to string: TypedValue{t=0x5/d=0x1401 a=2 r=0x7f0a0096}
W/Resources(31900): Converting to string: TypedValue{t=0x5/d=0xf01 a=2 r=0x7f0a0095}
W/Resources(31900): Converting to string: TypedValue{t=0x12/d=0x0 a=2 r=0x7f0b01c6}
W/Resources(31900): Converting to string: TypedValue{t=0x12/d=0x0 a=2 r=0x7f0b01c7}
W/Resources(31900): Converting to string: TypedValue{t=0x12/d=0x0 a=2 r=0x7f0b01c8}
W/Resources(31900): Converting to string: TypedValue{t=0x1d/d=0xfff9f9f9 a=2 r=0x7f0900a5}
W/Resources(31900): Converting to string: TypedValue{t=0x5/d=0x1401 a=2 r=0x7f0a0096}
W/Resources(31900): Converting to string: TypedValue{t=0x5/d=0x1001 a=2 r=0x7f0a0097}
W/Resources(31900): Converting to string: TypedValue{t=0x5/d=0x1401 a=2 r=0x7f0a0096}
W/Resources(31900): Converting to string: TypedValue{t=0x5/d=0xf01 a=2 r=0x7f0a0095}
W/Resources(31900): Converting to string: TypedValue{t=0x12/d=0x0 a=2 r=0x7f0b01c6}
W/Resources(31900): Converting to string: TypedValue{t=0x12/d=0x0 a=2 r=0x7f0b01c7}
W/Resources(31900): Converting to string: TypedValue{t=0x12/d=0x0 a=2 r=0x7f0b01c8}
W/Resources(31900): Converting to string: TypedValue{t=0x1d/d=0xfff9f9f9 a=2 r=0x7f0900a5}
W/Resources(31900): Converting to string: TypedValue{t=0x5/d=0x1401 a=2 r=0x7f0a0096}
W/Resources(31900): Converting to string: TypedValue{t=0x5/d=0x1001 a=2 r=0x7f0a0097}
W/Resources(31900): Converting to string: TypedValue{t=0x5/d=0x1401 a=2 r=0x7f0a0096}
W/Resources(31900): Converting to string: TypedValue{t=0x5/d=0xf01 a=2 r=0x7f0a0095}
W/Resources(31900): Converting to string: TypedValue{t=0x12/d=0x0 a=2 r=0x7f0b01c6}
W/Resources(31900): Converting to string: TypedValue{t=0x12/d=0x0 a=2 r=0x7f0b01c7}
W/Resources(31900): Converting to string: TypedValue{t=0x12/d=0x0 a=2 r=0x7f0b01c8}
W/Resources(31900): Converting to string: TypedValue{t=0x1d/d=0xfff9f9f9 a=2 r=0x7f0900a5}
W/Resources(31900): Converting to string: TypedValue{t=0x5/d=0x1401 a=2 r=0x7f0a0096}
W/Resources(31900): Converting to string: TypedValue{t=0x5/d=0x1001 a=2 r=0x7f0a0097}
W/Resources(31900): Converting to string: TypedValue{t=0x5/d=0x1401 a=2 r=0x7f0a0096}
W/Resources(31900): Converting to string: TypedValue{t=0x5/d=0xf01 a=2 r=0x7f0a0095}
W/Resources(31900): Converting to string: TypedValue{t=0x12/d=0x0 a=2 r=0x7f0b01c6}
W/Resources(31900): Converting to string: TypedValue{t=0x12/d=0x0 a=2 r=0x7f0b01c7}
W/Resources(31900): Converting to string: TypedValue{t=0x12/d=0x0 a=2 r=0x7f0b01c8}
W/Resources(31900): Converting to string: TypedValue{t=0x1d/d=0xfff9f9f9 a=2 r=0x7f0900a5}
W/Resources(31900): Converting to string: TypedValue{t=0x5/d=0x1401 a=2 r=0x7f0a0096}
W/Resources(31900): Converting to string: TypedValue{t=0x5/d=0x1001 a=2 r=0x7f0a0097}
W/Resources(31900): Converting to string: TypedValue{t=0x5/d=0x1401 a=2 r=0x7f0a0096}
W/Resources(31900): Converting to string: TypedValue{t=0x5/d=0xf01 a=2 r=0x7f0a0095}
W/Resources(31900): Converting to string: TypedValue{t=0x12/d=0x0 a=2 r=0x7f0b01c6}
W/Resources(31900): Converting to string: TypedValue{t=0x12/d=0x0 a=2 r=0x7f0b01c7}
W/Resources(31900): Converting to string: TypedValue{t=0x12/d=0x0 a=2 r=0x7f0b01c8}
W/Resources(31900): Converting to string: TypedValue{t=0x1d/d=0xfff9f9f9 a=2 r=0x7f0900a5}
W/Resources(31900): Converting to string: TypedValue{t=0x5/d=0x1401 a=2 r=0x7f0a0096}
W/Resources(31900): Converting to string: TypedValue{t=0x5/d=0x1001 a=2 r=0x7f0a0097}
W/Resources(31900): Converting to string: TypedValue{t=0x5/d=0x1401 a=2 r=0x7f0a0096}
W/Resources(31900): Converting to string: TypedValue{t=0x5/d=0xf01 a=2 r=0x7f0a0095}
W/Resources(31900): Converting to string: TypedValue{t=0x12/d=0x0 a=2 r=0x7f0b01c6}
W/Resources(31900): Converting to string: TypedValue{t=0x12/d=0x0 a=2 r=0x7f0b01c7}
W/Resources(31900): Converting to string: TypedValue{t=0x12/d=0x0 a=2 r=0x7f0b01c8}
W/Resources(31900): Converting to string: TypedValue{t=0x1d/d=0xfff9f9f9 a=2 r=0x7f0900a5}
W/Resources(31900): Converting to string: TypedValue{t=0x5/d=0x1401 a=2 r=0x7f0a0096}
W/Resources(31900): Converting to string: TypedValue{t=0x5/d=0x1001 a=2 r=0x7f0a0097}
W/Resources(31900): Converting to string: TypedValue{t=0x5/d=0x1401 a=2 r=0x7f0a0096}
W/Resources(31900): Converting to string: TypedValue{t=0x5/d=0xf01 a=2 r=0x7f0a0095}
W/Resources(31900): Converting to string: TypedValue{t=0x12/d=0x0 a=2 r=0x7f0b01c6}
W/Resources(31900): Converting to string: TypedValue{t=0x12/d=0x0 a=2 r=0x7f0b01c7}
W/Resources(31900): Converting to string: TypedValue{t=0x12/d=0x0 a=2 r=0x7f0b01c8}
W/Resources(31900): Converting to string: TypedValue{t=0x5/d=0x1401 a=2 r=0x7f0a0096}
W/Resources(31900): Converting to string: TypedValue{t=0x5/d=0x1001 a=2 r=0x7f0a0097}
W/Resources(31900): Converting to string: TypedValue{t=0x5/d=0x1401 a=2 r=0x7f0a0096}
W/Resources(31900): Converting to string: TypedValue{t=0x5/d=0xf01 a=2 r=0x7f0a0095}
W/Resources(31900): Converting to string: TypedValue{t=0x12/d=0x0 a=2 r=0x7f0b01c9}
W/Resources(31900): Converting to string: TypedValue{t=0x12/d=0x0 a=2 r=0x7f0b01ca}
W/Resources(31900): Converting to string: TypedValue{t=0x12/d=0x0 a=2 r=0x7f0b01cb}
D/Finsky  (30568): [5162] AppStatesReplicator.handleContentSyncResponse: Completed 0 account content syncs with 0 successful.
D/Finsky  (30568): [1] 5.onFinished: Installation state replication succeeded.
I/Ads     (31900): Ad finished loading.
D/DfpAdRetriever(31900): Ads: ad retrieved: section_front
W/UiControllerImpl(31900): Waiting for: DELAY_HAS_PAST for 100 iterations.
I/Ads     (31900): Ad finished loading.
D/DfpAdRetriever(31900): Ads: ad retrieved: section_front
I/Ads     (31900): Ad finished loading.
D/DfpAdRetriever(31900): Ads: ad retrieved: section_front
I/Ads     (31900): Ad finished loading.
D/DfpAdRetriever(31900): Ads: ad retrieved: article_banner_top
I/Ads     (31900): Ad finished loading.
D/DfpAdRetriever(31900): Ads: ad retrieved: article_banner_bottom
I/ViewInteraction(31900): Performing 'single click' action on view (with id: com.usatoday.android.news:id/nav_child_text and with text: is "Top Stories")
D/NavigationActivity(31900): navigateTo():Top Stories
D/NavigationActivity(31900): executeNavigationIntent, this class: class com.gannett.android.news.ui.activity.ActivityNews, intent.getClass(): com.gannett.android.news.ui.activity.ActivityNews
D/audio_hw_primary(  184): select_devices: out_snd_device(2: speaker) in_snd_device(0: none)
D/ACDB-LOADER(  184): ACDB -> send_afe_cal
D/audio_hw_primary(  184): enable_snd_device: snd_device(2: speaker)
D/audio_hw_primary(  184): enable_audio_route: apply and update mixer path: low-latency-playback
D/UrlProducer(31900): Articles URL requested: http://api.gannett-cdn.com/mobilefeeds/fronts/v1/home_mobile/?siteId=1&hls=false&api_key=euc4uvhentf8r3dgt69483ad
D/DfpAdRetriever(31900): recording impression for section_front
D/ADBMobile(31900): ADBMobile Debug : Analytics - Attempting to send request parameters(12429183?AQB=1&ndh=1&ce=UTF-8&pev2=AMACTION%3Anavmenu%7Cnews_top_stories&c.&a.&DeviceName=Nexus%207&OSVersion=Android%205.1.1&Resolution=1200x1824&action=navmenu%7Cnews_top_stories&AppID=USA%20Today%202.7.2.1%20%2852%29&.a&gnt.&MarketName=gpapermobileapp&ProductName=USATODAY%20for%20Android%20Tablet&Orientation=portrait&TimeValue=3%3A00PM&.gnt&.c&t=00%2F00%2F0000%2000%3A00%3A00%200%20240&pageName=USA%20Today%202.7.2.1%20%2852%29&aid=2AACFBD3851921B3-40000610A00022D1&pe=lnk_o&AQE=1)
W/UiControllerImpl(31900): Waiting for: DELAY_HAS_PAST for 100 iterations.
D/ADBMobile(31900): ADBMobile Debug : Analytics - Request Sent(http://gannett.112.2o7.net/b/ss/gpapermobileapp/0/JAVA-4.1.7-AN/s12429183?AQB=1&ndh=1&ce=UTF-8&pev2=AMACTION%3Anavmenu%7Cnews_top_stories&c.&a.&DeviceName=Nexus%207&OSVersion=Android%205.1.1&Resolution=1200x1824&action=navmenu%7Cnews_top_stories&AppID=USA%20Today%202.7.2.1%20%2852%29&.a&gnt.&MarketName=gpapermobileapp&ProductName=USATODAY%20for%20Android%20Tablet&Orientation=portrait&TimeValue=3%3A00PM&.gnt&.c&t=00%2F00%2F0000%2000%3A00%3A00%200%20240&pageName=USA%20Today%202.7.2.1%20%2852%29&aid=2AACFBD3851921B3-40000610A00022D1&pe=lnk_o&AQE=1)
V/MinimogrifierUtils(31900): resized image URL: http://www.gannett-cdn.com/-mm-/1e84e594a1b05ef1af2e7747d56bcc57c1e634c4/c=332-0-2658-2326&r=100x100&q=80/local/-/media/2015/05/20/USATODAY/USATODAY/635677176860156566-AFP-540886634-73179258.JPG
V/MinimogrifierUtils(31900): resized image URL: http://www.gannett-cdn.com/-mm-/0e21e38a5d6010ee3b175d6377350af4e68fabe0/c=277-0-1460-1183&r=100x100&q=80/local/-/media/2015/05/20/USATODAY/USATODAY/635677204355604134-AP-Secret-Space-Plane.jpg
V/MinimogrifierUtils(31900): resized image URL: http://www.gannett-cdn.com/-mm-/5e03108f4a2316fc7f97cc2215b6a2ada1f20c77/c=127-0-1874-1747&r=100x100&q=80/local/-/media/2015/05/18/USATODAY/USATODAY/635675459485750892-XXX-HARRYLETTERMAN-LETTERMAN-DCB-72685702.JPG
V/MinimogrifierUtils(31900): resized image URL: http://www.gannett-cdn.com/-mm-/13ee3905f46b4d35e3e88014430793e917e668c1/c=200-0-1400-1200&r=100x100&q=80/local/-/media/2015/05/18/USATODAY/USATODAY/635675461615049488-AXX-LETTERMAN-FORUM-27750201.JPG
V/MinimogrifierUtils(31900): resized image URL: http://www.gannett-cdn.com/-mm-/7fd7c757030aec625e297cdcda51e61b3792d7ac/c=746-0-3031-2285&r=100x100&q=80/local/-/media/2015/05/20/USATODAY/USATODAY/635677224486957349-AFP-532070162.jpg
V/MinimogrifierUtils(31900): resized image URL: http://www.gannett-cdn.com/-mm-/e8e292e56f8a2cf3b770f6415ab0109c0f370931/c=203-0-820-617&r=100x100&q=80/local/-/media/2015/05/19/USATODAY/USATODAY/635676755249961551-GTY-473890006-73140512.JPG
V/MinimogrifierUtils(31900): resized image URL: http://www.gannett-cdn.com/-mm-/e24d87fd38e98fda6acc25e0bf28ed45806a190f/c=136-0-350-214&r=100x100&q=80/local/-/media/2015/05/20/USATODAY/USATODAY/635676773869828367-waco-facebook.jpg
V/MinimogrifierUtils(31900): resized image URL: http://www.gannett-cdn.com/-mm-/4ff890760be7c024a382ffabeffe4e02461c015b/c=0-142-740-882&r=100x100&q=80/local/-/media/2015/05/19/USATODAY/USATODAY/635676753777246031-GTY-473889518-73140326.JPG
V/MinimogrifierUtils(31900): resized image URL: http://www.gannett-cdn.com/-mm-/20a8b540fbe6821669b22b4640350de5f3d8e048/c=450-0-1553-1103&r=100x100&q=80/local/-/media/2015/05/18/WFAA/WFAA/635675681309654873-0518-twinpeaks01.jpg
V/MinimogrifierUtils(31900): resized image URL: http://www.gannett-cdn.com/-mm-/767bf1ae75afee367121b81ec16afaadd65a3e39/c=811-0-4267-3456&r=100x100&q=80/local/-/media/2015/05/20/USATODAY/USATODAY/635677198642342155-tool-in-situ-being-unearthed-at-excavation-3.jpg
D/DfpAdRetriever(31900): recording impression for section_front
D/DfpAdRetriever(31900): recording impression for section_front
V/MinimogrifierUtils(31900): resized image URL: http://www.gannett-cdn.com/-mm-/a0e9ded469f0f9265a2194cf27b3c75cdbc1e08a/c=857-500-1572-1215&r=100x100&q=80/local/-/media/2015/05/20/USATODAY/USATODAY/635677225365359343-kenya-map2.jpg
V/MinimogrifierUtils(31900): resized image URL: http://www.gannett-cdn.com/-mm-/e867c02e55ca3d9bdd3d60dd0a5048f6e892cc49/c=0-438-1638-2076&r=100x100&q=80/local/-/media/2015/05/20/USATODAY/USATODAY/635677218493539147-Lomekwi-artefacts-Fig-5.jpg
V/MinimogrifierUtils(31900): resized image URL: http://www.gannett-cdn.com/-mm-/dc3256b131dbddbc752c37cfa3e35f7eac175e8e/c=290-0-4290-4000&r=100x100&q=80/local/-/media/2015/05/20/USATODAY/USATODAY/635677206257833419-Harmand-unearthing-tool.jpg
V/MinimogrifierUtils(31900): resized image URL: http://www.gannett-cdn.com/-mm-/05908c438e894257ab7c04c679d5999c0d463926/c=319-0-1819-1500&r=100x100&q=80/local/-/media/2015/05/20/USATODAY/USATODAY/635677152813109397-black-rhino.jpg
V/MinimogrifierUtils(31900): resized image URL: http://www.gannett-cdn.com/-mm-/66dae45a9f712802f6a6aab5fb4a2fb1f4b38099/c=500-0-2500-2000&r=100x100&q=80/local/-/media/2015/05/20/USATODAY/USATODAY/635677244977592411-GTY-474091202.jpg
V/MinimogrifierUtils(31900): resized image URL: http://www.gannett-cdn.com/-mm-/1150913b620086ae284cf6536b3cee3db55dc533/c=519-155-4211-3847&r=100x100&q=80/local/-/media/2015/05/20/USATODAY/USATODAY/635677266585021938-XXX-los-angeles-video-files111.JPG
V/MinimogrifierUtils(31900): resized image URL: http://www.gannett-cdn.com/-mm-/0ab56db6ed8497f67028a86cb1ce400f5a1227e4/c=101-0-1669-1568&r=100x100&q=80/local/-/media/2015/05/20/USATODAY/USATODAY/635677224445871767-Gray-whale-monterey.jpg
D/Transform(31900): UnknownAsset: com.gannett.android.exceptions.InvalidEntityException: text
D/Transform(31900): Dropped element 3
V/MinimogrifierUtils(31900): resized image URL: http://www.gannett-cdn.com/-mm-/8691f3f84cf00e292a67503cf4a97f0a74cb03b4/c=325-0-2321-1996&r=100x100&q=80/local/-/media/2015/05/20/USATODAY/USATODAY/635677200882876770-168484040.jpg
V/MinimogrifierUtils(31900): resized image URL: http://www.gannett-cdn.com/-mm-/f60ec644af07bcdb4f2a6ad3ad08e12fae14ef0a/c=515-0-2515-2000&r=100x100&q=80/local/-/media/2015/05/20/USATODAY/USATODAY/635677200873048266-161620503.jpg
V/MinimogrifierUtils(31900): resized image URL: http://www.gannett-cdn.com/-mm-/5a13fcbad6e0fe0032a5d07d1ad6eda4351f39e0/c=743-0-2637-1894&r=100x100&q=80/local/-/media/2015/05/20/USATODAY/USATODAY/635677200873516290-115279589.jpg
V/MinimogrifierUtils(31900): resized image URL: http://www.gannett-cdn.com/-mm-/6bdde223552389b958ccf402b07f67f395c8faf8/c=438-0-2438-2000&r=100x100&q=80/local/-/media/2015/05/20/USATODAY/USATODAY/635677151658242928-DISPATCHES-GroundZero-1.jpg
V/MinimogrifierUtils(31900): resized image URL: http://www.gannett-cdn.com/-mm-/d450819e0a5b25dfa607f1486a29276bff4a1a2e/c=960-0-4800-3840&r=100x100&q=80/local/-/media/2015/05/20/USATODAY/USATODAY/635677286869456724-AP-APTOPIX-One-World-Trade-Observatory-001.jpg
V/MinimogrifierUtils(31900): resized image URL: http://www.gannett-cdn.com/-mm-/ae1f2e633ecd45197f68197e402fed0eea41489d/c=1793-0-5393-3600&r=100x100&q=80/local/-/media/2015/05/20/USATODAY/USATODAY/635677286882873154-AP-APTOPIX-One-World-Trade-Observatory.jpg
V/MinimogrifierUtils(31900): resized image URL: http://www.gannett-cdn.com/-mm-/3ad2716a8f1c8e4338a1458f31d9944ecd8c4775/c=542-0-3077-2535&r=100x100&q=80/local/-/media/2015/05/20/USATODAY/USATODAY/635677243285427870-AP-Death-Penalty-Nebraska.jpg
V/MinimogrifierUtils(31900): resized image URL: http://www.gannett-cdn.com/-mm-/7dec13683162d7415966a6718990e00764831943/c=667-0-3431-2764&r=100x100&q=80/local/-/media/2015/05/20/USATODAY/USATODAY/635677251638296499-AP-Death-Penalty-Nebraska-001.jpg
V/MinimogrifierUtils(31900): resized image URL: http://www.gannett-cdn.com/-mm-/0535754a2333b2203914ed25df0dd77c14b30de7/c=390-361-1373-1344&r=100x100&q=80/local/-/media/2015/05/20/USATODAY/USATODAY/635677127638777098-USP-NCAA-FOOTBALL-WASHINGTON-AT-NOTRE-DAME-27712079.JPG
V/MinimogrifierUtils(31900): resized image URL: http://www.gannett-cdn.com/-mm-/3baec186bcff60ccf24b5eb99d8b1574426a34d0/c=642-420-2429-2207&r=100x100&q=80/local/-/media/2015/05/20/USATODAY/USATODAY/635677127638465088-USATSI-8205726.jpg
V/MinimogrifierUtils(31900): resized image URL: http://www.gannett-cdn.com/-mm-/b926228b50825ead144b581ec67b6ad502f9c94d/c=890-0-3741-2851&r=100x100&q=80/local/-/media/2015/05/20/USATODAY/usatsports/notre-dame-football.jpg
V/MinimogrifierUtils(31900): resized image URL: http://www.gannett-cdn.com/-mm-/9b214fe5a3562e38ab507054a0b6a3a9a91d4e32/c=824-0-4104-3280&r=100x100&q=80/local/-/media/2015/05/20/USATODAY/usatsports/touchdown-jesus.jpg
V/MinimogrifierUtils(31900): resized image URL: http://www.gannett-cdn.com/-mm-/fb62ce1c2ad1b4ef4d24ca4c572d823b910c5e27/c=676-0-3323-2647&r=100x100&q=80/local/-/media/2015/05/20/USATODAY/usatsports/notre-dame-players.jpg
V/MinimogrifierUtils(31900): resized image URL: http://www.gannett-cdn.com/-mm-/ce3cfa038e8659397880fbbce09d3cef9487f829/c=286-0-1753-1467&r=100x100&q=80/local/-/media/2015/05/20/USATODAY/usatsports/usatsi_8084808.jpg
V/MinimogrifierUtils(31900): resized image URL: http://www.gannett-cdn.com/-mm-/4782677657600c401cb22786c2891c2d4401cf19/c=681-0-2265-1584&r=100x100&q=80/local/-/media/2015/05/20/USATODAY/USATODAY/635676951919780761-XXX-PX33520.jpg
V/MinimogrifierUtils(31900): resized image URL: http://www.gannett-cdn.com/-mm-/fb2ca20680e83b1faa716c6fea59e87a3d634f2b/c=0-157-337-494&r=100x100&q=80/local/-/media/2015/05/20/USATODAY/USATODAY/635677161582344998-ThinkstockPhotos-99363378.jpg
V/MinimogrifierUtils(31900): resized image URL: http://www.gannett-cdn.com/-mm-/3366b43cd0ba6ea2e5de3b66bf69a9d28e99e37d/c=850-0-4150-3300&r=100x100&q=80/local/-/media/2015/05/15/USATODAY/USATODAY/635672680942124237-AFP-534000188-67707930.JPG
V/MinimogrifierUtils(31900): resized image URL: http://www.gannett-cdn.com/-mm-/a304810f2c2a53d96eb1901555ef82cf797d07d1/c=164-0-861-697&r=100x100&q=80/local/-/media/2015/05/20/USATODAY/usatsports/gty_169278745_71142232.jpg
V/MinimogrifierUtils(31900): resized image URL: http://www.gannett-cdn.com/-mm-/f08faffe8c87c05aee23673013cc8f6baada2475/c=130-0-530-400&r=100x100&q=80/local/-/media/2015/05/20/USATODAY/usatsports/riley.jpg
V/MinimogrifierUtils(31900): resized image URL: http://www.gannett-cdn.com/-mm-/5099cf5e4c8d9fa026753cd0be78754c0581ea65/c=804-0-4021-3217&r=100x100&q=80/local/-/media/2015/05/20/USATODAY/usatsports/thinkstockphotos-92838374.jpg
V/MinimogrifierUtils(31900): resized image URL: http://www.gannett-cdn.com/-mm-/1358dc95da39eeb00c22d427312d793ae8b7c1dd/c=407-0-1478-1071&r=100x100&q=80/local/-/media/2015/05/08/USATODAY/USATODAY/635666814161464761-Screen-Shot-2015-05-08-at-11.29.47-AM.jpg
V/MinimogrifierUtils(31900): resized image URL: http://www.gannett-cdn.com/-mm-/a2db84e9e737269ec13c23cc48f86f3b1c569adf/c=0-86-4000-4086&r=100x100&q=80/local/-/media/2015/05/19/USATODAY/USATODAY/635676535291417481-04--AP-Hubble-Space-Telescope-Photo-Gallery.1.jpg
V/MinimogrifierUtils(31900): resized image URL: http://www.gannett-cdn.com/-mm-/85ccb517067a1836a02ef913b907a8df524d5d2b/c=0-157-1134-1291&r=100x100&q=80/local/-/media/2015/04/07/USATODAY/USATODAY/635640075531480147-Screen-Shot-2015-04-07-at-12.45.54-PM.jpg
V/MinimogrifierUtils(31900): resized image URL: http://www.gannett-cdn.com/-mm-/09827c00586893cf2b11bceb72a23506e1e3d4b7/c=595-0-2137-1542&r=100x100&q=80/local/-/media/2015/05/20/USATODAY/USATODAY/635677173214396499-052015cyclone.jpg
V/MinimogrifierUtils(31900): resized image URL: http://www.gannett-cdn.com/-mm-/b763ca0cf943105821e1fdba3f62f9f7b1603f8e/c=318-0-2681-2363&r=100x100&q=80/local/-/media/2015/05/20/USATODAY/USATODAY/635677154883022283-A03-EMMYs-25s.jpg
V/MinimogrifierUtils(31900): resized image URL: http://www.gannett-cdn.com/-mm-/daeed2808bc6a59aa51a285e9def81fdbe6f285c/c=626-136-2446-1956&r=100x100&q=80/local/-/media/2015/05/20/USATODAY/USATODAY/635677109570701009-USP-NFL-Jacksonville-Jaguars-at-Houston-Texans.jpg
V/MinimogrifierUtils(31900): resized image URL: http://www.gannett-cdn.com/-mm-/ee2c8656b605db64f0e69ba755e4edc1cea348c0/c=502-0-2498-1996&r=100x100&q=80/local/-/media/2015/05/20/USATODAY/USATODAY/635677074468745001-XXX-SoA-606-Salvage-0928-hires2-dcb.JPG
V/MinimogrifierUtils(31900): resized image URL: http://www.gannett-cdn.com/-mm-/7d47d68f603f4176f8e778c7c2c6885eba41319e/c=0-0-1656-1656&r=100x100&q=80/local/-/media/2015/05/20/USATODAY/USATODAY/635677105638171973-1953denimjpg.jpg
V/MinimogrifierUtils(31900): resized image URL: http://www.gannett-cdn.com/-mm-/0539ceaef303bbcedd7333d5342f5ddbc46ffbb0/c=117-0-1083-966&r=100x100&q=80/local/-/media/2015/05/20/USATODAY/USATODAY/635677253291928299-3.JPG
V/MinimogrifierUtils(31900): resized image URL: http://www.gannett-cdn.com/-mm-/fa6cca0c557dc1bc06201d8c41df25d22b371c6e/c=894-0-2893-1999&r=100x100&q=80/local/-/media/2015/05/19/USATODAY/USATODAY/635676463700630948-AP-MIDEAST-SYRIA-PALMYRA-73133040.JPG
V/MinimogrifierUtils(31900): resized image URL: http://www.gannett-cdn.com/-mm-/41d1000271665e95de06dc50801ef569a36a928b/c=0-0-581-581&r=100x100&q=80/local/-/media/2015/05/19/USATODAY/USATODAY/635676428571285872-promo.jpg
V/MinimogrifierUtils(31900): resized image URL: http://www.gannett-cdn.com/-mm-/4b7e65e2b7c23b38c2ea34dac71535074a3392ec/c=0-65-1870-1935&r=100x100&q=80/local/-/media/2015/05/15/USATODAY/USATODAY/635673000479199160-AP-Boston-Marathon-Bombing.jpg
V/MinimogrifierUtils(31900): resized image URL: http://www.gannett-cdn.com/-mm-/1aadcfed4b50b683172bea4027e9c34c8d525f30/c=367-0-4207-3840&r=100x100&q=80/local/-/media/2015/05/18/USATODAY/USATODAY/635675643962645244-XXX-MACNEIL-AUTOMOTIVE-PRODUCTS11-61810064.JPG
V/MinimogrifierUtils(31900): resized image URL: http://www.gannett-cdn.com/-mm-/a85653cfb8f77b14cd6121ec9e5e8af7f0984b0e/c=315-0-2079-1764&r=100x100&q=80/local/-/media/2015/04/27/USATODAY/USATODAY/635657598462093141-08GOP0305-PG-HORIZONTAL-47434671.JPG
V/MinimogrifierUtils(31900): resized image URL: http://www.gannett-cdn.com/-mm-/ddb4106a635cbbd55a407f9beb0ebbec4dfff8bf/c=0-0-640-640&r=100x100&q=80/local/-/media/2015/05/18/USATODAY/USATODAY/635675490384477439-Davin-McLaird-ugc-yourtake-1-.jpg
V/MinimogrifierUtils(31900): resized image URL: http://www.gannett-cdn.com/-mm-/0bff2820f3ea720415b90a6e1df3dc0031aa01ba/c=0-543-2148-2691&r=100x100&q=80/local/-/media/2015/05/08/USATODAY/USATODAY/635666997964318065-GTY-470317264.jpg
V/MinimogrifierUtils(31900): resized image URL: http://www.gannett-cdn.com/-mm-/25d410f34e65590b3f25e7c16bf1612a7d8a777d/c=95-0-495-400&r=100x100&q=80/local/-/media/2015/04/07/USATODAY/USATODAY/635640187777207072-festivals-promo.jpg
V/MinimogrifierUtils(31900): resized image URL: http://www.gannett-cdn.com/-mm-/66dae45a9f712802f6a6aab5fb4a2fb1f4b38099/c=500-0-2500-2000&r=100x100&q=80/local/-/media/2015/05/19/USATODAY/usatsports/xxx_bachelorette_josh_girls_137_.jpg
V/MinimogrifierUtils(31900): resized image URL: http://www.gannett-cdn.com/-mm-/434b2ff2150de9626304d328e2e0b12ff6ce216d/c=167-0-833-666&r=100x100&q=80/local/-/media/2015/05/18/USATODAY/usatsports/1bachelorette_planent.jpg
V/MinimogrifierUtils(31900): resized image URL: http://www.gannett-cdn.com/-mm-/66dae45a9f712802f6a6aab5fb4a2fb1f4b38099/c=500-0-2500-2000&r=100x100&q=80/local/-/media/2015/05/18/USATODAY/usatsports/xxx_bachelorette_ryan_girls_138_.jpg
W/Resources(31900): Converting to string: TypedValue{t=0x12/d=0x0 a=2 r=0x7f0b0139}
W/Resources(31900): Converting to string: TypedValue{t=0x1d/d=0xffffffff a=2 r=0x7f0900f6}
D/WearableService( 3054): callingUid 10008, callindPid: 3054
W/Resources(31900): Converting to string: TypedValue{t=0x12/d=0x0 a=2 r=0x7f0b013a}
W/Resources(31900): Converting to string: TypedValue{t=0x1d/d=0xffc6c9c9 a=2 r=0x7f0900d1}
W/Resources(31900): Converting to string: TypedValue{t=0x12/d=0x0 a=2 r=0x7f0b00cd}
W/Resources(31900): Converting to string: TypedValue{t=0x1d/d=0xffeeeeee a=2 r=0x7f0900cd}
W/Resources(31900): Converting to string: TypedValue{t=0x5/d=0x401 a=2 r=0x7f0a0069}
W/Resources(31900): Converting to string: TypedValue{t=0x5/d=0x401 a=2 r=0x7f0a0069}
D/UrlProducer(31900): Articles URL requested: http://api.gannett-cdn.com/mobilefeeds/fronts/v1/home_mobile/?siteId=1&hls=false&api_key=euc4uvhentf8r3dgt69483ad
D/AdConfigurationImpl(31900): lookingFor: article_banner_top, found: section_front
D/AdConfigurationImpl(31900): lookingFor: article_banner_bottom, found: section_front
D/AdConfigurationImpl(31900): lookingFor: high_impact, found: section_front
D/AdConfigurationImpl(31900): lookingFor: section_front, found: section_front
D/GravityWell(31900): No active creative
W/Resources(31900): Converting to string: TypedValue{t=0x12/d=0x0 a=2 r=0x7f0b009a}
W/Resources(31900): Converting to string: TypedValue{t=0x12/d=0x0 a=2 r=0x7f0b00d6}
W/Resources(31900): Converting to string: TypedValue{t=0x1c/d=0x33b0b0b0 a=2 r=0x7f090008}
W/Resources(31900): Converting to string: TypedValue{t=0x12/d=0x0 a=2 r=0x7f0b00d7}
