D/Transform(31900): AnswerImpl: com.gannett.android.exceptions.InvalidEntityException: invalid numeric string
D/Transform(31900): Dropped element 0
D/Transform(31900): Dropped element 1
D/Transform(31900): Dropped element 2
D/Transform(31900): Dropped element 3
D/Transform(31900): AnswersImpl: com.gannett.android.exceptions.InvalidEntityException: no answers
D/Transform(31900): Dropped element 0
D/Transform(31900): SnapshotImpl: com.gannett.android.exceptions.InvalidEntityException: no answers
D/Transform(31900): AnswerImpl: com.gannett.android.exceptions.InvalidEntityException: invalid numeric string
D/Transform(31900): AnswerImpl: com.gannett.android.exceptions.InvalidEntityException: invalid numeric string
D/Transform(31900): AnswerImpl: com.gannett.android.exceptions.InvalidEntityException: invalid numeric string
D/Transform(31900): AnswerImpl: com.gannett.android.exceptions.InvalidEntityException: invalid numeric string
D/Transform(31900): Dropped element 0
D/Transform(31900): Dropped element 1
D/Transform(31900): Dropped element 2
D/Transform(31900): Dropped element 3
D/Transform(31900): AnswersImpl: com.gannett.android.exceptions.InvalidEntityException: no answers
D/Transform(31900): Dropped element 0
D/Transform(31900): SnapshotImpl: com.gannett.android.exceptions.InvalidEntityException: no answers
D/Transform(31900): AnswerImpl: com.gannett.android.exceptions.InvalidEntityException: invalid numeric string
D/Transform(31900): AnswerImpl: com.gannett.android.exceptions.InvalidEntityException: invalid numeric string
D/Transform(31900): AnswerImpl: com.gannett.android.exceptions.InvalidEntityException: invalid numeric string
D/Transform(31900): Dropped element 0
D/Transform(31900): Dropped element 1
D/Transform(31900): Dropped element 2
D/Transform(31900): AnswersImpl: com.gannett.android.exceptions.InvalidEntityException: no answers
D/Transform(31900): Dropped element 0
D/Transform(31900): SnapshotImpl: com.gannett.android.exceptions.InvalidEntityException: no answers
D/Transform(31900): AnswerImpl: com.gannett.android.exceptions.InvalidEntityException: invalid numeric string
D/Transform(31900): AnswerImpl: com.gannett.android.exceptions.InvalidEntityException: invalid numeric string
D/Transform(31900): AnswerImpl: com.gannett.android.exceptions.InvalidEntityException: invalid numeric string
D/Transform(31900): Dropped element 0
D/Transform(31900): Dropped element 1
D/Transform(31900): Dropped element 2
D/Transform(31900): AnswersImpl: com.gannett.android.exceptions.InvalidEntityException: no answers
D/Transform(31900): Dropped element 0
D/Transform(31900): SnapshotImpl: com.gannett.android.exceptions.InvalidEntityException: no answers
D/Transform(31900): AnswerImpl: com.gannett.android.exceptions.InvalidEntityException: invalid numeric string
D/Transform(31900): AnswerImpl: com.gannett.android.exceptions.InvalidEntityException: invalid numeric string
D/Transform(31900): AnswerImpl: com.gannett.android.exceptions.InvalidEntityException: invalid numeric string
D/Transform(31900): Dropped element 0
D/Transform(31900): Dropped element 1
D/Transform(31900): Dropped element 2
D/Transform(31900): AnswersImpl: com.gannett.android.exceptions.InvalidEntityException: no answers
D/Transform(31900): Dropped element 0
D/Transform(31900): SnapshotImpl: com.gannett.android.exceptions.InvalidEntityException: no answers
D/Transform(31900): AnswerImpl: com.gannett.android.exceptions.InvalidEntityException: invalid numeric string
D/Transform(31900): AnswerImpl: com.gannett.android.exceptions.InvalidEntityException: invalid numeric string
D/Transform(31900): AnswerImpl: com.gannett.android.exceptions.InvalidEntityException: invalid numeric string
D/Transform(31900): AnswerImpl: com.gannett.android.exceptions.InvalidEntityException: invalid numeric string
D/Transform(31900): Dropped element 0
D/Transform(31900): Dropped element 1
D/Transform(31900): Dropped element 2
D/Transform(31900): Dropped element 3
D/Transform(31900): AnswersImpl: com.gannett.android.exceptions.InvalidEntityException: no answers
D/Transform(31900): Dropped element 0
D/Transform(31900): SnapshotImpl: com.gannett.android.exceptions.InvalidEntityException: no answers
D/Transform(31900): Dropped element 0
D/Transform(31900): Dropped element 1
D/Transform(31900): Dropped element 2
D/Transform(31900): Dropped element 3
D/Transform(31900): Dropped element 4
D/Transform(31900): Dropped element 5
D/Transform(31900): Dropped element 6
D/Transform(31900): Dropped element 7
D/Transform(31900): Dropped element 8
D/Transform(31900): Dropped element 9
I/Ads     (31900): No fill from ad server.
D/ADBMobile(31900): ADBMobile Debug : Audience Manager - request (http://gannett.demdex.net/event?c_gnt_prefs_PushSegments=bknews%7Cnull%7Cnull%7Cnull%7Cnull%7Cnull&c_gnt_TimeValue=3%3A00PM&c_gnt_Orientation=portrait&c_gnt_zag_zip=22102&c_gnt_Location=38.932339%7C-77.2181978&c_gnt_ContentType=snapshots&c_gnt_ProductName=USATODAY%20for%20Android%20Tablet&c_gnt_MarketName=gpapermobileapp&c_gnt_quietTime=10%3A00pm%7C07%3A00am&d_dpid=3054&d_dpuuid=b20c3623-9a28-4594-844b-acc8da859575&d_ptfm=android&d_dst=1&d_rtbd=json)
W/art     (31900): Attempt to remove local handle scope entry from IRT, ignoring
W/AwContents(31900): onDetachedFromWindow called when already detached. Ignoring
W/art     (31900): Attempt to remove local handle scope entry from IRT, ignoring
W/art     (31900): Attempt to remove local handle scope entry from IRT, ignoring
W/Ads     (31900): Failed to load ad: 3
D/DfpAdRetriever(31900): Ads: ad not retrieved: high_impact
W/Resources(31900): Converting to string: TypedValue{t=0x12/d=0x0 a=1 r=0x10202be}
W/Resources(31900): Converting to string: TypedValue{t=0x12/d=0x0 a=1 r=0x10202bf}
W/Resources(31900): Converting to string: TypedValue{t=0x12/d=0x0 a=1 r=0x10202c9}
W/Resources(31900): Converting to string: TypedValue{t=0x1c/d=0xff33b5e5 a=1 r=0x1060012}
W/Resources(31900): Converting to string: TypedValue{t=0x12/d=0x0 a=1 r=0x10202c0}
W/ADBMobile(31900): ADBMobile Debug : Audience Manager - Unable to parse JSON data (No value for dests)
W/Resources(31900): Converting to string: TypedValue{t=0x5/d=0x4001 a=1 r=0x1050036}
W/Resources(31900): Converting to string: TypedValue{t=0x12/d=0x0 a=1 r=0x10202c1}
W/Resources(31900): Converting to string: TypedValue{t=0x12/d=0x0 a=1 r=0x10202c2}
W/Resources(31900): Converting to string: TypedValue{t=0x1c/d=0xff33b5e5 a=1 r=0x1060012}
W/Resources(31900): Converting to string: TypedValue{t=0x12/d=0x0 a=1 r=0x10202c6}
W/Resources(31900): Converting to string: TypedValue{t=0x12/d=0x0 a=1 r=0x10202c7}
W/Resources(31900): Converting to string: TypedValue{t=0x12/d=0x0 a=1 r=0x10202c8}
W/Resources(31900): Converting to string: TypedValue{t=0x12/d=0x0 a=1 r=0x10202c3}
W/Resources(31900): Converting to string: TypedValue{t=0x5/d=0x3601 a=1 r=0x1050037}
W/Resources(31900): Converting to string: TypedValue{t=0x5/d=0x3601 a=1 r=0x1050037}
W/Resources(31900): Converting to string: TypedValue{t=0x5/d=0x3601 a=1 r=0x1050037}
W/Resources(31900): Converting to string: TypedValue{t=0x5/d=0x3601 a=1 r=0x1050037}
V/WindowManager(  562): not Base app: Adding window Window{2cb3bb05 u0 com.usatoday.android.news/com.gannett.android.news.ui.activity.ActivitySnapshots} at 7 of 13
D/ADBMobile(31900): ADBMobile Debug : Analytics - Attempting to send request parameters(92989633?AQB=1&ndh=1&ce=UTF-8&c.&a.&DeviceName=Nexus%207&OSVersion=Android%205.1.1&Resolution=1200x1824&AppID=USA%20Today%202.7.2.1%20%2852%29&.a&gnt.&Orientation=portrait&prefs.&PushSegments=bknews%7Cnull%7Cnull%7Cnull%7Cnull%7Cnull&.prefs&MarketName=gpapermobileapp&quietTime=10%3A00pm%7C07%3A00am&ProductName=USATODAY%20for%20Android%20Tablet&Location=38.932339%7C-77.2181978&zag.&zip=22102&.zag&ContentType=snapshots&TimeValue=3%3A00PM&.gnt&.c&t=00%2F00%2F0000%2000%3A00%3A00%200%20240&pageName=snapshots%7CNews&aid=2AACFBD3851921B3-40000610A00022D1&AQE=1)
D/ADBMobile(31900): ADBMobile Debug : Analytics - Request Sent(http://gannett.112.2o7.net/b/ss/gpapermobileapp/0/JAVA-4.1.7-AN/s92989633?AQB=1&ndh=1&ce=UTF-8&c.&a.&DeviceName=Nexus%207&OSVersion=Android%205.1.1&Resolution=1200x1824&AppID=USA%20Today%202.7.2.1%20%2852%29&.a&gnt.&Orientation=portrait&prefs.&PushSegments=bknews%7Cnull%7Cnull%7Cnull%7Cnull%7Cnull&.prefs&MarketName=gpapermobileapp&quietTime=10%3A00pm%7C07%3A00am&ProductName=USATODAY%20for%20Android%20Tablet&Location=38.932339%7C-77.2181978&zag.&zip=22102&.zag&ContentType=snapshots&TimeValue=3%3A00PM&.gnt&.c&t=00%2F00%2F0000%2000%3A00%3A00%200%20240&pageName=snapshots%7CNews&aid=2AACFBD3851921B3-40000610A00022D1&AQE=1)
D/BaseActivity(31900): onStop()
D/LifecycleMonitor(31900): Lifecycle status change: com.gannett.android.news.ui.activity.ActivityWeather@66c676b in: STOPPED
W/UiControllerImpl(31900): Waiting for: DELAY_HAS_PAST for 100 iterations.
W/UiControllerImpl(31900): Waiting for: DELAY_HAS_PAST for 200 iterations.
D/audio_hw_primary(  184): disable_audio_route: reset and update mixer path: low-latency-playback
D/audio_hw_primary(  184): disable_snd_device: snd_device(2: speaker)
E/WifiStateMachine(  562): WifiStateMachine CMD_START_SCAN source -2 txSuccessRate=81.17 rxSuccessRate=461.88 targetRoamBSSID=any RSSI=-52
I/art     (31900): Background partial concurrent mark sweep GC freed 82644(4MB) AllocSpace objects, 39(3MB) LOS objects, 26% free, 44MB/60MB, paused 1.953ms total 137.268ms
W/InputEventReceiver(31900): Attempted to finish an input event but the input event receiver has already been disposed.
W/InputMethodManagerService(  562): Window already focused, ignoring focus gain of: com.android.internal.view.IInputMethodClient$Stub$Proxy@363c8f26 attribute=null, token = android.os.BinderProxy@174aef4d
D/audio_hw_primary(  184): select_devices: out_snd_device(2: speaker) in_snd_device(0: none)
D/ACDB-LOADER(  184): ACDB -> send_afe_cal
D/audio_hw_primary(  184): enable_snd_device: snd_device(2: speaker)
D/audio_hw_primary(  184): enable_audio_route: apply and update mixer path: low-latency-playback
I/ViewInteraction(31900): Performing 'check drawer' action on view with id: com.usatoday.android.news:id/nav_drawer
I/ViewInteraction(31900): Performing 'register idling drawer listener' action on view with id: com.usatoday.android.news:id/nav_drawer
I/ViewInteraction(31900): Performing 'open drawer' action on view with id: com.usatoday.android.news:id/nav_drawer
W/UiControllerImpl(31900): Waiting for: DYNAMIC_TASKS_HAVE_IDLED for 100 iterations.
W/UiControllerImpl(31900): Waiting for: DYNAMIC_TASKS_HAVE_IDLED for 200 iterations.
W/UiControllerImpl(31900): Waiting for: DYNAMIC_TASKS_HAVE_IDLED for 300 iterations.
W/UiControllerImpl(31900): Waiting for: DYNAMIC_TASKS_HAVE_IDLED for 400 iterations.
W/UiControllerImpl(31900): Waiting for: DYNAMIC_TASKS_HAVE_IDLED for 500 iterations.
I/ViewInteraction(31900): Performing 'unregister idling drawer listener' action on view with id: com.usatoday.android.news:id/nav_drawer
I/ViewInteraction(31900): Performing 'single click' action on view (with id: com.usatoday.android.news:id/nav_child_text and with text: is "Nation")
D/NavigationActivity(31900): navigateTo():Nation
D/NavigationActivity(31900): executeNavigationIntent, this class: class com.gannett.android.news.ui.activity.ActivitySnapshots, intent.getClass(): com.gannett.android.news.ui.activity.ActivityNews
D/MonitoringInstrumentation(31900): execStartActivity(context, ibinder, ibinder, activity, intent, int, bundle
I/ActivityManager(  562): START u0 {flg=0x4020000 cmp=com.usatoday.android.news/com.gannett.android.news.ui.activity.ActivityNews (has extras)} from uid 10187 on display 0
V/WindowManager(  562): addAppToken: AppWindowToken{1e8345bd token=Token{22dba914 ActivityRecord{28cab767 u0 com.usatoday.android.news/com.gannett.android.news.ui.activity.ActivityNews t12673}}} to stack=1 task=12673 at 4
D/UserEdManager(31900): hideAndResetUserEd
D/LifecycleMonitor(31900): Lifecycle status change: com.gannett.android.news.ui.activity.ActivityGallery@41f0fbc in: DESTROYED
D/ADBMobile(31900): ADBMobile Debug : Analytics - Attempting to send request parameters(76295115?AQB=1&ndh=1&ce=UTF-8&pev2=AMACTION%3Anavmenu%7Cnation&c.&a.&DeviceName=Nexus%207&OSVersion=Android%205.1.1&Resolution=1200x1824&action=navmenu%7Cnation&AppID=USA%20Today%202.7.2.1%20%2852%29&.a&gnt.&MarketName=gpapermobileapp&ProductName=USATODAY%20for%20Android%20Tablet&Orientation=portrait&TimeValue=3%3A00PM&.gnt&.c&t=00%2F00%2F0000%2000%3A00%3A00%200%20240&pageName=USA%20Today%202.7.2.1%20%2852%29&aid=2AACFBD3851921B3-40000610A00022D1&pe=lnk_o&AQE=1)
D/UserEdManager(31900): hideAndResetUserEd
D/LifecycleMonitor(31900): Lifecycle status change: com.gannett.android.news.ui.activity.ActivityWeather@66c676b in: DESTROYED
D/BaseActivity(31900): onPause()
D/LifecycleMonitor(31900): Lifecycle status change: com.gannett.android.news.ui.activity.ActivitySnapshots@3ecfa863 in: PAUSED
D/UserEdManager(31900): hideAndResetUserEd
D/ADBMobile(31900): ADBMobile Debug : Analytics - Request Sent(http://gannett.112.2o7.net/b/ss/gpapermobileapp/0/JAVA-4.1.7-AN/s76295115?AQB=1&ndh=1&ce=UTF-8&pev2=AMACTION%3Anavmenu%7Cnation&c.&a.&DeviceName=Nexus%207&OSVersion=Android%205.1.1&Resolution=1200x1824&action=navmenu%7Cnation&AppID=USA%20Today%202.7.2.1%20%2852%29&.a&gnt.&MarketName=gpapermobileapp&ProductName=USATODAY%20for%20Android%20Tablet&Orientation=portrait&TimeValue=3%3A00PM&.gnt&.c&t=00%2F00%2F0000%2000%3A00%3A00%200%20240&pageName=USA%20Today%202.7.2.1%20%2852%29&aid=2AACFBD3851921B3-40000610A00022D1&pe=lnk_o&AQE=1)
D/LifecycleMonitor(31900): Lifecycle status change: com.gannett.android.news.ui.activity.ActivityNews@196798d4 in: DESTROYED
D/LifecycleMonitor(31900): Lifecycle status change: com.gannett.android.news.ui.activity.ActivityNews@10e511a8 in: PRE_ON_CREATE
D/BaseActivity(31900): onCreate()
D/DEVICE INFO(31900): screenSize: large, dpiBucket: xhdpi
W/Resources(31900): Converting to string: TypedValue{t=0x12/d=0x0 a=1 r=0x1020378}
W/Resources(31900): Converting to string: TypedValue{t=0x12/d=0x0 a=1 r=0x1020379}
W/Resources(31900): Converting to string: TypedValue{t=0x1f/d=0xff222222 a=2 r=0x7f090006}
W/Resources(31900): Converting to string: TypedValue{t=0x12/d=0x0 a=1 r=0x102037a}
W/Resources(31900): Converting to string: TypedValue{t=0x1f/d=0xff222222 a=2 r=0x7f090006}
W/Resources(31900): Converting to string: TypedValue{t=0x12/d=0x0 a=1 r=0x10202b6}
W/Resources(31900): Converting to string: TypedValue{t=0x12/d=0x0 a=1 r=0x10202b7}
W/Resources(31900): Converting to string: TypedValue{t=0x12/d=0x0 a=1 r=0x102037b}
W/Resources(31900): Converting to string: TypedValue{t=0x12/d=0x0 a=1 r=0x102037c}
W/Resources(31900): Converting to string: TypedValue{t=0x1f/d=0xff222222 a=2 r=0x7f090006}
W/Resources(31900): Converting to string: TypedValue{t=0x12/d=0x0 a=2 r=0x7f0b01cc}
W/Resources(31900): Converting to string: TypedValue{t=0x12/d=0x0 a=2 r=0x7f0b01cd}
W/Resources(31900): Converting to string: TypedValue{t=0x12/d=0x0 a=2 r=0x7f0b01ce}
W/Resources(31900): Converting to string: TypedValue{t=0x1d/d=0xffffffff a=2 r=0x7f0900f6}
W/Resources(31900): Converting to string: TypedValue{t=0x12/d=0x0 a=2 r=0x7f0b0078}
W/Resources(31900): Converting to string: TypedValue{t=0x1c/d=0xff000000 a=1 r=0x106000c}
W/Resources(31900): Converting to string: TypedValue{t=0x12/d=0x0 a=2 r=0x7f0b009e}
W/Resources(31900): Converting to string: TypedValue{t=0x1c/d=0x0 a=1 r=0x106000d}
W/Resources(31900): Converting to string: TypedValue{t=0x12/d=0x0 a=2 r=0x7f0b0079}
W/Resources(31900): Converting to string: TypedValue{t=0x12/d=0x0 a=2 r=0x7f0b00e6}
W/Resources(31900): Converting to string: TypedValue{t=0x12/d=0x0 a=2 r=0x7f0b00e7}
W/Resources(31900): Converting to string: TypedValue{t=0x5/d=0xd01 a=2 r=0x7f0a0085}
W/Resources(31900): Converting to string: TypedValue{t=0x5/d=0xd01 a=2 r=0x7f0a0085}
W/Resources(31900): Converting to string: TypedValue{t=0x12/d=0x0 a=2 r=0x7f0b00e8}
W/Resources(31900): Converting to string: TypedValue{t=0x5/d=0x501 a=2 r=0x7f0a0043}
W/Resources(31900): Converting to string: TypedValue{t=0x12/d=0x0 a=2 r=0x7f0b009f}
W/Resources(31900): Converting to string: TypedValue{t=0x12/d=0x0 a=2 r=0x7f0b00a0}
W/Resources(31900): Converting to string: TypedValue{t=0x12/d=0x0 a=2 r=0x7f0b00a1}
D/LifecycleMonitor(31900): Lifecycle status change: com.gannett.android.news.ui.activity.ActivityNews@10e511a8 in: CREATED
W/Resources(31900): Converting to string: TypedValue{t=0x12/d=0x0 a=2 r=0x7f0b0138}
W/Resources(31900): Converting to string: TypedValue{t=0x12/d=0x0 a=2 r=0x7f0b018e}
W/Resources(31900): Converting to string: TypedValue{t=0x12/d=0x0 a=2 r=0x7f0b018f}
W/art     (31900): Attempt to remove local handle scope entry from IRT, ignoring
W/AwContents(31900): onDetachedFromWindow called when already detached. Ignoring
W/Resources(31900): Converting to string: TypedValue{t=0x12/d=0x0 a=2 r=0x7f0b0190}
W/Resources(31900): Converting to string: TypedValue{t=0x12/d=0x0 a=2 r=0x7f0b0191}
W/Resources(31900): Converting to string: TypedValue{t=0x12/d=0x0 a=2 r=0x7f0b0192}
D/GravityWell(31900): No active creative
D/BaseActivity(31900): onStart()
D/returnToActivityHeadlinesTest(31900): tryReturnToActivityHeadlines(): this.autoNavToHome == true
D/UrlProducer(31900): Articles URL requested: http://api.gannett-cdn.com/mobilefeeds/fronts/v1/news_nation_mobile/?siteId=1&hls=false&api_key=euc4uvhentf8r3dgt69483ad
D/LifecycleMonitor(31900): Lifecycle status change: com.gannett.android.news.ui.activity.ActivityNews@10e511a8 in: STARTED
D/BaseActivity(31900): onResume()
D/LifecycleMonitor(31900): Lifecycle status change: com.gannett.android.news.ui.activity.ActivityNews@10e511a8 in: RESUMED
V/WindowManager(  562): Adding window Window{152380b9 u0 com.usatoday.android.news/com.gannett.android.news.ui.activity.ActivityNews} at 2 of 10 (before Window{cf7095 u0 com.android.systemui/com.android.systemui.recents.RecentsActivity})
W/Resources(31900): Converting to string: TypedValue{t=0x5/d=0x1401 a=2 r=0x7f0a0096}
W/Resources(31900): Converting to string: TypedValue{t=0x5/d=0x1001 a=2 r=0x7f0a0097}
W/Resources(31900): Converting to string: TypedValue{t=0x5/d=0x1401 a=2 r=0x7f0a0096}
W/Resources(31900): Converting to string: TypedValue{t=0x5/d=0xf01 a=2 r=0x7f0a0095}
W/Resources(31900): Converting to string: TypedValue{t=0x12/d=0x0 a=2 r=0x7f0b01c9}
W/Resources(31900): Converting to string: TypedValue{t=0x12/d=0x0 a=2 r=0x7f0b01ca}
W/Resources(31900): Converting to string: TypedValue{t=0x12/d=0x0 a=2 r=0x7f0b01cb}
W/Resources(31900): Converting to string: TypedValue{t=0x1d/d=0xfff9f9f9 a=2 r=0x7f0900a5}
W/Resources(31900): Converting to string: TypedValue{t=0x5/d=0x1401 a=2 r=0x7f0a0096}
W/Resources(31900): Converting to string: TypedValue{t=0x5/d=0x1001 a=2 r=0x7f0a0097}
W/Resources(31900): Converting to string: TypedValue{t=0x5/d=0x1401 a=2 r=0x7f0a0096}
W/Resources(31900): Converting to string: TypedValue{t=0x5/d=0xf01 a=2 r=0x7f0a0095}
W/Resources(31900): Converting to string: TypedValue{t=0x12/d=0x0 a=2 r=0x7f0b01c6}
W/Resources(31900): Converting to string: TypedValue{t=0x12/d=0x0 a=2 r=0x7f0b01c7}
W/Resources(31900): Converting to string: TypedValue{t=0x12/d=0x0 a=2 r=0x7f0b01c8}
W/Resources(31900): Converting to string: TypedValue{t=0x1d/d=0xfff9f9f9 a=2 r=0x7f0900a5}
W/Resources(31900): Converting to string: TypedValue{t=0x5/d=0x1401 a=2 r=0x7f0a0096}
W/Resources(31900): Converting to string: TypedValue{t=0x5/d=0x1001 a=2 r=0x7f0a0097}
W/Resources(31900): Converting to string: TypedValue{t=0x5/d=0x1401 a=2 r=0x7f0a0096}
W/Resources(31900): Converting to string: TypedValue{t=0x5/d=0xf01 a=2 r=0x7f0a0095}
W/Resources(31900): Converting to string: TypedValue{t=0x12/d=0x0 a=2 r=0x7f0b01c6}
W/Resources(31900): Converting to string: TypedValue{t=0x12/d=0x0 a=2 r=0x7f0b01c7}
W/Resources(31900): Converting to string: TypedValue{t=0x12/d=0x0 a=2 r=0x7f0b01c8}
W/Resources(31900): Converting to string: TypedValue{t=0x1d/d=0xfff9f9f9 a=2 r=0x7f0900a5}
W/Resources(31900): Converting to string: TypedValue{t=0x5/d=0x1401 a=2 r=0x7f0a0096}
W/Resources(31900): Converting to string: TypedValue{t=0x5/d=0x1001 a=2 r=0x7f0a0097}
W/Resources(31900): Converting to string: TypedValue{t=0x5/d=0x1401 a=2 r=0x7f0a0096}
W/Resources(31900): Converting to string: TypedValue{t=0x5/d=0xf01 a=2 r=0x7f0a0095}
W/Resources(31900): Converting to string: TypedValue{t=0x12/d=0x0 a=2 r=0x7f0b01c6}
W/Resources(31900): Converting to string: TypedValue{t=0x12/d=0x0 a=2 r=0x7f0b01c7}
W/Resources(31900): Converting to string: TypedValue{t=0x12/d=0x0 a=2 r=0x7f0b01c8}
W/Resources(31900): Converting to string: TypedValue{t=0x1d/d=0xfff9f9f9 a=2 r=0x7f0900a5}
W/Resources(31900): Converting to string: TypedValue{t=0x5/d=0x1401 a=2 r=0x7f0a0096}
W/Resources(31900): Converting to string: TypedValue{t=0x5/d=0x1001 a=2 r=0x7f0a0097}
W/Resources(31900): Converting to string: TypedValue{t=0x5/d=0x1401 a=2 r=0x7f0a0096}
W/Resources(31900): Converting to string: TypedValue{t=0x5/d=0xf01 a=2 r=0x7f0a0095}
W/Resources(31900): Converting to string: TypedValue{t=0x12/d=0x0 a=2 r=0x7f0b01c6}
W/Resources(31900): Converting to string: TypedValue{t=0x12/d=0x0 a=2 r=0x7f0b01c7}
W/Resources(31900): Converting to string: TypedValue{t=0x12/d=0x0 a=2 r=0x7f0b01c8}
W/Resources(31900): Converting to string: TypedValue{t=0x1d/d=0xfff9f9f9 a=2 r=0x7f0900a5}
W/Resources(31900): Converting to string: TypedValue{t=0x5/d=0x1401 a=2 r=0x7f0a0096}
W/Resources(31900): Converting to string: TypedValue{t=0x5/d=0x1001 a=2 r=0x7f0a0097}
W/Resources(31900): Converting to string: TypedValue{t=0x5/d=0x1401 a=2 r=0x7f0a0096}
W/Resources(31900): Converting to string: TypedValue{t=0x5/d=0xf01 a=2 r=0x7f0a0095}
W/Resources(31900): Converting to string: TypedValue{t=0x12/d=0x0 a=2 r=0x7f0b01c6}
W/Resources(31900): Converting to string: TypedValue{t=0x12/d=0x0 a=2 r=0x7f0b01c7}
W/Resources(31900): Converting to string: TypedValue{t=0x12/d=0x0 a=2 r=0x7f0b01c8}
V/MinimogrifierUtils(31900): resized image URL: http://www.gannett-cdn.com/-mm-/fb2ca20680e83b1faa716c6fea59e87a3d634f2b/c=0-157-337-494&r=100x100&q=80/local/-/media/2015/05/20/USATODAY/USATODAY/635677161582344998-ThinkstockPhotos-99363378.jpg
W/Resources(31900): Converting to string: TypedValue{t=0x1d/d=0xfff9f9f9 a=2 r=0x7f0900a5}
W/Resources(31900): Converting to string: TypedValue{t=0x5/d=0x1401 a=2 r=0x7f0a0096}
W/Resources(31900): Converting to string: TypedValue{t=0x5/d=0x1001 a=2 r=0x7f0a0097}
W/Resources(31900): Converting to string: TypedValue{t=0x5/d=0x1401 a=2 r=0x7f0a0096}
W/Resources(31900): Converting to string: TypedValue{t=0x5/d=0xf01 a=2 r=0x7f0a0095}
W/Resources(31900): Converting to string: TypedValue{t=0x12/d=0x0 a=2 r=0x7f0b01c6}
W/Resources(31900): Converting to string: TypedValue{t=0x12/d=0x0 a=2 r=0x7f0b01c7}
W/Resources(31900): Converting to string: TypedValue{t=0x12/d=0x0 a=2 r=0x7f0b01c8}
W/Resources(31900): Converting to string: TypedValue{t=0x1d/d=0xfff9f9f9 a=2 r=0x7f0900a5}
W/Resources(31900): Converting to string: TypedValue{t=0x5/d=0x1401 a=2 r=0x7f0a0096}
W/Resources(31900): Converting to string: TypedValue{t=0x5/d=0x1001 a=2 r=0x7f0a0097}
W/Resources(31900): Converting to string: TypedValue{t=0x5/d=0x1401 a=2 r=0x7f0a0096}
W/Resources(31900): Converting to string: TypedValue{t=0x5/d=0xf01 a=2 r=0x7f0a0095}
W/Resources(31900): Converting to string: TypedValue{t=0x12/d=0x0 a=2 r=0x7f0b01c6}
W/Resources(31900): Converting to string: TypedValue{t=0x12/d=0x0 a=2 r=0x7f0b01c7}
W/Resources(31900): Converting to string: TypedValue{t=0x12/d=0x0 a=2 r=0x7f0b01c8}
W/Resources(31900): Converting to string: TypedValue{t=0x1d/d=0xfff9f9f9 a=2 r=0x7f0900a5}
W/Resources(31900): Converting to string: TypedValue{t=0x5/d=0x1401 a=2 r=0x7f0a0096}
W/Resources(31900): Converting to string: TypedValue{t=0x5/d=0x1001 a=2 r=0x7f0a0097}
W/Resources(31900): Converting to string: TypedValue{t=0x5/d=0x1401 a=2 r=0x7f0a0096}
W/Resources(31900): Converting to string: TypedValue{t=0x5/d=0xf01 a=2 r=0x7f0a0095}
W/Resources(31900): Converting to string: TypedValue{t=0x12/d=0x0 a=2 r=0x7f0b01c6}
W/Resources(31900): Converting to string: TypedValue{t=0x12/d=0x0 a=2 r=0x7f0b01c7}
W/Resources(31900): Converting to string: TypedValue{t=0x12/d=0x0 a=2 r=0x7f0b01c8}
W/Resources(31900): Converting to string: TypedValue{t=0x1d/d=0xfff9f9f9 a=2 r=0x7f0900a5}
W/Resources(31900): Converting to string: TypedValue{t=0x5/d=0x1401 a=2 r=0x7f0a0096}
W/Resources(31900): Converting to string: TypedValue{t=0x5/d=0x1001 a=2 r=0x7f0a0097}
W/Resources(31900): Converting to string: TypedValue{t=0x5/d=0x1401 a=2 r=0x7f0a0096}
W/Resources(31900): Converting to string: TypedValue{t=0x5/d=0xf01 a=2 r=0x7f0a0095}
W/Resources(31900): Converting to string: TypedValue{t=0x12/d=0x0 a=2 r=0x7f0b01c6}
W/Resources(31900): Converting to string: TypedValue{t=0x12/d=0x0 a=2 r=0x7f0b01c7}
W/Resources(31900): Converting to string: TypedValue{t=0x12/d=0x0 a=2 r=0x7f0b01c8}
W/Resources(31900): Converting to string: TypedValue{t=0x5/d=0x1401 a=2 r=0x7f0a0096}
W/Resources(31900): Converting to string: TypedValue{t=0x5/d=0x1001 a=2 r=0x7f0a0097}
W/Resources(31900): Converting to string: TypedValue{t=0x5/d=0x1401 a=2 r=0x7f0a0096}
W/Resources(31900): Converting to string: TypedValue{t=0x5/d=0xf01 a=2 r=0x7f0a0095}
W/Resources(31900): Converting to string: TypedValue{t=0x12/d=0x0 a=2 r=0x7f0b01c9}
W/Resources(31900): Converting to string: TypedValue{t=0x12/d=0x0 a=2 r=0x7f0b01ca}
W/Resources(31900): Converting to string: TypedValue{t=0x12/d=0x0 a=2 r=0x7f0b01cb}
W/Resources(31900): Converting to string: TypedValue{t=0x5/d=0x1401 a=2 r=0x7f0a0096}
W/Resources(31900): Converting to string: TypedValue{t=0x5/d=0x1001 a=2 r=0x7f0a0097}
W/Resources(31900): Converting to string: TypedValue{t=0x5/d=0x1401 a=2 r=0x7f0a0096}
W/Resources(31900): Converting to string: TypedValue{t=0x5/d=0xf01 a=2 r=0x7f0a0095}
W/Resources(31900): Converting to string: TypedValue{t=0x12/d=0x0 a=2 r=0x7f0b01c9}
W/Resources(31900): Converting to string: TypedValue{t=0x12/d=0x0 a=2 r=0x7f0b01ca}
W/Resources(31900): Converting to string: TypedValue{t=0x12/d=0x0 a=2 r=0x7f0b01cb}
W/Resources(31900): Converting to string: TypedValue{t=0x5/d=0x1401 a=2 r=0x7f0a0096}
W/Resources(31900): Converting to string: TypedValue{t=0x5/d=0x1001 a=2 r=0x7f0a0097}
W/Resources(31900): Converting to string: TypedValue{t=0x5/d=0x1401 a=2 r=0x7f0a0096}
W/Resources(31900): Converting to string: TypedValue{t=0x5/d=0xf01 a=2 r=0x7f0a0095}
W/Resources(31900): Converting to string: TypedValue{t=0x12/d=0x0 a=2 r=0x7f0b01c9}
W/Resources(31900): Converting to string: TypedValue{t=0x12/d=0x0 a=2 r=0x7f0b01ca}
W/Resources(31900): Converting to string: TypedValue{t=0x12/d=0x0 a=2 r=0x7f0b01cb}
W/Resources(31900): Converting to string: TypedValue{t=0x5/d=0x1401 a=2 r=0x7f0a0096}
W/Resources(31900): Converting to string: TypedValue{t=0x5/d=0x1001 a=2 r=0x7f0a0097}
W/Resources(31900): Converting to string: TypedValue{t=0x5/d=0x1401 a=2 r=0x7f0a0096}
W/Resources(31900): Converting to string: TypedValue{t=0x5/d=0xf01 a=2 r=0x7f0a0095}
W/Resources(31900): Converting to string: TypedValue{t=0x12/d=0x0 a=2 r=0x7f0b01c9}
W/Resources(31900): Converting to string: TypedValue{t=0x12/d=0x0 a=2 r=0x7f0b01ca}
W/Resources(31900): Converting to string: TypedValue{t=0x12/d=0x0 a=2 r=0x7f0b01cb}
W/Resources(31900): Converting to string: TypedValue{t=0x5/d=0x1401 a=2 r=0x7f0a0096}
W/Resources(31900): Converting to string: TypedValue{t=0x5/d=0x1001 a=2 r=0x7f0a0097}
W/Resources(31900): Converting to string: TypedValue{t=0x5/d=0x1401 a=2 r=0x7f0a0096}
W/Resources(31900): Converting to string: TypedValue{t=0x5/d=0xf01 a=2 r=0x7f0a0095}
W/Resources(31900): Converting to string: TypedValue{t=0x12/d=0x0 a=2 r=0x7f0b01c9}
W/Resources(31900): Converting to string: TypedValue{t=0x12/d=0x0 a=2 r=0x7f0b01ca}
W/Resources(31900): Converting to string: TypedValue{t=0x12/d=0x0 a=2 r=0x7f0b01cb}
V/MinimogrifierUtils(31900): resized image URL: http://www.gannett-cdn.com/-mm-/1e84e594a1b05ef1af2e7747d56bcc57c1e634c4/c=332-0-2658-2326&r=100x100&q=80/local/-/media/2015/05/20/USATODAY/USATODAY/635677176860156566-AFP-540886634-73179258.JPG
D/LocationUtility(31900): Connected
W/UiControllerImpl(31900): Waiting for: DELAY_HAS_PAST for 100 iterations.
W/Resources(31900): Converting to string: TypedValue{t=0x5/d=0x4001 a=1 r=0x1050051}
W/Resources(31900): Converting to string: TypedValue{t=0x5/d=0x3801 a=1 r=0x105003a}
I/ActivityManager(  562): Displayed com.usatoday.android.news/com.gannett.android.news.ui.activity.ActivityNews: +343ms
V/MinimogrifierUtils(31900): resized image URL: http://www.gannett-cdn.com/-mm-/1dd75392733c1d0d547c546e3b2fb69656cd578c/c=0-75-1579-1654&r=100x100&q=80/local/-/media/2015/05/20/USATODAY/USATODAY/635677255723079051-XXX-DANIEL-ELLSBERG-MOV-1417.jpg
V/MinimogrifierUtils(31900): resized image URL: http://www.gannett-cdn.com/-mm-/0fd018fda3095ff352c991187d75f5b037a6125c/c=591-0-1924-1333&r=100x100&q=80/local/-/media/2015/05/20/USATODAY/USATODAY/635677259928316586-Osprey-052015.jpg
V/MinimogrifierUtils(31900): resized image URL: http://www.gannett-cdn.com/-mm-/66526ae48d283e91e7a59bf445c107d006a9d727/c=0-23-533-556&r=100x100&q=80/local/-/media/2015/05/20/USATODAY/USATODAY/635677266196718026-Osprey-052015-2.jpg
V/MinimogrifierUtils(31900): resized image URL: http://www.gannett-cdn.com/-mm-/0539ceaef303bbcedd7333d5342f5ddbc46ffbb0/c=117-0-1083-966&r=100x100&q=80/local/-/media/2015/05/20/USATODAY/USATODAY/635677253291928299-3.JPG
V/MinimogrifierUtils(31900): resized image URL: http://www.gannett-cdn.com/-mm-/3ad2716a8f1c8e4338a1458f31d9944ecd8c4775/c=542-0-3077-2535&r=100x100&q=80/local/-/media/2015/05/20/USATODAY/USATODAY/635677243285427870-AP-Death-Penalty-Nebraska.jpg
V/MinimogrifierUtils(31900): resized image URL: http://www.gannett-cdn.com/-mm-/7dec13683162d7415966a6718990e00764831943/c=667-0-3431-2764&r=100x100&q=80/local/-/media/2015/05/20/USATODAY/USATODAY/635677251638296499-AP-Death-Penalty-Nebraska-001.jpg
V/MinimogrifierUtils(31900): resized image URL: http://www.gannett-cdn.com/-mm-/5eb44878edf9ae0f55b85801ba8e3d13f12fff15/c=194-0-1744-1550&r=100x100&q=80/local/-/media/2015/05/20/USATODAY/usatsports/graduationceremony.jpg
V/MinimogrifierUtils(31900): resized image URL: http://www.gannett-cdn.com/-mm-/0e21e38a5d6010ee3b175d6377350af4e68fabe0/c=277-0-1460-1183&r=100x100&q=80/local/-/media/2015/05/20/USATODAY/USATODAY/635677204355604134-AP-Secret-Space-Plane.jpg
D/BaseActivity(31900): onStop()
D/LifecycleMonitor(31900): Lifecycle status change: com.gannett.android.news.ui.activity.ActivitySnapshots@3ecfa863 in: STOPPED
D/LifecycleMonitor(31900): Lifecycle status change: com.gannett.android.news.ui.activity.ActivitySnapshots@3ecfa863 in: DESTROYED
V/MinimogrifierUtils(31900): resized image URL: http://www.gannett-cdn.com/-mm-/3ccc5a236dd0b8e7d64ba0d8279c5b095e74a0b2/c=340-0-1661-1321&r=100x100&q=80/local/-/media/2015/05/20/USATODAY/USATODAY/635677211004663098-AP-AUTO-RECALLS-RECORD-YEAR.jpg
D/Transform(31900): UnknownAsset: com.gannett.android.exceptions.InvalidEntityException: text
D/Transform(31900): Dropped element 6
V/MinimogrifierUtils(31900): resized image URL: http://www.gannett-cdn.com/-mm-/8446a491a6f90c0329755f41c5f51cc517b5dd31/c=789-0-3468-2679&r=100x100&q=80/local/-/media/2015/05/20/USATODAY/USATODAY/635677186615212583-AP-Drought-Severity.jpg
V/MinimogrifierUtils(31900): resized image URL: http://www.gannett-cdn.com/-mm-/09827c00586893cf2b11bceb72a23506e1e3d4b7/c=595-0-2137-1542&r=100x100&q=80/local/-/media/2015/05/20/USATODAY/USATODAY/635677173214396499-052015cyclone.jpg
V/MinimogrifierUtils(31900): resized image URL: http://www.gannett-cdn.com/-mm-/5099cf5e4c8d9fa026753cd0be78754c0581ea65/c=804-0-4021-3217&r=100x100&q=80/local/-/media/2015/05/20/USATODAY/usatsports/thinkstockphotos-92838374.jpg
V/MinimogrifierUtils(31900): resized image URL: http://www.gannett-cdn.com/-mm-/6bdde223552389b958ccf402b07f67f395c8faf8/c=438-0-2438-2000&r=100x100&q=80/local/-/media/2015/05/20/USATODAY/USATODAY/635677151658242928-DISPATCHES-GroundZero-1.jpg
V/MinimogrifierUtils(31900): resized image URL: http://www.gannett-cdn.com/-mm-/d450819e0a5b25dfa607f1486a29276bff4a1a2e/c=960-0-4800-3840&r=100x100&q=80/local/-/media/2015/05/20/USATODAY/USATODAY/635677286869456724-AP-APTOPIX-One-World-Trade-Observatory-001.jpg
V/MinimogrifierUtils(31900): resized image URL: http://www.gannett-cdn.com/-mm-/ae1f2e633ecd45197f68197e402fed0eea41489d/c=1793-0-5393-3600&r=100x100&q=80/local/-/media/2015/05/20/USATODAY/USATODAY/635677286882873154-AP-APTOPIX-One-World-Trade-Observatory.jpg
V/MinimogrifierUtils(31900): resized image URL: http://www.gannett-cdn.com/-mm-/ee2c8656b605db64f0e69ba755e4edc1cea348c0/c=502-0-2498-1996&r=100x100&q=80/local/-/media/2015/05/20/USATODAY/USATODAY/635677074468745001-XXX-SoA-606-Salvage-0928-hires2-dcb.JPG
V/MinimogrifierUtils(31900): resized image URL: http://www.gannett-cdn.com/-mm-/7d47d68f603f4176f8e778c7c2c6885eba41319e/c=0-0-1656-1656&r=100x100&q=80/local/-/media/2015/05/20/USATODAY/USATODAY/635677105638171973-1953denimjpg.jpg
V/MinimogrifierUtils(31900): resized image URL: http://www.gannett-cdn.com/-mm-/65b685284bf6934b3b5bab13fc0bdaa7da48884d/c=987-0-4630-3643&r=100x100&q=80/local/-/media/2015/05/20/USATODAY/USATODAY/635677129529817650-AP-Obama-Arab-Summit.jpg
V/MinimogrifierUtils(31900): resized image URL: http://www.gannett-cdn.com/-mm-/1ff458cf8cc56810ab2f3f6ea39cf1bc69ed0b8c/c=0-88-680-768&r=100x100&q=80/local/-/media/2015/05/19/Brevard/Brevard/635676660934566867-afspc5-av-r6.jpg
V/MinimogrifierUtils(31900): resized image URL: http://www.gannett-cdn.com/-mm-/e39408dc8681b7b119cc84698c7091ef002f3023/c=0-0-310-310&r=100x100&q=80/local/-/media/2015/05/20/USATODAY/USATODAY/635677134927812491-gradpros.jpg
V/MinimogrifierUtils(31900): resized image URL: http://www.gannett-cdn.com/-mm-/ad399d24d11d663892e5f53c1b50fbabbc1def32/c=144-0-1008-864&r=100x100&q=80/local/-/media/2015/05/20/USATODAY/usatsports/10984505_10203431487293176_4266774858944259860_o.jpg
V/MinimogrifierUtils(31900): resized image URL: http://www.gannett-cdn.com/-mm-/d0b9dc2b836445ed566d6ccaed4e6e69fe42ffe3/c=131-0-598-467&r=100x100&q=80/local/-/media/2015/05/20/USATODAY/USATODAY/635677116873450263-Screen-Shot-2015-05-20-at-9.41.11-AM.jpg
V/MinimogrifierUtils(31900): resized image URL: http://www.gannett-cdn.com/-mm-/8a6bf389d8198ee6b490e357398611cf4dc19156/c=1282-0-4631-3349&r=100x100&q=80/local/-/media/2015/05/20/USATODAY/USATODAY/635677075324840423-052015WolfDogs13.jpg
V/MinimogrifierUtils(31900): resized image URL: http://www.gannett-cdn.com/-mm-/1cff0e2b1067b6bd71eecd73f279b6b9cd05b839/c=0-42-966-1008&r=100x100&q=80/local/-/media/2015/05/20/USATODAY/USATODAY/635677075258694303-052015wolfdogpeyton.jpg
V/MinimogrifierUtils(31900): resized image URL: http://www.gannett-cdn.com/-mm-/02e2d6a1352caa441c63cbafab0a192d7d2f8364/c=0-816-3264-4080&r=100x100&q=80/local/-/media/2015/05/19/USATODAY/usatsports/20150518commencement0401.jpg
V/MinimogrifierUtils(31900): resized image URL: http://www.gannett-cdn.com/-mm-/01be3bce3deba11c53b44dcb4ec105d0ff017226/c=0-738-2951-3689&r=100x100&q=80/local/-/media/2015/05/19/USATODAY/usatsports/20150518commencement0259.jpg
V/MinimogrifierUtils(31900): resized image URL: http://www.gannett-cdn.com/-mm-/1849d89da25c8a582e876fc3fe9524a0e97affa1/c=195-0-877-682&r=100x100&q=80/local/-/media/2015/05/20/USATODAY/USATODAY/635677050364728961-Indian-Point-052015.jpg
V/MinimogrifierUtils(31900): resized image URL: http://www.gannett-cdn.com/-mm-/e39408dc8681b7b119cc84698c7091ef002f3023/c=0-0-310-310&r=100x100&q=80/local/-/media/2015/05/19/USATODAY/usatsports/300-5-ucla.jpg
V/MinimogrifierUtils(31900): resized image URL: http://www.gannett-cdn.com/-mm-/d121de5093b83d0f365475f538b570c825482d27/c=0-104-517-621&r=100x100&q=80/local/-/media/2015/05/08/USATODAY/USATODAY/635666774622510237-Lateef-Dickerson-050815.jpg
V/MinimogrifierUtils(31900): resized image URL: http://www.gannett-cdn.com/-mm-/bdb8de19efc188970c1485506148b6f45cd495c0/c=38-0-354-316&r=100x100&q=80/local/-/media/2015/05/19/USATODAY/usatsports/screen-shot-2015-05-19-at-3-54-43-pm.jpg
V/MinimogrifierUtils(31900): resized image URL: http://www.gannett-cdn.com/-mm-/4b2534dd7022ea625ca409fdc57c6316cbd46210/c=120-0-840-720&r=100x100&q=80/local/-/media/2015/05/19/USATODAY/usatsports/sn1.jpg
V/MinimogrifierUtils(31900): resized image URL: http://www.gannett-cdn.com/-mm-/58ec11340daa28d029200df3c718b5bf78bc3b91/c=0-0-960-960&r=100x100&q=80/local/-/media/2015/05/19/USATODAY/usatsports/sn2.jpg
V/MinimogrifierUtils(31900): resized image URL: http://www.gannett-cdn.com/-mm-/ebcd89040e08b68fae54c7c31f3ea4d989ab60de/c=353-0-1474-1121&r=100x100&q=80/local/-/media/2015/05/20/USATODAY/USATODAY/635677011152274169-nurse-profanity-052015.jpg
V/MinimogrifierUtils(31900): resized image URL: http://www.gannett-cdn.com/-mm-/6ec5bd84561bac2a8bc32428cd46ce7b51a88c9e/c=420-0-1500-1080&r=100x100&q=80/local/-/media/2015/05/19/WXIA/WXIA/635676659854345719-Still0519-00013.jpg
V/MinimogrifierUtils(31900): resized image URL: http://www.gannett-cdn.com/-mm-/4782677657600c401cb22786c2891c2d4401cf19/c=681-0-2265-1584&r=100x100&q=80/local/-/media/2015/05/20/USATODAY/USATODAY/635676951919780761-XXX-PX33520.jpg
V/MinimogrifierUtils(31900): resized image URL: http://www.gannett-cdn.com/-mm-/dda5fccf5c2a818acff31642e51449e38063fc11/c=490-0-1272-782&r=100x100&q=80/local/-/media/2015/05/20/USATODAY/USATODAY/635676843058742812-Screen-Shot-2015-05-20-at-2.04.24-AM.jpg
V/MinimogrifierUtils(31900): resized image URL: http://www.gannett-cdn.com/-mm-/217273513570c98113aacdfeb378b81160cd82dc/c=432-0-2160-1728&r=100x100&q=80/local/-/media/2015/05/19/Phoenix/Phoenix/635676547761074845-MIKE1559.jpg
V/MinimogrifierUtils(31900): resized image URL: http://www.gannett-cdn.com/-mm-/349d7f17976136e719bec22765a01172320a0245/c=67-0-334-267&r=100x100&q=80/local/-/media/2015/05/19/Phoenix/Phoenix/635676522843760408-Phoenix-PD-helps-homeless.jpg
V/MinimogrifierUtils(31900): resized image URL: http://www.gannett-cdn.com/-mm-/0421ef9363c5650fe9e14e132f64e90cbe091627/c=1514-532-3688-2706&r=100x100&q=80/local/-/media/Nashville/2015/02/13/B9316196827Z.1_20150213175024_000_GKD9V0GMR.1-0.jpg
V/MinimogrifierUtils(31900): resized image URL: http://www.gannett-cdn.com/-mm-/c854f82e342a692a18d720ccdd3c8e39a61f4aa4/c=38-0-491-453&r=100x100&q=80/local/-/media/2015/05/19/USATODAY/USATODAY/635676588419062559-mace.jpg
V/MinimogrifierUtils(31900): resized image URL: http://www.gannett-cdn.com/-mm-/6d8b257b31e54ea038b3cb5a1871948a1edc0e96/c=66-0-467-401&r=100x100&q=80/local/-/media/2015/05/19/DesMoines/B9317414885Z.1_20150519205859_000_GISARAUO0.1-0.jpg
V/MinimogrifierUtils(31900): resized image URL: http://www.gannett-cdn.com/-mm-/a98f82d38cb2aa5f68121b6b0c6e3e2dd9e2141e/c=0-89-534-623&r=100x100&q=80/local/-/media/2015/05/19/Louisville/Louisville/635676663833908541-bevin.jpg
V/MinimogrifierUtils(31900): resized image URL: http://www.gannett-cdn.com/-mm-/2139751a6210798efb28ac1d773352d6bfe0c210/c=5-0-1019-1014&r=100x100&q=80/local/-/media/2015/05/19/USATODAY/USATODAY/635676715416126895-AP-KENTUCKY-GOVERNOR-73167418.JPG
V/MinimogrifierUtils(31900): resized image URL: http://www.gannett-cdn.com/-mm-/44aaeccf857959b6eac844b59003fec77b51c471/c=67-0-468-401&r=100x100&q=80/local/-/media/2015/05/19/USATODAY/USATODAY/635676695986110535-comer.jpg
V/MinimogrifierUtils(31900): resized image URL: http://www.gannett-cdn.com/-mm-/44aaeccf857959b6eac844b59003fec77b51c471/c=67-0-468-401&r=100x100&q=80/local/-/media/2015/05/19/USATODAY/USATODAY/635676694498262239-comer.jpg
V/MinimogrifierUtils(31900): resized image URL: http://www.gannett-cdn.com/-mm-/7b90ed6ba355655c8273f19be9a9da177edbbfa8/c=0-172-2657-2829&r=100x100&q=80/local/-/media/2015/05/19/Louisville/Louisville/635676403712347120-Kentucky-Governor-Primary.jpg
V/MinimogrifierUtils(31900): resized image URL: http://www.gannett-cdn.com/-mm-/4ff890760be7c024a382ffabeffe4e02461c015b/c=0-142-740-882&r=100x100&q=80/local/-/media/2015/05/19/USATODAY/USATODAY/635676753777246031-GTY-473889518-73140326.JPG
V/MinimogrifierUtils(31900): resized image URL: http://www.gannett-cdn.com/-mm-/e24d87fd38e98fda6acc25e0bf28ed45806a190f/c=136-0-350-214&r=100x100&q=80/local/-/media/2015/05/20/USATODAY/USATODAY/635676773869828367-waco-facebook.jpg
V/MinimogrifierUtils(31900): resized image URL: http://www.gannett-cdn.com/-mm-/e8e292e56f8a2cf3b770f6415ab0109c0f370931/c=203-0-820-617&r=100x100&q=80/local/-/media/2015/05/19/USATODAY/USATODAY/635676755249961551-GTY-473890006-73140512.JPG
V/MinimogrifierUtils(31900): resized image URL: http://www.gannett-cdn.com/-mm-/20a8b540fbe6821669b22b4640350de5f3d8e048/c=450-0-1553-1103&r=100x100&q=80/local/-/media/2015/05/18/WFAA/WFAA/635675681309654873-0518-twinpeaks01.jpg
V/MinimogrifierUtils(31900): resized image URL: http://www.gannett-cdn.com/-mm-/13ee3905f46b4d35e3e88014430793e917e668c1/c=200-0-1400-1200&r=100x100&q=80/local/-/media/2015/05/18/USATODAY/USATODAY/635675461615049488-AXX-LETTERMAN-FORUM-27750201.JPG
W/Resources(31900): Converting to string: TypedValue{t=0x12/d=0x0 a=2 r=0x7f0b0139}
W/Resources(31900): Converting to string: TypedValue{t=0x1d/d=0xffffffff a=2 r=0x7f0900f6}
D/WearableService( 3054): callingUid 10008, callindPid: 3054
W/Resources(31900): Converting to string: TypedValue{t=0x12/d=0x0 a=2 r=0x7f0b013a}
W/Resources(31900): Converting to string: TypedValue{t=0x1d/d=0xffc6c9c9 a=2 r=0x7f0900d1}
W/Resources(31900): Converting to string: TypedValue{t=0x12/d=0x0 a=2 r=0x7f0b00cd}
W/Resources(31900): Converting to string: TypedValue{t=0x1d/d=0xffeeeeee a=2 r=0x7f0900cd}
W/Resources(31900): Converting to string: TypedValue{t=0x5/d=0x401 a=2 r=0x7f0a0069}
W/Resources(31900): Converting to string: TypedValue{t=0x5/d=0x401 a=2 r=0x7f0a0069}
D/UrlProducer(31900): Articles URL requested: http://api.gannett-cdn.com/mobilefeeds/fronts/v1/news_nation_mobile/?siteId=1&hls=false&api_key=euc4uvhentf8r3dgt69483ad
D/AdConfigurationImpl(31900): lookingFor: article_banner_top, found: section_front
D/AdConfigurationImpl(31900): lookingFor: article_banner_bottom, found: section_front
D/AdConfigurationImpl(31900): lookingFor: high_impact, found: section_front
D/AdConfigurationImpl(31900): lookingFor: section_front, found: section_front
D/GravityWell(31900): No active creative
W/Resources(31900): Converting to string: TypedValue{t=0x12/d=0x0 a=2 r=0x7f0b009a}
W/Resources(31900): Converting to string: TypedValue{t=0x12/d=0x0 a=2 r=0x7f0b00d6}
W/Resources(31900): Converting to string: TypedValue{t=0x1c/d=0x33b0b0b0 a=2 r=0x7f090008}
W/Resources(31900): Converting to string: TypedValue{t=0x12/d=0x0 a=2 r=0x7f0b00d7}
W/Resources(31900): Converting to string: TypedValue{t=0x1c/d=0x33b0b0b0 a=2 r=0x7f090008}
W/art     (31900): Attempt to remove local handle scope entry from IRT, ignoring
W/AwContents(31900): onDetachedFromWindow called when already detached. Ignoring
W/Resources(31900): Converting to string: TypedValue{t=0x12/d=0x0 a=2 r=0x7f0b00d8}
W/Resources(31900): Converting to string: TypedValue{t=0x1c/d=0x33b0b0b0 a=2 r=0x7f090008}
W/art     (31900): Attempt to remove local handle scope entry from IRT, ignoring
W/AwContents(31900): onDetachedFromWindow called when already detached. Ignoring
D/AdConfigurationImpl(31900): lookingFor: article_banner_top, found: section_front
D/AdConfigurationImpl(31900): lookingFor: article_banner_bottom, found: section_front
D/AdConfigurationImpl(31900): lookingFor: high_impact, found: section_front
D/AdConfigurationImpl(31900): lookingFor: section_front, found: section_front
D/Ads     (31900): Ads: Params: latitude=38.8870267;ver=2.7.2.1;longitude=-77.21944422;pageType=front;androidid=b20c3623-9a28-4594-844b-acc8da859575;
I/Ads     (31900): Starting ad request.
I/Ads     (31900): Use AdRequest.Builder.addTestDevice("07C3BD1FC97B8BD363E7086452B8BB2A") to get test ads on this device.
I/Ads     (31900): Please set theme of AdActivity to @android:style/Theme.Translucent to enable transparent background interstitial ad.
D/DfpAdRetriever(31900): AD_REQUEST::SectionFront::/7103/usatoday_tablet/android_tablet_app-section_front/news/national/main:: Size = 468x60::AWS::news/national/main
D/GravityWell(31900): No active creative
D/ADBMobile(31900): ADBMobile Debug : Audience Manager - request (http://gannett.demdex.net/event?c_gnt_prefs_PushSegments=bknews%7Cnull%7Cnull%7Cnull%7Cnull%7Cnull&c_gnt_Orientation=portrait&c_gnt_TimeValue=3%3A00PM&c_gnt_Location=38.932339%7C-77.2181978&c_gnt_zag_zip=22102&c_gnt_ssts_Subsection=Nation&c_gnt_ContentType=sectionfront&c_gnt_ProductName=USATODAY%20for%20Android%20Tablet&c_gnt_ssts_Section=News&c_gnt_MarketName=gpapermobileapp&c_gnt_quietTime=10%3A00pm%7C07%3A00am&d_dpid=3054&d_dpuuid=b20c3623-9a28-4594-844b-acc8da859575&d_ptfm=android&d_dst=1&d_rtbd=json)
D/UserEdManager(31900): tryDisplayUserEd
D/UserEdManager(31900): hideAndResetUserEd
D/UrlProducer(31900): Breaking News URL requested: http://api.gannett-cdn.com/mobilefeeds/breakingnews/v1/mobile/?siteId=1&api_key=euc4uvhentf8r3dgt69483ad
W/Resources(31900): Converting to string: TypedValue{t=0x5/d=0x4001 a=1 r=0x1050051}
W/Resources(31900): Converting to string: TypedValue{t=0x5/d=0x3801 a=1 r=0x105003a}
W/Resources(31900): Converting to string: TypedValue{t=0x5/d=0x4001 a=1 r=0x1050051}
W/Resources(31900): Converting to string: TypedValue{t=0x5/d=0x3801 a=1 r=0x105003a}
W/Resources(31900): Converting to string: TypedValue{t=0x12/d=0x0 a=2 r=0x7f0b0114}
W/Resources(31900): Converting to string: TypedValue{t=0x1d/d=0xffebebeb a=2 r=0x7f090013}
W/Resources(31900): Converting to string: TypedValue{t=0x12/d=0x0 a=2 r=0x7f0b0071}
W/Resources(31900): Converting to string: TypedValue{t=0x12/d=0x0 a=2 r=0x7f0b0115}
W/Resources(31900): Converting to string: TypedValue{t=0x1d/d=0xff000000 a=2 r=0x7f090017}
D/Transform(31900): BreakingNewsModule: com.gannett.android.exceptions.InvalidEntityException: no items
W/Resources(31900): Converting to string: TypedValue{