W/Resources(31457): Converting to string: TypedValue{t=0x12/d=0x0 a=2 r=0x7f0b01c7}
W/Resources(31457): Converting to string: TypedValue{t=0x12/d=0x0 a=2 r=0x7f0b01c8}
W/Resources(31457): Converting to string: TypedValue{t=0x1d/d=0xfff9f9f9 a=2 r=0x7f0900a5}
W/Resources(31457): Converting to string: TypedValue{t=0x5/d=0x1401 a=2 r=0x7f0a0096}
W/Resources(31457): Converting to string: TypedValue{t=0x5/d=0x1001 a=2 r=0x7f0a0097}
W/Resources(31457): Converting to string: TypedValue{t=0x5/d=0x1401 a=2 r=0x7f0a0096}
W/Resources(31457): Converting to string: TypedValue{t=0x5/d=0xf01 a=2 r=0x7f0a0095}
W/Resources(31457): Converting to string: TypedValue{t=0x12/d=0x0 a=2 r=0x7f0b01c6}
W/Resources(31457): Converting to string: TypedValue{t=0x12/d=0x0 a=2 r=0x7f0b01c7}
W/Resources(31457): Converting to string: TypedValue{t=0x12/d=0x0 a=2 r=0x7f0b01c8}
W/Resources(31457): Converting to string: TypedValue{t=0x1d/d=0xfff9f9f9 a=2 r=0x7f0900a5}
W/Resources(31457): Converting to string: TypedValue{t=0x5/d=0x1401 a=2 r=0x7f0a0096}
W/Resources(31457): Converting to string: TypedValue{t=0x5/d=0x1001 a=2 r=0x7f0a0097}
W/Resources(31457): Converting to string: TypedValue{t=0x5/d=0x1401 a=2 r=0x7f0a0096}
W/Resources(31457): Converting to string: TypedValue{t=0x5/d=0xf01 a=2 r=0x7f0a0095}
W/Resources(31457): Converting to string: TypedValue{t=0x12/d=0x0 a=2 r=0x7f0b01c6}
W/Resources(31457): Converting to string: TypedValue{t=0x12/d=0x0 a=2 r=0x7f0b01c7}
W/Resources(31457): Converting to string: TypedValue{t=0x12/d=0x0 a=2 r=0x7f0b01c8}
W/Resources(31457): Converting to string: TypedValue{t=0x1d/d=0xfff9f9f9 a=2 r=0x7f0900a5}
W/Resources(31457): Converting to string: TypedValue{t=0x5/d=0x1401 a=2 r=0x7f0a0096}
W/Resources(31457): Converting to string: TypedValue{t=0x5/d=0x1001 a=2 r=0x7f0a0097}
W/Resources(31457): Converting to string: TypedValue{t=0x5/d=0x1401 a=2 r=0x7f0a0096}
W/Resources(31457): Converting to string: TypedValue{t=0x5/d=0xf01 a=2 r=0x7f0a0095}
W/Resources(31457): Converting to string: TypedValue{t=0x12/d=0x0 a=2 r=0x7f0b01c6}
W/Resources(31457): Converting to string: TypedValue{t=0x12/d=0x0 a=2 r=0x7f0b01c7}
W/Resources(31457): Converting to string: TypedValue{t=0x12/d=0x0 a=2 r=0x7f0b01c8}
W/Resources(31457): Converting to string: TypedValue{t=0x1d/d=0xfff9f9f9 a=2 r=0x7f0900a5}
W/Resources(31457): Converting to string: TypedValue{t=0x5/d=0x1401 a=2 r=0x7f0a0096}
W/Resources(31457): Converting to string: TypedValue{t=0x5/d=0x1001 a=2 r=0x7f0a0097}
W/Resources(31457): Converting to string: TypedValue{t=0x5/d=0x1401 a=2 r=0x7f0a0096}
W/Resources(31457): Converting to string: TypedValue{t=0x5/d=0xf01 a=2 r=0x7f0a0095}
W/Resources(31457): Converting to string: TypedValue{t=0x12/d=0x0 a=2 r=0x7f0b01c6}
W/Resources(31457): Converting to string: TypedValue{t=0x12/d=0x0 a=2 r=0x7f0b01c7}
W/Resources(31457): Converting to string: TypedValue{t=0x12/d=0x0 a=2 r=0x7f0b01c8}
W/Resources(31457): Converting to string: TypedValue{t=0x1d/d=0xfff9f9f9 a=2 r=0x7f0900a5}
W/Resources(31457): Converting to string: TypedValue{t=0x5/d=0x1401 a=2 r=0x7f0a0096}
W/Resources(31457): Converting to string: TypedValue{t=0x5/d=0x1001 a=2 r=0x7f0a0097}
W/Resources(31457): Converting to string: TypedValue{t=0x5/d=0x1401 a=2 r=0x7f0a0096}
W/Resources(31457): Converting to string: TypedValue{t=0x5/d=0xf01 a=2 r=0x7f0a0095}
W/Resources(31457): Converting to string: TypedValue{t=0x12/d=0x0 a=2 r=0x7f0b01c6}
W/Resources(31457): Converting to string: TypedValue{t=0x12/d=0x0 a=2 r=0x7f0b01c7}
W/Resources(31457): Converting to string: TypedValue{t=0x12/d=0x0 a=2 r=0x7f0b01c8}
W/Resources(31457): Converting to string: TypedValue{t=0x1d/d=0xfff9f9f9 a=2 r=0x7f0900a5}
W/Resources(31457): Converting to string: TypedValue{t=0x5/d=0x1401 a=2 r=0x7f0a0096}
W/Resources(31457): Converting to string: TypedValue{t=0x5/d=0x1001 a=2 r=0x7f0a0097}
W/Resources(31457): Converting to string: TypedValue{t=0x5/d=0x1401 a=2 r=0x7f0a0096}
W/Resources(31457): Converting to string: TypedValue{t=0x5/d=0xf01 a=2 r=0x7f0a0095}
W/Resources(31457): Converting to string: TypedValue{t=0x12/d=0x0 a=2 r=0x7f0b01c6}
W/Resources(31457): Converting to string: TypedValue{t=0x12/d=0x0 a=2 r=0x7f0b01c7}
W/Resources(31457): Converting to string: TypedValue{t=0x12/d=0x0 a=2 r=0x7f0b01c8}
W/Resources(31457): Converting to string: TypedValue{t=0x1d/d=0xfff9f9f9 a=2 r=0x7f0900a5}
W/Resources(31457): Converting to string: TypedValue{t=0x5/d=0x1401 a=2 r=0x7f0a0096}
W/Resources(31457): Converting to string: TypedValue{t=0x5/d=0x1001 a=2 r=0x7f0a0097}
W/Resources(31457): Converting to string: TypedValue{t=0x5/d=0x1401 a=2 r=0x7f0a0096}
W/Resources(31457): Converting to string: TypedValue{t=0x5/d=0xf01 a=2 r=0x7f0a0095}
W/Resources(31457): Converting to string: TypedValue{t=0x12/d=0x0 a=2 r=0x7f0b01c6}
W/Resources(31457): Converting to string: TypedValue{t=0x12/d=0x0 a=2 r=0x7f0b01c7}
W/Resources(31457): Converting to string: TypedValue{t=0x12/d=0x0 a=2 r=0x7f0b01c8}
W/Resources(31457): Converting to string: TypedValue{t=0x1d/d=0xfff9f9f9 a=2 r=0x7f0900a5}
W/Resources(31457): Converting to string: TypedValue{t=0x5/d=0x1401 a=2 r=0x7f0a0096}
W/Resources(31457): Converting to string: TypedValue{t=0x5/d=0x1001 a=2 r=0x7f0a0097}
W/Resources(31457): Converting to string: TypedValue{t=0x5/d=0x1401 a=2 r=0x7f0a0096}
W/Resources(31457): Converting to string: TypedValue{t=0x5/d=0xf01 a=2 r=0x7f0a0095}
W/Resources(31457): Converting to string: TypedValue{t=0x12/d=0x0 a=2 r=0x7f0b01c6}
W/Resources(31457): Converting to string: TypedValue{t=0x12/d=0x0 a=2 r=0x7f0b01c7}
W/Resources(31457): Converting to string: TypedValue{t=0x12/d=0x0 a=2 r=0x7f0b01c8}
W/Resources(31457): Converting to string: TypedValue{t=0x1d/d=0xfff9f9f9 a=2 r=0x7f0900a5}
W/Resources(31457): Converting to string: TypedValue{t=0x5/d=0x1401 a=2 r=0x7f0a0096}
W/Resources(31457): Converting to string: TypedValue{t=0x5/d=0x1001 a=2 r=0x7f0a0097}
W/Resources(31457): Converting to string: TypedValue{t=0x5/d=0x1401 a=2 r=0x7f0a0096}
W/Resources(31457): Converting to string: TypedValue{t=0x5/d=0xf01 a=2 r=0x7f0a0095}
W/Resources(31457): Converting to string: TypedValue{t=0x12/d=0x0 a=2 r=0x7f0b01c6}
W/Resources(31457): Converting to string: TypedValue{t=0x12/d=0x0 a=2 r=0x7f0b01c7}
W/Resources(31457): Converting to string: TypedValue{t=0x12/d=0x0 a=2 r=0x7f0b01c8}
W/Resources(31457): Converting to string: TypedValue{t=0x1d/d=0xfff9f9f9 a=2 r=0x7f0900a5}
W/Resources(31457): Converting to string: TypedValue{t=0x5/d=0x1401 a=2 r=0x7f0a0096}
W/Resources(31457): Converting to string: TypedValue{t=0x5/d=0x1001 a=2 r=0x7f0a0097}
W/Resources(31457): Converting to string: TypedValue{t=0x5/d=0x1401 a=2 r=0x7f0a0096}
W/Resources(31457): Converting to string: TypedValue{t=0x5/d=0xf01 a=2 r=0x7f0a0095}
W/Resources(31457): Converting to string: TypedValue{t=0x12/d=0x0 a=2 r=0x7f0b01c6}
W/Resources(31457): Converting to string: TypedValue{t=0x12/d=0x0 a=2 r=0x7f0b01c7}
W/Resources(31457): Converting to string: TypedValue{t=0x12/d=0x0 a=2 r=0x7f0b01c8}
W/Resources(31457): Converting to string: TypedValue{t=0x1d/d=0xfff9f9f9 a=2 r=0x7f0900a5}
W/Resources(31457): Converting to string: TypedValue{t=0x5/d=0x1401 a=2 r=0x7f0a0096}
W/Resources(31457): Converting to string: TypedValue{t=0x5/d=0x1001 a=2 r=0x7f0a0097}
W/Resources(31457): Converting to string: TypedValue{t=0x5/d=0x1401 a=2 r=0x7f0a0096}
W/Resources(31457): Converting to string: TypedValue{t=0x5/d=0xf01 a=2 r=0x7f0a0095}
W/Resources(31457): Converting to string: TypedValue{t=0x12/d=0x0 a=2 r=0x7f0b01c6}
W/Resources(31457): Converting to string: TypedValue{t=0x12/d=0x0 a=2 r=0x7f0b01c7}
W/Resources(31457): Converting to string: TypedValue{t=0x12/d=0x0 a=2 r=0x7f0b01c8}
I/ViewInteraction(31457): Performing 'single click' action on view (with id: com.gannett.local.library.news.floridatoday:id/nav_child_text and with text: is "Top Stories")
D/NavigationActivity(31457): navigateTo():Top Stories
D/NavigationActivity(31457): executeNavigationIntent, this class: class com.gannett.android.news.ui.activity.ActivityNews, intent.getClass(): com.gannett.android.news.ui.activity.ActivityNews
D/UrlProducer(31457): Articles URL requested: http://api.gannett-cdn.com/mobilefeeds/fronts/v1/sports_tablet/?siteId=123&hls=false&api_key=euc4uvhentf8r3dgt69483ad
D/ADBMobile(31457): ADBMobile Debug : Analytics - Attempting to send request parameters(71961577?AQB=1&ndh=1&ce=UTF-8&pev2=AMACTION%3Anavmenu%7Csports_topstories&c.&a.&DeviceName=Nexus%207&OSVersion=Android%205.1.1&Resolution=1200x1824&action=navmenu%7Csports_topstories&AppID=Florida%20Today%202.7.2.1%20%2852%29&.a&gnt.&MarketName=gpapermobile114&ProductName=uscpnativenewsandroid%20for%20Android%20Tablet&Orientation=portrait&TimeValue=11%3A30AM&.gnt&.c&t=00%2F00%2F0000%2000%3A00%3A00%200%20240&pageName=Florida%20Today%202.7.2.1%20%2852%29&aid=2B5CDEE80D2F4E87-2E535F9A5376B7E5&pe=lnk_o&AQE=1)
D/ADBMobile(31457): ADBMobile Debug : Analytics - Request Sent(http://repdata.floridatoday.com/b/ss/gpapermobile114/0/JAVA-4.1.7-AN/s71961577?AQB=1&ndh=1&ce=UTF-8&pev2=AMACTION%3Anavmenu%7Csports_topstories&c.&a.&DeviceName=Nexus%207&OSVersion=Android%205.1.1&Resolution=1200x1824&action=navmenu%7Csports_topstories&AppID=Florida%20Today%202.7.2.1%20%2852%29&.a&gnt.&MarketName=gpapermobile114&ProductName=uscpnativenewsandroid%20for%20Android%20Tablet&Orientation=portrait&TimeValue=11%3A30AM&.gnt&.c&t=00%2F00%2F0000%2000%3A00%3A00%200%20240&pageName=Florida%20Today%202.7.2.1%20%2852%29&aid=2B5CDEE80D2F4E87-2E535F9A5376B7E5&pe=lnk_o&AQE=1)
W/UiControllerImpl(31457): Waiting for: DELAY_HAS_PAST for 100 iterations.
V/MinimogrifierUtils(31457): resized image URL: http://www.gannett-cdn.com/-mm-/e8c6549aab46e28eedd68d0fd55d0c088e402cda/c=426-0-3125-2699&r=100x100&q=80/local/-/media/2015/05/20/Brevard/B9317320181Z.1_20150520094609_000_GERAP0504.1-0.jpg
V/MinimogrifierUtils(31457): resized image URL: http://www.gannett-cdn.com/-mm-/d1beb8c297a457cbcc43a559e34876d5db415336/c=355-0-2764-2409&r=100x100&q=80/local/-/media/2015/05/20/Brevard/B9317408364Z.1_20150520104830_000_GFPARGSBQ.1-0.jpg
V/MinimogrifierUtils(31457): resized image URL: http://www.gannett-cdn.com/-mm-/f2d48849b409d5ea236a3e66f7ebd11787d45720/c=1714-0-4280-2566&r=100x100&q=80/local/-/media/2015/05/21/Brevard/Brevard/635677982916930011-Space-Coast-Stadium.jpg
V/MinimogrifierUtils(31457): resized image URL: http://www.gannett-cdn.com/-mm-/84d377c82a80ef4ec485dadc9de94815a1da8b29/c=0-37-816-853&r=100x100&q=80/local/-/media/2015/05/21/Brevard/Brevard/635677985949667211-Screen-Shot-2015-05-21-at-9.41.56-AM.png
V/MinimogrifierUtils(31457): resized image URL: http://www.gannett-cdn.com/-mm-/aa86e40b13acd1ee857e2337c019e195e8b92790/c=505-0-2843-2338&r=100x100&q=80/local/-/media/2015/05/20/Brevard/B9317422317Z.1_20150520222946_000_G8PARNK3J.1-0.jpg
V/MinimogrifierUtils(31457): resized image URL: http://www.gannett-cdn.com/-mm-/0c62c72dc106c76b4dd438dba36f2b13bc41bbee/c=381-0-2521-2140&r=100x100&q=80/local/-/media/2015/05/20/Brevard/B9317422317Z.1_20150520222946_000_GNPARNP46.1-0.jpg
V/MinimogrifierUtils(31457): resized image URL: http://www.gannett-cdn.com/-mm-/56be6444184d3e0ec6093ce60174027eabd43c14/c=574-0-2771-2197&r=100x100&q=80/local/-/media/2015/05/20/Brevard/B9317424910Z.1_20150520161619_000_GQAARJUE8.1-0.jpg
V/MinimogrifierUtils(31457): resized image URL: http://www.gannett-cdn.com/-mm-/813df744c8de7a0b6d08b7e164bf1e523e1c6e7a/c=1-0-277-276&r=100x100&q=80/local/-/media/2015/05/20/Brevard/B9317397675Z.1_20150520153151_000_GM7AR68MJ.1-0.jpg
V/MinimogrifierUtils(31457): resized image URL: http://www.gannett-cdn.com/-mm-/14761b9086cdae6b06343c7dd520b127accd8fb1/c=68-0-731-663&r=100x100&q=80/local/-/media/2015/05/20/Brevard/B9317397675Z.1_20150520153151_000_GM7AR68MF.1-0.jpg
V/MinimogrifierUtils(31457): resized image URL: http://www.gannett-cdn.com/-mm-/6924cb81b0fa5db2ac9ba77073947cf859155673/c=443-0-2936-2493&r=100x100&q=80/local/-/media/2015/05/19/Brevard/B9317408415Z.1_20150519224548_000_G81ARCOJD.1-0.jpg
V/MinimogrifierUtils(31457): resized image URL: http://www.gannett-cdn.com/-mm-/759e4d0cf6e46f203ff1b49c6e683ad10cbf0a34/c=28-0-533-505&r=100x100&q=80/local/-/media/2015/05/19/Brevard/Brevard/635676545658991696-ashlyn1.jpg
V/MinimogrifierUtils(31457): resized image URL: http://www.gannett-cdn.com/-mm-/d3a937fc2630691fc17ae23b2ee3df4a1a242d60/c=76-0-523-447&r=100x100&q=80/local/-/media/2015/05/19/Brevard/B9317405408Z.1_20150519221407_000_GIOARA89U.1-0.jpg
V/MinimogrifierUtils(31457): resized image URL: http://www.gannett-cdn.com/-mm-/5234b3a41b321ef296b70ab0b20d7052a673bdc3/c=568-0-2831-2263&r=100x100&q=80/local/-/media/2015/05/19/Brevard/B9317408175Z.1_20150519152832_000_GTDAR7R8D.1-0.jpg
V/MinimogrifierUtils(31457): resized image URL: http://www.gannett-cdn.com/-mm-/2e2b49bcebb6057644fc73cf1270e58ffd60fc05/c=133-0-2410-2277&r=100x100&q=80/local/-/media/2015/05/19/Brevard/B9317406869Z.1_20150519125441_000_GTEAR7BTE.1-0.jpg
V/MinimogrifierUtils(31457): resized image URL: http://www.gannett-cdn.com/-mm-/44551c23caff66800aea88e5737be85b3e8df594/c=584-0-2920-2336&r=100x100&q=80/local/-/media/2015/05/18/Brevard/B9317403001Z.1_20150518215919_000_G1EAR2324.1-0.jpg
V/MinimogrifierUtils(31457): resized image URL: http://www.gannett-cdn.com/-mm-/6d8b257b31e54ea038b3cb5a1871948a1edc0e96/c=66-0-467-401&r=100x100&q=80/local/-/media/2015/05/18/Brevard/B9317393232Z.1_20150518215130_000_G1EAR212P.1-0.jpg
V/MinimogrifierUtils(31457): resized image URL: http://www.gannett-cdn.com/-mm-/8205533dbc999407c0e22070fa76c41e9c68cf37/c=12-0-607-595&r=100x100&q=80/local/-/media/2015/05/18/Brevard/B9317295122Z.1_20150518110014_000_GTHAQS642.1-0.jpg
V/MinimogrifierUtils(31457): resized image URL: http://www.gannett-cdn.com/-mm-/34f9a9cb95800ab14df956f0934928285f6661a4/c=0-18-472-490&r=100x100&q=80/local/-/media/2015/05/18/Brevard/B9317295122Z.1_20150518110014_000_GTHAQS63L.1-0.jpg
V/MinimogrifierUtils(31457): resized image URL: http://www.gannett-cdn.com/-mm-/15a9d0eb6de64d766fd99d7105365c7f7c3411e2/c=100-0-575-475&r=100x100&q=80/local/-/media/2015/05/18/Brevard/B9317395423Z.1_20150518170821_000_GJ1AQVLHT.1-0.jpg
V/MinimogrifierUtils(31457): resized image URL: http://www.gannett-cdn.com/-mm-/a2562cd51349e6b471455dd7374c406f45bde728/c=100-0-494-394&r=100x100&q=80/local/-/media/2015/05/18/Brevard/B9317397862Z.1_20150518170252_000_G84AQVKF5.1-0.jpg
V/MinimogrifierUtils(31457): resized image URL: http://www.gannett-cdn.com/-mm-/ef6796f7bfbfe4172bc956673d530daab75af3cb/c=0-0-1902-1902&r=100x100&q=80/local/-/media/2015/05/18/Brevard/B9317391501Z.1_20150518164504_000_GOKAQVAJS.1-0.jpg
V/MinimogrifierUtils(31457): resized image URL: http://www.gannett-cdn.com/-mm-/6d8b257b31e54ea038b3cb5a1871948a1edc0e96/c=66-0-467-401&r=100x100&q=80/local/-/media/2015/05/18/Brevard/B9317390883Z.1_20150518164347_000_G84AQVEAK.1-0.jpg
V/MinimogrifierUtils(31457): resized image URL: http://www.gannett-cdn.com/-mm-/28f055e449d6c513ba723c80557d6e0732825eac/c=780-0-4026-3246&r=100x100&q=80/local/-/media/2015/05/18/Brevard/B9317397043Z.1_20150518162625_000_GUTAQT5HG.2-0.jpg
V/MinimogrifierUtils(31457): resized image URL: http://www.gannett-cdn.com/-mm-/143bdc4e84dc7afdf392a1592b6cde72fe1f14e0/c=641-0-1955-1314&r=100x100&q=80/local/-/media/2015/05/17/Brevard/Brevard/635674915600124630-thunderboat-CR8190.jpg
V/MinimogrifierUtils(31457): resized image URL: http://www.gannett-cdn.com/-mm-/32ffaf7dc4eaf1f4c989d6010f907ed2412464b0/c=0-0-1444-1444&r=100x100&q=80/local/-/media/2015/05/16/Brevard/B9317321039Z.1_20150516164917_000_G9BAP0KLD.1-0.jpg
D/Transform(31457): UnknownAsset: com.gannett.android.exceptions.InvalidEntityException: text
D/Transform(31457): UnknownAsset: com.gannett.android.exceptions.InvalidEntityException: text
D/Transform(31457): Dropped element 1
D/Transform(31457): Dropped element 2
V/MinimogrifierUtils(31457): resized image URL: http://www.gannett-cdn.com/-mm-/e453a6818ef0787fe716e773120c219afdcd7725/c=0-0-124-124&r=100x100&q=80/local/-/media/2015/05/18/Brevard/B9317384649Z.1_20150518001413_000_GBPAQH3DT.1-0.jpg
V/MinimogrifierUtils(31457): resized image URL: http://www.gannett-cdn.com/-mm-/8611908afc7687500e80aefde73cd997685711bf/c=92-0-502-410&r=100x100&q=80/local/-/media/2015/05/17/Brevard/B9317384798Z.1_20150517214450_000_GBPAQGEIV.1-0.jpg
V/MinimogrifierUtils(31457): resized image URL: http://www.gannett-cdn.com/-mm-/15a9d0eb6de64d766fd99d7105365c7f7c3411e2/c=100-0-575-475&r=100x100&q=80/local/-/media/2015/05/17/Brevard/B9317380557Z.1_20150517173218_000_G4RAQEUA1.1-0.jpg
V/MinimogrifierUtils(31457): resized image URL: http://www.gannett-cdn.com/-mm-/21d3a7a6e9b3b62384a6dcc6b3d27237a8ba4b49/c=463-0-1618-1155&r=100x100&q=80/local/-/media/2015/05/17/Brevard/B9317383752Z.1_20150517194722_000_GP7AQFNUR.1-0.jpg
V/MinimogrifierUtils(31457): resized image URL: http://www.gannett-cdn.com/-mm-/655c4882bd9cf7acdf40b144236970a815ef2e74/c=0-0-1526-1526&r=100x100&q=80/local/-/media/2015/05/17/Brevard/B9317383594Z.1_20150517193342_000_GV2AQFLSC.1-0.jpg
V/MinimogrifierUtils(31457): resized image URL: http://www.gannett-cdn.com/-mm-/ac8476967533c53e34880e228b91af5655a40fbb/c=309-0-1879-1570&r=100x100&q=80/local/-/media/2015/05/17/Brevard/B9317381743Z.1_20150517162114_000_GC1AQEHJR.2-0.jpg
D/Transform(31457): UnknownAsset: com.gannett.android.exceptions.InvalidEntityException: text
D/Transform(31457): UnknownAsset: com.gannett.android.exceptions.InvalidEntityException: text
D/Transform(31457): Dropped element 1
D/Transform(31457): Dropped element 2
V/MinimogrifierUtils(31457): resized image URL: http://www.gannett-cdn.com/-mm-/3df52284b76b60248bd22199ba9ac3c8a4b4fee0/c=489-95-1125-731&r=100x100&q=80/local/-/media/2015/05/17/Brevard/B9317380367Z.1_20150517135636_000_GJ5AQDD6K.1-0.jpg
V/MinimogrifierUtils(31457): resized image URL: http://www.gannett-cdn.com/-mm-/a3637a94bd6ef300ff18b49e66883f47fd0049b8/c=0-132-2008-2140&r=100x100&q=80/local/-/media/2015/05/16/Brevard/B9317361291Z.1_20150516164359_000_G3KAPVG6E.1-0.jpg
V/MinimogrifierUtils(31457): resized image URL: http://www.gannett-cdn.com/-mm-/e453a6818ef0787fe716e773120c219afdcd7725/c=0-0-124-124&r=100x100&q=80/local/-/media/2015/05/16/Brevard/B9317375144Z.1_20150516233133_000_GLGAQD6MN.1-0.jpg
V/MinimogrifierUtils(31457): resized image URL: http://www.gannett-cdn.com/-mm-/15a9d0eb6de64d766fd99d7105365c7f7c3411e2/c=100-0-575-475&r=100x100&q=80/local/-/media/2015/05/16/Brevard/B9317375141Z.1_20150516225304_000_GS8AQCUMS.1-0.jpg
W/Resources(31457): Converting to string: TypedValue{t=0x12/d=0x0 a=2 r=0x7f0b0139}
W/Resources(31457): Converting to string: TypedValue{t=0x1d/d=0xffffffff a=2 r=0x7f0900f6}
W/Resources(31457): Converting to string: TypedValue{t=0x12/d=0x0 a=2 r=0x7f0b013a}
W/Resources(31457): Converting to string: TypedValue{t=0x1d/d=0xffc6c9c9 a=2 r=0x7f0900d1}
W/Resources(31457): Converting to string: TypedValue{t=0x12/d=0x0 a=2 r=0x7f0b00cd}
W/Resources(31457): Converting to string: TypedValue{t=0x1d/d=0xffeeeeee a=2 r=0x7f0900cd}
W/Resources(31457): Converting to string: TypedValue{t=0x5/d=0x401 a=2 r=0x7f0a0069}
W/Resources(31457): Converting to string: TypedValue{t=0x5/d=0x401 a=2 r=0x7f0a0069}
D/UrlProducer(31457): Articles URL requested: http://api.gannett-cdn.com/mobilefeeds/fronts/v1/sports_tablet/?siteId=123&hls=false&api_key=euc4uvhentf8r3dgt69483ad
D/AdConfigurationImpl(31457): lookingFor: article_banner_top, found: section_front
D/AdConfigurationImpl(31457): lookingFor: article_banner_bottom, found: section_front
D/AdConfigurationImpl(31457): lookingFor: section_front, found: section_front
W/Resources(31457): Converting to string: TypedValue{t=0x12/d=0x0 a=2 r=0x7f0b009a}
W/Resources(31457): Converting to string: TypedValue{t=0x12/d=0x0 a=2 r=0x7f0b00d6}
W/Resources(31457): Converting to string: TypedValue{t=0x1c/d=0x33b0b0b0 a=2 r=0x7f090008}
W/Resources(31457): Converting to string: TypedValue{t=0x12/d=0x0 a=2 r=0x7f0b00d7}
W/Resources(31457): Converting to string: TypedValue{t=0x1c/d=0x33b0b0b0 a=2 r=0x7f090008}
W/art     (31457): Attempt to remove local handle scope entry from IRT, ignoring
W/AwContents(31457): onDetachedFromWindow called when already detached. Ignoring
W/Resources(31457): Converting to string: TypedValue{t=0x12/d=0x0 a=2 r=0x7f0b00d8}
W/Resources(31457): Converting to string: TypedValue{t=0x1c/d=0x33b0b0b0 a=2 r=0x7f090008}
W/art     (31457): Attempt to remove local handle scope entry from IRT, ignoring
W/AwContents(31457): onDetachedFromWindow called when already detached. Ignoring
D/AdConfigurationImpl(31457): lookingFor: article_banner_top, found: section_front
D/AdConfigurationImpl(31457): lookingFor: article_banner_bottom, found: section_front
D/AdConfigurationImpl(31457): lookingFor: section_front, found: section_front
D/Ads     (31457): Ads: Params: latitude=38.87831402;ver=2.7.2.1;longitude=-77.22084547;pageType=front;androidid=b20c3623-9a28-4594-844b-acc8da859575;
I/Ads     (31457): Starting ad request.
I/Ads     (31457): Use AdRequest.Builder.addTestDevice("07C3BD1FC97B8BD363E7086452B8BB2A") to get test ads on this device.
I/Ads     (31457): Please set theme of AdActivity to @android:style/Theme.Translucent to enable transparent background interstitial ad.
D/DfpAdRetriever(31457): AD_REQUEST::SectionFront::/7103/fl-brevard-mobile-C1028/android_tablet_app-section_front/sports/main:: Size = 468x60::AWS::sports/main
D/UserEdManager(31457): tryDisplayUserEd
D/UserEdManager(31457): hideAndResetUserEd
D/UrlProducer(31457): Breaking News URL requested: http://api.gannett-cdn.com/mobilefeeds/breakingnews/v1/mobile/?siteId=123&api_key=euc4uvhentf8r3dgt69483ad
W/Resources(31457): Converting to string: TypedValue{t=0x5/d=0x4001 a=1 r=0x1050051}
W/Resources(31457): Converting to string: TypedValue{t=0x5/d=0x3801 a=1 r=0x105003a}
W/Resources(31457): Converting to string: TypedValue{t=0x12/d=0x0 a=2 r=0x7f0b0114}
W/Resources(31457): Converting to string: TypedValue{t=0x1d/d=0xffebebeb a=2 r=0x7f090013}
W/Resources(31457): Converting to string: TypedValue{t=0x12/d=0x0 a=2 r=0x7f0b0071}
W/Resources(31457): Converting to string: TypedValue{t=0x12/d=0x0 a=2 r=0x7f0b0115}
W/Resources(31457): Converting to string: TypedValue{t=0x1d/d=0xff000000 a=2 r=0x7f090017}
W/Resources(31457): Converting to string: TypedValue{t=0x12/d=0x0 a=2 r=0x7f0b0150}
W/Resources(31457): Converting to string: TypedValue{t=0x1d/d=0xffa01313 a=2 r=0x7f09001a}
W/Resources(31457): Converting to string: TypedValue{t=0x5/d=0x801 a=2 r=0x7f0a005c}
W/Resources(31457): Converting to string: TypedValue{t=0x5/d=0x401 a=2 r=0x7f0a005e}
W/Resources(31457): Converting to string: TypedValue{t=0x5/d=0x801 a=2 r=0x7f0a005c}
W/Resources(31457): Converting to string: TypedValue{t=0x5/d=0x401 a=2 r=0x7f0a005e}
W/Resources(31457): Converting to string: TypedValue{t=0x5/d=0x1001 a=2 r=0x7f0a0060}
W/Resources(31457): Converting to string: TypedValue{t=0x5/d=0x1001 a=2 r=0x7f0a0060}
W/Resources(31457): Converting to string: TypedValue{t=0x5/d=0x1001 a=2 r=0x7f0a0060}
W/Resources(31457): Converting to string: TypedValue{t=0x12/d=0x0 a=2 r=0x7f0b0151}
W/Resources(31457): Converting to string: TypedValue{t=0x5/d=0x1001 a=2 r=0x7f0a0068}
W/Resources(31457): Converting to string: TypedValue{t=0x5/d=0x401 a=2 r=0x7f0a005e}
W/Resources(31457): Converting to string: TypedValue{t=0x12/d=0x0 a=2 r=0x7f0b013c}
W/Resources(31457): Converting to string: TypedValue{t=0x5/d=0x1001 a=2 r=0x7f0a0068}
W/Resources(31457): Converting to string: TypedValue{t=0x5/d=0x1101 a=2 r=0x7f0a0084}
W/Resources(31457): Converting to string: TypedValue{t=0x12/d=0x0 a=2 r=0x7f0b0074}
V/MinimogrifierUtils(31457): resized image URL: http://www.gannett-cdn.com/-mm-/1e21272dba3c9f25fbcff8745ecccad47a6d094a/c=0-18-3552-2682&r=1200x900&q=80/local/-/media/2015/05/20/Brevard/B9317320181Z.1_20150520094609_000_GERAP0504.1-0.jpg
W/Resources(31457): Converting to string: TypedValue{t=0x12/d=0x0 a=2 r=0x7f0b01d9}
W/Resources(31457): Converting to string: TypedValue{t=0x1d/d=0xffeeeeee a=2 r=0x7f0900cd}
W/Resources(31457): Converting to string: TypedValue{t=0x5/d=0x1001 a=2 r=0x7f0a0060}
W/Resources(31457): Converting to string: TypedValue{t=0x5/d=0xc01 a=2 r=0x7f0a005d}
W/Resources(31457): Converting to string: TypedValue{t=0x5/d=0x801 a=2 r=0x7f0a005c}
W/Resources(31457): Converting to string: TypedValue{t=0x12/d=0x0 a=2 r=0x7f0b01da}
W/Resources(31457): Converting to string: TypedValue{t=0x5/d=0x801 a=2 r=0x7f0a005c}
W/Resources(31457): Converting to string: TypedValue{t=0x5/d=0x1001 a=2 r=0x7f0a0060}
W/Resources(31457): Converting to string: TypedValue{t=0x12/d=0x0 a=2 r=0x7f0b0213}
W/Resources(31457): Converting to string: TypedValue{t=0x12/d=0x0 a=2 r=0x7f0b0214}
W/Resources(31457): Converting to string: TypedValue{t=0x12/d=0x0 a=2 r=0x7f0b017c}
W/Resources(31457): Converting to string: TypedValue{t=0x12/d=0x0 a=2 r=0x7f0b0215}
W/Resources(31457): Converting to string: TypedValue{t=0x12/d=0x0 a=2 r=0x7f0b01db}
D/UrlProducer(31457): Weather URL requested: http://api.gannett-cdn.com/internal/weather/V5/accuweather/data/location/332282?LanguageId=1&Metric=false&format=json&api_key=7zh2888dfxtnttmpkq8wmj78
W/Resources(31457): Converting to string: TypedValue{t=0x1c/d=0x0 a=1 r=0x106000d}
W/Resources(31457): Converting to string: TypedValue{t=0x12/d=0x0 a=2 r=0x7f0b013b}
W/Resources(31457): Converting to string: TypedValue{t=0x5/d=0x1001 a=2 r=0x7f0a0060}
W/Resources(31457): Converting to string: TypedValue{t=0x5/d=0x801 a=2 r=0x7f0a005c}
W/Resources(31457): Converting to string: TypedValue{t=0x5/d=0x1001 a=2 r=0x7f0a0060}
W/Resources(31457): Converting to string: TypedValue{t=0x5/d=0x801 a=2 r=0x7f0a005c}
W/Resources(31457): Converting to string: TypedValue{t=0x5/d=0x3001 a=2 r=0x7f0a0066}
W/Resources(31457): Converting to string: TypedValue{t=0x12/d=0x0 a=2 r=0x7f0b0077}
W/Resources(31457): Converting to string: TypedValue{t=0x12/d=0x0 a=2 r=0x7f0b0071}
W/Resources(31457): Converting to string: TypedValue{t=0x1d/d=0xffc8c8c8 a=2 r=0x7f090019}
W/Resources(31457): Converting to string: TypedValue{t=0x5/d=0x5a01 a=2 r=0x7f0a0038}
W/Resources(31457): Converting to string: TypedValue{t=0x12/d=0x0 a=2 r=0x7f0b0116}
W/Resources(31457): Converting to string: TypedValue{t=0x12/d=0x0 a=2 r=0x7f0b013c}
W/Resources(31457): Converting to string: TypedValue{t=0x12/d=0x0 a=2 r=0x7f0b0074}
W/Resources(31457): Converting to string: TypedValue{t=0x12/d=0x0 a=2 r=0x7f0b0117}
W/Resources(31457): Converting to string: TypedValue{t=0x5/d=0x1001 a=2 r=0x7f0a0060}
W/Resources(31457): Converting to string: TypedValue{t=0x5/d=0x1001 a=2 r=0x7f0a0060}
V/MinimogrifierUtils(31457): resized image URL: http://www.gannett-cdn.com/-mm-/824d14a2e1214f09e7221bb6bf3427ea6ab5a44a/c=0-160-2786-2250&r=228x168&q=80/local/-/media/2015/05/20/Brevard/B9317408364Z.1_20150520104830_000_GFPARGSBQ.1-0.jpg
W/Resources(31457): Converting to string: TypedValue{t=0x1c/d=0x0 a=1 r=0x106000d}
W/Resources(31457): Converting to string: TypedValue{t=0x12/d=0x0 a=2 r=0x7f0b013b}
W/Resources(31457): Converting to string: TypedValue{t=0x5/d=0x1001 a=2 r=0x7f0a0060}
D/ADBMobile(31457): ADBMobile Debug : Analytics - Attempting to send request parameters(59135553?AQB=1&ndh=1&ce=UTF-8&c.&a.&DeviceName=Nexus%207&OSVersion=Android%205.1.1&Resolution=1200x1824&AppID=Florida%20Today%202.7.2.1%20%2852%29&.a&gnt.&Orientation=portrait&prefs.&PushSegments=bknews%7Cnews%7Csports%7Centertainment%7Cweather%7Ctraffic%7Cnull&.prefs&MarketName=gpapermobile114&quietTime=10%3A00pm%7C07%3A00am&ProductName=uscpnativenewsandroid%20for%20Android%20Tablet&ssts.&Section=Sports&Subsection=Top%20Stories&.ssts&Location=38.9322895%7C-77.2183141&zag.&zip=22102&.zag&ContentType=sectionfront&TimeValue=11%3A30AM&.gnt&.c&t=00%2F00%2F0000%2000%3A00%3A00%200%20240&pageName=Sports%7CTop%20Stories%7Cindex&aid=2B5CDEE80D2F4E87-2E535F9A5376B7E5&AQE=1)
W/Resources(31457): Converting to string: TypedValue{t=0x5/d=0x801 a=2 r=0x7f0a005c}
W/Resources(31457): Converting to string: TypedValue{t=0x5/d=0x1001 a=2 r=0x7f0a0060}
W/Resources(31457): Converting to string: TypedValue{t=0x5/d=0x801 a=2 r=0x7f0a005c}
W/Resources(31457): Converting to string: TypedValue{t=0x5/d=0x3001 a=2 r=0x7f0a0066}
W/Resources(31457): Converting to string: TypedValue{t=0x12/d=0x0 a=2 r=0x7f0b0077}
W/Resources(31457): Converting to string: TypedValue{t=0x12/d=0x0 a=2 r=0x7f0b0071}
W/Resources(31457): Converting to string: TypedValue{t=0x1d/d=0xffc8c8c8 a=2 r=0x7f090019}
W/Resources(31457): Converting to string: TypedValue{t=0x5/d=0x5a01 a=2 r=0x7f0a0038}
W/Resources(31457): Converting to string: TypedValue{t=0x12/d=0x0 a=2 r=0x7f0b0116}
D/Transform(31457): BreakingNewsModule: com.gannett.android.exceptions.InvalidEntityException: no items
W/Resources(31457): Converting to string: TypedValue{t=0x12/d=0x0 a=2 r=0x7f0b013c}
D/Transform(31457): BreakingNewsFeedImpl: com.gannett.android.exceptions.InvalidEntityException: no module
W/Resources(31457): Converting to string: TypedValue{t=0x12/d=0x0 a=2 r=0x7f0b0074}
W/Resources(31457): Converting to string: TypedValue{t=0x12/d=0x0 a=2 r=0x7f0b0117}
W/Resources(31457): Converting to string: TypedValue{t=0x5/d=0x1001 a=2 r=0x7f0a0060}
W/Resources(31457): Converting to string: TypedValue{t=0x5/d=0x1001 a=2 r=0x7f0a0060}
V/MinimogrifierUtils(31457): resized image URL: http://www.gannett-cdn.com/-mm-/506145860c1b97adb8dc8f2f7ec549f40f7e3fde/c=867-0-4280-2566&r=228x168&q=80/local/-/media/2015/05/21/Brevard/Brevard/635677982916930011-Space-Coast-Stadium.jpg
W/Resources(31457): Converting to string: TypedValue{t=0x1c/d=0x0 a=1 r=0x106000d}
W/Resources(31457): Converting to string: TypedValue{t=0x12/d=0x0 a=2 r=0x7f0b013b}
W/Resources(31457): Converting to string: TypedValue{t=0x5/d=0x1001 a=2 r=0x7f0a0060}
W/Resources(31457): Converting to string: TypedValue{t=0x5/d=0x801 a=2 r=0x7f0a005c}
W/Resources(31457): Converting to string: TypedValue{t=0x5/d=0x1001 a=2 r=0x7f0a0060}
W/Resources(31457): Converting to string: TypedValue{t=0x5/d=0x801 a=2 r=0x7f0a005c}
W/Resources(31457): Converting to string: TypedValue{t=0x5/d=0x3001 a=2 r=0x7f0a0066}
W/Resources(31457): Converting to string: TypedValue{t=0x12/d=0x0 a=2 r=0x7f0b0077}
W/Resources(31457): Converting to string: TypedValue{t=0x12/d=0x0 a=2 r=0x7f0b0071}
W/Resources(31457): Converting to string: TypedValue{t=0x1d/d=0xffc8c8c8 a=2 r=0x7f090019}
W/Resources(31457): Converting to string: TypedValue{t=0x5/d=0x5a01 a=2 r=0x7f0a0038}
W/Resources(31457): Converting to string: TypedValue{t=0x12/d=0x0 a=2 r=0x7f0b0116}
W/Resources(31457): Converting to string: TypedValue{t=0x12/d=0x0 a=2 r=0x7f0b013c}
W/Resources(31457): Converting to string: TypedValue{t=0x12/d=0x0 a=2 r=0x7f0b0074}
W/Resources(31457): Converting to string: TypedValue{t=0x12/d=0x0 a=2 r=0x7f0b0117}
W/Resources(31457): Converting to string: TypedValue{t=0x5/d=0x1001 a=2 r=0x7f0a0060}
W/Resources(31457): Converting to string: TypedValue{t=0x5/d=0x1001 a=2 r=0x7f0a0060}
D/ADBMobile(31457): ADBMobile Debug : Analytics - Request Sent(http://repdata.floridatoday.com/b/ss/gpapermobile114/0/JAVA-4.1.7-AN/s59135553?AQB=1&ndh=1&ce=UTF-8&c.&a.&DeviceName=Nexus%207&OSVersion=Android%205.1.1&Resolution=1200x1824&AppID=Florida%20Today%202.7.2.1%20%2852%29&.a&gnt.&Orientation=portrait&prefs.&PushSegments=bknews%7Cnews%7Csports%7Centertainment%7Cweather%7Ctraffic%7Cnull&.prefs&MarketName=gpapermobile114&quietTime=10%3A00pm%7C07%3A00am&ProductName=uscpnativenewsandroid%20for%20Android%20Tablet&ssts.&Section=Sports&Subsection=Top%20Stories&.ssts&Location=38.9322895%7C-77.2183141&zag.&zip=22102&.zag&ContentType=sectionfront&TimeValue=11%3A30AM&.gnt&.c&t=00%2F00%2F0000%2000%3A00%3A00%200%20240&pageName=Sports%7CTop%20Stories%7Cindex&aid=2B5CDEE80D2F4E87-2E535F9A5376B7E5&AQE=1)
V/MinimogrifierUtils(31457): resized image URL: http://www.gannett-cdn.com/-mm-/f371af59b7501c0a0b18058d3bdb59c3f78ccdd9/c=116-0-3233-2338&r=228x168&q=80/local/-/media/2015/05/20/Brevard/B9317422317Z.1_20150520222946_000_G8PARNK3J.1-0.jpg
D/BreakingNewsRetriever(31457): onError() com.gannett.android.exceptions.EmptyFeedException: Unrecoverable transform error deserializing BreakingNewsFeedImpl
I/Ads     ( 6165): CsiReporterFactory: CSI is not enabled. No CSI reporter created.
D/BaseActivity(31457): onPause()
D/LifecycleMonitor(31457): Lifecycle status change: com.gannett.android.news.ui.activity.ActivityNews@d8b95de in: PAUSED
E/WifiStateMachine(  562): WifiStateMachine CMD_START_SCAN source -2 txSuccessRate=82.67 rxSuccessRate=321.43 targetRoamBSSID=any RSSI=-53
I/art     (31457): Explicit concurrent mark sweep GC freed 20533(1328KB) AllocSpace objects, 11(2MB) LOS objects, 38% free, 26MB/42MB, paused 2.197ms total 77.789ms
W/SurfaceFlinger(  179): couldn't log to binary event log: overflow.
I/art     (31457): Explicit concurrent mark sweep GC freed 19426(1318KB) AllocSpace objects, 7(2MB) LOS objects, 40% free, 22MB/37MB, paused 2.014ms total 66.284ms
I/TestRunner(31457): finished: testPremiumReaderAccess(com.gannett.android.news.features.ArticleTest)
D/DfpAdUtility(31457): Calling flex JS command: javascript:pause()
D/BaseActivity(31457): onStop()
D/LifecycleMonitor(31457): Lifecycle status change: com.gannett.android.news.ui.activity.ActivityNews@d8b95de in: STOPPED
D/UserEdManager(31457): hideAndResetUserEd
D/LifecycleMonitor(31457): Lifecycle status change: com.gannett.android.news.ui.activity.ActivityNews@d8b95de in: DESTROYED
I/MonitoringInstrumentation(31457): Activities that are still in CREATED to PAUSED: 0
I/TestRunner(31457): started: testNavigation(com.gannett.android.news.features.NavigationTest)
I/MonitoringInstrumentation(31457): Activities that are still in CREATED to PAUSED: 0
D/MonitoringInstrumentation(31457): execStartActivity(context, ibinder, ibinder, activity, intent, int, bundle
I/ActivityManager(  562): START u0 {flg=0x14000000 cmp=com.gannett.local.library.news.floridatoday/com.gannett.android.news.ui.activity.ActivityNews (has extras)} from uid 10200 on display 0
V/WindowManager(  562): addAppToken: AppWindowToken{1c3a394f token=Token{2e22c7ae ActivityRecord{2e3b2829 u0 com.gannett.local.library.news.floridatoday/com.gannett.android.news.ui.activity.ActivityNews t12809}}} to stack=1 task=12809 at 0
W/Resources(  562): Converting to string: TypedValue{t=0x12/d=0x0 a=1 r=0x1020378}
W/Resources(  562): Converting to string: TypedValue{t=0x12/d=0x0 a=1 r=0x1020379}
W/Resources(  562): Converting to string: TypedValue{t=0x1f/d=0xff222222 a=2 r=0x7f090006}
W/Resources(  562): Converting to string: TypedValue{t=0x12/d=0x0 a=1 r=0x102037a}
W/Resources(  562): Converting to string: TypedValue{t=0x1f/d=0xff222222 a=2 r=0x7f090006}
W/Resources(  562): Converting to string: TypedValue{t=0x12/d=0x0 a=1 r=0x10202b6}
D/LifecycleMonitor(31457): Lifecycle status change: com.gannett.android.news.ui.activity.ActivityNews@106fc000 in: PRE_ON_CREATE
D/BaseActivity(31457): onCreate()
D/DEVICE INFO(31457): screenSize: large, dpiBucket: xhdpi
W/Resources(  562): Converting to string: TypedValue{t=0x12/d=0x0 a=1 r=0x10202b7}
W/Resources(  562): Converting to string: TypedValue{t=0x12/d=0x0 a=1 r=0x102037b}
W/Resources(  562): Converting to string: TypedValue{t=0x12/d=0x0 a=1 r=0x102037c}
W/Resources(  562): Converting to string: TypedValue{t=0x1f/d=0xff222222 a=2 r=0x7f090006}
W/Resources(31457): Converting to string: TypedValue{t=0x12/d=0x0 a=1 r=0x1020378}
W/Resources(31457): Converting to string: TypedValue{t=0x12/d=0x0 a=1 r=0x1020379}
W/Resources(31457): Converting to string: TypedValue{t=0x1f/d=0xff222222 a=2 r=0x7f090006}
W/Resources(31457): Converting to string: TypedValue{t=0x12/d=0x0 a=1 r=0x102037a}
V/WindowManager(  562): Adding window Window{2be0347 u0 Starting com.gannett.local.library.news.floridatoday} at 3 of 9 (after Window{3fee9463 u0 com.android.launcher/com.android.launcher2.Launcher})
W/Resources(31457): Converting to string: TypedValue{t=0x1f/d=0xff222222 a=2 r=0x7f090006}
W/Resources(31457): Converting to string: TypedValue{t=0x12/d=0x0 a=1 r=0x10202b6}
W/Resources(31457): Converting to string: TypedValue{t=0x12/d=0x0 a=1 r=0x10202b7}
W/Resources(31457): Converting to string: TypedValue{t=0x12/d=0x0 a=1 r=0x102037b}
W/Resources(31457): Converting to string: TypedValue{t=0x12/d=0x0 a=1 r=0x102037c}
W/Resources(31457): Converting to string: TypedValue{t=0x1f/d=0xff222222 a=2 r=0x7f090006}
W/Resources(31457): Converting to string: TypedValue{t=0x12/d=0x0 a=2 r=0x7f0b01cc}
W/Resources(31457): Converting to string: TypedValue{t=0x12/d=0x0 a=2 r=0x7f0b01cd}
W/Resources(  562): Converting to string: TypedValue{t=0x5/d=0x4001 a=1 r=0x1050051}
W/Resources(31457): Converting to string: TypedValue{t=0x12/d=0x0 a=2 r=0x7f0b01ce}
W/Resources(  562): Converting to string: TypedValue{t=0x5/d=0x3801 a=1 r=0x105003a}
W/Resources(31457): Converting to string: TypedValue{t=0x1d/d=0xffffffff a=2 r=0x7f0900f6}
W/Resources(31457): Converting to string: TypedValue{t=0x12/d=0x0 a=2 r=0x7f0b0078}
W/Resources(31457): Converting to string: TypedValue{t=0x1c/d=0xff000000 a=1 r=0x106000c}
W/Resources(31457): Converting to string: TypedValue{t=0x12/d=0x0 a=2 r=0x7f0b009e}
W/Resources(31457): Converting to string: TypedValue{t=0x1c/d=0x0 a=1 r=0x106000d}
W/Resources(31457): Converting to string: TypedValue{t=0x12/d=0x0 a=2 r=0x7f0b0079}
W/Resources(31457): Converting to string: TypedValue{t=0x12/d=0x0 a=2 r=0x7f0b00e6}
W/Resources(31457): Converting to string: TypedValue{t=0x12/d=0x0 a=2 r=0x7f0b00e7}
W/Resources(31457): Converting to string: TypedValue{t=0x5/d=0xd01 a=2 r=0x7f0a0085}
W/Resources(31457): Converting to string: TypedValue{t=0x5/d=0xd01 a=2 r=0x7f0a0085}
W/Resources(31457): Converting to string: TypedValue{t=0x12/d=0x0 a=2 r=0x7f0b00e8}
W/Resources(31457): Converting to string: TypedValue{t=0x5/d=0x501 a=2 r=0x7f0a0043}
W/Resources(31457): Converting to string: TypedValue{t=0x12/d=0x0 a=2 r=0x7f0b009f}
W/Resources(31457): Converting to string: TypedValue{t=0x12/d=0x0 a=2 r=0x7f0b00a0}
W/Resources(31457): Converting to string: TypedValue{t=0x12/d=0x0 a=2 r=0x7f0b00a1}
D/LifecycleMonitor(31457): Lifecycle status change: com.gannett.android.news.ui.activity.ActivityNews@106fc000 in: CREATED
W/Resources(31457): Converting to string: TypedValue{t=0x12/d=0x0 a=2 r=0x7f0b0138}
W/Resources(31457): Converting to string: TypedValue{t=0x12/d=0x0 a=2 r=0x7f0b018e}
W/Resources(31457): Converting to string: TypedValue{t=0x12/d=0x0 a=2 r=0x7f0b018f}
W/art     (31457): Attempt to remove local handle scope entry from IRT, ignoring
W/AwContents(31457): onDetachedFromWindow called when already detached. Ignoring
W/Resources(31457): Converting to string: TypedValue{t=0x12/d=0x0 a=2 r=0x7f0b0190}
W/Resources(31457): Converting to string: TypedValue{t=0x12/d=0x0 a=2 r=0x7f0b0191}
W/Resources(31457): Converting to string: TypedValue{t=0x12/d=0x0 a=2 r=0x7f0b0192}
D/BaseActivity(31457): onStart()
D/returnToActivityHeadlinesTest(31457): tryReturnToActivityHeadlines(): this.autoNavToHome == true
D/UrlProducer(31457): Articles URL requested: http://api.gannett-cdn.com/mobilefeeds/fronts/v1/home_tablet/?siteId=123&hls=false&api_key=euc4uvhentf8r3dgt69483ad
W/Resources(31457): Converting to string: TypedValue{t=0x12/d=0x0 a=2 r=0x7f0b0139}
W/Resources(31457): Converting to string: TypedValue{t=0x1d/d=0xffffffff a=2 r=0x7f0900f6}
W/Resources(31457): Converting to string: TypedValue{t=0x12/d=0x0 a=2 r=0x7f0b013a}
W/Resources(31457): Converting to string: TypedValue{t=0x1d/d=0xffc6c9c9 a=2 r=0x7f0900d1}
W/Resources(31457): Converting to string: TypedValue{t=0x12/d=0x0 a=2 r=0x7f0b00cd}
W/Resources(31457): Converting to string: TypedValue{t=0x1d/d=0xffeeeeee a=2 r=0x7f0900cd}
W/Resources(31457): Converting to string: TypedValue{t=0x5/d=0x401 a=2 r=0x7f0a0069}
W/Resources(31457): Converting to string: TypedValue{t=0x5/d=0x401 a=2 r=0x7f0a0069}
D/UrlProducer(31457): Articles URL requested: http://api.gannett-cdn.com/mobilefeeds/fronts/v1/home_tablet/?siteId=123&hls=false&api_key=euc4uvhentf8r3dgt69483ad
D/AdConfigurationImpl(31457): lookingFor: article_banner_top, found: section_front
D/AdConfigurationImpl(31457): lookingFor: article_banner_bottom, found: section_front
D/AdConfigurationImpl(31457): lookingFor: section_front, found: section_front
W/Resources(31457): Converting to string: TypedValue{t=0x12/d=0x0 a=2 r=0x7f0b009a}
W/Resources(31457): Converting to string: TypedValue{t=0x12/d=0x0 a=2 r=0x7f0b00d6}
W/Resources(31457): Converting to string: TypedValue{t=0x1c/d=0x33b0b0b0 a=2 r=0x7f090008}
W/Resources(31457): Converting to string: TypedValue{t=0x12/d=0x0 a=2 r=0x7f0b00d7}
W/Resources(31457): Converting to string: TypedValue{t=0x1c/d=0x33b0b0b0 a=2 r=0x7f090008}
W/art     (31457): Attempt to remove local handle scope entry from IRT, ignoring
W/AwContents(31457): onDetachedFromWindow called when already detached. Ignoring
W/Resources(31457): Converting to string: TypedValue{t=0x12/d=0x0 a=2 r=0x7f0b00d8}
W/Resources(31457): Converting to string: TypedValue{t=0x1c/d=0x33b0b0b0 a=2 r=0x7f090008}
W/art     (31457): Attempt to remove local handle scope entry from IRT, ignoring
W/AwContents(31457): onDetachedFromWindow called when already detached. Ignoring
D/AdConfigurationImpl(31457): lookingFor: article_banner_top, found: section_front
D/AdConfigurationImpl(31457): lookingFor: article_banner_bottom, found: section_front
D/AdConfigurationImpl(31457): lookingFor: section_front, found: section_front
D/Ads     (31457): Ads: Params: latitude=38.87831402;ver=2.7.2.1;longitude=-77.22084547;pageType=front;androidid=b20c3623-9a28-4594-844b-acc8da859575;
I/Ads     (31457): Starting ad request.
I/Ads     (31457): Use AdRequest.Builder.addTestDevice("07C3BD1FC97B8BD363E7086452B8BB2A") to get test ads on this device.
I/Ads     (31457): Please set theme of AdActivity to @android:style/Theme.Translucent to enable transparent background interstitial ad.
D/DfpAdRetriever(31457): AD_REQUEST::SectionFront::/7103/fl-brevard-mobile-C1028/android_tablet_app-section_front/homepage:: Size = 468x60::AWS::homepage
D/UserEdManager(31457): tryDisplayUserEd
D/UserEdManager(31457): hideAndResetUserEd
D/UrlProducer(31457): Breaking News URL requested: http://api.gannett-cdn.com/mobilefeeds/breakingnews/v1/mobile/?siteId=123&api_key=euc4uvhentf8r3dgt69483ad
D/LifecycleMonitor(31457): Lifecycle status change: com.gannett.android.news.ui.activity.ActivityNews@106fc000 in: STARTED
D/BaseActivity(31457): onResume()
D/LifecycleMonitor(31457): Lifecycle status change: com.gannett.android.news.ui.activity.ActivityNews@106fc000 in: RESUMED
V/WindowManager(  562): Adding window Window{1226785e u0 com.gannett.local.library.news.floridatoday/com.gannett.android.news.ui.activity.ActivityNews} at 3 of 10 (before Window{2be0347 u0 Starting com.gannett.local.library.news.floridatoday})
D/Transform(31457): BreakingNewsModule: com.gannett.android.exceptions.InvalidEntityException: no items
D/Transform(31457): BreakingNewsFeedImpl: com.gannett.android.exceptions.InvalidEntityException: no module
D/ADBMobile(31457): ADBMobile Debug : Analytics - Attempting to send request parameters(54829330?AQB=1&ndh=1&ce=UTF-8&c.&a.&DeviceName=Nexus%207&OSVersion=Android%205.1.1&Resolution=1200x1824&AppID=Florida%20Today%202.7.2.1%20%2852%29&.a&gnt.&Orientation=portrait&prefs.&PushSegments=bknews%7Cnews%7Csports%7Centertainment%7Cweather%7Ctraffic%7Cnull&.prefs&MarketName=gpapermobile114&quietTime=10%3A00pm%7C07%3A00am&ProductName=uscpnativenewsandroid%20for%20Android%20Tablet&ssts.&Section=Home&Subsection=Top%20Stories&.ssts&Location=38.9322895%7C-77.2183141&zag.&zip=22102&.zag&ContentType=sectionfront&TimeValue=11%3A30AM&.gnt&.c&t=00%2F00%2F0000%2000%3A00%3A00%200%20240&pageName=Home%7CTop%20Stories%7Cindex&aid=2B5CDEE80D2F4E87-2E535F9A5376B7E5&AQE=1)
W/Resources(31457): Converting to string: TypedValue{t=0x12/d=0x0 a=2 r=0x7f0b0114}
W/Resources(31457): Converting to string: TypedValue{t=0x1d/d=0xffebebeb a=2 r=0x7f090013}
W/Resources(31457): Converting to string: TypedValue{t=0x12/d=0x0 a=2 r=0x7f0b0071}
D/ADBMobile(31457): ADBMobile Debug : Analytics - Request Sent(http://repdata.floridatoday.com/b/ss/gpapermobile114/0/JAVA-4.1.7-AN/s54829330?AQB=1&ndh=1&ce=UTF-8&c.&a.&DeviceName=Nexus%207&OSVersion=Android%205.1.1&Resolution=1200x1824&AppID=Florida%20Today%202.7.2.1%20%2852%29&.a&gnt.&Orientation=portrait&prefs.&PushSegments=bknews%7Cnews%7Csports%7Centertainment%7Cweather%7Ctraffic%7Cnull&.prefs&MarketName=gpapermobile114&quietTime=10%3A00pm%7C07%3A00am&ProductName=uscpnativenewsandroid%20for%20Android%20Tablet&ssts.&Section=Home&Subsection=Top%20Stories&.ssts&Location=38.9322895%7C-77.2183141&zag.&zip=22102&.zag&ContentType=sectionfront&TimeValue=11%3A30AM&.gnt&.c&t=00%2F00%2F0000%2000%3A00%3A00%200%20240&pageName=Home%7CTop%20Stories%7Cindex&aid=2B5CDEE80D2F4E87-2E535F9A5376B7E5&AQE=1)
W/Resources(31457): Converting to string: TypedValue{t=0x12/d=0x0 a=2 r=0x7f0b0115}
W/Resources(31457): Converting to string: TypedValue{t=0x1d/d=0xff000000 a=2 r=0x7f090017}
W/Resources(31457): Converting to string: TypedValue{t=0x12/d=0x0 a=2 r=0x7f0b0150}
W/Resources(31457): Converting to string: TypedValue{t=0x1d/d=0xffa01313 a=2 r=0x7f09001a}
W/Resources(31457): Converting to string: TypedValue{t=0x5/d=0x801 a=2 r=0x7f0a005c}
W/Resources(31457): Converting to string: TypedValue{t=0x5/d=0x401 a=2 r=0x7f0a005e}
W/Resources(31457): Converting to string: TypedValue{t=0x5/d=0x801 a=2 r=0x7f0a005c}
W/Resources(31457): Converting to string: TypedValue{t=0x5/d=0x401 a=2 r=0x7f0a005e}
W/Resources(31457): Converting to string: TypedValue{t=0x5/d=0x1001 a=2 r=0x7f0a0060}
W/Resources(31457): Converting to string: TypedValue{t=0x5/d=0x1001 a=2 r=0x7f0a0060}
W/Resources(31457): Converting to string: TypedValue{t=0x5/d=0x1001 a=2 r=0x7f0a0060}
W/Resources(31457): Converting to string: TypedValue{t=0x12/d=0x0 a=2 r=0x7f0b0151}
W/Resources(31457): Converting to string: TypedValue{t=0x5/d=0x1001 a=2 r=0x7f0a0068}
W/Resources(31457): Converting to string: TypedValue{t=0x5/d=0x401 a=2 r=0x7f0a005e}
W/Resources(31457): Converting to string: TypedValue{t=0x12/d=0x0 a=2 r=0x7f0b013c}
W/Resources(31457): Converting to string: TypedValue{t=0x5/d=0x1001 a=2 r=0x7f0a0068}
W/Resources(31457): Converting to string: TypedValue{t=0x5/d=0x1101 a=2 r=0x7f0a0084}
W/Resources(31457): Converting to string: TypedValue{t=0x12/d=0x0 a=2 r=0x7f0b0074}
V/MinimogrifierUtils(31457): resized image URL: http://www.gannett-cdn.com/-mm-/57b5e319fa060eb03757f2f8621c3daa89859810/c=0-0-3600-2700&r=1200x900&q=80/local/-/media/2015/05/21/Brevard/B9317323916Z.1_20150521110051_000_G74AP2A1H.1-0.jpg
W/Resources(31457): Converting to string: TypedValue{t=0x12/d=0x0 a=2 r=0x7f0b01d9}
W/Resources(31457): Converting to string: TypedValue{t=0x1d/d=0xffeeeeee a=2 r=0x7f0900cd}
W/Resources(31457): Converting to string: TypedValue{t=0x5/d=0x1001 a=2 r=0x7f0a0060}
W/Resources(31457): Converting to string: TypedValue{t=0x5/d=0xc01 a=2 r=0x7f0a005d}
W/Resources(31457): Converting to string: TypedValue{t=0x5/d=0x801 a=2 r=0x7f0a005c}
W/Resources(31457): Converting to string: TypedValue{t=0x12/d=0x0 a=2 r=0x7f0b01da}
W/Resources(31457): Converting to string: TypedValue{t=0x5/d=0x801 a=2 r=0x7f0a005c}
W/Resources(31457): Converting to string: TypedValue{t=0x5/d=0x1001 a=2 r=0x7f0a0060}
W/Resources(31457): Converting to string: TypedValue{t=0x12/d=0x0 a=2 r=0x7f0b0213}
W/Resources(31457): Converting to string: TypedValue{t=0x12/d=0x0 a=2 r=0x7f0b0214}
W/Resources(31457): Converting to string: TypedValue{t=0x12/d=0x0 a=2 r=0x7f0b017c}
W/Resources(31457): Converting to string: TypedValue{t=0x12/d=0x0 a=2 r=0x7f0b0215}
W/Resources(31457): Converting to string: TypedValue{t=0x12/d=0x0 a=2 r=0x7f0b01db}
D/UrlProducer(31457): Weather URL requested: http://api.gannett-cdn.com/internal/weather/V5/accuweather/data/location/332282?LanguageId=1&Metric=false&format=json&api_key=7zh2888dfxtnttmpkq8wmj78
W/Resources(31457): Converting to string: TypedValue{t=0x1c/d=0x0 a=1 r=0x106000d}
W/Resources(31457): Converting to string: TypedValue{t=0x12/d=0x0 a=2 r=0x7f0b013b}
W/Resources(31457): Converting to string: TypedValue{t=0x5/d=0x1001 a=2 r=0x7f0a0060}
W/Resources(31457): Converting to string: TypedValue{t=0x5/d=0x801 a=2 r=0x7f0a005c}
W/Resources(31457): Converting to string: TypedValue{t=0x5/d=0x1001 a=2 r=0x7f0a0060}
W/Resources(31457): Converting to string: TypedValue{t=0x5/d=0x801 a=2 r=0x7f0a005c}
W/Resources(31457): Converting to string: TypedValue{t=0x5/d=0x3001 a=2 r=0x7f0a0066}
W/Resources(31457): Converting to string: TypedValue{t=0x12/d=0x0 a=2 r=0x7f0b0077}
W/Resources(31457): Converting to string: TypedValue{t=0x12/d=0x0 a=2 r=0x7f0b0071}
W/Resources(31457): Converting to string: TypedValue{t=0x1d/d=0xffc8c8c8 a=2 r=0x7f090019}
W/Resources(31457): Converting to string: TypedValue{t=0x5/d=0x5a01 a=2 r=0x7f0a0038}
W/Resources(31457): Converting to string: TypedValue{t=0x12/d=0x0 a=2 r=0x7f0b0116}
W/Resources(31457): Converting to string: TypedValue{t=0x12/d=0x0 a=2 r=0x7f0b013c}
W/Resources(31457): Converting to string: TypedValue{t=0x12/d=0x0 a=2 r=0x7f0b0074}
W/Resources(31457): Converting to string: TypedValue{t=0x12/d=0x0 a=2 r=0x7f0b0117}
W/Resources(31457): Converting to string: TypedValue{t=0x5/d=0x1001 a=2 r=0x7f0a0060}
W/Resources(31457): Converting to string: TypedValue{t=0x5/d=0x1001 a=2 r=0x7f0a0060}
V/MinimogrifierUtils(31457): resized image URL: http://www.gannett-cdn.com/-mm-/506145860c1b97adb8dc8f2f7ec549f40f7e3fde/c=867-0-4280-2566&r=228x168&q=80/local/-/media/2015/05/21/Brevard/Brevard/635677982916930011-Space-Coast-Stadium.jpg
W/Resources(31457): Converting to string: TypedValue{t=0x1c/d=0x0 a=1 r=0x106000d}
W/Resources(31457): Converting to string: TypedValue{t=0x12/d=0x0 a=2 r=0x7f0b013b}
W/Resources(31457): Converting to string: TypedValue{t=0x5/d=0x1001 a=2 r=0x7f0a0060}
W/Resources(31457): Converting to string: TypedValue{t=0x5/d=0x801 a=2 r=0x7f0a005c}
W/Resources(31457): Converting to string: TypedValue{t=0x5/d=0x1001 a=2 r=0x7f0a0060}
