W/art     (31457): Attempt to remove local handle scope entry from IRT, ignoring
W/AwContents(31457): onDetachedFromWindow called when already detached. Ignoring
D/AdConfigurationImpl(31457): lookingFor: article_banner_top, found: section_front
D/AdConfigurationImpl(31457): lookingFor: article_banner_bottom, found: section_front
D/AdConfigurationImpl(31457): lookingFor: section_front, found: section_front
D/Ads     (31457): Ads: Params: latitude=38.87831402;ver=2.7.2.1;longitude=-77.22084547;pageType=front;
W/ResourcesManager(31457): Asset path '/system/framework/com.android.media.remotedisplay.jar' does not exist or contains no resources.
W/ResourcesManager(31457): Asset path '/system/framework/com.android.location.provider.jar' does not exist or contains no resources.
I/Ads     (31457): CsiReporterFactory: CSI is not enabled. No CSI reporter created.
I/Ads     (31457): Starting ad request.
I/Ads     (31457): Use AdRequest.Builder.addTestDevice("07C3BD1FC97B8BD363E7086452B8BB2A") to get test ads on this device.
I/Ads     (31457): Please set theme of AdActivity to @android:style/Theme.Translucent to enable transparent background interstitial ad.
D/DfpAdRetriever(31457): AD_REQUEST::SectionFront::/7103/fl-brevard-mobile-C1028/android_tablet_app-section_front/homepage:: Size = 468x60::AWS::homepage
D/UserEdManager(31457): tryDisplayUserEd
D/UserEdManager(31457): hideAndResetUserEd
D/UrlProducer(31457): Breaking News URL requested: http://api.gannett-cdn.com/mobilefeeds/breakingnews/v1/mobile/?siteId=123&api_key=euc4uvhentf8r3dgt69483ad
I/dex2oat (31565): /system/bin/dex2oat --runtime-arg -classpath --runtime-arg  --instruction-set=arm --instruction-set-features=div --runtime-arg -Xrelocate --boot-image=/system/framework/boot.art --dex-file=/data/data/com.gannett.local.library.news.floridatoday/cache/ads-919242684.jar --oat-fd=78 --oat-location=/data/data/com.gannett.local.library.news.floridatoday/cache/ads-919242684.dex --runtime-arg -Xms64m --runtime-arg -Xmx512m
W/Resources(31457): Converting to string: TypedValue{t=0x5/d=0x4001 a=1 r=0x1050051}
W/Resources(31457): Converting to string: TypedValue{t=0x5/d=0x3801 a=1 r=0x105003a}
W/Resources(31457): Converting to string: TypedValue{t=0x12/d=0x0 a=2 r=0x7f0b0114}
W/Resources(31457): Converting to string: TypedValue{t=0x1d/d=0xffebebeb a=2 r=0x7f090013}
W/Resources(31457): Converting to string: TypedValue{t=0x12/d=0x0 a=2 r=0x7f0b0071}
W/Resources(31457): Converting to string: TypedValue{t=0x12/d=0x0 a=2 r=0x7f0b0115}
W/Resources(31457): Converting to string: TypedValue{t=0x1d/d=0xff000000 a=2 r=0x7f090017}
W/Resources(31457): Converting to string: TypedValue{t=0x12/d=0x0 a=2 r=0x7f0b0150}
W/Resources(31457): Converting to string: TypedValue{t=0x1d/d=0xffa01313 a=2 r=0x7f09001a}
W/Resources(31457): Converting to string: TypedValue{t=0x5/d=0x801 a=2 r=0x7f0a005c}
W/Resources(31457): Converting to string: TypedValue{t=0x5/d=0x401 a=2 r=0x7f0a005e}
W/Resources(31457): Converting to string: TypedValue{t=0x5/d=0x801 a=2 r=0x7f0a005c}
W/Resources(31457): Converting to string: TypedValue{t=0x5/d=0x401 a=2 r=0x7f0a005e}
I/dex2oat (31565): dex2oat took 48.339ms (threads: 4) arena alloc=126KB java alloc=10KB native alloc=966KB free=7MB
W/Resources(31457): Converting to string: TypedValue{t=0x5/d=0x1001 a=2 r=0x7f0a0060}
W/Resources(31457): Converting to string: TypedValue{t=0x5/d=0x1001 a=2 r=0x7f0a0060}
W/Resources(31457): Converting to string: TypedValue{t=0x5/d=0x1001 a=2 r=0x7f0a0060}
W/Resources(31457): Converting to string: TypedValue{t=0x12/d=0x0 a=2 r=0x7f0b0151}
W/Resources(31457): Converting to string: TypedValue{t=0x5/d=0x1001 a=2 r=0x7f0a0068}
W/Resources(31457): Converting to string: TypedValue{t=0x5/d=0x401 a=2 r=0x7f0a005e}
W/Resources(31457): Converting to string: TypedValue{t=0x12/d=0x0 a=2 r=0x7f0b013c}
W/Resources(31457): Converting to string: TypedValue{t=0x5/d=0x1001 a=2 r=0x7f0a0068}
W/Resources(31457): Converting to string: TypedValue{t=0x5/d=0x1101 a=2 r=0x7f0a0084}
W/Resources(31457): Converting to string: TypedValue{t=0x12/d=0x0 a=2 r=0x7f0b0074}
V/MinimogrifierUtils(31457): resized image URL: http://www.gannett-cdn.com/-mm-/57b5e319fa060eb03757f2f8621c3daa89859810/c=0-0-3600-2700&r=1200x900&q=80/local/-/media/2015/05/21/Brevard/B9317323916Z.1_20150521110051_000_G74AP2A1H.1-0.jpg
W/Resources(31457): Converting to string: TypedValue{t=0x12/d=0x0 a=2 r=0x7f0b01d9}
W/Resources(31457): Converting to string: TypedValue{t=0x1d/d=0xffeeeeee a=2 r=0x7f0900cd}
W/Resources(31457): Converting to string: TypedValue{t=0x5/d=0x1001 a=2 r=0x7f0a0060}
W/Resources(31457): Converting to string: TypedValue{t=0x5/d=0xc01 a=2 r=0x7f0a005d}
W/Resources(31457): Converting to string: TypedValue{t=0x5/d=0x801 a=2 r=0x7f0a005c}
D/ADBMobile(31457): ADBMobile Debug : Analytics - Attempting to send request parameters(76717606?AQB=1&ndh=1&ce=UTF-8&c.&a.&DeviceName=Nexus%207&OSVersion=Android%205.1.1&Resolution=1200x1824&AppID=Florida%20Today%202.7.2.1%20%2852%29&.a&gnt.&Orientation=portrait&prefs.&PushSegments=bknews%7Cnews%7Csports%7Centertainment%7Cweather%7Ctraffic%7Cnull&.prefs&MarketName=gpapermobile114&quietTime=10%3A00pm%7C07%3A00am&ProductName=uscpnativenewsandroid%20for%20Android%20Tablet&ssts.&Section=Home&Subsection=Top%20Stories&.ssts&Location=38.9322895%7C-77.2183141&zag.&zip=22102&.zag&ContentType=sectionfront&TimeValue=11%3A30AM&.gnt&.c&t=00%2F00%2F0000%2000%3A00%3A00%200%20240&pageName=Home%7CTop%20Stories%7Cindex&aid=2B5CDEE80D2F4E87-2E535F9A5376B7E5&AQE=1)
W/Resources(31457): Converting to string: TypedValue{t=0x12/d=0x0 a=2 r=0x7f0b01da}
W/Resources(31457): Converting to string: TypedValue{t=0x5/d=0x801 a=2 r=0x7f0a005c}
W/Resources(31457): Converting to string: TypedValue{t=0x5/d=0x1001 a=2 r=0x7f0a0060}
W/Resources(31457): Converting to string: TypedValue{t=0x12/d=0x0 a=2 r=0x7f0b0213}
W/Resources(31457): Converting to string: TypedValue{t=0x12/d=0x0 a=2 r=0x7f0b0214}
W/Resources(31457): Converting to string: TypedValue{t=0x12/d=0x0 a=2 r=0x7f0b017c}
W/Resources(31457): Converting to string: TypedValue{t=0x12/d=0x0 a=2 r=0x7f0b0215}
W/Resources(31457): Converting to string: TypedValue{t=0x12/d=0x0 a=2 r=0x7f0b01db}
D/UrlProducer(31457): Weather URL requested: http://api.gannett-cdn.com/internal/weather/V5/accuweather/data/location/332282?LanguageId=1&Metric=false&format=json&api_key=7zh2888dfxtnttmpkq8wmj78
W/Resources(31457): Converting to string: TypedValue{t=0x1c/d=0x0 a=1 r=0x106000d}
W/Resources(31457): Converting to string: TypedValue{t=0x12/d=0x0 a=2 r=0x7f0b013b}
W/Resources(31457): Converting to string: TypedValue{t=0x5/d=0x1001 a=2 r=0x7f0a0060}
W/Resources(31457): Converting to string: TypedValue{t=0x5/d=0x801 a=2 r=0x7f0a005c}
W/Resources(31457): Converting to string: TypedValue{t=0x5/d=0x1001 a=2 r=0x7f0a0060}
W/Resources(31457): Converting to string: TypedValue{t=0x5/d=0x801 a=2 r=0x7f0a005c}
W/Resources(31457): Converting to string: TypedValue{t=0x5/d=0x3001 a=2 r=0x7f0a0066}
W/Resources(31457): Converting to string: TypedValue{t=0x12/d=0x0 a=2 r=0x7f0b0077}
W/Resources(31457): Converting to string: TypedValue{t=0x12/d=0x0 a=2 r=0x7f0b0071}
W/Resources(31457): Converting to string: TypedValue{t=0x1d/d=0xffc8c8c8 a=2 r=0x7f090019}
W/Resources(31457): Converting to string: TypedValue{t=0x5/d=0x5a01 a=2 r=0x7f0a0038}
W/Resources(31457): Converting to string: TypedValue{t=0x12/d=0x0 a=2 r=0x7f0b0116}
W/Resources(31457): Converting to string: TypedValue{t=0x12/d=0x0 a=2 r=0x7f0b013c}
W/Resources(31457): Converting to string: TypedValue{t=0x12/d=0x0 a=2 r=0x7f0b0074}
W/Resources(31457): Converting to string: TypedValue{t=0x12/d=0x0 a=2 r=0x7f0b0117}
W/Resources(31457): Converting to string: TypedValue{t=0x5/d=0x1001 a=2 r=0x7f0a0060}
W/Resources(31457): Converting to string: TypedValue{t=0x5/d=0x1001 a=2 r=0x7f0a0060}
V/MinimogrifierUtils(31457): resized image URL: http://www.gannett-cdn.com/-mm-/506145860c1b97adb8dc8f2f7ec549f40f7e3fde/c=867-0-4280-2566&r=228x168&q=80/local/-/media/2015/05/21/Brevard/Brevard/635677982916930011-Space-Coast-Stadium.jpg
W/Resources(31457): Converting to string: TypedValue{t=0x1c/d=0x0 a=1 r=0x106000d}
W/Resources(31457): Converting to string: TypedValue{t=0x12/d=0x0 a=2 r=0x7f0b013b}
W/Resources(31457): Converting to string: TypedValue{t=0x5/d=0x1001 a=2 r=0x7f0a0060}
W/Resources(31457): Converting to string: TypedValue{t=0x5/d=0x801 a=2 r=0x7f0a005c}
W/Resources(31457): Converting to string: TypedValue{t=0x5/d=0x1001 a=2 r=0x7f0a0060}
W/Resources(31457): Converting to string: TypedValue{t=0x5/d=0x801 a=2 r=0x7f0a005c}
W/Resources(31457): Converting to string: TypedValue{t=0x5/d=0x3001 a=2 r=0x7f0a0066}
W/Resources(31457): Converting to string: TypedValue{t=0x12/d=0x0 a=2 r=0x7f0b0077}
W/Resources(31457): Converting to string: TypedValue{t=0x12/d=0x0 a=2 r=0x7f0b0071}
W/Resources(31457): Converting to string: TypedValue{t=0x1d/d=0xffc8c8c8 a=2 r=0x7f090019}
W/Resources(31457): Converting to string: TypedValue{t=0x5/d=0x5a01 a=2 r=0x7f0a0038}
W/Resources(31457): Converting to string: TypedValue{t=0x12/d=0x0 a=2 r=0x7f0b0116}
W/Resources(31457): Converting to string: TypedValue{t=0x12/d=0x0 a=2 r=0x7f0b013c}
W/Resources(31457): Converting to string: TypedValue{t=0x12/d=0x0 a=2 r=0x7f0b0074}
W/Resources(31457): Converting to string: TypedValue{t=0x12/d=0x0 a=2 r=0x7f0b0117}
W/Resources(31457): Converting to string: TypedValue{t=0x5/d=0x1001 a=2 r=0x7f0a0060}
W/Resources(31457): Converting to string: TypedValue{t=0x5/d=0x1001 a=2 r=0x7f0a0060}
V/MinimogrifierUtils(31457): resized image URL: http://www.gannett-cdn.com/-mm-/47fd3a1706e08bdc5a7a11facc2ce3e826ed5936/c=0-131-719-672&r=228x168&q=80/local/-/media/2015/05/21/Brevard/Brevard/635678053407945266-MRSA-photo.jpg
W/Resources(31457): Converting to string: TypedValue{t=0x1c/d=0x0 a=1 r=0x106000d}
W/Resources(31457): Converting to string: TypedValue{t=0x12/d=0x0 a=2 r=0x7f0b013b}
W/Resources(31457): Converting to string: TypedValue{t=0x5/d=0x1001 a=2 r=0x7f0a0060}
W/Resources(31457): Converting to string: TypedValue{t=0x5/d=0x801 a=2 r=0x7f0a005c}
W/Resources(31457): Converting to string: TypedValue{t=0x5/d=0x1001 a=2 r=0x7f0a0060}
W/Resources(31457): Converting to string: TypedValue{t=0x5/d=0x801 a=2 r=0x7f0a005c}
W/Resources(31457): Converting to string: TypedValue{t=0x5/d=0x3001 a=2 r=0x7f0a0066}
W/Resources(31457): Converting to string: TypedValue{t=0x12/d=0x0 a=2 r=0x7f0b0077}
W/Resources(31457): Converting to string: TypedValue{t=0x12/d=0x0 a=2 r=0x7f0b0071}
W/Resources(31457): Converting to string: TypedValue{t=0x1d/d=0xffc8c8c8 a=2 r=0x7f090019}
W/Resources(31457): Converting to string: TypedValue{t=0x5/d=0x5a01 a=2 r=0x7f0a0038}
W/Resources(31457): Converting to string: TypedValue{t=0x12/d=0x0 a=2 r=0x7f0b0116}
W/Resources(31457): Converting to string: TypedValue{t=0x12/d=0x0 a=2 r=0x7f0b013c}
W/Resources(31457): Converting to string: TypedValue{t=0x12/d=0x0 a=2 r=0x7f0b0074}
W/Resources(31457): Converting to string: TypedValue{t=0x12/d=0x0 a=2 r=0x7f0b0117}
W/Resources(31457): Converting to string: TypedValue{t=0x5/d=0x1001 a=2 r=0x7f0a0060}
W/Resources(31457): Converting to string: TypedValue{t=0x5/d=0x1001 a=2 r=0x7f0a0060}
V/MinimogrifierUtils(31457): resized image URL: http://www.gannett-cdn.com/-mm-/674a938e096e1bcc67234ec3e57701d3334f8f9a/c=0-0-534-400&r=228x168&q=80/local/-/media/2015/05/15/Brevard/B9317367938Z.1_20150515163555_000_GV7AQ45FN.1-0.jpg
D/ADBMobile(31457): ADBMobile Debug : Analytics - Network status changed (reachable)
D/ADBMobile(31457): ADBMobile Debug : Analytics - Request Sent(http://repdata.floridatoday.com/b/ss/gpapermobile114/0/JAVA-4.1.7-AN/s76717606?AQB=1&ndh=1&ce=UTF-8&c.&a.&DeviceName=Nexus%207&OSVersion=Android%205.1.1&Resolution=1200x1824&AppID=Florida%20Today%202.7.2.1%20%2852%29&.a&gnt.&Orientation=portrait&prefs.&PushSegments=bknews%7Cnews%7Csports%7Centertainment%7Cweather%7Ctraffic%7Cnull&.prefs&MarketName=gpapermobile114&quietTime=10%3A00pm%7C07%3A00am&ProductName=uscpnativenewsandroid%20for%20Android%20Tablet&ssts.&Section=Home&Subsection=Top%20Stories&.ssts&Location=38.9322895%7C-77.2183141&zag.&zip=22102&.zag&ContentType=sectionfront&TimeValue=11%3A30AM&.gnt&.c&t=00%2F00%2F0000%2000%3A00%3A00%200%20240&pageName=Home%7CTop%20Stories%7Cindex&aid=2B5CDEE80D2F4E87-2E535F9A5376B7E5&AQE=1)
I/ViewInteraction(31457): Performing 'single click' action on view (with id: com.gannett.local.library.news.floridatoday:id/headlineTitle and with text: is "Where to observe Memorial Day in Brevard")
D/Transform(31457): BreakingNewsModule: com.gannett.android.exceptions.InvalidEntityException: no items
D/Transform(31457): BreakingNewsFeedImpl: com.gannett.android.exceptions.InvalidEntityException: no module
D/BreakingNewsRetriever(31457): onError() com.gannett.android.exceptions.EmptyFeedException: Unrecoverable transform error deserializing BreakingNewsFeedImpl
W/Resources(31457): Converting to string: TypedValue{t=0x12/d=0x0 a=2 r=0x7f0b0152}
W/Resources(31457): Converting to string: TypedValue{t=0x1d/d=0xfff5f5f5 a=2 r=0x7f090009}
D/UrlProducer(31457): Articles URL requested: http://api.gannett-cdn.com/mobilefeeds/fronts/v1/home_tablet/?siteId=123&hls=false&api_key=euc4uvhentf8r3dgt69483ad
D/UrlProducer(31457): Breaking News URL requested: http://api.gannett-cdn.com/mobilefeeds/breakingnews/v1/mobile/?siteId=123&api_key=euc4uvhentf8r3dgt69483ad
D/audio_hw_primary(  184): select_devices: out_snd_device(2: speaker) in_snd_device(0: none)
D/ACDB-LOADER(  184): ACDB -> send_afe_cal
D/audio_hw_primary(  184): enable_snd_device: snd_device(2: speaker)
D/UserEdManager(31457): tryDisplayUserEd
D/UserEdManager(31457): hideAndResetUserEd
W/Resources(31457): Converting to string: TypedValue{t=0x5/d=0x4001 a=1 r=0x1050051}
W/Resources(31457): Converting to string: TypedValue{t=0x5/d=0x3801 a=1 r=0x105003a}
D/audio_hw_primary(  184): enable_audio_route: apply and update mixer path: low-latency-playback
W/Resources(31457): Converting to string: TypedValue{t=0x12/d=0x0 a=2 r=0x7f0b0106}
W/Resources(31457): Converting to string: TypedValue{t=0x12/d=0x0 a=2 r=0x7f0b0107}
W/Resources(31457): Converting to string: TypedValue{t=0x12/d=0x0 a=2 r=0x7f0b0108}
W/Resources(31457): Converting to string: TypedValue{t=0x12/d=0x0 a=2 r=0x7f0b0109}
W/Resources(31457): Converting to string: TypedValue{t=0x12/d=0x0 a=2 r=0x7f0b010a}
W/Resources(31457): Converting to string: TypedValue{t=0x12/d=0x0 a=2 r=0x7f0b010b}
W/Resources(31457): Converting to string: TypedValue{t=0x12/d=0x0 a=2 r=0x7f0b010c}
W/Resources(31457): Converting to string: TypedValue{t=0x12/d=0x0 a=2 r=0x7f0b010d}
W/Resources(31457): Converting to string: TypedValue{t=0x12/d=0x0 a=2 r=0x7f0b010e}
W/art     (31457): Attempt to remove local handle scope entry from IRT, ignoring
W/AwContents(31457): onDetachedFromWindow called when already detached. Ignoring
W/Resources(31457): Converting to string: TypedValue{t=0x12/d=0x0 a=2 r=0x7f0b010f}
W/Resources(31457): Converting to string: TypedValue{t=0x1d/d=0xff9f9f9f a=2 r=0x7f09008e}
W/art     (31457): Attempt to remove local handle scope entry from IRT, ignoring
W/art     (31457): Attempt to remove local handle scope entry from IRT, ignoring
W/Resources(31457): Converting to string: TypedValue{t=0x12/d=0x0 a=2 r=0x7f0b0106}
W/Resources(31457): Converting to string: TypedValue{t=0x12/d=0x0 a=2 r=0x7f0b0107}
W/Resources(31457): Converting to string: TypedValue{t=0x12/d=0x0 a=2 r=0x7f0b0108}
W/Resources(31457): Converting to string: TypedValue{t=0x12/d=0x0 a=2 r=0x7f0b0109}
W/Resources(31457): Converting to string: TypedValue{t=0x12/d=0x0 a=2 r=0x7f0b010a}
W/Resources(31457): Converting to string: TypedValue{t=0x12/d=0x0 a=2 r=0x7f0b010b}
W/Resources(31457): Converting to string: TypedValue{t=0x12/d=0x0 a=2 r=0x7f0b010c}
W/Resources(31457): Converting to string: TypedValue{t=0x12/d=0x0 a=2 r=0x7f0b010d}
W/Resources(31457): Converting to string: TypedValue{t=0x12/d=0x0 a=2 r=0x7f0b010e}
W/art     (31457): Attempt to remove local handle scope entry from IRT, ignoring
W/AwContents(31457): onDetachedFromWindow called when already detached. Ignoring
W/Resources(31457): Converting to string: TypedValue{t=0x12/d=0x0 a=2 r=0x7f0b010f}
W/Resources(31457): Converting to string: TypedValue{t=0x1d/d=0xff9f9f9f a=2 r=0x7f09008e}
W/art     (31457): Attempt to remove local handle scope entry from IRT, ignoring
W/art     (31457): Attempt to remove local handle scope entry from IRT, ignoring
V/MinimogrifierUtils(31457): resized image URL: http://www.gannett-cdn.com/-mm-/d715bd4411c37ce9b79f41afd4ddd1a0140007d0/c=0-338-3600-2363&r=550x309&q=80/local/-/media/2015/05/21/Brevard/B9317323916Z.1_20150521110051_000_G74AP2A1H.1-0.jpg
D/AdConfigurationImpl(31457): lookingFor: article_banner_top, found: article_banner_top
D/AdConfigurationImpl(31457): lookingFor: article_banner_top, found: article_banner_bottom
D/AdConfigurationImpl(31457): lookingFor: article_banner_bottom, found: article_banner_bottom
D/AdConfigurationImpl(31457): lookingFor: article_banner_top, found: article_banner_top
D/AdConfigurationImpl(31457): lookingFor: article_banner_top, found: article_banner_top
W/Resources(31457): Converting to string: TypedValue{t=0x12/d=0x0 a=2 r=0x7f0b00d9}
W/Resources(31457): Converting to string: TypedValue{t=0x12/d=0x0 a=2 r=0x7f0b009a}
W/Resources(31457): Converting to string: TypedValue{t=0x12/d=0x0 a=2 r=0x7f0b00d6}
W/Resources(31457): Converting to string: TypedValue{t=0x1c/d=0x33b0b0b0 a=2 r=0x7f090008}
W/Resources(31457): Converting to string: TypedValue{t=0x12/d=0x0 a=2 r=0x7f0b00d7}
W/Resources(31457): Converting to string: TypedValue{t=0x1c/d=0x33b0b0b0 a=2 r=0x7f090008}
W/art     (31457): Attempt to remove local handle scope entry from IRT, ignoring
W/AwContents(31457): onDetachedFromWindow called when already detached. Ignoring
W/Resources(31457): Converting to string: TypedValue{t=0x12/d=0x0 a=2 r=0x7f0b00d8}
W/Resources(31457): Converting to string: TypedValue{t=0x1c/d=0x33b0b0b0 a=2 r=0x7f090008}
W/art     (31457): Attempt to remove local handle scope entry from IRT, ignoring
W/AwContents(31457): onDetachedFromWindow called when already detached. Ignoring
D/AdConfigurationImpl(31457): lookingFor: article_banner_top, found: article_banner_top
D/Ads     (31457): Ads: Params: latitude=38.87831402;series=;ver=2.7.2.1;title=Where to observeMemorial Day in Brevard;topic=;longitude=-77.22084547;pageType=front;androidid=b20c3623-9a28-4594-844b-acc8da859575;
I/art     (31457): Background partial concurrent mark sweep GC freed 62982(2MB) AllocSpace objects, 16(825KB) LOS objects, 40% free, 19MB/32MB, paused 4.333ms total 158.935ms
I/Ads     (31457): Starting ad request.
I/Ads     (31457): Use AdRequest.Builder.addTestDevice("07C3BD1FC97B8BD363E7086452B8BB2A") to get test ads on this device.
I/Ads     (31457): Please set theme of AdActivity to @android:style/Theme.Translucent to enable transparent background interstitial ad.
D/DfpAdRetriever(31457): AD_REQUEST::Article::/7103/fl-brevard-mobile-C1028/android_tablet_app-article_banner_top/news:: Size = 300x250::AWS::news
D/AdConfigurationImpl(31457): lookingFor: article_banner_top, found: article_banner_bottom
D/AdConfigurationImpl(31457): lookingFor: article_banner_bottom, found: article_banner_bottom
D/AdConfigurationImpl(31457): lookingFor: article_banner_top, found: article_banner_bottom
D/AdConfigurationImpl(31457): lookingFor: article_banner_bottom, found: article_banner_bottom
W/Resources(31457): Converting to string: TypedValue{t=0x12/d=0x0 a=2 r=0x7f0b00d9}
W/Resources(31457): Converting to string: TypedValue{t=0x12/d=0x0 a=2 r=0x7f0b009a}
W/Resources(31457): Converting to string: TypedValue{t=0x12/d=0x0 a=2 r=0x7f0b00d6}
W/Resources(31457): Converting to string: TypedValue{t=0x1c/d=0x33b0b0b0 a=2 r=0x7f090008}
W/Resources(31457): Converting to string: TypedValue{t=0x12/d=0x0 a=2 r=0x7f0b00d7}
W/Resources(31457): Converting to string: TypedValue{t=0x1c/d=0x33b0b0b0 a=2 r=0x7f090008}
W/art     (31457): Attempt to remove local handle scope entry from IRT, ignoring
W/AwContents(31457): onDetachedFromWindow called when already detached. Ignoring
W/Resources(31457): Converting to string: TypedValue{t=0x12/d=0x0 a=2 r=0x7f0b00d8}
W/Resources(31457): Converting to string: TypedValue{t=0x1c/d=0x33b0b0b0 a=2 r=0x7f090008}
W/art     (31457): Attempt to remove local handle scope entry from IRT, ignoring
W/AwContents(31457): onDetachedFromWindow called when already detached. Ignoring
D/AdConfigurationImpl(31457): lookingFor: article_banner_top, found: article_banner_bottom
D/AdConfigurationImpl(31457): lookingFor: article_banner_bottom, found: article_banner_bottom
D/Ads     (31457): Ads: Params: latitude=38.87831402;series=;ver=2.7.2.1;title=Where to observeMemorial Day in Brevard;topic=;longitude=-77.22084547;pageType=front;androidid=b20c3623-9a28-4594-844b-acc8da859575;
I/Ads     (31457): Starting ad request.
I/Ads     (31457): Use AdRequest.Builder.addTestDevice("07C3BD1FC97B8BD363E7086452B8BB2A") to get test ads on this device.
I/Ads     (31457): Please set theme of AdActivity to @android:style/Theme.Translucent to enable transparent background interstitial ad.
D/DfpAdRetriever(31457): AD_REQUEST::Article::/7103/fl-brevard-mobile-C1028/android_tablet_app-article_banner_bottom/news:: Size = 300x250::AWS::news
D/ADBMobile(31457): ADBMobile Debug : Analytics - Attempting to send request parameters(87710050?AQB=1&ndh=1&ce=UTF-8&c.&a.&DeviceName=Nexus%207&OSVersion=Android%205.1.1&Resolution=1200x1824&AppID=Florida%20Today%202.7.2.1%20%2852%29&.a&gnt.&prefs.&PushSegments=bknews%7Cnews%7Csports%7Centertainment%7Cweather%7Ctraffic%7Cnull&.prefs&MarketName=gpapermobile114&ProductName=uscpnativenewsandroid%20for%20Android%20Tablet&ssts.&Section=News&.ssts&smartEmbedCt=2&Byline=Luann%20Manderville%2C%20FLORIDA%20TODAY&ContentType=article&TimeValue=11%3A30AM&Orientation=portrait&Title=Where%20to%20observeMemorial%20Day%20in%20Brevard&smartEmbedInternalCt=2&quietTime=10%3A00pm%7C07%3A00am&ContentId=27708873&Location=38.9322895%7C-77.2183141&zag.&zip=22102&.zag&smartEmbedExternalCt=0&.gnt&.c&t=00%2F00%2F0000%2000%3A00%3A00%200%20240&pageName=Where%20to%20observeMemorial%20Day%20in%20Brevard&aid=2B5CDEE80D2F4E87-2E535F9A5376B7E5&AQE=1)
V/MinimogrifierUtils(31457): resized image URL: http://www.gannett-cdn.com/-mm-/cf16a43b3385b21bda3156911af0a86cc2283a8a/c=46-0-650-1078&r=300x533&q=80/local/-/media/2015/05/21/Brevard/Brevard/635677985949667211-Screen-Shot-2015-05-21-at-9.41.56-AM.png
D/AdConfigurationImpl(31457): lookingFor: article_banner_top, found: article_banner_top
D/AdConfigurationImpl(31457): lookingFor: article_banner_top, found: article_banner_bottom
D/AdConfigurationImpl(31457): lookingFor: article_banner_bottom, found: article_banner_bottom
D/AdConfigurationImpl(31457): lookingFor: article_banner_top, found: article_banner_top
D/AdConfigurationImpl(31457): lookingFor: article_banner_top, found: article_banner_top
W/Resources(31457): Converting to string: TypedValue{t=0x12/d=0x0 a=2 r=0x7f0b00d9}
W/Resources(31457): Converting to string: TypedValue{t=0x12/d=0x0 a=2 r=0x7f0b009a}
W/Resources(31457): Converting to string: TypedValue{t=0x12/d=0x0 a=2 r=0x7f0b00d6}
W/Resources(31457): Converting to string: TypedValue{t=0x1c/d=0x33b0b0b0 a=2 r=0x7f090008}
W/Resources(31457): Converting to string: TypedValue{t=0x12/d=0x0 a=2 r=0x7f0b00d7}
W/Resources(31457): Converting to string: TypedValue{t=0x1c/d=0x33b0b0b0 a=2 r=0x7f090008}
W/art     (31457): Attempt to remove local handle scope entry from IRT, ignoring
W/AwContents(31457): onDetachedFromWindow called when already detached. Ignoring
W/Resources(31457): Converting to string: TypedValue{t=0x12/d=0x0 a=2 r=0x7f0b00d8}
W/Resources(31457): Converting to string: TypedValue{t=0x1c/d=0x33b0b0b0 a=2 r=0x7f090008}
W/art     (31457): Attempt to remove local handle scope entry from IRT, ignoring
W/AwContents(31457): onDetachedFromWindow called when already detached. Ignoring
D/AdConfigurationImpl(31457): lookingFor: article_banner_top, found: article_banner_top
D/Ads     (31457): Ads: Params: latitude=38.87831402;series=;ver=2.7.2.1;title=Brevard to consider $10M stadium upgrade;topic=;longitude=-77.22084547;pageType=front;androidid=b20c3623-9a28-4594-844b-acc8da859575;
D/ADBMobile(31457): ADBMobile Debug : Analytics - Request Sent(http://repdata.floridatoday.com/b/ss/gpapermobile114/0/JAVA-4.1.7-AN/s87710050?AQB=1&ndh=1&ce=UTF-8&c.&a.&DeviceName=Nexus%207&OSVersion=Android%205.1.1&Resolution=1200x1824&AppID=Florida%20Today%202.7.2.1%20%2852%29&.a&gnt.&prefs.&PushSegments=bknews%7Cnews%7Csports%7Centertainment%7Cweather%7Ctraffic%7Cnull&.prefs&MarketName=gpapermobile114&ProductName=uscpnativenewsandroid%20for%20Android%20Tablet&ssts.&Section=News&.ssts&smartEmbedCt=2&Byline=Luann%20Manderville%2C%20FLORIDA%20TODAY&ContentType=article&TimeValue=11%3A30AM&Orientation=portrait&Title=Where%20to%20observeMemorial%20Day%20in%20Brevard&smartEmbedInternalCt=2&quietTime=10%3A00pm%7C07%3A00am&ContentId=27708873&Location=38.9322895%7C-77.2183141&zag.&zip=22102&.zag&smartEmbedExternalCt=0&.gnt&.c&t=00%2F00%2F0000%2000%3A00%3A00%200%20240&pageName=Where%20to%20observeMemorial%20Day%20in%20Brevard&aid=2B5CDEE80D2F4E87-2E535F9A5376B7E5&AQE=1)
I/Ads     (31457): Starting ad request.
I/Ads     (31457): Use AdRequest.Builder.addTestDevice("07C3BD1FC97B8BD363E7086452B8BB2A") to get test ads on this device.
I/Ads     (31457): Please set theme of AdActivity to @android:style/Theme.Translucent to enable transparent background interstitial ad.
D/DfpAdRetriever(31457): AD_REQUEST::Article::/7103/fl-brevard-mobile-C1028/android_tablet_app-article_banner_top/news/local:: Size = 300x250::AWS::news/local
D/AdConfigurationImpl(31457): lookingFor: article_banner_top, found: article_banner_bottom
D/AdConfigurationImpl(31457): lookingFor: article_banner_bottom, found: article_banner_bottom
D/AdConfigurationImpl(31457): lookingFor: article_banner_top, found: article_banner_bottom
D/AdConfigurationImpl(31457): lookingFor: article_banner_bottom, found: article_banner_bottom
W/Resources(31457): Converting to string: TypedValue{t=0x12/d=0x0 a=2 r=0x7f0b00d9}
W/Resources(31457): Converting to string: TypedValue{t=0x12/d=0x0 a=2 r=0x7f0b009a}
W/Resources(31457): Converting to string: TypedValue{t=0x12/d=0x0 a=2 r=0x7f0b00d6}
W/Resources(31457): Converting to string: TypedValue{t=0x1c/d=0x33b0b0b0 a=2 r=0x7f090008}
W/Resources(31457): Converting to string: TypedValue{t=0x12/d=0x0 a=2 r=0x7f0b00d7}
W/Resources(31457): Converting to string: TypedValue{t=0x1c/d=0x33b0b0b0 a=2 r=0x7f090008}
W/art     (31457): Attempt to remove local handle scope entry from IRT, ignoring
W/AwContents(31457): onDetachedFromWindow called when already detached. Ignoring
W/Resources(31457): Converting to string: TypedValue{t=0x12/d=0x0 a=2 r=0x7f0b00d8}
W/Resources(31457): Converting to string: TypedValue{t=0x1c/d=0x33b0b0b0 a=2 r=0x7f090008}
W/art     (31457): Attempt to remove local handle scope entry from IRT, ignoring
W/AwContents(31457): onDetachedFromWindow called when already detached. Ignoring
D/AdConfigurationImpl(31457): lookingFor: article_banner_top, found: article_banner_bottom
D/AdConfigurationImpl(31457): lookingFor: article_banner_bottom, found: article_banner_bottom
D/Ads     (31457): Ads: Params: latitude=38.87831402;series=;ver=2.7.2.1;title=Brevard to consider $10M stadium upgrade;topic=;longitude=-77.22084547;pageType=front;androidid=b20c3623-9a28-4594-844b-acc8da859575;
I/Ads     (31457): Starting ad request.
I/Ads     (31457): Use AdRequest.Builder.addTestDevice("07C3BD1FC97B8BD363E7086452B8BB2A") to get test ads on this device.
I/Ads     (31457): Please set theme of AdActivity to @android:style/Theme.Translucent to enable transparent background interstitial ad.
D/DfpAdRetriever(31457): AD_REQUEST::Article::/7103/fl-brevard-mobile-C1028/android_tablet_app-article_banner_bottom/news/local:: Size = 300x250::AWS::news/local
W/BindingManager(31457): Cannot call determinedVisibility() - never saw a connection for the pid: 31457
W/BindingManager(31457): Cannot call determinedVisibility() - never saw a connection for the pid: 31457
I/ViewInteraction(31457): Performing 'fast swipe' action on view with text: is "Where to observe Memorial Day in Brevard"
D/ADBMobile(31457): ADBMobile Debug : Analytics - Attempting to send request parameters(67204415?AQB=1&ndh=1&ce=UTF-8&pev2=AMACTION%3Aarticleswipe%7Cnext&c.&a.&DeviceName=Nexus%207&OSVersion=Android%205.1.1&Resolution=1200x1824&action=articleswipe%7Cnext&AppID=Florida%20Today%202.7.2.1%20%2852%29&.a&gnt.&MarketName=gpapermobile114&ProductName=uscpnativenewsandroid%20for%20Android%20Tablet&Orientation=portrait&TimeValue=11%3A30AM&.gnt&.c&t=00%2F00%2F0000%2000%3A00%3A00%200%20240&pageName=Florida%20Today%202.7.2.1%20%2852%29&aid=2B5CDEE80D2F4E87-2E535F9A5376B7E5&pe=lnk_o&AQE=1)
D/ADBMobile(31457): ADBMobile Debug : Analytics - Request Sent(http://repdata.floridatoday.com/b/ss/gpapermobile114/0/JAVA-4.1.7-AN/s67204415?AQB=1&ndh=1&ce=UTF-8&pev2=AMACTION%3Aarticleswipe%7Cnext&c.&a.&DeviceName=Nexus%207&OSVersion=Android%205.1.1&Resolution=1200x1824&action=articleswipe%7Cnext&AppID=Florida%20Today%202.7.2.1%20%2852%29&.a&gnt.&MarketName=gpapermobile114&ProductName=uscpnativenewsandroid%20for%20Android%20Tablet&Orientation=portrait&TimeValue=11%3A30AM&.gnt&.c&t=00%2F00%2F0000%2000%3A00%3A00%200%20240&pageName=Florida%20Today%202.7.2.1%20%2852%29&aid=2B5CDEE80D2F4E87-2E535F9A5376B7E5&pe=lnk_o&AQE=1)
I/chromium(31457): [INFO:CONSOLE(221)] "[object Object]", source: file:///android_asset/js/gd.js (221)
I/chromium(31457): [INFO:CONSOLE(0)] "The 'overflowchanged' event is deprecated and may be removed. Please do not use it.", source:  (0)
D/BaseActivity(31457): onPause()
D/LifecycleMonitor(31457): Lifecycle status change: com.gannett.android.news.ui.activity.ActivityNews@3c082bbf in: PAUSED
D/ADBMobile(31457): ADBMobile Debug : Analytics - Attempting to send request parameters(55905864?AQB=1&ndh=1&ce=UTF-8&c.&a.&DeviceName=Nexus%207&OSVersion=Android%205.1.1&Resolution=1200x1824&AppID=Florida%20Today%202.7.2.1%20%2852%29&.a&gnt.&prefs.&PushSegments=bknews%7Cnews%7Csports%7Centertainment%7Cweather%7Ctraffic%7Cnull&.prefs&MarketName=gpapermobile114&ProductName=uscpnativenewsandroid%20for%20Android%20Tablet&ssts.&Section=News&Subsection=local&.ssts&smartEmbedCt=2&Byline=Dave%20Berman%2C%20FLORIDA%20TODAY&ContentType=article&TimeValue=11%3A30AM&Orientation=portrait&Title=Brevard%20to%20consider%20%2410M%20stadium%20upgrade&smartEmbedInternalCt=2&quietTime=10%3A00pm%7C07%3A00am&ContentId=27705707&Location=38.9322895%7C-77.2183141&zag.&zip=22102&.zag&smartEmbedExternalCt=0&.gnt&.c&t=00%2F00%2F0000%2000%3A00%3A00%200%20240&pageName=Brevard%20to%20consider%20%2410M%20stadium%20upgrade&aid=2B5CDEE80D2F4E87-2E535F9A5376B7E5&AQE=1)
D/ADBMobile(31457): ADBMobile Debug : Analytics - Request Sent(http://repdata.floridatoday.com/b/ss/gpapermobile114/0/JAVA-4.1.7-AN/s55905864?AQB=1&ndh=1&ce=UTF-8&c.&a.&DeviceName=Nexus%207&OSVersion=Android%205.1.1&Resolution=1200x1824&AppID=Florida%20Today%202.7.2.1%20%2852%29&.a&gnt.&prefs.&PushSegments=bknews%7Cnews%7Csports%7Centertainment%7Cweather%7Ctraffic%7Cnull&.prefs&MarketName=gpapermobile114&ProductName=uscpnativenewsandroid%20for%20Android%20Tablet&ssts.&Section=News&Subsection=local&.ssts&smartEmbedCt=2&Byline=Dave%20Berman%2C%20FLORIDA%20TODAY&ContentType=article&TimeValue=11%3A30AM&Orientation=portrait&Title=Brevard%20to%20consider%20%2410M%20stadium%20upgrade&smartEmbedInternalCt=2&quietTime=10%3A00pm%7C07%3A00am&ContentId=27705707&Location=38.9322895%7C-77.2183141&zag.&zip=22102&.zag&smartEmbedExternalCt=0&.gnt&.c&t=00%2F00%2F0000%2000%3A00%3A00%200%20240&pageName=Brevard%20to%20consider%20%2410M%20stadium%20upgrade&aid=2B5CDEE80D2F4E87-2E535F9A5376B7E5&AQE=1)
I/art     (31457): Explicit concurrent mark sweep GC freed 41171(2MB) AllocSpace objects, 22(450KB) LOS objects, 40% free, 20MB/33MB, paused 3.448ms total 122.344ms
W/SurfaceFlinger(  179): couldn't log to binary event log: overflow.
I/art     (31457): Explicit concurrent mark sweep GC freed 15864(965KB) AllocSpace objects, 11(2MB) LOS objects, 40% free, 17MB/28MB, paused 3.356ms total 166.259ms
I/TestRunner(31457): finished: testArticleSwipe(com.gannett.android.news.features.ArticleTest)
D/DfpAdUtility(31457): Calling flex JS command: javascript:pause()
D/BaseActivity(31457): onStop()
D/LifecycleMonitor(31457): Lifecycle status change: com.gannett.android.news.ui.activity.ActivityNews@3c082bbf in: STOPPED
D/UserEdManager(31457): hideAndResetUserEd
D/LifecycleMonitor(31457): Lifecycle status change: com.gannett.android.news.ui.activity.ActivityNews@3c082bbf in: DESTROYED
I/chromium(31457): [INFO:CONSOLE(221)] "[object Object]", source: file:///android_asset/js/gd.js (221)
I/chromium(31457): [INFO:CONSOLE(0)] "The 'overflowchanged' event is deprecated and may be removed. Please do not use it.", source:  (0)
I/MonitoringInstrumentation(31457): Activities that are still in CREATED to PAUSED: 0
I/TestRunner(31457): started: testBasicReaderAccess(com.gannett.android.news.features.ArticleTest)
W/ScreenOrientationListener(31457): Removing an inexistent observer!
W/ScreenOrientationListener(31457): Removing an inexistent observer!
I/MonitoringInstrumentation(31457): Activities that are still in CREATED to PAUSED: 0
D/MonitoringInstrumentation(31457): execStartActivity(context, ibinder, ibinder, activity, intent, int, bundle
I/ActivityManager(  562): START u0 {flg=0x14000000 cmp=com.gannett.local.library.news.floridatoday/com.gannett.android.news.ui.activity.ActivityNews (has extras)} from uid 10200 on display 0
V/WindowManager(  562): addAppToken: AppWindowToken{17a2fe90 token=Token{5844553 ActivityRecord{18453142 u0 com.gannett.local.library.news.floridatoday/com.gannett.android.news.ui.activity.ActivityNews t12806}}} to stack=1 task=12806 at 0
W/Resources(  562): Converting to string: TypedValue{t=0x12/d=0x0 a=1 r=0x1020378}
W/Resources(  562): Converting to string: TypedValue{t=0x12/d=0x0 a=1 r=0x1020379}
W/Resources(  562): Converting to string: TypedValue{t=0x1f/d=0xff222222 a=2 r=0x7f090006}
W/Resources(  562): Converting to string: TypedValue{t=0x12/d=0x0 a=1 r=0x102037a}
W/Resources(  562): Converting to string: TypedValue{t=0x1f/d=0xff222222 a=2 r=0x7f090006}
W/Resources(  562): Converting to string: TypedValue{t=0x12/d=0x0 a=1 r=0x10202b6}
W/Resources(  562): Converting to string: TypedValue{t=0x12/d=0x0 a=1 r=0x10202b7}
W/Resources(  562): Converting to string: TypedValue{t=0x12/d=0x0 a=1 r=0x102037b}
D/LifecycleMonitor(31457): Lifecycle status change: com.gannett.android.news.ui.activity.ActivityNews@3d5f80a1 in: PRE_ON_CREATE
D/BaseActivity(31457): onCreate()
W/Resources(  562): Converting to string: TypedValue{t=0x12/d=0x0 a=1 r=0x102037c}
D/DEVICE INFO(31457): screenSize: large, dpiBucket: xhdpi
W/Resources(  562): Converting to string: TypedValue{t=0x1f/d=0xff222222 a=2 r=0x7f090006}
V/WindowManager(  562): Adding window Window{7300fa8 u0 Starting com.gannett.local.library.news.floridatoday} at 3 of 9 (after Window{3fee9463 u0 com.android.launcher/com.android.launcher2.Launcher})
W/Resources(31457): Converting to string: TypedValue{t=0x12/d=0x0 a=1 r=0x1020378}
W/Resources(31457): Converting to string: TypedValue{t=0x12/d=0x0 a=1 r=0x1020379}
W/Resources(31457): Converting to string: TypedValue{t=0x1f/d=0xff222222 a=2 r=0x7f090006}
W/Resources(31457): Converting to string: TypedValue{t=0x12/d=0x0 a=1 r=0x102037a}
W/Resources(31457): Converting to string: TypedValue{t=0x1f/d=0xff222222 a=2 r=0x7f090006}
W/Resources(31457): Converting to string: TypedValue{t=0x12/d=0x0 a=1 r=0x10202b6}
W/Resources(31457): Converting to string: TypedValue{t=0x12/d=0x0 a=1 r=0x10202b7}
W/Resources(31457): Converting to string: TypedValue{t=0x12/d=0x0 a=1 r=0x102037b}
W/Resources(31457): Converting to string: TypedValue{t=0x12/d=0x0 a=1 r=0x102037c}
W/Resources(31457): Converting to string: TypedValue{t=0x1f/d=0xff222222 a=2 r=0x7f090006}
W/Resources(31457): Converting to string: TypedValue{t=0x12/d=0x0 a=2 r=0x7f0b01cc}
W/Resources(31457): Converting to string: TypedValue{t=0x12/d=0x0 a=2 r=0x7f0b01cd}
W/Resources(31457): Converting to string: TypedValue{t=0x12/d=0x0 a=2 r=0x7f0b01ce}
W/Resources(31457): Converting to string: TypedValue{t=0x1d/d=0xffffffff a=2 r=0x7f0900f6}
W/Resources(31457): Converting to string: TypedValue{t=0x12/d=0x0 a=2 r=0x7f0b0078}
W/Resources(31457): Converting to string: TypedValue{t=0x1c/d=0xff000000 a=1 r=0x106000c}
W/Resources(31457): Converting to string: TypedValue{t=0x12/d=0x0 a=2 r=0x7f0b009e}
W/Resources(31457): Converting to string: TypedValue{t=0x1c/d=0x0 a=1 r=0x106000d}
W/Resources(31457): Converting to string: TypedValue{t=0x12/d=0x0 a=2 r=0x7f0b0079}
W/Resources(31457): Converting to string: TypedValue{t=0x12/d=0x0 a=2 r=0x7f0b00e6}
W/Resources(31457): Converting to string: TypedValue{t=0x12/d=0x0 a=2 r=0x7f0b00e7}
W/Resources(31457): Converting to string: TypedValue{t=0x5/d=0xd01 a=2 r=0x7f0a0085}
W/Resources(31457): Converting to string: TypedValue{t=0x5/d=0xd01 a=2 r=0x7f0a0085}
W/Resources(31457): Converting to string: TypedValue{t=0x12/d=0x0 a=2 r=0x7f0b00e8}
W/Resources(31457): Converting to string: TypedValue{t=0x5/d=0x501 a=2 r=0x7f0a0043}
W/Resources(31457): Converting to string: TypedValue{t=0x12/d=0x0 a=2 r=0x7f0b009f}
W/Resources(31457): Converting to string: TypedValue{t=0x12/d=0x0 a=2 r=0x7f0b00a0}
W/Resources(31457): Converting to string: TypedValue{t=0x12/d=0x0 a=2 r=0x7f0b00a1}
W/Resources(  562): Converting to string: TypedValue{t=0x5/d=0x4001 a=1 r=0x1050051}
W/Resources(  562): Converting to string: TypedValue{t=0x5/d=0x3801 a=1 r=0x105003a}
D/LifecycleMonitor(31457): Lifecycle status change: com.gannett.android.news.ui.activity.ActivityNews@3d5f80a1 in: CREATED
W/Resources(31457): Converting to string: TypedValue{t=0x12/d=0x0 a=2 r=0x7f0b0138}
W/Resources(31457): Converting to string: TypedValue{t=0x12/d=0x0 a=2 r=0x7f0b018e}
W/Resources(31457): Converting to string: TypedValue{t=0x12/d=0x0 a=2 r=0x7f0b018f}
W/art     (31457): Attempt to remove local handle scope entry from IRT, ignoring
W/AwContents(31457): onDetachedFromWindow called when already detached. Ignoring
W/Resources(31457): Converting to string: TypedValue{t=0x12/d=0x0 a=2 r=0x7f0b0190}
W/Resources(31457): Converting to string: TypedValue{t=0x12/d=0x0 a=2 r=0x7f0b0191}
W/Resources(31457): Converting to string: TypedValue{t=0x12/d=0x0 a=2 r=0x7f0b0192}
D/BaseActivity(31457): onStart()
D/returnToActivityHeadlinesTest(31457): tryReturnToActivityHeadlines(): this.autoNavToHome == true
D/UrlProducer(31457): Articles URL requested: http://api.gannett-cdn.com/mobilefeeds/fronts/v1/home_tablet/?siteId=123&hls=false&api_key=euc4uvhentf8r3dgt69483ad
W/Resources(31457): Converting to string: TypedValue{t=0x12/d=0x0 a=2 r=0x7f0b0139}
W/Resources(31457): Converting to string: TypedValue{t=0x1d/d=0xffffffff a=2 r=0x7f0900f6}
W/Resources(31457): Converting to string: TypedValue{t=0x12/d=0x0 a=2 r=0x7f0b013a}
W/Resources(31457): Converting to string: TypedValue{t=0x1d/d=0xffc6c9c9 a=2 r=0x7f0900d1}
W/Resources(31457): Converting to string: TypedValue{t=0x12/d=0x0 a=2 r=0x7f0b00cd}
W/Resources(31457): Converting to string: TypedValue{t=0x1d/d=0xffeeeeee a=2 r=0x7f0900cd}
W/Resources(31457): Converting to string: TypedValue{t=0x5/d=0x401 a=2 r=0x7f0a0069}
W/Resources(31457): Converting to string: TypedValue{t=0x5/d=0x401 a=2 r=0x7f0a0069}
D/UrlProducer(31457): Articles URL requested: http://api.gannett-cdn.com/mobilefeeds/fronts/v1/home_tablet/?siteId=123&hls=false&api_key=euc4uvhentf8r3dgt69483ad
D/AdConfigurationImpl(31457): lookingFor: article_banner_top, found: section_front
D/AdConfigurationImpl(31457): lookingFor: article_banner_bottom, found: section_front
D/AdConfigurationImpl(31457): lookingFor: section_front, found: section_front
W/Resources(31457): Converting to string: TypedValue{t=0x12/d=0x0 a=2 r=0x7f0b009a}
W/Resources(31457): Converting to string: TypedValue{t=0x12/d=0x0 a=2 r=0x7f0b00d6}
W/Resources(31457): Converting to string: TypedValue{t=0x1c/d=0x33b0b0b0 a=2 r=0x7f090008}
W/Resources(31457): Converting to string: TypedValue{t=0x12/d=0x0 a=2 r=0x7f0b00d7}
W/Resources(31457): Converting to string: TypedValue{t=0x1c/d=0x33b0b0b0 a=2 r=0x7f090008}
W/art     (31457): Attempt to remove local handle scope entry from IRT, ignoring
W/AwContents(31457): onDetachedFromWindow called when already detached. Ignoring
W/Resources(31457): Converting to string: TypedValue{t=0x12/d=0x0 a=2 r=0x7f0b00d8}
W/Resources(31457): Converting to string: TypedValue{t=0x1c/d=0x33b0b0b0 a=2 r=0x7f090008}
W/art     (31457): Attempt to remove local handle scope entry from IRT, ignoring
W/AwContents(31457): onDetachedFromWindow called when already detached. Ignoring
D/AdConfigurationImpl(31457): lookingFor: article_banner_top, found: section_front
D/AdConfigurationImpl(31457): lookingFor: article_banner_bottom, found: section_front
D/AdConfigurationImpl(31457): lookingFor: section_front, found: section_front
D/Ads     (31457): Ads: Params: latitude=38.87831402;ver=2.7.2.1;longitude=-77.22084547;pageType=front;androidid=b20c3623-9a28-4594-844b-acc8da859575;
I/Ads     (31457): Starting ad request.
I/Ads     (31457): Use AdRequest.Builder.addTestDevice("07C3BD1FC97B8BD363E7086452B8BB2A") to get test ads on this device.
I/Ads     (31457): Please set theme of AdActivity to @android:style/Theme.Translucent to enable transparent background interstitial ad.
D/DfpAdRetriever(31457): AD_REQUEST::SectionFront::/7103/fl-brevard-mobile-C1028/android_tablet_app-section_front/homepage:: Size = 468x60::AWS::homepage
D/UserEdManager(31457): tryDisplayUserEd
D/UserEdManager(31457): hideAndResetUserEd
D/UrlProducer(31457): Breaking News URL requested: http://api.gannett-cdn.com/mobilefeeds/breakingnews/v1/mobile/?siteId=123&api_key=euc4uvhentf8r3dgt69483ad
D/LifecycleMonitor(31457): Lifecycle status change: com.gannett.android.news.ui.activity.ActivityNews@3d5f80a1 in: STARTED
D/BaseActivity(31457): onResume()
D/LifecycleMonitor(31457): Lifecycle status change: com.gannett.android.news.ui.activity.ActivityNews@3d5f80a1 in: RESUMED
V/WindowManager(  562): Adding window Window{2d792943 u0 com.gannett.local.library.news.floridatoday/com.gannett.android.news.ui.activity.ActivityNews} at 3 of 10 (before Window{7300fa8 u0 Starting com.gannett.local.library.news.floridatoday})
D/LocationUtility(31457): Connected
D/Transform(31457): BreakingNewsModule: com.gannett.android.exceptions.InvalidEntityException: no items
D/Transform(31457): BreakingNewsFeedImpl: com.gannett.android.exceptions.InvalidEntityException: no module
W/Resources(31457): Converting to string: TypedValue{t=0x12/d=0x0 a=2 r=0x7f0b0114}
W/Resources(31457): Converting to string: TypedValue{t=0x1d/d=0xffebebeb a=2 r=0x7f090013}
W/Resources(31457): Converting to string: TypedValue{t=0x12/d=0x0 a=2 r=0x7f0b0071}
W/Resources(31457): Converting to string: TypedValue{t=0x12/d=0x0 a=2 r=0x7f0b0115}
W/Resources(31457): Converting to string: TypedValue{t=0x1d/d=0xff000000 a=2 r=0x7f090017}
W/Resources(31457): Converting to string: TypedValue{t=0x12/d=0x0 a=2 r=0x7f0b0150}
W/Resources(31457): Converting to string: TypedValue{t=0x1d/d=0xffa01313 a=2 r=0x7f09001a}
W/Resources(31457): Converting to string: TypedValue{t=0x5/d=0x801 a=2 r=0x7f0a005c}
W/Resources(31457): Converting to string: TypedValue{t=0x5/d=0x401 a=2 r=0x7f0a005e}
W/Resources(31457): Converting to string: TypedValue{t=0x5/d=0x801 a=2 r=0x7f0a005c}
W/Resources(31457): Converting to string: TypedValue{t=0x5/d=0x401 a=2 r=0x7f0a005e}
W/Resources(31457): Converting to string: TypedValue{t=0x5/d=0x1001 a=2 r=0x7f0a0060}
W/Resources(31457): Converting to string: TypedValue{t=0x5/d=0x1001 a=2 r=0x7f0a0060}
W/Resources(31457): Converting to string: TypedValue{t=0x5/d=0x1001 a=2 r=0x7f0a0060}
W/Resources(31457): Converting to string: TypedValue{t=0x12/d=0x0 a=2 r=0x7f0b0151}
W/Resources(31457): Converting to string: TypedValue{t=0x5/d=0x1001 a=2 r=0x7f0a0068}
W/Resources(31457): Converting to string: TypedValue{t=0x5/d=0x401 a=2 r=0x7f0a005e}
W/Resources(31457): Converting to string: TypedValue{t=0x12/d=0x0 a=2 r=0x7f0b013c}
W/Resources(31457): Converting to string: TypedValue{t=0x5/d=0x1001 a=2 r=0x7f0a0068}
W/Resources(31457): Converting to string: TypedValue{t=0x5/d=0x1101 a=2 r=0x7f0a0084}
W/Resources(31457): Converting to string: TypedValue{t=0x12/d=0x0 a=2 r=0x7f0b0074}
V/MinimogrifierUtils(31457): resized image URL: http://www.gannett-cdn.com/-mm-/57b5e319fa060eb03757f2f8621c3daa89859810/c=0-0-3600-2700&r=1200x900&q=80/local/-/media/2015/05/21/Brevard/B9317323916Z.1_20150521110051_000_G74AP2A1H.1-0.jpg
D/ADBMobile(31457): ADBMobile Debug : Analytics - Attempting to send request parameters(38912371?AQB=1&ndh=1&ce=UTF-8&c.&a.&DeviceName=Nexus%207&OSVersion=Android%205.1.1&Resolution=1200x1824&AppID=Florida%20Today%202.7.2.1%20%2852%29&.a&gnt.&Orientation=portrait&prefs.&PushSegments=bknews%7Cnews%7Csports%7Centertainment%7Cweather%7Ctraffic%7Cnull&.prefs&MarketName=gpapermobile114&quietTime=10%3A00pm%7C07%3A00am&ProductName=uscpnativenewsandroid%20for%20Android%20Tablet&ssts.&Section=Home&Subsection=Top%20Stories&.ssts&Location=38.9322895%7C-77.2183141&zag.&zip=22102&.zag&ContentType=sectionfront&TimeValue=11%3A30AM&.gnt&.c&t=00%2F00%2F0000%2000%3A00%3A00%200%20240&pageName=Home%7CTop%20Stories%7Cindex&aid=2B5CDEE80D2F4E87-2E535F9A5376B7E5&AQE=1)
W/Resources(31457): Converting to string: TypedValue{t=0x12/d=0x0 a=2 r=0x7f0b01d9}
W/Resources(31457): Converting to string: TypedValue{t=0x1d/d=0xffeeeeee a=2 r=0x7f0900cd}
W/Resources(31457): Converting to string: TypedValue{t=0x5/d=0x1001 a=2 r=0x7f0a0060}
W/Resources(31457): Converting to string: TypedValue{t=0x5/d=0xc01 a=2 r=0x7f0a005d}
W/Resources(31457): Converting to string: TypedValue{t=0x5/d=0x801 a=2 r=0x7f0a005c}
W/Resources(31457): Converting to string: TypedValue{t=0x12/d=0x0 a=2 r=0x7f0b01da}
W/Resources(31457): Converting to string: TypedValue{t=0x5/d=0x801 a=2 r=0x7f0a005c}
W/Resources(31457): Converting to string: TypedValue{t=0x5/d=0x1001 a=2 r=0x7f0a0060}
W/Resources(31457): Converting to string: TypedValue{t=0x12/d=0x0 a=2 r=0x7f0b0213}
W/Resources(31457): Converting to string: TypedValue{t=0x12/d=0x0 a=2 r=0x7f0b0214}
W/Resources(31457): Converting to string: TypedValue{t=0x12/d=0x0 a=2 r=0x7f0b017c}
W/Resources(31457): Converting to string: TypedValue{t=0x12/d=0x0 a=2 r=0x7f0b0215}
W/Resources(31457): Converting to string: TypedValue{t=0x12/d=0x0 a=2 r=0x7f0b01db}
D/UrlProducer(31457): Weather URL requested: http://api.gannett-cdn.com/internal/weather/V5/accuweather/data/location/332282?LanguageId=1&Metric=false&format=json&api_key=7zh2888dfxtnttmpkq8wmj78
W/Resources(31457): Converting to string: TypedValue{t=0x1c/d=0x0 a=1 r=0x106000d}
W/Resources(31457): Converting to string: TypedValue{t=0x12/d=0x0 a=2 r=0x7f0b013b}
W/Resources(31457): Converting to string: TypedValue{t=0x5/d=0x1001 a=2 r=0x7f0a0060}
W/Resources(31457): Converting to string: TypedValue{t=0x5/d=0x801 a=2 r=0x7f0a005c}
W/Resources(31457): Converting to string: TypedValue{t=0x5/d=0x1001 a=2 r=0x7f0a0060}
W/Resources(31457): Converting to string: TypedValue{t=0x5/d=0x801 a=2 r=0x7f0a005c}
W/Resources(31457): Converting to string: TypedValue{t=0x5/d=0x3001 a=2 r=0x7f0a0066}
W/Resources(31457): Converting to string: TypedValue{t=0x12/d=0x0 a=2 r=0x7f0b0077}
W/Resources(31457): Converting to string: TypedValue{t=0x12/d=0x0 a=2 r=0x7f0b0071}
W/Resources(31457): Converting to string: TypedValue{t=0x1d/d=0xffc8c8c8 a=2 r=0x7f090019}
W/Resources(31457): Converting to string: TypedValue{t=0x5/d=0x5a01 a=2 r=0x7f0a0038}
W/Resources(31457): Converting to string: TypedValue{t=0x12/d=0x0 a=2 r=0x7f0b0116}
W/Resources(31457): Converting to string: TypedValue{t=0x12/d=0x0 a=2 r=0x7f0b013c}
W/Resources(31457): Converting to string: TypedValue{t=0x12/d=0x0 a=2 r=0x7f0b0074}
D/ADBMobile(31457): ADBMobile Debug : Analytics - Request Sent(http://repdata.floridatoday.com/b/ss/gpapermobile114/0/JAVA-4.1.7-AN/s38912371?AQB=1&ndh=1&ce=UTF-8&c.&a.&DeviceName=Nexus%207&OSVersion=Android%205.1.1&Resolution=1200x1824&AppID=Florida%20Today%202.7.2.1%20%2852%29&.a&gnt.&Orientation=portrait&prefs.&PushSegments=bknews%7Cnews%7Csports%7Centertainment%7Cweather%7Ctraffic%7Cnull&.prefs&MarketName=gpapermobile114&quietTime=10%3A00pm%7C07%3A00am&ProductName=uscpnativenewsandroid%20for%20Android%20Tablet&ssts.&Section=Home&Subsection=Top%20Stories&.ssts&Location=38.9322895%7C-77.2183141&zag.&zip=22102&.zag&ContentType=sectionfront&TimeValue=11%3A30AM&.gnt&.c&t=00%2F00%2F0000%2000%3A00%3A00%200%20240&pageName=Home%7CTop%20Stories%7Cindex&aid=2B5CDEE80D2F4E87-2E535F9A5376B7E5&AQE=1)
W/Resources(31457): Converting to string: TypedValue{t=0x12/d=0x0 a=2 r=0x7f0b0117}
W/Resources(31457): Converting to string: TypedValue{t=0x5/d=0x1001 a=2 r=0x7f0a0060}
W/Resources(31457): Converting to string: TypedValue{t=0x5/d=0x1001 a=2 r=0x7f0a0060}
V/MinimogrifierUtils(31457): resized image URL: http://www.gannett-cdn.com/-mm-/506145860c1b97adb8dc8f2f7ec549f40f7e3fde/c=867-0-4280-2566&r=228x168&q=80/local/-/media/2015/05/21/Brevard/Brevard/635677982916930011-Space-Coast-Stadium.jpg
W/Resources(31457): Converting to string: TypedValue{t=0x1c/d=0x0 a=1 r=0x106000d}
W/Resources(31457): Converting to string: TypedValue{t=0x12/d=0x0 a=2 r=0x7f0b013b}
W/Resources(31457): Converting to string: TypedValue{t=0x5/d=0x1001 a=2 r=0x7f0a0060}
W/Resources(31457): Converting to string: TypedValue{t=0x5/d=0x801 a=2 r=0x7f0a005c}
W/Resources(31457): Converting to string: TypedValue{t=0x5/d=0x1001 a=2 r=0x7f0a0060}
W/Resources(31457): Converting to string: TypedValue{t=0x5/d=0x801 a=2 r=0x7f0a005c}
W/Resources(31457): Converting to string: TypedValue{t=0x5/d=0x3001 a=2 r=0x7f0a0066}
W/Resources(31457): Converting to string: TypedValue{t=0x12/d=0x0 a=2 r=0x7f0b0077}
